Running main() from ../gtest/googletest/src/gtest_main.cc
[==========] Running 10 tests from 4 test suites.
[----------] Global test environment set-up.
[----------] 3 tests from InsertTest
[ RUN      ] InsertTest.SingleInsert
PmEHash
getNewBucket
allocNewPage
2564104
newbucket: 000000000000000
getNewBucket
newbucket: 000000000000000
insert
search
getFreeBucket
bucket_id: 1
000000000000000getFreeKvSlot
search
search
selfDestory
[       OK ] InsertTest.SingleInsert (6 ms)
[ RUN      ] InsertTest.DuplicateInsert
PmEHash
getNewBucket
allocNewPage
2564104
newbucket: 000000000000000
getNewBucket
newbucket: 000000000000000
insert
search
getFreeBucket
bucket_id: 1
000000000000000getFreeKvSlot
insert
search
selfDestory
[       OK ] InsertTest.DuplicateInsert (6 ms)
[ RUN      ] InsertTest.MultipleInsert
PmEHash
getNewBucket
allocNewPage
2564104
newbucket: 000000000000000
getNewBucket
newbucket: 000000000000000
insert
search
getFreeBucket
bucket_id: 0
000000000000000getFreeKvSlot
insert
search
getFreeBucket
bucket_id: 1
000000000000000getFreeKvSlot
insert
search
getFreeBucket
bucket_id: 2
100000000000000getFreeKvSlot
insert
search
getFreeBucket
bucket_id: 3
100000000000000getFreeKvSlot
insert
search
getFreeBucket
bucket_id: 4
110000000000000getFreeKvSlot
insert
search
getFreeBucket
bucket_id: 5
110000000000000getFreeKvSlot
insert
search
getFreeBucket
bucket_id: 6
111000000000000getFreeKvSlot
insert
search
getFreeBucket
bucket_id: 7
111000000000000getFreeKvSlot
insert
search
getFreeBucket
bucket_id: 8
111100000000000getFreeKvSlot
insert
search
getFreeBucket
bucket_id: 9
111100000000000getFreeKvSlot
insert
search
getFreeBucket
bucket_id: 10
111110000000000getFreeKvSlot
insert
search
getFreeBucket
bucket_id: 11
111110000000000getFreeKvSlot
insert
search
getFreeBucket
bucket_id: 12
111111000000000getFreeKvSlot
insert
search
getFreeBucket
bucket_id: 13
111111000000000getFreeKvSlot
insert
search
getFreeBucket
bucket_id: 14
111111100000000getFreeKvSlot
insert
search
getFreeBucket
bucket_id: 15
111111100000000getFreeKvSlot
insert
search
getFreeBucket
bucket_id: 0
111111110000000getFreeKvSlot
insert
search
getFreeBucket
bucket_id: 1
111111110000000getFreeKvSlot
insert
search
getFreeBucket
bucket_id: 2
111111111000000getFreeKvSlot
insert
search
getFreeBucket
bucket_id: 3
111111111000000getFreeKvSlot
insert
search
getFreeBucket
bucket_id: 4
111111111100000getFreeKvSlot
insert
search
getFreeBucket
bucket_id: 5
111111111100000getFreeKvSlot
insert
search
getFreeBucket
bucket_id: 6
111111111110000getFreeKvSlot
insert
search
getFreeBucket
bucket_id: 7
111111111110000getFreeKvSlot
insert
search
getFreeBucket
bucket_id: 8
111111111111000getFreeKvSlot
insert
search
getFreeBucket
bucket_id: 9
111111111111000getFreeKvSlot
insert
search
getFreeBucket
bucket_id: 10
111111111111100getFreeKvSlot
insert
search
getFreeBucket
bucket_id: 11
111111111111100getFreeKvSlot
insert
search
getFreeBucket
bucket_id: 12
111111111111110getFreeKvSlot
insert
search
getFreeBucket
bucket_id: 13
111111111111110getFreeKvSlot
insert
search
getFreeBucket
bucket_id: 14
111111111111111splitBucket
local_depth1: 1
getFreeSlot
getNewBucket
newbucket: 000000000000000
111111111111111
000000000000000
a1 :0  b1: 2 bucket_id: 0 local_depth1: 2
a1 :2  b1: 2 bucket_id: 0 local_depth1: 2
jump in
a1 :0  b1: 2 bucket_id: 0 local_depth1: 2
a1 :2  b1: 2 bucket_id: 0 local_depth1: 2
jump in
a1 :0  b1: 2 bucket_id: 0 local_depth1: 2
a1 :2  b1: 2 bucket_id: 0 local_depth1: 2
jump in
a1 :0  b1: 2 bucket_id: 0 local_depth1: 2
a1 :2  b1: 2 bucket_id: 0 local_depth1: 2
jump in
a1 :0  b1: 2 bucket_id: 0 local_depth1: 2
a1 :2  b1: 2 bucket_id: 0 local_depth1: 2
jump in
a1 :0  b1: 2 bucket_id: 0 local_depth1: 2
a1 :2  b1: 2 bucket_id: 0 local_depth1: 2
jump in
a1 :0  b1: 2 bucket_id: 0 local_depth1: 2
a1 :2  b1: 2 bucket_id: 0 local_depth1: 2
jump in
a1 :0  b1: 2 bucket_id: 0 local_depth1: 2
101010101010101
111111100000000
getFreeBucket
bucket_id: 14
111111100000000getFreeKvSlot
insert
search
getFreeBucket
bucket_id: 15
111111111111111splitBucket
local_depth1: 1
getFreeSlot
getNewBucket
newbucket: 000000000000000
111111111111111
000000000000000
a1 :1  b1: 3 bucket_id: 1 local_depth1: 2
a1 :3  b1: 3 bucket_id: 1 local_depth1: 2
jump in
a1 :1  b1: 3 bucket_id: 1 local_depth1: 2
a1 :3  b1: 3 bucket_id: 1 local_depth1: 2
jump in
a1 :1  b1: 3 bucket_id: 1 local_depth1: 2
a1 :3  b1: 3 bucket_id: 1 local_depth1: 2
jump in
a1 :1  b1: 3 bucket_id: 1 local_depth1: 2
a1 :3  b1: 3 bucket_id: 1 local_depth1: 2
jump in
a1 :1  b1: 3 bucket_id: 1 local_depth1: 2
a1 :3  b1: 3 bucket_id: 1 local_depth1: 2
jump in
a1 :1  b1: 3 bucket_id: 1 local_depth1: 2
a1 :3  b1: 3 bucket_id: 1 local_depth1: 2
jump in
a1 :1  b1: 3 bucket_id: 1 local_depth1: 2
a1 :3  b1: 3 bucket_id: 1 local_depth1: 2
jump in
a1 :1  b1: 3 bucket_id: 1 local_depth1: 2
101010101010101
111111100000000
getFreeBucket
bucket_id: 15
111111100000000getFreeKvSlot
insert
search
getFreeBucket
bucket_id: 0
101010101010101getFreeKvSlot
insert
search
getFreeBucket
bucket_id: 1
101010101010101getFreeKvSlot
insert
search
getFreeBucket
bucket_id: 2
111111110000000getFreeKvSlot
insert
search
getFreeBucket
bucket_id: 3
111111110000000getFreeKvSlot
insert
search
getFreeBucket
bucket_id: 4
111010101010101getFreeKvSlot
insert
search
getFreeBucket
bucket_id: 5
111010101010101getFreeKvSlot
insert
search
getFreeBucket
bucket_id: 6
111111111000000getFreeKvSlot
insert
search
getFreeBucket
bucket_id: 7
111111111000000getFreeKvSlot
insert
search
getFreeBucket
bucket_id: 8
111110101010101getFreeKvSlot
insert
search
getFreeBucket
bucket_id: 9
111110101010101getFreeKvSlot
insert
search
getFreeBucket
bucket_id: 10
111111111100000getFreeKvSlot
insert
search
getFreeBucket
bucket_id: 11
111111111100000getFreeKvSlot
insert
search
getFreeBucket
bucket_id: 12
111111101010101getFreeKvSlot
insert
search
getFreeBucket
bucket_id: 13
111111101010101getFreeKvSlot
insert
search
getFreeBucket
bucket_id: 14
111111111110000getFreeKvSlot
insert
search
getFreeBucket
bucket_id: 15
111111111110000getFreeKvSlot
insert
search
getFreeBucket
bucket_id: 0
111111111010101getFreeKvSlot
insert
search
getFreeBucket
bucket_id: 1
111111111010101getFreeKvSlot
insert
search
getFreeBucket
bucket_id: 2
111111111111000getFreeKvSlot
insert
search
getFreeBucket
bucket_id: 3
111111111111000getFreeKvSlot
insert
search
getFreeBucket
bucket_id: 4
111111111110101getFreeKvSlot
insert
search
getFreeBucket
bucket_id: 5
111111111110101getFreeKvSlot
insert
search
getFreeBucket
bucket_id: 6
111111111111100getFreeKvSlot
insert
search
getFreeBucket
bucket_id: 7
111111111111100getFreeKvSlot
insert
search
getFreeBucket
bucket_id: 8
111111111111101getFreeKvSlot
insert
search
getFreeBucket
bucket_id: 9
111111111111101getFreeKvSlot
insert
search
getFreeBucket
bucket_id: 10
111111111111110getFreeKvSlot
insert
search
getFreeBucket
bucket_id: 11
111111111111110getFreeKvSlot
insert
search
getFreeBucket
bucket_id: 12
111111111111111splitBucket
local_depth1: 2
getFreeSlot
getNewBucket
newbucket: 000000000000000
111111111111111
000000000000000
a1 :0  b1: 4 bucket_id: 0 local_depth1: 3
a1 :0  b1: 4 bucket_id: 0 local_depth1: 3
a1 :4  b1: 4 bucket_id: 0 local_depth1: 3
jump in
a1 :4  b1: 4 bucket_id: 0 local_depth1: 3
jump in
a1 :0  b1: 4 bucket_id: 0 local_depth1: 3
a1 :0  b1: 4 bucket_id: 0 local_depth1: 3
a1 :4  b1: 4 bucket_id: 0 local_depth1: 3
jump in
a1 :4  b1: 4 bucket_id: 0 local_depth1: 3
jump in
a1 :0  b1: 4 bucket_id: 0 local_depth1: 3
a1 :0  b1: 4 bucket_id: 0 local_depth1: 3
a1 :4  b1: 4 bucket_id: 0 local_depth1: 3
jump in
a1 :4  b1: 4 bucket_id: 0 local_depth1: 3
jump in
a1 :0  b1: 4 bucket_id: 0 local_depth1: 3
a1 :0  b1: 4 bucket_id: 0 local_depth1: 3
a1 :4  b1: 4 bucket_id: 0 local_depth1: 3
jump in
110011001100110
111111100000000
getFreeBucket
bucket_id: 12
111111100000000getFreeKvSlot
insert
search
getFreeBucket
bucket_id: 13
111111111111111splitBucket
local_depth1: 2
getFreeSlot
getNewBucket
newbucket: 000000000000000
111111111111111
000000000000000
a1 :1  b1: 5 bucket_id: 1 local_depth1: 3
a1 :1  b1: 5 bucket_id: 1 local_depth1: 3
a1 :5  b1: 5 bucket_id: 1 local_depth1: 3
jump in
a1 :5  b1: 5 bucket_id: 1 local_depth1: 3
jump in
a1 :1  b1: 5 bucket_id: 1 local_depth1: 3
a1 :1  b1: 5 bucket_id: 1 local_depth1: 3
a1 :5  b1: 5 bucket_id: 1 local_depth1: 3
jump in
a1 :5  b1: 5 bucket_id: 1 local_depth1: 3
jump in
a1 :1  b1: 5 bucket_id: 1 local_depth1: 3
a1 :1  b1: 5 bucket_id: 1 local_depth1: 3
a1 :5  b1: 5 bucket_id: 1 local_depth1: 3
jump in
a1 :5  b1: 5 bucket_id: 1 local_depth1: 3
jump in
a1 :1  b1: 5 bucket_id: 1 local_depth1: 3
a1 :1  b1: 5 bucket_id: 1 local_depth1: 3
a1 :5  b1: 5 bucket_id: 1 local_depth1: 3
jump in
110011001100110
111111100000000
getFreeBucket
bucket_id: 13
111111100000000getFreeKvSlot
insert
search
getFreeBucket
bucket_id: 14
111111111111111splitBucket
local_depth1: 2
getFreeSlot
getNewBucket
newbucket: 000000000000000
111111111111111
000000000000000
a1 :2  b1: 6 bucket_id: 2 local_depth1: 3
a1 :6  b1: 6 bucket_id: 2 local_depth1: 3
jump in
a1 :2  b1: 6 bucket_id: 2 local_depth1: 3
a1 :6  b1: 6 bucket_id: 2 local_depth1: 3
jump in
a1 :2  b1: 6 bucket_id: 2 local_depth1: 3
a1 :6  b1: 6 bucket_id: 2 local_depth1: 3
jump in
a1 :2  b1: 6 bucket_id: 2 local_depth1: 3
a1 :6  b1: 6 bucket_id: 2 local_depth1: 3
jump in
a1 :2  b1: 6 bucket_id: 2 local_depth1: 3
a1 :6  b1: 6 bucket_id: 2 local_depth1: 3
jump in
a1 :2  b1: 6 bucket_id: 2 local_depth1: 3
a1 :6  b1: 6 bucket_id: 2 local_depth1: 3
jump in
a1 :2  b1: 6 bucket_id: 2 local_depth1: 3
a1 :6  b1: 6 bucket_id: 2 local_depth1: 3
jump in
a1 :2  b1: 6 bucket_id: 2 local_depth1: 3
101010101010101
111111100000000
getFreeBucket
bucket_id: 14
111111100000000getFreeKvSlot
insert
search
getFreeBucket
bucket_id: 15
111111111111111splitBucket
local_depth1: 2
getFreeSlot
getNewBucket
newbucket: 000000000000000
111111111111111
000000000000000
a1 :3  b1: 7 bucket_id: 3 local_depth1: 3
a1 :7  b1: 7 bucket_id: 3 local_depth1: 3
jump in
a1 :3  b1: 7 bucket_id: 3 local_depth1: 3
a1 :7  b1: 7 bucket_id: 3 local_depth1: 3
jump in
a1 :3  b1: 7 bucket_id: 3 local_depth1: 3
a1 :7  b1: 7 bucket_id: 3 local_depth1: 3
jump in
a1 :3  b1: 7 bucket_id: 3 local_depth1: 3
a1 :7  b1: 7 bucket_id: 3 local_depth1: 3
jump in
a1 :3  b1: 7 bucket_id: 3 local_depth1: 3
a1 :7  b1: 7 bucket_id: 3 local_depth1: 3
jump in
a1 :3  b1: 7 bucket_id: 3 local_depth1: 3
a1 :7  b1: 7 bucket_id: 3 local_depth1: 3
jump in
a1 :3  b1: 7 bucket_id: 3 local_depth1: 3
a1 :7  b1: 7 bucket_id: 3 local_depth1: 3
jump in
a1 :3  b1: 7 bucket_id: 3 local_depth1: 3
101010101010101
111111100000000
getFreeBucket
bucket_id: 15
111111100000000getFreeKvSlot
insert
search
getFreeBucket
bucket_id: 0
110011001100110getFreeKvSlot
insert
search
getFreeBucket
bucket_id: 1
110011001100110getFreeKvSlot
insert
search
getFreeBucket
bucket_id: 2
101010101010101getFreeKvSlot
insert
search
getFreeBucket
bucket_id: 3
101010101010101getFreeKvSlot
insert
search
getFreeBucket
bucket_id: 4
111111110000000getFreeKvSlot
insert
search
getFreeBucket
bucket_id: 5
111111110000000getFreeKvSlot
insert
search
getFreeBucket
bucket_id: 6
111111110000000getFreeKvSlot
insert
search
getFreeBucket
bucket_id: 7
111111110000000getFreeKvSlot
insert
search
getFreeBucket
bucket_id: 8
111011001100110getFreeKvSlot
insert
search
getFreeBucket
bucket_id: 9
111011001100110getFreeKvSlot
insert
search
getFreeBucket
bucket_id: 10
111010101010101getFreeKvSlot
insert
search
getFreeBucket
bucket_id: 11
111010101010101getFreeKvSlot
insert
search
getFreeBucket
bucket_id: 12
111111111000000getFreeKvSlot
insert
search
getFreeBucket
bucket_id: 13
111111111000000getFreeKvSlot
insert
search
getFreeBucket
bucket_id: 14
111111111000000getFreeKvSlot
insert
search
getFreeBucket
bucket_id: 15
111111111000000getFreeKvSlot
insert
search
getFreeBucket
bucket_id: 0
111111001100110getFreeKvSlot
insert
search
getFreeBucket
bucket_id: 1
111111001100110getFreeKvSlot
insert
search
getFreeBucket
bucket_id: 2
111110101010101getFreeKvSlot
insert
search
getFreeBucket
bucket_id: 3
111110101010101getFreeKvSlot
insert
search
getFreeBucket
bucket_id: 4
111111111100000getFreeKvSlot
insert
search
getFreeBucket
bucket_id: 5
111111111100000getFreeKvSlot
insert
search
getFreeBucket
bucket_id: 6
111111111100000getFreeKvSlot
insert
search
getFreeBucket
bucket_id: 7
111111111100000getFreeKvSlot
insert
search
getFreeBucket
bucket_id: 8
111111101100110getFreeKvSlot
insert
search
getFreeBucket
bucket_id: 9
111111101100110getFreeKvSlot
insert
search
getFreeBucket
bucket_id: 10
111111101010101getFreeKvSlot
insert
search
getFreeBucket
bucket_id: 11
111111101010101getFreeKvSlot
insert
search
getFreeBucket
bucket_id: 12
111111111110000getFreeKvSlot
insert
search
getFreeBucket
bucket_id: 13
111111111110000getFreeKvSlot
insert
search
getFreeBucket
bucket_id: 14
111111111110000getFreeKvSlot
insert
search
getFreeBucket
bucket_id: 15
111111111110000getFreeKvSlot
insert
search
getFreeBucket
bucket_id: 0
111111111100110getFreeKvSlot
insert
search
getFreeBucket
bucket_id: 1
111111111100110getFreeKvSlot
insert
search
getFreeBucket
bucket_id: 2
111111111010101getFreeKvSlot
insert
search
getFreeBucket
bucket_id: 3
111111111010101getFreeKvSlot
insert
search
getFreeBucket
bucket_id: 4
111111111111000getFreeKvSlot
insert
search
getFreeBucket
bucket_id: 5
111111111111000getFreeKvSlot
insert
search
getFreeBucket
bucket_id: 6
111111111111000getFreeKvSlot
insert
search
getFreeBucket
bucket_id: 7
111111111111000getFreeKvSlot
insert
search
getFreeBucket
bucket_id: 8
111111111110110getFreeKvSlot
insert
search
getFreeBucket
bucket_id: 9
111111111110110getFreeKvSlot
insert
search
getFreeBucket
bucket_id: 10
111111111110101getFreeKvSlot
insert
search
getFreeBucket
bucket_id: 11
111111111110101getFreeKvSlot
insert
search
getFreeBucket
bucket_id: 12
111111111111100getFreeKvSlot
insert
search
getFreeBucket
bucket_id: 13
111111111111100getFreeKvSlot
insert
search
getFreeBucket
bucket_id: 14
111111111111100getFreeKvSlot
insert
search
getFreeBucket
bucket_id: 15
111111111111100getFreeKvSlot
insert
search
getFreeBucket
bucket_id: 0
111111111111110getFreeKvSlot
insert
search
getFreeBucket
bucket_id: 1
111111111111110getFreeKvSlot
insert
search
getFreeBucket
bucket_id: 2
111111111111101getFreeKvSlot
insert
search
getFreeBucket
bucket_id: 3
111111111111101getFreeKvSlot
insert
search
getFreeBucket
bucket_id: 4
111111111111110getFreeKvSlot
insert
search
getFreeBucket
bucket_id: 5
111111111111110getFreeKvSlot
insert
search
getFreeBucket
bucket_id: 6
111111111111110getFreeKvSlot
insert
search
getFreeBucket
bucket_id: 7
111111111111110getFreeKvSlot
insert
search
getFreeBucket
bucket_id: 8
111111111111111splitBucket
local_depth1: 3
getFreeSlot
getNewBucket
newbucket: 000000000000000
111111111111111
000000000000000
a1 :0  b1: 8 bucket_id: 0 local_depth1: 4
a1 :0  b1: 8 bucket_id: 0 local_depth1: 4
a1 :0  b1: 8 bucket_id: 0 local_depth1: 4
a1 :8  b1: 8 bucket_id: 0 local_depth1: 4
jump in
a1 :8  b1: 8 bucket_id: 0 local_depth1: 4
jump in
a1 :8  b1: 8 bucket_id: 0 local_depth1: 4
jump in
a1 :0  b1: 8 bucket_id: 0 local_depth1: 4
a1 :8  b1: 8 bucket_id: 0 local_depth1: 4
jump in
a1 :0  b1: 8 bucket_id: 0 local_depth1: 4
a1 :0  b1: 8 bucket_id: 0 local_depth1: 4
a1 :0  b1: 8 bucket_id: 0 local_depth1: 4
a1 :8  b1: 8 bucket_id: 0 local_depth1: 4
jump in
a1 :8  b1: 8 bucket_id: 0 local_depth1: 4
jump in
a1 :8  b1: 8 bucket_id: 0 local_depth1: 4
jump in
a1 :0  b1: 8 bucket_id: 0 local_depth1: 4
111000101110001
111111100000000
getFreeBucket
bucket_id: 8
111111100000000getFreeKvSlot
insert
search
getFreeBucket
bucket_id: 9
111111111111111splitBucket
local_depth1: 3
getFreeSlot
getNewBucket
newbucket: 000000000000000
111111111111111
000000000000000
a1 :1  b1: 9 bucket_id: 1 local_depth1: 4
a1 :1  b1: 9 bucket_id: 1 local_depth1: 4
a1 :1  b1: 9 bucket_id: 1 local_depth1: 4
a1 :9  b1: 9 bucket_id: 1 local_depth1: 4
jump in
a1 :9  b1: 9 bucket_id: 1 local_depth1: 4
jump in
a1 :9  b1: 9 bucket_id: 1 local_depth1: 4
jump in
a1 :1  b1: 9 bucket_id: 1 local_depth1: 4
a1 :9  b1: 9 bucket_id: 1 local_depth1: 4
jump in
a1 :1  b1: 9 bucket_id: 1 local_depth1: 4
a1 :1  b1: 9 bucket_id: 1 local_depth1: 4
a1 :1  b1: 9 bucket_id: 1 local_depth1: 4
a1 :9  b1: 9 bucket_id: 1 local_depth1: 4
jump in
a1 :9  b1: 9 bucket_id: 1 local_depth1: 4
jump in
a1 :9  b1: 9 bucket_id: 1 local_depth1: 4
jump in
a1 :1  b1: 9 bucket_id: 1 local_depth1: 4
111000101110001
111111100000000
getFreeBucket
bucket_id: 9
111111100000000getFreeKvSlot
insert
search
getFreeBucket
bucket_id: 10
111111111111111splitBucket
local_depth1: 3
getFreeSlot
getNewBucket
newbucket: 000000000000000
111111111111111
000000000000000
a1 :2  b1: 10 bucket_id: 2 local_depth1: 4
a1 :2  b1: 10 bucket_id: 2 local_depth1: 4
a1 :10  b1: 10 bucket_id: 2 local_depth1: 4
jump in
a1 :10  b1: 10 bucket_id: 2 local_depth1: 4
jump in
a1 :2  b1: 10 bucket_id: 2 local_depth1: 4
a1 :2  b1: 10 bucket_id: 2 local_depth1: 4
a1 :10  b1: 10 bucket_id: 2 local_depth1: 4
jump in
a1 :10  b1: 10 bucket_id: 2 local_depth1: 4
jump in
a1 :2  b1: 10 bucket_id: 2 local_depth1: 4
a1 :2  b1: 10 bucket_id: 2 local_depth1: 4
a1 :10  b1: 10 bucket_id: 2 local_depth1: 4
jump in
a1 :10  b1: 10 bucket_id: 2 local_depth1: 4
jump in
a1 :2  b1: 10 bucket_id: 2 local_depth1: 4
a1 :2  b1: 10 bucket_id: 2 local_depth1: 4
a1 :10  b1: 10 bucket_id: 2 local_depth1: 4
jump in
110011001100110
111111100000000
getFreeBucket
bucket_id: 10
111111100000000getFreeKvSlot
insert
search
getFreeBucket
bucket_id: 11
111111111111111splitBucket
local_depth1: 3
getFreeSlot
getNewBucket
newbucket: 000000000000000
111111111111111
000000000000000
a1 :3  b1: 11 bucket_id: 3 local_depth1: 4
a1 :3  b1: 11 bucket_id: 3 local_depth1: 4
a1 :11  b1: 11 bucket_id: 3 local_depth1: 4
jump in
a1 :11  b1: 11 bucket_id: 3 local_depth1: 4
jump in
a1 :3  b1: 11 bucket_id: 3 local_depth1: 4
a1 :3  b1: 11 bucket_id: 3 local_depth1: 4
a1 :11  b1: 11 bucket_id: 3 local_depth1: 4
jump in
a1 :11  b1: 11 bucket_id: 3 local_depth1: 4
jump in
a1 :3  b1: 11 bucket_id: 3 local_depth1: 4
a1 :3  b1: 11 bucket_id: 3 local_depth1: 4
a1 :11  b1: 11 bucket_id: 3 local_depth1: 4
jump in
a1 :11  b1: 11 bucket_id: 3 local_depth1: 4
jump in
a1 :3  b1: 11 bucket_id: 3 local_depth1: 4
a1 :3  b1: 11 bucket_id: 3 local_depth1: 4
a1 :11  b1: 11 bucket_id: 3 local_depth1: 4
jump in
110011001100110
111111100000000
getFreeBucket
bucket_id: 11
111111100000000getFreeKvSlot
insert
search
getFreeBucket
bucket_id: 12
111111111111111splitBucket
local_depth1: 3
getFreeSlot
getNewBucket
newbucket: 000000000000000
111111111111111
000000000000000
a1 :4  b1: 12 bucket_id: 4 local_depth1: 4
a1 :4  b1: 12 bucket_id: 4 local_depth1: 4
a1 :12  b1: 12 bucket_id: 4 local_depth1: 4
jump in
a1 :12  b1: 12 bucket_id: 4 local_depth1: 4
jump in
a1 :4  b1: 12 bucket_id: 4 local_depth1: 4
a1 :4  b1: 12 bucket_id: 4 local_depth1: 4
a1 :12  b1: 12 bucket_id: 4 local_depth1: 4
jump in
a1 :12  b1: 12 bucket_id: 4 local_depth1: 4
jump in
a1 :4  b1: 12 bucket_id: 4 local_depth1: 4
a1 :12  b1: 12 bucket_id: 4 local_depth1: 4
jump in
a1 :4  b1: 12 bucket_id: 4 local_depth1: 4
a1 :12  b1: 12 bucket_id: 4 local_depth1: 4
jump in
a1 :4  b1: 12 bucket_id: 4 local_depth1: 4
a1 :12  b1: 12 bucket_id: 4 local_depth1: 4
jump in
a1 :4  b1: 12 bucket_id: 4 local_depth1: 4
110011001010101
111111100000000
getFreeBucket
bucket_id: 12
111111100000000getFreeKvSlot
insert
search
getFreeBucket
bucket_id: 13
111111111111111splitBucket
local_depth1: 3
getFreeSlot
getNewBucket
newbucket: 000000000000000
111111111111111
000000000000000
a1 :5  b1: 13 bucket_id: 5 local_depth1: 4
a1 :5  b1: 13 bucket_id: 5 local_depth1: 4
a1 :13  b1: 13 bucket_id: 5 local_depth1: 4
jump in
a1 :13  b1: 13 bucket_id: 5 local_depth1: 4
jump in
a1 :5  b1: 13 bucket_id: 5 local_depth1: 4
a1 :5  b1: 13 bucket_id: 5 local_depth1: 4
a1 :13  b1: 13 bucket_id: 5 local_depth1: 4
jump in
a1 :13  b1: 13 bucket_id: 5 local_depth1: 4
jump in
a1 :5  b1: 13 bucket_id: 5 local_depth1: 4
a1 :13  b1: 13 bucket_id: 5 local_depth1: 4
jump in
a1 :5  b1: 13 bucket_id: 5 local_depth1: 4
a1 :13  b1: 13 bucket_id: 5 local_depth1: 4
jump in
a1 :5  b1: 13 bucket_id: 5 local_depth1: 4
a1 :13  b1: 13 bucket_id: 5 local_depth1: 4
jump in
a1 :5  b1: 13 bucket_id: 5 local_depth1: 4
110011001010101
111111100000000
getFreeBucket
bucket_id: 13
111111100000000getFreeKvSlot
insert
search
getFreeBucket
bucket_id: 14
111111111111111splitBucket
local_depth1: 3
getFreeSlot
getNewBucket
newbucket: 000000000000000
111111111111111
000000000000000
a1 :6  b1: 14 bucket_id: 6 local_depth1: 4
a1 :14  b1: 14 bucket_id: 6 local_depth1: 4
jump in
a1 :6  b1: 14 bucket_id: 6 local_depth1: 4
a1 :14  b1: 14 bucket_id: 6 local_depth1: 4
jump in
a1 :6  b1: 14 bucket_id: 6 local_depth1: 4
a1 :14  b1: 14 bucket_id: 6 local_depth1: 4
jump in
a1 :6  b1: 14 bucket_id: 6 local_depth1: 4
a1 :14  b1: 14 bucket_id: 6 local_depth1: 4
jump in
a1 :6  b1: 14 bucket_id: 6 local_depth1: 4
a1 :14  b1: 14 bucket_id: 6 local_depth1: 4
jump in
a1 :6  b1: 14 bucket_id: 6 local_depth1: 4
a1 :14  b1: 14 bucket_id: 6 local_depth1: 4
jump in
a1 :6  b1: 14 bucket_id: 6 local_depth1: 4
a1 :14  b1: 14 bucket_id: 6 local_depth1: 4
jump in
a1 :6  b1: 14 bucket_id: 6 local_depth1: 4
101010101010101
111111100000000
getFreeBucket
bucket_id: 14
111111100000000getFreeKvSlot
insert
search
getFreeBucket
bucket_id: 15
111111111111111splitBucket
local_depth1: 3
getFreeSlot
getNewBucket
newbucket: 000000000000000
111111111111111
000000000000000
a1 :7  b1: 15 bucket_id: 7 local_depth1: 4
a1 :15  b1: 15 bucket_id: 7 local_depth1: 4
jump in
a1 :7  b1: 15 bucket_id: 7 local_depth1: 4
a1 :15  b1: 15 bucket_id: 7 local_depth1: 4
jump in
a1 :7  b1: 15 bucket_id: 7 local_depth1: 4
a1 :15  b1: 15 bucket_id: 7 local_depth1: 4
jump in
a1 :7  b1: 15 bucket_id: 7 local_depth1: 4
a1 :15  b1: 15 bucket_id: 7 local_depth1: 4
jump in
a1 :7  b1: 15 bucket_id: 7 local_depth1: 4
a1 :15  b1: 15 bucket_id: 7 local_depth1: 4
jump in
a1 :7  b1: 15 bucket_id: 7 local_depth1: 4
a1 :15  b1: 15 bucket_id: 7 local_depth1: 4
jump in
a1 :7  b1: 15 bucket_id: 7 local_depth1: 4
a1 :15  b1: 15 bucket_id: 7 local_depth1: 4
jump in
a1 :7  b1: 15 bucket_id: 7 local_depth1: 4
101010101010101
111111100000000
getFreeBucket
bucket_id: 15
111111100000000getFreeKvSlot
insert
search
getFreeBucket
bucket_id: 0
111000101110001getFreeKvSlot
insert
search
getFreeBucket
bucket_id: 1
111000101110001getFreeKvSlot
insert
search
getFreeBucket
bucket_id: 2
110011001100110getFreeKvSlot
insert
search
getFreeBucket
bucket_id: 3
110011001100110getFreeKvSlot
insert
search
getFreeBucket
bucket_id: 4
110011001010101getFreeKvSlot
insert
search
getFreeBucket
bucket_id: 5
110011001010101getFreeKvSlot
insert
search
getFreeBucket
bucket_id: 6
101010101010101getFreeKvSlot
insert
search
getFreeBucket
bucket_id: 7
101010101010101getFreeKvSlot
insert
search
getFreeBucket
bucket_id: 8
111111110000000getFreeKvSlot
insert
search
getFreeBucket
bucket_id: 9
111111110000000getFreeKvSlot
insert
search
getFreeBucket
bucket_id: 10
111111110000000getFreeKvSlot
insert
search
getFreeBucket
bucket_id: 11
111111110000000getFreeKvSlot
insert
search
getFreeBucket
bucket_id: 12
111111110000000getFreeKvSlot
insert
search
getFreeBucket
bucket_id: 13
111111110000000getFreeKvSlot
insert
search
getFreeBucket
bucket_id: 14
111111110000000getFreeKvSlot
insert
search
getFreeBucket
bucket_id: 15
111111110000000getFreeKvSlot
insert
search
getFreeBucket
bucket_id: 0
111100101110001getFreeKvSlot
insert
search
getFreeBucket
bucket_id: 1
111100101110001getFreeKvSlot
insert
search
getFreeBucket
bucket_id: 2
111011001100110getFreeKvSlot
insert
search
getFreeBucket
bucket_id: 3
111011001100110getFreeKvSlot
insert
search
getFreeBucket
bucket_id: 4
111011001010101getFreeKvSlot
insert
search
getFreeBucket
bucket_id: 5
111011001010101getFreeKvSlot
insert
search
getFreeBucket
bucket_id: 6
111010101010101getFreeKvSlot
insert
search
getFreeBucket
bucket_id: 7
111010101010101getFreeKvSlot
insert
search
getFreeBucket
bucket_id: 8
111111111000000getFreeKvSlot
insert
search
getFreeBucket
bucket_id: 9
111111111000000getFreeKvSlot
insert
search
getFreeBucket
bucket_id: 10
111111111000000getFreeKvSlot
insert
search
getFreeBucket
bucket_id: 11
111111111000000getFreeKvSlot
insert
search
getFreeBucket
bucket_id: 12
111111111000000getFreeKvSlot
insert
search
getFreeBucket
bucket_id: 13
111111111000000getFreeKvSlot
insert
search
getFreeBucket
bucket_id: 14
111111111000000getFreeKvSlot
insert
search
getFreeBucket
bucket_id: 15
111111111000000getFreeKvSlot
insert
search
getFreeBucket
bucket_id: 0
111110101110001getFreeKvSlot
insert
search
getFreeBucket
bucket_id: 1
111110101110001getFreeKvSlot
insert
search
getFreeBucket
bucket_id: 2
111111001100110getFreeKvSlot
insert
search
getFreeBucket
bucket_id: 3
111111001100110getFreeKvSlot
insert
search
getFreeBucket
bucket_id: 4
111111001010101getFreeKvSlot
insert
search
getFreeBucket
bucket_id: 5
111111001010101getFreeKvSlot
insert
search
getFreeBucket
bucket_id: 6
111110101010101getFreeKvSlot
insert
search
getFreeBucket
bucket_id: 7
111110101010101getFreeKvSlot
insert
search
getFreeBucket
bucket_id: 8
111111111100000getFreeKvSlot
insert
search
getFreeBucket
bucket_id: 9
111111111100000getFreeKvSlot
insert
search
getFreeBucket
bucket_id: 10
111111111100000getFreeKvSlot
insert
search
getFreeBucket
bucket_id: 11
111111111100000getFreeKvSlot
insert
search
getFreeBucket
bucket_id: 12
111111111100000getFreeKvSlot
insert
search
getFreeBucket
bucket_id: 13
111111111100000getFreeKvSlot
insert
search
getFreeBucket
bucket_id: 14
111111111100000getFreeKvSlot
insert
search
getFreeBucket
bucket_id: 15
111111111100000getFreeKvSlot
insert
search
getFreeBucket
bucket_id: 0
111111101110001getFreeKvSlot
insert
search
getFreeBucket
bucket_id: 1
111111101110001getFreeKvSlot
insert
search
getFreeBucket
bucket_id: 2
111111101100110getFreeKvSlot
insert
search
getFreeBucket
bucket_id: 3
111111101100110getFreeKvSlot
insert
search
getFreeBucket
bucket_id: 4
111111101010101getFreeKvSlot
insert
search
getFreeBucket
bucket_id: 5
111111101010101getFreeKvSlot
insert
search
getFreeBucket
bucket_id: 6
111111101010101getFreeKvSlot
insert
search
getFreeBucket
bucket_id: 7
111111101010101getFreeKvSlot
insert
search
getFreeBucket
bucket_id: 8
111111111110000getFreeKvSlot
insert
search
getFreeBucket
bucket_id: 9
111111111110000getFreeKvSlot
insert
search
getFreeBucket
bucket_id: 10
111111111110000getFreeKvSlot
insert
search
getFreeBucket
bucket_id: 11
111111111110000getFreeKvSlot
insert
search
getFreeBucket
bucket_id: 12
111111111110000getFreeKvSlot
insert
search
getFreeBucket
bucket_id: 13
111111111110000getFreeKvSlot
insert
search
getFreeBucket
bucket_id: 14
111111111110000getFreeKvSlot
insert
search
getFreeBucket
bucket_id: 15
111111111110000getFreeKvSlot
insert
search
getFreeBucket
bucket_id: 0
111111111110001getFreeKvSlot
insert
search
getFreeBucket
bucket_id: 1
111111111110001getFreeKvSlot
insert
search
getFreeBucket
bucket_id: 2
111111111100110getFreeKvSlot
insert
search
getFreeBucket
bucket_id: 3
111111111100110getFreeKvSlot
insert
search
getFreeBucket
bucket_id: 4
111111111010101getFreeKvSlot
insert
search
getFreeBucket
bucket_id: 5
111111111010101getFreeKvSlot
insert
search
getFreeBucket
bucket_id: 6
111111111010101getFreeKvSlot
insert
search
getFreeBucket
bucket_id: 7
111111111010101getFreeKvSlot
insert
search
getFreeBucket
bucket_id: 8
111111111111000getFreeKvSlot
insert
search
getFreeBucket
bucket_id: 9
111111111111000getFreeKvSlot
insert
search
getFreeBucket
bucket_id: 10
111111111111000getFreeKvSlot
insert
search
getFreeBucket
bucket_id: 11
111111111111000getFreeKvSlot
insert
search
getFreeBucket
bucket_id: 12
111111111111000getFreeKvSlot
insert
search
getFreeBucket
bucket_id: 13
111111111111000getFreeKvSlot
insert
search
getFreeBucket
bucket_id: 14
111111111111000getFreeKvSlot
insert
search
getFreeBucket
bucket_id: 15
111111111111000getFreeKvSlot
insert
search
getFreeBucket
bucket_id: 0
111111111111001getFreeKvSlot
insert
search
getFreeBucket
bucket_id: 1
111111111111001getFreeKvSlot
insert
search
getFreeBucket
bucket_id: 2
111111111110110getFreeKvSlot
insert
search
getFreeBucket
bucket_id: 3
111111111110110getFreeKvSlot
insert
search
getFreeBucket
bucket_id: 4
111111111110101getFreeKvSlot
insert
search
getFreeBucket
bucket_id: 5
111111111110101getFreeKvSlot
insert
search
getFreeBucket
bucket_id: 6
111111111110101getFreeKvSlot
insert
search
getFreeBucket
bucket_id: 7
111111111110101getFreeKvSlot
insert
search
getFreeBucket
bucket_id: 8
111111111111100getFreeKvSlot
insert
search
getFreeBucket
bucket_id: 9
111111111111100getFreeKvSlot
insert
search
getFreeBucket
bucket_id: 10
111111111111100getFreeKvSlot
insert
search
getFreeBucket
bucket_id: 11
111111111111100getFreeKvSlot
insert
search
getFreeBucket
bucket_id: 12
111111111111100getFreeKvSlot
insert
search
getFreeBucket
bucket_id: 13
111111111111100getFreeKvSlot
insert
search
getFreeBucket
bucket_id: 14
111111111111100getFreeKvSlot
insert
search
getFreeBucket
bucket_id: 15
111111111111100getFreeKvSlot
insert
search
getFreeBucket
bucket_id: 0
111111111111101getFreeKvSlot
insert
search
getFreeBucket
bucket_id: 1
111111111111101getFreeKvSlot
insert
search
getFreeBucket
bucket_id: 2
111111111111110getFreeKvSlot
insert
search
getFreeBucket
bucket_id: 3
111111111111110getFreeKvSlot
insert
search
getFreeBucket
bucket_id: 4
111111111111101getFreeKvSlot
insert
search
getFreeBucket
bucket_id: 5
111111111111101getFreeKvSlot
insert
search
getFreeBucket
bucket_id: 6
111111111111101getFreeKvSlot
insert
search
getFreeBucket
bucket_id: 7
111111111111101getFreeKvSlot
insert
search
getFreeBucket
bucket_id: 8
111111111111110getFreeKvSlot
insert
search
getFreeBucket
bucket_id: 9
111111111111110getFreeKvSlot
insert
search
getFreeBucket
bucket_id: 10
111111111111110getFreeKvSlot
insert
search
getFreeBucket
bucket_id: 11
111111111111110getFreeKvSlot
insert
search
getFreeBucket
bucket_id: 12
111111111111110getFreeKvSlot
insert
search
getFreeBucket
bucket_id: 13
111111111111110getFreeKvSlot
insert
search
getFreeBucket
bucket_id: 14
111111111111110getFreeKvSlot
insert
search
getFreeBucket
bucket_id: 15
111111111111110getFreeKvSlot
insert
search
getFreeBucket
bucket_id: 0
111111111111111splitBucket
local_depth1: 4
extendCatalog
extendCatalog bp1
extendCatalog bp2
extendCatalog bp3
extendCatalog bp4
getFreeSlot
getNewBucket
allocNewPage
2564104
newbucket: 000000000000000
111111111111111
000000000000000
a1 :0  b1: 16 bucket_id: 0 local_depth1: 5
a1 :0  b1: 16 bucket_id: 0 local_depth1: 5
a1 :0  b1: 16 bucket_id: 0 local_depth1: 5
a1 :0  b1: 16 bucket_id: 0 local_depth1: 5
a1 :16  b1: 16 bucket_id: 0 local_depth1: 5
jump in
a1 :0  b1: 16 bucket_id: 0 local_depth1: 5
a1 :16  b1: 16 bucket_id: 0 local_depth1: 5
jump in
a1 :16  b1: 16 bucket_id: 0 local_depth1: 5
jump in
a1 :16  b1: 16 bucket_id: 0 local_depth1: 5
jump in
a1 :16  b1: 16 bucket_id: 0 local_depth1: 5
jump in
a1 :0  b1: 16 bucket_id: 0 local_depth1: 5
a1 :0  b1: 16 bucket_id: 0 local_depth1: 5
a1 :16  b1: 16 bucket_id: 0 local_depth1: 5
jump in
a1 :0  b1: 16 bucket_id: 0 local_depth1: 5
a1 :16  b1: 16 bucket_id: 0 local_depth1: 5
jump in
111101000011010
111111100000000
getFreeBucket
bucket_id: 16
111111100000000getFreeKvSlot
insert
search
getFreeBucket
bucket_id: 17
111111111111111splitBucket
local_depth1: 4
getFreeSlot
getNewBucket
newbucket: 000000000000000
111111111111111
000000000000000
a1 :1  b1: 17 bucket_id: 1 local_depth1: 5
a1 :1  b1: 17 bucket_id: 1 local_depth1: 5
a1 :1  b1: 17 bucket_id: 1 local_depth1: 5
a1 :1  b1: 17 bucket_id: 1 local_depth1: 5
a1 :17  b1: 17 bucket_id: 1 local_depth1: 5
jump in
a1 :1  b1: 17 bucket_id: 1 local_depth1: 5
a1 :17  b1: 17 bucket_id: 1 local_depth1: 5
jump in
a1 :17  b1: 17 bucket_id: 1 local_depth1: 5
jump in
a1 :17  b1: 17 bucket_id: 1 local_depth1: 5
jump in
a1 :17  b1: 17 bucket_id: 1 local_depth1: 5
jump in
a1 :1  b1: 17 bucket_id: 1 local_depth1: 5
a1 :1  b1: 17 bucket_id: 1 local_depth1: 5
a1 :17  b1: 17 bucket_id: 1 local_depth1: 5
jump in
a1 :1  b1: 17 bucket_id: 1 local_depth1: 5
a1 :17  b1: 17 bucket_id: 1 local_depth1: 5
jump in
111101000011010
111111100000000
getFreeBucket
bucket_id: 17
111111100000000getFreeKvSlot
insert
search
getFreeBucket
bucket_id: 18
111111111111111splitBucket
local_depth1: 4
getFreeSlot
getNewBucket
newbucket: 000000000000000
111111111111111
000000000000000
a1 :2  b1: 18 bucket_id: 2 local_depth1: 5
a1 :2  b1: 18 bucket_id: 2 local_depth1: 5
a1 :2  b1: 18 bucket_id: 2 local_depth1: 5
a1 :18  b1: 18 bucket_id: 2 local_depth1: 5
jump in
a1 :18  b1: 18 bucket_id: 2 local_depth1: 5
jump in
a1 :18  b1: 18 bucket_id: 2 local_depth1: 5
jump in
a1 :2  b1: 18 bucket_id: 2 local_depth1: 5
a1 :18  b1: 18 bucket_id: 2 local_depth1: 5
jump in
a1 :2  b1: 18 bucket_id: 2 local_depth1: 5
a1 :2  b1: 18 bucket_id: 2 local_depth1: 5
a1 :2  b1: 18 bucket_id: 2 local_depth1: 5
a1 :18  b1: 18 bucket_id: 2 local_depth1: 5
jump in
a1 :18  b1: 18 bucket_id: 2 local_depth1: 5
jump in
a1 :18  b1: 18 bucket_id: 2 local_depth1: 5
jump in
a1 :2  b1: 18 bucket_id: 2 local_depth1: 5
111000101110001
111111100000000
getFreeBucket
bucket_id: 18
111111100000000getFreeKvSlot
insert
search
getFreeBucket
bucket_id: 19
111111111111111splitBucket
local_depth1: 4
getFreeSlot
getNewBucket
newbucket: 000000000000000
111111111111111
000000000000000
a1 :3  b1: 19 bucket_id: 3 local_depth1: 5
a1 :3  b1: 19 bucket_id: 3 local_depth1: 5
a1 :3  b1: 19 bucket_id: 3 local_depth1: 5
a1 :19  b1: 19 bucket_id: 3 local_depth1: 5
jump in
a1 :19  b1: 19 bucket_id: 3 local_depth1: 5
jump in
a1 :19  b1: 19 bucket_id: 3 local_depth1: 5
jump in
a1 :3  b1: 19 bucket_id: 3 local_depth1: 5
a1 :19  b1: 19 bucket_id: 3 local_depth1: 5
jump in
a1 :3  b1: 19 bucket_id: 3 local_depth1: 5
a1 :3  b1: 19 bucket_id: 3 local_depth1: 5
a1 :3  b1: 19 bucket_id: 3 local_depth1: 5
a1 :19  b1: 19 bucket_id: 3 local_depth1: 5
jump in
a1 :19  b1: 19 bucket_id: 3 local_depth1: 5
jump in
a1 :19  b1: 19 bucket_id: 3 local_depth1: 5
jump in
a1 :3  b1: 19 bucket_id: 3 local_depth1: 5
111000101110001
111111100000000
getFreeBucket
bucket_id: 19
111111100000000getFreeKvSlot
insert
search
getFreeBucket
bucket_id: 20
111111111111111splitBucket
local_depth1: 4
getFreeSlot
getNewBucket
newbucket: 000000000000000
111111111111111
000000000000000
a1 :4  b1: 20 bucket_id: 4 local_depth1: 5
a1 :4  b1: 20 bucket_id: 4 local_depth1: 5
a1 :4  b1: 20 bucket_id: 4 local_depth1: 5
a1 :20  b1: 20 bucket_id: 4 local_depth1: 5
jump in
a1 :20  b1: 20 bucket_id: 4 local_depth1: 5
jump in
a1 :20  b1: 20 bucket_id: 4 local_depth1: 5
jump in
a1 :4  b1: 20 bucket_id: 4 local_depth1: 5
a1 :20  b1: 20 bucket_id: 4 local_depth1: 5
jump in
a1 :4  b1: 20 bucket_id: 4 local_depth1: 5
a1 :4  b1: 20 bucket_id: 4 local_depth1: 5
a1 :20  b1: 20 bucket_id: 4 local_depth1: 5
jump in
a1 :20  b1: 20 bucket_id: 4 local_depth1: 5
jump in
a1 :4  b1: 20 bucket_id: 4 local_depth1: 5
a1 :4  b1: 20 bucket_id: 4 local_depth1: 5
a1 :20  b1: 20 bucket_id: 4 local_depth1: 5
jump in
111000101100110
111111100000000
getFreeBucket
bucket_id: 20
111111100000000getFreeKvSlot
insert
search
getFreeBucket
bucket_id: 21
111111111111111splitBucket
local_depth1: 4
getFreeSlot
getNewBucket
newbucket: 000000000000000
111111111111111
000000000000000
a1 :5  b1: 21 bucket_id: 5 local_depth1: 5
a1 :5  b1: 21 bucket_id: 5 local_depth1: 5
a1 :5  b1: 21 bucket_id: 5 local_depth1: 5
a1 :21  b1: 21 bucket_id: 5 local_depth1: 5
jump in
a1 :21  b1: 21 bucket_id: 5 local_depth1: 5
jump in
a1 :21  b1: 21 bucket_id: 5 local_depth1: 5
jump in
a1 :5  b1: 21 bucket_id: 5 local_depth1: 5
a1 :21  b1: 21 bucket_id: 5 local_depth1: 5
jump in
a1 :5  b1: 21 bucket_id: 5 local_depth1: 5
a1 :5  b1: 21 bucket_id: 5 local_depth1: 5
a1 :21  b1: 21 bucket_id: 5 local_depth1: 5
jump in
a1 :21  b1: 21 bucket_id: 5 local_depth1: 5
jump in
a1 :5  b1: 21 bucket_id: 5 local_depth1: 5
a1 :5  b1: 21 bucket_id: 5 local_depth1: 5
a1 :21  b1: 21 bucket_id: 5 local_depth1: 5
jump in
111000101100110
111111100000000
getFreeBucket
bucket_id: 21
111111100000000getFreeKvSlot
insert
search
getFreeBucket
bucket_id: 22
111111111111111splitBucket
local_depth1: 4
getFreeSlot
getNewBucket
newbucket: 000000000000000
111111111111111
000000000000000
a1 :6  b1: 22 bucket_id: 6 local_depth1: 5
a1 :6  b1: 22 bucket_id: 6 local_depth1: 5
a1 :22  b1: 22 bucket_id: 6 local_depth1: 5
jump in
a1 :22  b1: 22 bucket_id: 6 local_depth1: 5
jump in
a1 :6  b1: 22 bucket_id: 6 local_depth1: 5
a1 :6  b1: 22 bucket_id: 6 local_depth1: 5
a1 :22  b1: 22 bucket_id: 6 local_depth1: 5
jump in
a1 :22  b1: 22 bucket_id: 6 local_depth1: 5
jump in
a1 :6  b1: 22 bucket_id: 6 local_depth1: 5
a1 :6  b1: 22 bucket_id: 6 local_depth1: 5
a1 :22  b1: 22 bucket_id: 6 local_depth1: 5
jump in
a1 :22  b1: 22 bucket_id: 6 local_depth1: 5
jump in
a1 :6  b1: 22 bucket_id: 6 local_depth1: 5
a1 :6  b1: 22 bucket_id: 6 local_depth1: 5
a1 :22  b1: 22 bucket_id: 6 local_depth1: 5
jump in
110011001100110
111111100000000
getFreeBucket
bucket_id: 22
111111100000000getFreeKvSlot
insert
search
getFreeBucket
bucket_id: 23
111111111111111splitBucket
local_depth1: 4
getFreeSlot
getNewBucket
newbucket: 000000000000000
111111111111111
000000000000000
a1 :7  b1: 23 bucket_id: 7 local_depth1: 5
a1 :7  b1: 23 bucket_id: 7 local_depth1: 5
a1 :23  b1: 23 bucket_id: 7 local_depth1: 5
jump in
a1 :23  b1: 23 bucket_id: 7 local_depth1: 5
jump in
a1 :7  b1: 23 bucket_id: 7 local_depth1: 5
a1 :7  b1: 23 bucket_id: 7 local_depth1: 5
a1 :23  b1: 23 bucket_id: 7 local_depth1: 5
jump in
a1 :23  b1: 23 bucket_id: 7 local_depth1: 5
jump in
a1 :7  b1: 23 bucket_id: 7 local_depth1: 5
a1 :7  b1: 23 bucket_id: 7 local_depth1: 5
a1 :23  b1: 23 bucket_id: 7 local_depth1: 5
jump in
a1 :23  b1: 23 bucket_id: 7 local_depth1: 5
jump in
a1 :7  b1: 23 bucket_id: 7 local_depth1: 5
a1 :7  b1: 23 bucket_id: 7 local_depth1: 5
a1 :23  b1: 23 bucket_id: 7 local_depth1: 5
jump in
110011001100110
111111100000000
getFreeBucket
bucket_id: 23
111111100000000getFreeKvSlot
insert
search
getFreeBucket
bucket_id: 24
111111111111111splitBucket
local_depth1: 4
getFreeSlot
getNewBucket
newbucket: 000000000000000
111111111111111
000000000000000
a1 :8  b1: 24 bucket_id: 8 local_depth1: 5
a1 :8  b1: 24 bucket_id: 8 local_depth1: 5
a1 :8  b1: 24 bucket_id: 8 local_depth1: 5
a1 :24  b1: 24 bucket_id: 8 local_depth1: 5
jump in
a1 :8  b1: 24 bucket_id: 8 local_depth1: 5
a1 :24  b1: 24 bucket_id: 8 local_depth1: 5
jump in
a1 :24  b1: 24 bucket_id: 8 local_depth1: 5
jump in
a1 :24  b1: 24 bucket_id: 8 local_depth1: 5
jump in
a1 :8  b1: 24 bucket_id: 8 local_depth1: 5
a1 :24  b1: 24 bucket_id: 8 local_depth1: 5
jump in
a1 :8  b1: 24 bucket_id: 8 local_depth1: 5
a1 :24  b1: 24 bucket_id: 8 local_depth1: 5
jump in
a1 :8  b1: 24 bucket_id: 8 local_depth1: 5
a1 :24  b1: 24 bucket_id: 8 local_depth1: 5
jump in
a1 :8  b1: 24 bucket_id: 8 local_depth1: 5
111010001010101
111111100000000
getFreeBucket
bucket_id: 24
111111100000000getFreeKvSlot
insert
search
getFreeBucket
bucket_id: 25
111111111111111splitBucket
local_depth1: 4
getFreeSlot
getNewBucket
newbucket: 000000000000000
111111111111111
000000000000000
a1 :9  b1: 25 bucket_id: 9 local_depth1: 5
a1 :9  b1: 25 bucket_id: 9 local_depth1: 5
a1 :9  b1: 25 bucket_id: 9 local_depth1: 5
a1 :25  b1: 25 bucket_id: 9 local_depth1: 5
jump in
a1 :9  b1: 25 bucket_id: 9 local_depth1: 5
a1 :25  b1: 25 bucket_id: 9 local_depth1: 5
jump in
a1 :25  b1: 25 bucket_id: 9 local_depth1: 5
jump in
a1 :25  b1: 25 bucket_id: 9 local_depth1: 5
jump in
a1 :9  b1: 25 bucket_id: 9 local_depth1: 5
a1 :25  b1: 25 bucket_id: 9 local_depth1: 5
jump in
a1 :9  b1: 25 bucket_id: 9 local_depth1: 5
a1 :25  b1: 25 bucket_id: 9 local_depth1: 5
jump in
a1 :9  b1: 25 bucket_id: 9 local_depth1: 5
a1 :25  b1: 25 bucket_id: 9 local_depth1: 5
jump in
a1 :9  b1: 25 bucket_id: 9 local_depth1: 5
111010001010101
111111100000000
getFreeBucket
bucket_id: 25
111111100000000getFreeKvSlot
insert
search
getFreeBucket
bucket_id: 26
111111111111111splitBucket
local_depth1: 4
getFreeSlot
getNewBucket
newbucket: 000000000000000
111111111111111
000000000000000
a1 :10  b1: 26 bucket_id: 10 local_depth1: 5
a1 :10  b1: 26 bucket_id: 10 local_depth1: 5
a1 :26  b1: 26 bucket_id: 10 local_depth1: 5
jump in
a1 :26  b1: 26 bucket_id: 10 local_depth1: 5
jump in
a1 :10  b1: 26 bucket_id: 10 local_depth1: 5
a1 :10  b1: 26 bucket_id: 10 local_depth1: 5
a1 :26  b1: 26 bucket_id: 10 local_depth1: 5
jump in
a1 :26  b1: 26 bucket_id: 10 local_depth1: 5
jump in
a1 :10  b1: 26 bucket_id: 10 local_depth1: 5
a1 :26  b1: 26 bucket_id: 10 local_depth1: 5
jump in
a1 :10  b1: 26 bucket_id: 10 local_depth1: 5
a1 :26  b1: 26 bucket_id: 10 local_depth1: 5
jump in
a1 :10  b1: 26 bucket_id: 10 local_depth1: 5
a1 :26  b1: 26 bucket_id: 10 local_depth1: 5
jump in
a1 :10  b1: 26 bucket_id: 10 local_depth1: 5
110011001010101
111111100000000
getFreeBucket
bucket_id: 26
111111100000000getFreeKvSlot
insert
search
getFreeBucket
bucket_id: 27
111111111111111splitBucket
local_depth1: 4
getFreeSlot
getNewBucket
newbucket: 000000000000000
111111111111111
000000000000000
a1 :11  b1: 27 bucket_id: 11 local_depth1: 5
a1 :11  b1: 27 bucket_id: 11 local_depth1: 5
a1 :27  b1: 27 bucket_id: 11 local_depth1: 5
jump in
a1 :27  b1: 27 bucket_id: 11 local_depth1: 5
jump in
a1 :11  b1: 27 bucket_id: 11 local_depth1: 5
a1 :11  b1: 27 bucket_id: 11 local_depth1: 5
a1 :27  b1: 27 bucket_id: 11 local_depth1: 5
jump in
a1 :27  b1: 27 bucket_id: 11 local_depth1: 5
jump in
a1 :11  b1: 27 bucket_id: 11 local_depth1: 5
a1 :27  b1: 27 bucket_id: 11 local_depth1: 5
jump in
a1 :11  b1: 27 bucket_id: 11 local_depth1: 5
a1 :27  b1: 27 bucket_id: 11 local_depth1: 5
jump in
a1 :11  b1: 27 bucket_id: 11 local_depth1: 5
a1 :27  b1: 27 bucket_id: 11 local_depth1: 5
jump in
a1 :11  b1: 27 bucket_id: 11 local_depth1: 5
110011001010101
111111100000000
getFreeBucket
bucket_id: 27
111111100000000getFreeKvSlot
insert
search
getFreeBucket
bucket_id: 28
111111111111111splitBucket
local_depth1: 4
getFreeSlot
getNewBucket
newbucket: 000000000000000
111111111111111
000000000000000
a1 :12  b1: 28 bucket_id: 12 local_depth1: 5
a1 :12  b1: 28 bucket_id: 12 local_depth1: 5
a1 :28  b1: 28 bucket_id: 12 local_depth1: 5
jump in
a1 :28  b1: 28 bucket_id: 12 local_depth1: 5
jump in
a1 :12  b1: 28 bucket_id: 12 local_depth1: 5
a1 :28  b1: 28 bucket_id: 12 local_depth1: 5
jump in
a1 :12  b1: 28 bucket_id: 12 local_depth1: 5
a1 :28  b1: 28 bucket_id: 12 local_depth1: 5
jump in
a1 :12  b1: 28 bucket_id: 12 local_depth1: 5
a1 :28  b1: 28 bucket_id: 12 local_depth1: 5
jump in
a1 :12  b1: 28 bucket_id: 12 local_depth1: 5
a1 :28  b1: 28 bucket_id: 12 local_depth1: 5
jump in
a1 :12  b1: 28 bucket_id: 12 local_depth1: 5
a1 :28  b1: 28 bucket_id: 12 local_depth1: 5
jump in
a1 :12  b1: 28 bucket_id: 12 local_depth1: 5
110010101010101
111111100000000
getFreeBucket
bucket_id: 28
111111100000000getFreeKvSlot
insert
search
getFreeBucket
bucket_id: 29
111111111111111splitBucket
local_depth1: 4
getFreeSlot
getNewBucket
newbucket: 000000000000000
111111111111111
000000000000000
a1 :13  b1: 29 bucket_id: 13 local_depth1: 5
a1 :13  b1: 29 bucket_id: 13 local_depth1: 5
a1 :29  b1: 29 bucket_id: 13 local_depth1: 5
jump in
a1 :29  b1: 29 bucket_id: 13 local_depth1: 5
jump in
a1 :13  b1: 29 bucket_id: 13 local_depth1: 5
a1 :29  b1: 29 bucket_id: 13 local_depth1: 5
jump in
a1 :13  b1: 29 bucket_id: 13 local_depth1: 5
a1 :29  b1: 29 bucket_id: 13 local_depth1: 5
jump in
a1 :13  b1: 29 bucket_id: 13 local_depth1: 5
a1 :29  b1: 29 bucket_id: 13 local_depth1: 5
jump in
a1 :13  b1: 29 bucket_id: 13 local_depth1: 5
a1 :29  b1: 29 bucket_id: 13 local_depth1: 5
jump in
a1 :13  b1: 29 bucket_id: 13 local_depth1: 5
a1 :29  b1: 29 bucket_id: 13 local_depth1: 5
jump in
a1 :13  b1: 29 bucket_id: 13 local_depth1: 5
110010101010101
111111100000000
getFreeBucket
bucket_id: 29
111111100000000getFreeKvSlot
insert
search
getFreeBucket
bucket_id: 30
111111111111111splitBucket
local_depth1: 4
getFreeSlot
getNewBucket
newbucket: 000000000000000
111111111111111
000000000000000
a1 :14  b1: 30 bucket_id: 14 local_depth1: 5
a1 :30  b1: 30 bucket_id: 14 local_depth1: 5
jump in
a1 :14  b1: 30 bucket_id: 14 local_depth1: 5
a1 :30  b1: 30 bucket_id: 14 local_depth1: 5
jump in
a1 :14  b1: 30 bucket_id: 14 local_depth1: 5
a1 :30  b1: 30 bucket_id: 14 local_depth1: 5
jump in
a1 :14  b1: 30 bucket_id: 14 local_depth1: 5
a1 :30  b1: 30 bucket_id: 14 local_depth1: 5
jump in
a1 :14  b1: 30 bucket_id: 14 local_depth1: 5
a1 :30  b1: 30 bucket_id: 14 local_depth1: 5
jump in
a1 :14  b1: 30 bucket_id: 14 local_depth1: 5
a1 :30  b1: 30 bucket_id: 14 local_depth1: 5
jump in
a1 :14  b1: 30 bucket_id: 14 local_depth1: 5
a1 :30  b1: 30 bucket_id: 14 local_depth1: 5
jump in
a1 :14  b1: 30 bucket_id: 14 local_depth1: 5
101010101010101
111111100000000
getFreeBucket
bucket_id: 30
111111100000000getFreeKvSlot
insert
search
getFreeBucket
bucket_id: 31
111111111111111splitBucket
local_depth1: 4
getFreeSlot
getNewBucket
newbucket: 000000000000000
111111111111111
000000000000000
a1 :15  b1: 31 bucket_id: 15 local_depth1: 5
a1 :31  b1: 31 bucket_id: 15 local_depth1: 5
jump in
a1 :15  b1: 31 bucket_id: 15 local_depth1: 5
a1 :31  b1: 31 bucket_id: 15 local_depth1: 5
jump in
a1 :15  b1: 31 bucket_id: 15 local_depth1: 5
a1 :31  b1: 31 bucket_id: 15 local_depth1: 5
jump in
a1 :15  b1: 31 bucket_id: 15 local_depth1: 5
a1 :31  b1: 31 bucket_id: 15 local_depth1: 5
jump in
a1 :15  b1: 31 bucket_id: 15 local_depth1: 5
a1 :31  b1: 31 bucket_id: 15 local_depth1: 5
jump in
a1 :15  b1: 31 bucket_id: 15 local_depth1: 5
a1 :31  b1: 31 bucket_id: 15 local_depth1: 5
jump in
a1 :15  b1: 31 bucket_id: 15 local_depth1: 5
a1 :31  b1: 31 bucket_id: 15 local_depth1: 5
jump in
a1 :15  b1: 31 bucket_id: 15 local_depth1: 5
101010101010101
111111100000000
getFreeBucket
bucket_id: 31
111111100000000getFreeKvSlot
insert
search
getFreeBucket
bucket_id: 0
111101000011010getFreeKvSlot
insert
search
getFreeBucket
bucket_id: 1
111101000011010getFreeKvSlot
insert
search
getFreeBucket
bucket_id: 2
111000101110001getFreeKvSlot
insert
search
getFreeBucket
bucket_id: 3
111000101110001getFreeKvSlot
insert
search
getFreeBucket
bucket_id: 4
111000101100110getFreeKvSlot
insert
search
getFreeBucket
bucket_id: 5
111000101100110getFreeKvSlot
insert
search
getFreeBucket
bucket_id: 6
110011001100110getFreeKvSlot
insert
search
getFreeBucket
bucket_id: 7
110011001100110getFreeKvSlot
insert
search
getFreeBucket
bucket_id: 8
111010001010101getFreeKvSlot
insert
search
getFreeBucket
bucket_id: 9
111010001010101getFreeKvSlot
insert
search
getFreeBucket
bucket_id: 10
110011001010101getFreeKvSlot
insert
search
getFreeBucket
bucket_id: 11
110011001010101getFreeKvSlot
insert
search
getFreeBucket
bucket_id: 12
110010101010101getFreeKvSlot
insert
search
getFreeBucket
bucket_id: 13
110010101010101getFreeKvSlot
insert
search
getFreeBucket
bucket_id: 14
101010101010101getFreeKvSlot
insert
search
getFreeBucket
bucket_id: 15
101010101010101getFreeKvSlot
insert
search
getFreeBucket
bucket_id: 16
111111110000000getFreeKvSlot
insert
search
getFreeBucket
bucket_id: 17
111111110000000getFreeKvSlot
insert
search
getFreeBucket
bucket_id: 18
111111110000000getFreeKvSlot
insert
search
getFreeBucket
bucket_id: 19
111111110000000getFreeKvSlot
insert
search
getFreeBucket
bucket_id: 20
111111110000000getFreeKvSlot
insert
search
getFreeBucket
bucket_id: 21
111111110000000getFreeKvSlot
insert
search
getFreeBucket
bucket_id: 22
111111110000000getFreeKvSlot
insert
search
getFreeBucket
bucket_id: 23
111111110000000getFreeKvSlot
insert
search
getFreeBucket
bucket_id: 24
111111110000000getFreeKvSlot
insert
search
getFreeBucket
bucket_id: 25
111111110000000getFreeKvSlot
insert
search
getFreeBucket
bucket_id: 26
111111110000000getFreeKvSlot
insert
search
getFreeBucket
bucket_id: 27
111111110000000getFreeKvSlot
insert
search
getFreeBucket
bucket_id: 28
111111110000000getFreeKvSlot
insert
search
getFreeBucket
bucket_id: 29
111111110000000getFreeKvSlot
insert
search
getFreeBucket
bucket_id: 30
111111110000000getFreeKvSlot
insert
search
getFreeBucket
bucket_id: 31
111111110000000getFreeKvSlot
insert
search
getFreeBucket
bucket_id: 0
111111000011010getFreeKvSlot
insert
search
getFreeBucket
bucket_id: 1
111111000011010getFreeKvSlot
insert
search
getFreeBucket
bucket_id: 2
111100101110001getFreeKvSlot
insert
search
getFreeBucket
bucket_id: 3
111100101110001getFreeKvSlot
insert
search
getFreeBucket
bucket_id: 4
111100101100110getFreeKvSlot
insert
search
getFreeBucket
bucket_id: 5
111100101100110getFreeKvSlot
insert
search
getFreeBucket
bucket_id: 6
111011001100110getFreeKvSlot
insert
search
getFreeBucket
bucket_id: 7
111011001100110getFreeKvSlot
insert
search
getFreeBucket
bucket_id: 8
111110001010101getFreeKvSlot
insert
search
getFreeBucket
bucket_id: 9
111110001010101getFreeKvSlot
insert
search
getFreeBucket
bucket_id: 10
111011001010101getFreeKvSlot
insert
search
getFreeBucket
bucket_id: 11
111011001010101getFreeKvSlot
insert
search
getFreeBucket
bucket_id: 12
111010101010101getFreeKvSlot
insert
search
getFreeBucket
bucket_id: 13
111010101010101getFreeKvSlot
insert
search
getFreeBucket
bucket_id: 14
111010101010101getFreeKvSlot
insert
search
getFreeBucket
bucket_id: 15
111010101010101getFreeKvSlot
insert
search
getFreeBucket
bucket_id: 16
111111111000000getFreeKvSlot
insert
search
getFreeBucket
bucket_id: 17
111111111000000getFreeKvSlot
insert
search
getFreeBucket
bucket_id: 18
111111111000000getFreeKvSlot
insert
search
getFreeBucket
bucket_id: 19
111111111000000getFreeKvSlot
insert
search
getFreeBucket
bucket_id: 20
111111111000000getFreeKvSlot
insert
search
getFreeBucket
bucket_id: 21
111111111000000getFreeKvSlot
insert
search
getFreeBucket
bucket_id: 22
111111111000000getFreeKvSlot
insert
search
getFreeBucket
bucket_id: 23
111111111000000getFreeKvSlot
insert
search
getFreeBucket
bucket_id: 24
111111111000000getFreeKvSlot
insert
search
getFreeBucket
bucket_id: 25
111111111000000getFreeKvSlot
insert
search
getFreeBucket
bucket_id: 26
111111111000000getFreeKvSlot
insert
search
getFreeBucket
bucket_id: 27
111111111000000getFreeKvSlot
insert
search
getFreeBucket
bucket_id: 28
111111111000000getFreeKvSlot
insert
search
getFreeBucket
bucket_id: 29
111111111000000getFreeKvSlot
insert
search
getFreeBucket
bucket_id: 30
111111111000000getFreeKvSlot
insert
search
getFreeBucket
bucket_id: 31
111111111000000getFreeKvSlot
insert
search
getFreeBucket
bucket_id: 0
111111100011010getFreeKvSlot
insert
search
getFreeBucket
bucket_id: 1
111111100011010getFreeKvSlot
insert
search
getFreeBucket
bucket_id: 2
111110101110001getFreeKvSlot
insert
search
getFreeBucket
bucket_id: 3
111110101110001getFreeKvSlot
insert
search
getFreeBucket
bucket_id: 4
111110101100110getFreeKvSlot
insert
search
getFreeBucket
bucket_id: 5
111110101100110getFreeKvSlot
insert
search
getFreeBucket
bucket_id: 6
111111001100110getFreeKvSlot
insert
search
getFreeBucket
bucket_id: 7
111111001100110getFreeKvSlot
insert
search
getFreeBucket
bucket_id: 8
111111001010101getFreeKvSlot
insert
search
getFreeBucket
bucket_id: 9
111111001010101getFreeKvSlot
insert
search
getFreeBucket
bucket_id: 10
111111001010101getFreeKvSlot
insert
search
getFreeBucket
bucket_id: 11
111111001010101getFreeKvSlot
insert
search
getFreeBucket
bucket_id: 12
111110101010101getFreeKvSlot
insert
search
getFreeBucket
bucket_id: 13
111110101010101getFreeKvSlot
insert
search
getFreeBucket
bucket_id: 14
111110101010101getFreeKvSlot
insert
search
getFreeBucket
bucket_id: 15
111110101010101getFreeKvSlot
insert
search
getFreeBucket
bucket_id: 16
111111111100000getFreeKvSlot
insert
search
getFreeBucket
bucket_id: 17
111111111100000getFreeKvSlot
insert
search
getFreeBucket
bucket_id: 18
111111111100000getFreeKvSlot
insert
search
getFreeBucket
bucket_id: 19
111111111100000getFreeKvSlot
insert
search
getFreeBucket
bucket_id: 20
111111111100000getFreeKvSlot
insert
search
getFreeBucket
bucket_id: 21
111111111100000getFreeKvSlot
insert
search
getFreeBucket
bucket_id: 22
111111111100000getFreeKvSlot
insert
search
getFreeBucket
bucket_id: 23
111111111100000getFreeKvSlot
insert
search
getFreeBucket
bucket_id: 24
111111111100000getFreeKvSlot
insert
search
getFreeBucket
bucket_id: 25
111111111100000getFreeKvSlot
insert
search
getFreeBucket
bucket_id: 26
111111111100000getFreeKvSlot
insert
search
getFreeBucket
bucket_id: 27
111111111100000getFreeKvSlot
insert
search
getFreeBucket
bucket_id: 28
111111111100000getFreeKvSlot
insert
search
getFreeBucket
bucket_id: 29
111111111100000getFreeKvSlot
insert
search
getFreeBucket
bucket_id: 30
111111111100000getFreeKvSlot
insert
search
getFreeBucket
bucket_id: 31
111111111100000getFreeKvSlot
insert
search
getFreeBucket
bucket_id: 0
111111110011010getFreeKvSlot
insert
search
getFreeBucket
bucket_id: 1
111111110011010getFreeKvSlot
insert
search
getFreeBucket
bucket_id: 2
111111101110001getFreeKvSlot
insert
search
getFreeBucket
bucket_id: 3
111111101110001getFreeKvSlot
insert
search
getFreeBucket
bucket_id: 4
111111101100110getFreeKvSlot
insert
search
getFreeBucket
bucket_id: 5
111111101100110getFreeKvSlot
insert
search
getFreeBucket
bucket_id: 6
111111101100110getFreeKvSlot
insert
search
getFreeBucket
bucket_id: 7
111111101100110getFreeKvSlot
insert
search
getFreeBucket
bucket_id: 8
111111101010101getFreeKvSlot
insert
search
getFreeBucket
bucket_id: 9
111111101010101getFreeKvSlot
insert
search
getFreeBucket
bucket_id: 10
111111101010101getFreeKvSlot
insert
search
getFreeBucket
bucket_id: 11
111111101010101getFreeKvSlot
insert
search
getFreeBucket
bucket_id: 12
111111101010101getFreeKvSlot
insert
search
getFreeBucket
bucket_id: 13
111111101010101getFreeKvSlot
insert
search
getFreeBucket
bucket_id: 14
111111101010101getFreeKvSlot
insert
search
getFreeBucket
bucket_id: 15
111111101010101getFreeKvSlot
insert
search
getFreeBucket
bucket_id: 16
111111111110000getFreeKvSlot
insert
search
getFreeBucket
bucket_id: 17
111111111110000getFreeKvSlot
insert
search
getFreeBucket
bucket_id: 18
111111111110000getFreeKvSlot
insert
search
getFreeBucket
bucket_id: 19
111111111110000getFreeKvSlot
insert
search
getFreeBucket
bucket_id: 20
111111111110000getFreeKvSlot
insert
search
getFreeBucket
bucket_id: 21
111111111110000getFreeKvSlot
insert
search
getFreeBucket
bucket_id: 22
111111111110000getFreeKvSlot
insert
search
getFreeBucket
bucket_id: 23
111111111110000getFreeKvSlot
insert
search
getFreeBucket
bucket_id: 24
111111111110000getFreeKvSlot
insert
search
getFreeBucket
bucket_id: 25
111111111110000getFreeKvSlot
insert
search
getFreeBucket
bucket_id: 26
111111111110000getFreeKvSlot
insert
search
getFreeBucket
bucket_id: 27
111111111110000getFreeKvSlot
insert
search
getFreeBucket
bucket_id: 28
111111111110000getFreeKvSlot
insert
search
getFreeBucket
bucket_id: 29
111111111110000getFreeKvSlot
insert
search
getFreeBucket
bucket_id: 30
111111111110000getFreeKvSlot
insert
search
getFreeBucket
bucket_id: 31
111111111110000getFreeKvSlot
insert
search
getFreeBucket
bucket_id: 0
111111111011010getFreeKvSlot
insert
search
getFreeBucket
bucket_id: 1
111111111011010getFreeKvSlot
insert
search
getFreeBucket
bucket_id: 2
111111111110001getFreeKvSlot
insert
search
getFreeBucket
bucket_id: 3
111111111110001getFreeKvSlot
insert
search
getFreeBucket
bucket_id: 4
111111111100110getFreeKvSlot
insert
search
getFreeBucket
bucket_id: 5
111111111100110getFreeKvSlot
insert
search
getFreeBucket
bucket_id: 6
111111111100110getFreeKvSlot
insert
search
getFreeBucket
bucket_id: 7
111111111100110getFreeKvSlot
insert
search
getFreeBucket
bucket_id: 8
111111111010101getFreeKvSlot
insert
search
getFreeBucket
bucket_id: 9
111111111010101getFreeKvSlot
insert
search
getFreeBucket
bucket_id: 10
111111111010101getFreeKvSlot
insert
search
getFreeBucket
bucket_id: 11
111111111010101getFreeKvSlot
insert
search
getFreeBucket
bucket_id: 12
111111111010101getFreeKvSlot
insert
search
getFreeBucket
bucket_id: 13
111111111010101getFreeKvSlot
insert
search
getFreeBucket
bucket_id: 14
111111111010101getFreeKvSlot
insert
search
getFreeBucket
bucket_id: 15
111111111010101getFreeKvSlot
insert
search
getFreeBucket
bucket_id: 16
111111111111000getFreeKvSlot
insert
search
getFreeBucket
bucket_id: 17
111111111111000getFreeKvSlot
insert
search
getFreeBucket
bucket_id: 18
111111111111000getFreeKvSlot
insert
search
getFreeBucket
bucket_id: 19
111111111111000getFreeKvSlot
insert
search
getFreeBucket
bucket_id: 20
111111111111000getFreeKvSlot
insert
search
getFreeBucket
bucket_id: 21
111111111111000getFreeKvSlot
insert
search
getFreeBucket
bucket_id: 22
111111111111000getFreeKvSlot
insert
search
getFreeBucket
bucket_id: 23
111111111111000getFreeKvSlot
insert
search
getFreeBucket
bucket_id: 24
111111111111000getFreeKvSlot
insert
search
getFreeBucket
bucket_id: 25
111111111111000getFreeKvSlot
insert
search
getFreeBucket
bucket_id: 26
111111111111000getFreeKvSlot
insert
search
getFreeBucket
bucket_id: 27
111111111111000getFreeKvSlot
insert
search
getFreeBucket
bucket_id: 28
111111111111000getFreeKvSlot
insert
search
getFreeBucket
bucket_id: 29
111111111111000getFreeKvSlot
insert
search
getFreeBucket
bucket_id: 30
111111111111000getFreeKvSlot
insert
search
getFreeBucket
bucket_id: 31
111111111111000getFreeKvSlot
insert
search
getFreeBucket
bucket_id: 0
111111111111010getFreeKvSlot
insert
search
getFreeBucket
bucket_id: 1
111111111111010getFreeKvSlot
insert
search
getFreeBucket
bucket_id: 2
111111111111001getFreeKvSlot
insert
search
getFreeBucket
bucket_id: 3
111111111111001getFreeKvSlot
insert
search
getFreeBucket
bucket_id: 4
111111111110110getFreeKvSlot
insert
search
getFreeBucket
bucket_id: 5
111111111110110getFreeKvSlot
insert
search
getFreeBucket
bucket_id: 6
111111111110110getFreeKvSlot
insert
search
getFreeBucket
bucket_id: 7
111111111110110getFreeKvSlot
insert
search
getFreeBucket
bucket_id: 8
111111111110101getFreeKvSlot
insert
search
getFreeBucket
bucket_id: 9
111111111110101getFreeKvSlot
insert
search
getFreeBucket
bucket_id: 10
111111111110101getFreeKvSlot
insert
search
getFreeBucket
bucket_id: 11
111111111110101getFreeKvSlot
insert
search
getFreeBucket
bucket_id: 12
111111111110101getFreeKvSlot
insert
search
getFreeBucket
bucket_id: 13
111111111110101getFreeKvSlot
insert
search
getFreeBucket
bucket_id: 14
111111111110101getFreeKvSlot
insert
search
getFreeBucket
bucket_id: 15
111111111110101getFreeKvSlot
insert
search
getFreeBucket
bucket_id: 16
111111111111100getFreeKvSlot
insert
search
getFreeBucket
bucket_id: 17
111111111111100getFreeKvSlot
insert
search
getFreeBucket
bucket_id: 18
111111111111100getFreeKvSlot
insert
search
getFreeBucket
bucket_id: 19
111111111111100getFreeKvSlot
insert
search
getFreeBucket
bucket_id: 20
111111111111100getFreeKvSlot
insert
search
getFreeBucket
bucket_id: 21
111111111111100getFreeKvSlot
insert
search
getFreeBucket
bucket_id: 22
111111111111100getFreeKvSlot
insert
search
getFreeBucket
bucket_id: 23
111111111111100getFreeKvSlot
insert
search
getFreeBucket
bucket_id: 24
111111111111100getFreeKvSlot
insert
search
getFreeBucket
bucket_id: 25
111111111111100getFreeKvSlot
insert
search
getFreeBucket
bucket_id: 26
111111111111100getFreeKvSlot
insert
search
getFreeBucket
bucket_id: 27
111111111111100getFreeKvSlot
insert
search
getFreeBucket
bucket_id: 28
111111111111100getFreeKvSlot
insert
search
getFreeBucket
bucket_id: 29
111111111111100getFreeKvSlot
insert
search
getFreeBucket
bucket_id: 30
111111111111100getFreeKvSlot
insert
search
getFreeBucket
bucket_id: 31
111111111111100getFreeKvSlot
insert
search
getFreeBucket
bucket_id: 0
111111111111110getFreeKvSlot
insert
search
getFreeBucket
bucket_id: 1
111111111111110getFreeKvSlot
insert
search
getFreeBucket
bucket_id: 2
111111111111101getFreeKvSlot
insert
search
getFreeBucket
bucket_id: 3
111111111111101getFreeKvSlot
insert
search
getFreeBucket
bucket_id: 4
111111111111110getFreeKvSlot
insert
search
getFreeBucket
bucket_id: 5
111111111111110getFreeKvSlot
insert
search
getFreeBucket
bucket_id: 6
111111111111110getFreeKvSlot
insert
search
getFreeBucket
bucket_id: 7
111111111111110getFreeKvSlot
insert
search
getFreeBucket
bucket_id: 8
111111111111101getFreeKvSlot
insert
search
getFreeBucket
bucket_id: 9
111111111111101getFreeKvSlot
insert
search
getFreeBucket
bucket_id: 10
111111111111101getFreeKvSlot
insert
search
getFreeBucket
bucket_id: 11
111111111111101getFreeKvSlot
insert
search
getFreeBucket
bucket_id: 12
111111111111101getFreeKvSlot
insert
search
getFreeBucket
bucket_id: 13
111111111111101getFreeKvSlot
insert
search
getFreeBucket
bucket_id: 14
111111111111101getFreeKvSlot
insert
search
getFreeBucket
bucket_id: 15
111111111111101getFreeKvSlot
insert
search
getFreeBucket
bucket_id: 16
111111111111110getFreeKvSlot
insert
search
getFreeBucket
bucket_id: 17
111111111111110getFreeKvSlot
insert
search
getFreeBucket
bucket_id: 18
111111111111110getFreeKvSlot
insert
search
getFreeBucket
bucket_id: 19
111111111111110getFreeKvSlot
insert
search
getFreeBucket
bucket_id: 20
111111111111110getFreeKvSlot
insert
search
getFreeBucket
bucket_id: 21
111111111111110getFreeKvSlot
insert
search
getFreeBucket
bucket_id: 22
111111111111110getFreeKvSlot
insert
search
getFreeBucket
bucket_id: 23
111111111111110getFreeKvSlot
insert
search
getFreeBucket
bucket_id: 24
111111111111110getFreeKvSlot
insert
search
getFreeBucket
bucket_id: 25
111111111111110getFreeKvSlot
insert
search
getFreeBucket
bucket_id: 26
111111111111110getFreeKvSlot
insert
search
getFreeBucket
bucket_id: 27
111111111111110getFreeKvSlot
insert
search
getFreeBucket
bucket_id: 28
111111111111110getFreeKvSlot
insert
search
getFreeBucket
bucket_id: 29
111111111111110getFreeKvSlot
insert
search
getFreeBucket
bucket_id: 30
111111111111110getFreeKvSlot
insert
search
getFreeBucket
bucket_id: 31
111111111111110getFreeKvSlot
insert
search
getFreeBucket
bucket_id: 0
111111111111111splitBucket
local_depth1: 5
extendCatalog
extendCatalog bp1
extendCatalog bp2
extendCatalog bp3
extendCatalog bp4
getFreeSlot
getNewBucket
allocNewPage
2564104
newbucket: 000000000000000
111111111111111
000000000000000
a1 :0  b1: 32 bucket_id: 0 local_depth1: 6
a1 :32  b1: 32 bucket_id: 0 local_depth1: 6
jump in
a1 :0  b1: 32 bucket_id: 0 local_depth1: 6
a1 :0  b1: 32 bucket_id: 0 local_depth1: 6
a1 :0  b1: 32 bucket_id: 0 local_depth1: 6
a1 :32  b1: 32 bucket_id: 0 local_depth1: 6
jump in
a1 :32  b1: 32 bucket_id: 0 local_depth1: 6
jump in
a1 :0  b1: 32 bucket_id: 0 local_depth1: 6
a1 :32  b1: 32 bucket_id: 0 local_depth1: 6
jump in
a1 :0  b1: 32 bucket_id: 0 local_depth1: 6
a1 :32  b1: 32 bucket_id: 0 local_depth1: 6
jump in
a1 :0  b1: 32 bucket_id: 0 local_depth1: 6
a1 :32  b1: 32 bucket_id: 0 local_depth1: 6
jump in
a1 :32  b1: 32 bucket_id: 0 local_depth1: 6
jump in
a1 :0  b1: 32 bucket_id: 0 local_depth1: 6
101110010101001
111111100000000
getFreeBucket
bucket_id: 32
111111100000000getFreeKvSlot
insert
search
getFreeBucket
bucket_id: 33
111111111111111splitBucket
local_depth1: 5
getFreeSlot
getNewBucket
newbucket: 000000000000000
111111111111111
000000000000000
a1 :1  b1: 33 bucket_id: 1 local_depth1: 6
a1 :33  b1: 33 bucket_id: 1 local_depth1: 6
jump in
a1 :1  b1: 33 bucket_id: 1 local_depth1: 6
a1 :1  b1: 33 bucket_id: 1 local_depth1: 6
a1 :1  b1: 33 bucket_id: 1 local_depth1: 6
a1 :33  b1: 33 bucket_id: 1 local_depth1: 6
jump in
a1 :33  b1: 33 bucket_id: 1 local_depth1: 6
jump in
a1 :1  b1: 33 bucket_id: 1 local_depth1: 6
a1 :33  b1: 33 bucket_id: 1 local_depth1: 6
jump in
a1 :1  b1: 33 bucket_id: 1 local_depth1: 6
a1 :33  b1: 33 bucket_id: 1 local_depth1: 6
jump in
a1 :1  b1: 33 bucket_id: 1 local_depth1: 6
a1 :33  b1: 33 bucket_id: 1 local_depth1: 6
jump in
a1 :33  b1: 33 bucket_id: 1 local_depth1: 6
jump in
a1 :1  b1: 33 bucket_id: 1 local_depth1: 6
101110010101001
111111100000000
getFreeBucket
bucket_id: 33
111111100000000getFreeKvSlot
insert
search
getFreeBucket
bucket_id: 34
111111111111111splitBucket
local_depth1: 5
getFreeSlot
getNewBucket
newbucket: 000000000000000
111111111111111
000000000000000
a1 :2  b1: 34 bucket_id: 2 local_depth1: 6
a1 :2  b1: 34 bucket_id: 2 local_depth1: 6
a1 :2  b1: 34 bucket_id: 2 local_depth1: 6
a1 :2  b1: 34 bucket_id: 2 local_depth1: 6
a1 :34  b1: 34 bucket_id: 2 local_depth1: 6
jump in
a1 :2  b1: 34 bucket_id: 2 local_depth1: 6
a1 :34  b1: 34 bucket_id: 2 local_depth1: 6
jump in
a1 :34  b1: 34 bucket_id: 2 local_depth1: 6
jump in
a1 :34  b1: 34 bucket_id: 2 local_depth1: 6
jump in
a1 :34  b1: 34 bucket_id: 2 local_depth1: 6
jump in
a1 :2  b1: 34 bucket_id: 2 local_depth1: 6
a1 :2  b1: 34 bucket_id: 2 local_depth1: 6
a1 :34  b1: 34 bucket_id: 2 local_depth1: 6
jump in
a1 :2  b1: 34 bucket_id: 2 local_depth1: 6
a1 :34  b1: 34 bucket_id: 2 local_depth1: 6
jump in
111101000011010
111111100000000
getFreeBucket
bucket_id: 34
111111100000000getFreeKvSlot
insert
search
getFreeBucket
bucket_id: 35
111111111111111splitBucket
local_depth1: 5
getFreeSlot
getNewBucket
newbucket: 000000000000000
111111111111111
000000000000000
a1 :3  b1: 35 bucket_id: 3 local_depth1: 6
a1 :3  b1: 35 bucket_id: 3 local_depth1: 6
a1 :3  b1: 35 bucket_id: 3 local_depth1: 6
a1 :3  b1: 35 bucket_id: 3 local_depth1: 6
a1 :35  b1: 35 bucket_id: 3 local_depth1: 6
jump in
a1 :3  b1: 35 bucket_id: 3 local_depth1: 6
a1 :35  b1: 35 bucket_id: 3 local_depth1: 6
jump in
a1 :35  b1: 35 bucket_id: 3 local_depth1: 6
jump in
a1 :35  b1: 35 bucket_id: 3 local_depth1: 6
jump in
a1 :35  b1: 35 bucket_id: 3 local_depth1: 6
jump in
a1 :3  b1: 35 bucket_id: 3 local_depth1: 6
a1 :3  b1: 35 bucket_id: 3 local_depth1: 6
a1 :35  b1: 35 bucket_id: 3 local_depth1: 6
jump in
a1 :3  b1: 35 bucket_id: 3 local_depth1: 6
a1 :35  b1: 35 bucket_id: 3 local_depth1: 6
jump in
111101000011010
111111100000000
getFreeBucket
bucket_id: 35
111111100000000getFreeKvSlot
insert
search
getFreeBucket
bucket_id: 36
111111111111111splitBucket
local_depth1: 5
getFreeSlot
getNewBucket
newbucket: 000000000000000
111111111111111
000000000000000
a1 :4  b1: 36 bucket_id: 4 local_depth1: 6
a1 :36  b1: 36 bucket_id: 4 local_depth1: 6
jump in
a1 :4  b1: 36 bucket_id: 4 local_depth1: 6
a1 :4  b1: 36 bucket_id: 4 local_depth1: 6
a1 :36  b1: 36 bucket_id: 4 local_depth1: 6
jump in
a1 :4  b1: 36 bucket_id: 4 local_depth1: 6
a1 :36  b1: 36 bucket_id: 4 local_depth1: 6
jump in
a1 :36  b1: 36 bucket_id: 4 local_depth1: 6
jump in
a1 :4  b1: 36 bucket_id: 4 local_depth1: 6
a1 :4  b1: 36 bucket_id: 4 local_depth1: 6
a1 :4  b1: 36 bucket_id: 4 local_depth1: 6
a1 :36  b1: 36 bucket_id: 4 local_depth1: 6
jump in
a1 :36  b1: 36 bucket_id: 4 local_depth1: 6
jump in
a1 :36  b1: 36 bucket_id: 4 local_depth1: 6
jump in
a1 :4  b1: 36 bucket_id: 4 local_depth1: 6
101101001110001
111111100000000
getFreeBucket
bucket_id: 36
111111100000000getFreeKvSlot
insert
search
getFreeBucket
bucket_id: 37
111111111111111splitBucket
local_depth1: 5
getFreeSlot
getNewBucket
newbucket: 000000000000000
111111111111111
000000000000000
a1 :5  b1: 37 bucket_id: 5 local_depth1: 6
a1 :37  b1: 37 bucket_id: 5 local_depth1: 6
jump in
a1 :5  b1: 37 bucket_id: 5 local_depth1: 6
a1 :5  b1: 37 bucket_id: 5 local_depth1: 6
a1 :37  b1: 37 bucket_id: 5 local_depth1: 6
jump in
a1 :5  b1: 37 bucket_id: 5 local_depth1: 6
a1 :37  b1: 37 bucket_id: 5 local_depth1: 6
jump in
a1 :37  b1: 37 bucket_id: 5 local_depth1: 6
jump in
a1 :5  b1: 37 bucket_id: 5 local_depth1: 6
a1 :5  b1: 37 bucket_id: 5 local_depth1: 6
a1 :5  b1: 37 bucket_id: 5 local_depth1: 6
a1 :37  b1: 37 bucket_id: 5 local_depth1: 6
jump in
a1 :37  b1: 37 bucket_id: 5 local_depth1: 6
jump in
a1 :37  b1: 37 bucket_id: 5 local_depth1: 6
jump in
a1 :5  b1: 37 bucket_id: 5 local_depth1: 6
101101001110001
111111100000000
getFreeBucket
bucket_id: 37
111111100000000getFreeKvSlot
insert
search
getFreeBucket
bucket_id: 38
111111111111111splitBucket
local_depth1: 5
getFreeSlot
getNewBucket
newbucket: 000000000000000
111111111111111
000000000000000
a1 :6  b1: 38 bucket_id: 6 local_depth1: 6
a1 :6  b1: 38 bucket_id: 6 local_depth1: 6
a1 :6  b1: 38 bucket_id: 6 local_depth1: 6
a1 :38  b1: 38 bucket_id: 6 local_depth1: 6
jump in
a1 :38  b1: 38 bucket_id: 6 local_depth1: 6
jump in
a1 :38  b1: 38 bucket_id: 6 local_depth1: 6
jump in
a1 :6  b1: 38 bucket_id: 6 local_depth1: 6
a1 :38  b1: 38 bucket_id: 6 local_depth1: 6
jump in
a1 :6  b1: 38 bucket_id: 6 local_depth1: 6
a1 :6  b1: 38 bucket_id: 6 local_depth1: 6
a1 :6  b1: 38 bucket_id: 6 local_depth1: 6
a1 :38  b1: 38 bucket_id: 6 local_depth1: 6
jump in
a1 :38  b1: 38 bucket_id: 6 local_depth1: 6
jump in
a1 :38  b1: 38 bucket_id: 6 local_depth1: 6
jump in
a1 :6  b1: 38 bucket_id: 6 local_depth1: 6
111000101110001
111111100000000
getFreeBucket
bucket_id: 38
111111100000000getFreeKvSlot
insert
search
getFreeBucket
bucket_id: 39
111111111111111splitBucket
local_depth1: 5
getFreeSlot
getNewBucket
newbucket: 000000000000000
111111111111111
000000000000000
a1 :7  b1: 39 bucket_id: 7 local_depth1: 6
a1 :7  b1: 39 bucket_id: 7 local_depth1: 6
a1 :7  b1: 39 bucket_id: 7 local_depth1: 6
a1 :39  b1: 39 bucket_id: 7 local_depth1: 6
jump in
a1 :39  b1: 39 bucket_id: 7 local_depth1: 6
jump in
a1 :39  b1: 39 bucket_id: 7 local_depth1: 6
jump in
a1 :7  b1: 39 bucket_id: 7 local_depth1: 6
a1 :39  b1: 39 bucket_id: 7 local_depth1: 6
jump in
a1 :7  b1: 39 bucket_id: 7 local_depth1: 6
a1 :7  b1: 39 bucket_id: 7 local_depth1: 6
a1 :7  b1: 39 bucket_id: 7 local_depth1: 6
a1 :39  b1: 39 bucket_id: 7 local_depth1: 6
jump in
a1 :39  b1: 39 bucket_id: 7 local_depth1: 6
jump in
a1 :39  b1: 39 bucket_id: 7 local_depth1: 6
jump in
a1 :7  b1: 39 bucket_id: 7 local_depth1: 6
111000101110001
111111100000000
getFreeBucket
bucket_id: 39
111111100000000getFreeKvSlot
insert
search
getFreeBucket
bucket_id: 40
111111111111111splitBucket
local_depth1: 5
getFreeSlot
getNewBucket
newbucket: 000000000000000
111111111111111
000000000000000
a1 :8  b1: 40 bucket_id: 8 local_depth1: 6
a1 :8  b1: 40 bucket_id: 8 local_depth1: 6
a1 :40  b1: 40 bucket_id: 8 local_depth1: 6
jump in
a1 :8  b1: 40 bucket_id: 8 local_depth1: 6
a1 :40  b1: 40 bucket_id: 8 local_depth1: 6
jump in
a1 :40  b1: 40 bucket_id: 8 local_depth1: 6
jump in
a1 :8  b1: 40 bucket_id: 8 local_depth1: 6
a1 :40  b1: 40 bucket_id: 8 local_depth1: 6
jump in
a1 :8  b1: 40 bucket_id: 8 local_depth1: 6
a1 :8  b1: 40 bucket_id: 8 local_depth1: 6
a1 :40  b1: 40 bucket_id: 8 local_depth1: 6
jump in
a1 :40  b1: 40 bucket_id: 8 local_depth1: 6
jump in
a1 :8  b1: 40 bucket_id: 8 local_depth1: 6
a1 :8  b1: 40 bucket_id: 8 local_depth1: 6
a1 :40  b1: 40 bucket_id: 8 local_depth1: 6
jump in
110100101100110
111111100000000
getFreeBucket
bucket_id: 40
111111100000000getFreeKvSlot
insert
search
getFreeBucket
bucket_id: 41
111111111111111splitBucket
local_depth1: 5
getFreeSlot
getNewBucket
newbucket: 000000000000000
111111111111111
000000000000000
a1 :9  b1: 41 bucket_id: 9 local_depth1: 6
a1 :9  b1: 41 bucket_id: 9 local_depth1: 6
a1 :41  b1: 41 bucket_id: 9 local_depth1: 6
jump in
a1 :9  b1: 41 bucket_id: 9 local_depth1: 6
a1 :41  b1: 41 bucket_id: 9 local_depth1: 6
jump in
a1 :41  b1: 41 bucket_id: 9 local_depth1: 6
jump in
a1 :9  b1: 41 bucket_id: 9 local_depth1: 6
a1 :41  b1: 41 bucket_id: 9 local_depth1: 6
jump in
a1 :9  b1: 41 bucket_id: 9 local_depth1: 6
a1 :9  b1: 41 bucket_id: 9 local_depth1: 6
a1 :41  b1: 41 bucket_id: 9 local_depth1: 6
jump in
a1 :41  b1: 41 bucket_id: 9 local_depth1: 6
jump in
a1 :9  b1: 41 bucket_id: 9 local_depth1: 6
a1 :9  b1: 41 bucket_id: 9 local_depth1: 6
a1 :41  b1: 41 bucket_id: 9 local_depth1: 6
jump in
110100101100110
111111100000000
getFreeBucket
bucket_id: 41
111111100000000getFreeKvSlot
insert
search
getFreeBucket
bucket_id: 42
111111111111111splitBucket
local_depth1: 5
getFreeSlot
getNewBucket
newbucket: 000000000000000
111111111111111
000000000000000
a1 :10  b1: 42 bucket_id: 10 local_depth1: 6
a1 :10  b1: 42 bucket_id: 10 local_depth1: 6
a1 :10  b1: 42 bucket_id: 10 local_depth1: 6
a1 :42  b1: 42 bucket_id: 10 local_depth1: 6
jump in
a1 :42  b1: 42 bucket_id: 10 local_depth1: 6
jump in
a1 :42  b1: 42 bucket_id: 10 local_depth1: 6
jump in
a1 :10  b1: 42 bucket_id: 10 local_depth1: 6
a1 :42  b1: 42 bucket_id: 10 local_depth1: 6
jump in
a1 :10  b1: 42 bucket_id: 10 local_depth1: 6
a1 :10  b1: 42 bucket_id: 10 local_depth1: 6
a1 :42  b1: 42 bucket_id: 10 local_depth1: 6
jump in
a1 :42  b1: 42 bucket_id: 10 local_depth1: 6
jump in
a1 :10  b1: 42 bucket_id: 10 local_depth1: 6
a1 :10  b1: 42 bucket_id: 10 local_depth1: 6
a1 :42  b1: 42 bucket_id: 10 local_depth1: 6
jump in
111000101100110
111111100000000
getFreeBucket
bucket_id: 42
111111100000000getFreeKvSlot
insert
search
getFreeBucket
bucket_id: 43
111111111111111splitBucket
local_depth1: 5
getFreeSlot
getNewBucket
newbucket: 000000000000000
111111111111111
000000000000000
a1 :11  b1: 43 bucket_id: 11 local_depth1: 6
a1 :11  b1: 43 bucket_id: 11 local_depth1: 6
a1 :11  b1: 43 bucket_id: 11 local_depth1: 6
a1 :43  b1: 43 bucket_id: 11 local_depth1: 6
jump in
a1 :43  b1: 43 bucket_id: 11 local_depth1: 6
jump in
a1 :43  b1: 43 bucket_id: 11 local_depth1: 6
jump in
a1 :11  b1: 43 bucket_id: 11 local_depth1: 6
a1 :43  b1: 43 bucket_id: 11 local_depth1: 6
jump in
a1 :11  b1: 43 bucket_id: 11 local_depth1: 6
a1 :11  b1: 43 bucket_id: 11 local_depth1: 6
a1 :43  b1: 43 bucket_id: 11 local_depth1: 6
jump in
a1 :43  b1: 43 bucket_id: 11 local_depth1: 6
jump in
a1 :11  b1: 43 bucket_id: 11 local_depth1: 6
a1 :11  b1: 43 bucket_id: 11 local_depth1: 6
a1 :43  b1: 43 bucket_id: 11 local_depth1: 6
jump in
111000101100110
111111100000000
getFreeBucket
bucket_id: 43
111111100000000getFreeKvSlot
insert
search
getFreeBucket
bucket_id: 44
111111111111111splitBucket
local_depth1: 5
getFreeSlot
getNewBucket
newbucket: 000000000000000
111111111111111
000000000000000
a1 :12  b1: 44 bucket_id: 12 local_depth1: 6
a1 :44  b1: 44 bucket_id: 12 local_depth1: 6
jump in
a1 :12  b1: 44 bucket_id: 12 local_depth1: 6
a1 :44  b1: 44 bucket_id: 12 local_depth1: 6
jump in
a1 :12  b1: 44 bucket_id: 12 local_depth1: 6
a1 :12  b1: 44 bucket_id: 12 local_depth1: 6
a1 :44  b1: 44 bucket_id: 12 local_depth1: 6
jump in
a1 :44  b1: 44 bucket_id: 12 local_depth1: 6
jump in
a1 :12  b1: 44 bucket_id: 12 local_depth1: 6
a1 :12  b1: 44 bucket_id: 12 local_depth1: 6
a1 :44  b1: 44 bucket_id: 12 local_depth1: 6
jump in
a1 :44  b1: 44 bucket_id: 12 local_depth1: 6
jump in
a1 :12  b1: 44 bucket_id: 12 local_depth1: 6
a1 :12  b1: 44 bucket_id: 12 local_depth1: 6
a1 :44  b1: 44 bucket_id: 12 local_depth1: 6
jump in
101011001100110
111111100000000
getFreeBucket
bucket_id: 44
111111100000000getFreeKvSlot
insert
search
getFreeBucket
bucket_id: 45
111111111111111splitBucket
local_depth1: 5
getFreeSlot
getNewBucket
newbucket: 000000000000000
111111111111111
000000000000000
a1 :13  b1: 45 bucket_id: 13 local_depth1: 6
a1 :45  b1: 45 bucket_id: 13 local_depth1: 6
jump in
a1 :13  b1: 45 bucket_id: 13 local_depth1: 6
a1 :45  b1: 45 bucket_id: 13 local_depth1: 6
jump in
a1 :13  b1: 45 bucket_id: 13 local_depth1: 6
a1 :13  b1: 45 bucket_id: 13 local_depth1: 6
a1 :45  b1: 45 bucket_id: 13 local_depth1: 6
jump in
a1 :45  b1: 45 bucket_id: 13 local_depth1: 6
jump in
a1 :13  b1: 45 bucket_id: 13 local_depth1: 6
a1 :13  b1: 45 bucket_id: 13 local_depth1: 6
a1 :45  b1: 45 bucket_id: 13 local_depth1: 6
jump in
a1 :45  b1: 45 bucket_id: 13 local_depth1: 6
jump in
a1 :13  b1: 45 bucket_id: 13 local_depth1: 6
a1 :13  b1: 45 bucket_id: 13 local_depth1: 6
a1 :45  b1: 45 bucket_id: 13 local_depth1: 6
jump in
101011001100110
111111100000000
getFreeBucket
bucket_id: 45
111111100000000getFreeKvSlot
insert
search
getFreeBucket
bucket_id: 46
111111111111111splitBucket
local_depth1: 5
getFreeSlot
getNewBucket
newbucket: 000000000000000
111111111111111
000000000000000
a1 :14  b1: 46 bucket_id: 14 local_depth1: 6
a1 :14  b1: 46 bucket_id: 14 local_depth1: 6
a1 :46  b1: 46 bucket_id: 14 local_depth1: 6
jump in
a1 :46  b1: 46 bucket_id: 14 local_depth1: 6
jump in
a1 :14  b1: 46 bucket_id: 14 local_depth1: 6
a1 :14  b1: 46 bucket_id: 14 local_depth1: 6
a1 :46  b1: 46 bucket_id: 14 local_depth1: 6
jump in
a1 :46  b1: 46 bucket_id: 14 local_depth1: 6
jump in
a1 :14  b1: 46 bucket_id: 14 local_depth1: 6
a1 :14  b1: 46 bucket_id: 14 local_depth1: 6
a1 :46  b1: 46 bucket_id: 14 local_depth1: 6
jump in
a1 :46  b1: 46 bucket_id: 14 local_depth1: 6
jump in
a1 :14  b1: 46 bucket_id: 14 local_depth1: 6
a1 :14  b1: 46 bucket_id: 14 local_depth1: 6
a1 :46  b1: 46 bucket_id: 14 local_depth1: 6
jump in
110011001100110
111111100000000
getFreeBucket
bucket_id: 46
111111100000000getFreeKvSlot
insert
search
getFreeBucket
bucket_id: 47
111111111111111splitBucket
local_depth1: 5
getFreeSlot
getNewBucket
newbucket: 000000000000000
111111111111111
000000000000000
a1 :15  b1: 47 bucket_id: 15 local_depth1: 6
a1 :15  b1: 47 bucket_id: 15 local_depth1: 6
a1 :47  b1: 47 bucket_id: 15 local_depth1: 6
jump in
a1 :47  b1: 47 bucket_id: 15 local_depth1: 6
jump in
a1 :15  b1: 47 bucket_id: 15 local_depth1: 6
a1 :15  b1: 47 bucket_id: 15 local_depth1: 6
a1 :47  b1: 47 bucket_id: 15 local_depth1: 6
jump in
a1 :47  b1: 47 bucket_id: 15 local_depth1: 6
jump in
a1 :15  b1: 47 bucket_id: 15 local_depth1: 6
a1 :15  b1: 47 bucket_id: 15 local_depth1: 6
a1 :47  b1: 47 bucket_id: 15 local_depth1: 6
jump in
a1 :47  b1: 47 bucket_id: 15 local_depth1: 6
jump in
a1 :15  b1: 47 bucket_id: 15 local_depth1: 6
a1 :15  b1: 47 bucket_id: 15 local_depth1: 6
a1 :47  b1: 47 bucket_id: 15 local_depth1: 6
jump in
110011001100110
111111100000000
getFreeBucket
bucket_id: 47
111111100000000getFreeKvSlot
insert
search
getFreeBucket
bucket_id: 48
111111111111111splitBucket
local_depth1: 5
getFreeSlot
getNewBucket
allocNewPage
2564104
newbucket: 000000000000000
111111111111111
000000000000000
a1 :16  b1: 48 bucket_id: 16 local_depth1: 6
a1 :16  b1: 48 bucket_id: 16 local_depth1: 6
a1 :48  b1: 48 bucket_id: 16 local_depth1: 6
jump in
a1 :16  b1: 48 bucket_id: 16 local_depth1: 6
a1 :48  b1: 48 bucket_id: 16 local_depth1: 6
jump in
a1 :16  b1: 48 bucket_id: 16 local_depth1: 6
a1 :48  b1: 48 bucket_id: 16 local_depth1: 6
jump in
a1 :48  b1: 48 bucket_id: 16 local_depth1: 6
jump in
a1 :16  b1: 48 bucket_id: 16 local_depth1: 6
a1 :48  b1: 48 bucket_id: 16 local_depth1: 6
jump in
a1 :16  b1: 48 bucket_id: 16 local_depth1: 6
a1 :48  b1: 48 bucket_id: 16 local_depth1: 6
jump in
a1 :16  b1: 48 bucket_id: 16 local_depth1: 6
a1 :48  b1: 48 bucket_id: 16 local_depth1: 6
jump in
a1 :16  b1: 48 bucket_id: 16 local_depth1: 6
110101001010101
111111100000000
getFreeBucket
bucket_id: 48
111111100000000getFreeKvSlot
insert
search
getFreeBucket
bucket_id: 49
111111111111111splitBucket
local_depth1: 5
getFreeSlot
getNewBucket
newbucket: 000000000000000
111111111111111
000000000000000
a1 :17  b1: 49 bucket_id: 17 local_depth1: 6
a1 :17  b1: 49 bucket_id: 17 local_depth1: 6
a1 :49  b1: 49 bucket_id: 17 local_depth1: 6
jump in
a1 :17  b1: 49 bucket_id: 17 local_depth1: 6
a1 :49  b1: 49 bucket_id: 17 local_depth1: 6
jump in
a1 :17  b1: 49 bucket_id: 17 local_depth1: 6
a1 :49  b1: 49 bucket_id: 17 local_depth1: 6
jump in
a1 :49  b1: 49 bucket_id: 17 local_depth1: 6
jump in
a1 :17  b1: 49 bucket_id: 17 local_depth1: 6
a1 :49  b1: 49 bucket_id: 17 local_depth1: 6
jump in
a1 :17  b1: 49 bucket_id: 17 local_depth1: 6
a1 :49  b1: 49 bucket_id: 17 local_depth1: 6
jump in
a1 :17  b1: 49 bucket_id: 17 local_depth1: 6
a1 :49  b1: 49 bucket_id: 17 local_depth1: 6
jump in
a1 :17  b1: 49 bucket_id: 17 local_depth1: 6
110101001010101
111111100000000
getFreeBucket
bucket_id: 49
111111100000000getFreeKvSlot
insert
search
getFreeBucket
bucket_id: 50
111111111111111splitBucket
local_depth1: 5
getFreeSlot
getNewBucket
newbucket: 000000000000000
111111111111111
000000000000000
a1 :18  b1: 50 bucket_id: 18 local_depth1: 6
a1 :18  b1: 50 bucket_id: 18 local_depth1: 6
a1 :18  b1: 50 bucket_id: 18 local_depth1: 6
a1 :50  b1: 50 bucket_id: 18 local_depth1: 6
jump in
a1 :18  b1: 50 bucket_id: 18 local_depth1: 6
a1 :50  b1: 50 bucket_id: 18 local_depth1: 6
jump in
a1 :50  b1: 50 bucket_id: 18 local_depth1: 6
jump in
a1 :50  b1: 50 bucket_id: 18 local_depth1: 6
jump in
a1 :18  b1: 50 bucket_id: 18 local_depth1: 6
a1 :50  b1: 50 bucket_id: 18 local_depth1: 6
jump in
a1 :18  b1: 50 bucket_id: 18 local_depth1: 6
a1 :50  b1: 50 bucket_id: 18 local_depth1: 6
jump in
a1 :18  b1: 50 bucket_id: 18 local_depth1: 6
a1 :50  b1: 50 bucket_id: 18 local_depth1: 6
jump in
a1 :18  b1: 50 bucket_id: 18 local_depth1: 6
111010001010101
111111100000000
getFreeBucket
bucket_id: 50
111111100000000getFreeKvSlot
insert
search
getFreeBucket
bucket_id: 51
111111111111111splitBucket
local_depth1: 5
getFreeSlot
getNewBucket
newbucket: 000000000000000
111111111111111
000000000000000
a1 :19  b1: 51 bucket_id: 19 local_depth1: 6
a1 :19  b1: 51 bucket_id: 19 local_depth1: 6
a1 :19  b1: 51 bucket_id: 19 local_depth1: 6
a1 :51  b1: 51 bucket_id: 19 local_depth1: 6
jump in
a1 :19  b1: 51 bucket_id: 19 local_depth1: 6
a1 :51  b1: 51 bucket_id: 19 local_depth1: 6
jump in
a1 :51  b1: 51 bucket_id: 19 local_depth1: 6
jump in
a1 :51  b1: 51 bucket_id: 19 local_depth1: 6
jump in
a1 :19  b1: 51 bucket_id: 19 local_depth1: 6
a1 :51  b1: 51 bucket_id: 19 local_depth1: 6
jump in
a1 :19  b1: 51 bucket_id: 19 local_depth1: 6
a1 :51  b1: 51 bucket_id: 19 local_depth1: 6
jump in
a1 :19  b1: 51 bucket_id: 19 local_depth1: 6
a1 :51  b1: 51 bucket_id: 19 local_depth1: 6
jump in
a1 :19  b1: 51 bucket_id: 19 local_depth1: 6
111010001010101
111111100000000
getFreeBucket
bucket_id: 51
111111100000000getFreeKvSlot
insert
search
getFreeBucket
bucket_id: 52
111111111111111splitBucket
local_depth1: 5
getFreeSlot
getNewBucket
newbucket: 000000000000000
111111111111111
000000000000000
a1 :20  b1: 52 bucket_id: 20 local_depth1: 6
a1 :20  b1: 52 bucket_id: 20 local_depth1: 6
a1 :52  b1: 52 bucket_id: 20 local_depth1: 6
jump in
a1 :52  b1: 52 bucket_id: 20 local_depth1: 6
jump in
a1 :20  b1: 52 bucket_id: 20 local_depth1: 6
a1 :20  b1: 52 bucket_id: 20 local_depth1: 6
a1 :52  b1: 52 bucket_id: 20 local_depth1: 6
jump in
a1 :52  b1: 52 bucket_id: 20 local_depth1: 6
jump in
a1 :20  b1: 52 bucket_id: 20 local_depth1: 6
a1 :52  b1: 52 bucket_id: 20 local_depth1: 6
jump in
a1 :20  b1: 52 bucket_id: 20 local_depth1: 6
a1 :52  b1: 52 bucket_id: 20 local_depth1: 6
jump in
a1 :20  b1: 52 bucket_id: 20 local_depth1: 6
a1 :52  b1: 52 bucket_id: 20 local_depth1: 6
jump in
a1 :20  b1: 52 bucket_id: 20 local_depth1: 6
110011001010101
111111100000000
getFreeBucket
bucket_id: 52
111111100000000getFreeKvSlot
insert
search
getFreeBucket
bucket_id: 53
111111111111111splitBucket
local_depth1: 5
getFreeSlot
getNewBucket
newbucket: 000000000000000
111111111111111
000000000000000
a1 :21  b1: 53 bucket_id: 21 local_depth1: 6
a1 :21  b1: 53 bucket_id: 21 local_depth1: 6
a1 :53  b1: 53 bucket_id: 21 local_depth1: 6
jump in
a1 :53  b1: 53 bucket_id: 21 local_depth1: 6
jump in
a1 :21  b1: 53 bucket_id: 21 local_depth1: 6
a1 :21  b1: 53 bucket_id: 21 local_depth1: 6
a1 :53  b1: 53 bucket_id: 21 local_depth1: 6
jump in
a1 :53  b1: 53 bucket_id: 21 local_depth1: 6
jump in
a1 :21  b1: 53 bucket_id: 21 local_depth1: 6
a1 :53  b1: 53 bucket_id: 21 local_depth1: 6
jump in
a1 :21  b1: 53 bucket_id: 21 local_depth1: 6
a1 :53  b1: 53 bucket_id: 21 local_depth1: 6
jump in
a1 :21  b1: 53 bucket_id: 21 local_depth1: 6
a1 :53  b1: 53 bucket_id: 21 local_depth1: 6
jump in
a1 :21  b1: 53 bucket_id: 21 local_depth1: 6
110011001010101
111111100000000
getFreeBucket
bucket_id: 53
111111100000000getFreeKvSlot
insert
search
getFreeBucket
bucket_id: 54
111111111111111splitBucket
local_depth1: 5
getFreeSlot
getNewBucket
newbucket: 000000000000000
111111111111111
000000000000000
a1 :22  b1: 54 bucket_id: 22 local_depth1: 6
a1 :22  b1: 54 bucket_id: 22 local_depth1: 6
a1 :54  b1: 54 bucket_id: 22 local_depth1: 6
jump in
a1 :54  b1: 54 bucket_id: 22 local_depth1: 6
jump in
a1 :22  b1: 54 bucket_id: 22 local_depth1: 6
a1 :22  b1: 54 bucket_id: 22 local_depth1: 6
a1 :54  b1: 54 bucket_id: 22 local_depth1: 6
jump in
a1 :54  b1: 54 bucket_id: 22 local_depth1: 6
jump in
a1 :22  b1: 54 bucket_id: 22 local_depth1: 6
a1 :54  b1: 54 bucket_id: 22 local_depth1: 6
jump in
a1 :22  b1: 54 bucket_id: 22 local_depth1: 6
a1 :54  b1: 54 bucket_id: 22 local_depth1: 6
jump in
a1 :22  b1: 54 bucket_id: 22 local_depth1: 6
a1 :54  b1: 54 bucket_id: 22 local_depth1: 6
jump in
a1 :22  b1: 54 bucket_id: 22 local_depth1: 6
110011001010101
111111100000000
getFreeBucket
bucket_id: 54
111111100000000getFreeKvSlot
insert
search
getFreeBucket
bucket_id: 55
111111111111111splitBucket
local_depth1: 5
getFreeSlot
getNewBucket
newbucket: 000000000000000
111111111111111
000000000000000
a1 :23  b1: 55 bucket_id: 23 local_depth1: 6
a1 :23  b1: 55 bucket_id: 23 local_depth1: 6
a1 :55  b1: 55 bucket_id: 23 local_depth1: 6
jump in
a1 :55  b1: 55 bucket_id: 23 local_depth1: 6
jump in
a1 :23  b1: 55 bucket_id: 23 local_depth1: 6
a1 :23  b1: 55 bucket_id: 23 local_depth1: 6
a1 :55  b1: 55 bucket_id: 23 local_depth1: 6
jump in
a1 :55  b1: 55 bucket_id: 23 local_depth1: 6
jump in
a1 :23  b1: 55 bucket_id: 23 local_depth1: 6
a1 :55  b1: 55 bucket_id: 23 local_depth1: 6
jump in
a1 :23  b1: 55 bucket_id: 23 local_depth1: 6
a1 :55  b1: 55 bucket_id: 23 local_depth1: 6
jump in
a1 :23  b1: 55 bucket_id: 23 local_depth1: 6
a1 :55  b1: 55 bucket_id: 23 local_depth1: 6
jump in
a1 :23  b1: 55 bucket_id: 23 local_depth1: 6
110011001010101
111111100000000
getFreeBucket
bucket_id: 55
111111100000000getFreeKvSlot
insert
search
getFreeBucket
bucket_id: 56
111111111111111splitBucket
local_depth1: 5
getFreeSlot
getNewBucket
newbucket: 000000000000000
111111111111111
000000000000000
a1 :24  b1: 56 bucket_id: 24 local_depth1: 6
a1 :24  b1: 56 bucket_id: 24 local_depth1: 6
a1 :56  b1: 56 bucket_id: 24 local_depth1: 6
jump in
a1 :56  b1: 56 bucket_id: 24 local_depth1: 6
jump in
a1 :24  b1: 56 bucket_id: 24 local_depth1: 6
a1 :56  b1: 56 bucket_id: 24 local_depth1: 6
jump in
a1 :24  b1: 56 bucket_id: 24 local_depth1: 6
a1 :56  b1: 56 bucket_id: 24 local_depth1: 6
jump in
a1 :24  b1: 56 bucket_id: 24 local_depth1: 6
a1 :56  b1: 56 bucket_id: 24 local_depth1: 6
jump in
a1 :24  b1: 56 bucket_id: 24 local_depth1: 6
a1 :56  b1: 56 bucket_id: 24 local_depth1: 6
jump in
a1 :24  b1: 56 bucket_id: 24 local_depth1: 6
a1 :56  b1: 56 bucket_id: 24 local_depth1: 6
jump in
a1 :24  b1: 56 bucket_id: 24 local_depth1: 6
110010101010101
111111100000000
getFreeBucket
bucket_id: 56
111111100000000getFreeKvSlot
insert
search
getFreeBucket
bucket_id: 57
111111111111111splitBucket
local_depth1: 5
getFreeSlot
getNewBucket
newbucket: 000000000000000
111111111111111
000000000000000
a1 :25  b1: 57 bucket_id: 25 local_depth1: 6
a1 :25  b1: 57 bucket_id: 25 local_depth1: 6
a1 :57  b1: 57 bucket_id: 25 local_depth1: 6
jump in
a1 :57  b1: 57 bucket_id: 25 local_depth1: 6
jump in
a1 :25  b1: 57 bucket_id: 25 local_depth1: 6
a1 :57  b1: 57 bucket_id: 25 local_depth1: 6
jump in
a1 :25  b1: 57 bucket_id: 25 local_depth1: 6
a1 :57  b1: 57 bucket_id: 25 local_depth1: 6
jump in
a1 :25  b1: 57 bucket_id: 25 local_depth1: 6
a1 :57  b1: 57 bucket_id: 25 local_depth1: 6
jump in
a1 :25  b1: 57 bucket_id: 25 local_depth1: 6
a1 :57  b1: 57 bucket_id: 25 local_depth1: 6
jump in
a1 :25  b1: 57 bucket_id: 25 local_depth1: 6
a1 :57  b1: 57 bucket_id: 25 local_depth1: 6
jump in
a1 :25  b1: 57 bucket_id: 25 local_depth1: 6
110010101010101
111111100000000
getFreeBucket
bucket_id: 57
111111100000000getFreeKvSlot
insert
search
getFreeBucket
bucket_id: 58
111111111111111splitBucket
local_depth1: 5
getFreeSlot
getNewBucket
newbucket: 000000000000000
111111111111111
000000000000000
a1 :26  b1: 58 bucket_id: 26 local_depth1: 6
a1 :26  b1: 58 bucket_id: 26 local_depth1: 6
a1 :58  b1: 58 bucket_id: 26 local_depth1: 6
jump in
a1 :58  b1: 58 bucket_id: 26 local_depth1: 6
jump in
a1 :26  b1: 58 bucket_id: 26 local_depth1: 6
a1 :58  b1: 58 bucket_id: 26 local_depth1: 6
jump in
a1 :26  b1: 58 bucket_id: 26 local_depth1: 6
a1 :58  b1: 58 bucket_id: 26 local_depth1: 6
jump in
a1 :26  b1: 58 bucket_id: 26 local_depth1: 6
a1 :58  b1: 58 bucket_id: 26 local_depth1: 6
jump in
a1 :26  b1: 58 bucket_id: 26 local_depth1: 6
a1 :58  b1: 58 bucket_id: 26 local_depth1: 6
jump in
a1 :26  b1: 58 bucket_id: 26 local_depth1: 6
a1 :58  b1: 58 bucket_id: 26 local_depth1: 6
jump in
a1 :26  b1: 58 bucket_id: 26 local_depth1: 6
110010101010101
111111100000000
getFreeBucket
bucket_id: 58
111111100000000getFreeKvSlot
insert
search
getFreeBucket
bucket_id: 59
111111111111111splitBucket
local_depth1: 5
getFreeSlot
getNewBucket
newbucket: 000000000000000
111111111111111
000000000000000
a1 :27  b1: 59 bucket_id: 27 local_depth1: 6
a1 :27  b1: 59 bucket_id: 27 local_depth1: 6
a1 :59  b1: 59 bucket_id: 27 local_depth1: 6
jump in
a1 :59  b1: 59 bucket_id: 27 local_depth1: 6
jump in
a1 :27  b1: 59 bucket_id: 27 local_depth1: 6
a1 :59  b1: 59 bucket_id: 27 local_depth1: 6
jump in
a1 :27  b1: 59 bucket_id: 27 local_depth1: 6
a1 :59  b1: 59 bucket_id: 27 local_depth1: 6
jump in
a1 :27  b1: 59 bucket_id: 27 local_depth1: 6
a1 :59  b1: 59 bucket_id: 27 local_depth1: 6
jump in
a1 :27  b1: 59 bucket_id: 27 local_depth1: 6
a1 :59  b1: 59 bucket_id: 27 local_depth1: 6
jump in
a1 :27  b1: 59 bucket_id: 27 local_depth1: 6
a1 :59  b1: 59 bucket_id: 27 local_depth1: 6
jump in
a1 :27  b1: 59 bucket_id: 27 local_depth1: 6
110010101010101
111111100000000
getFreeBucket
bucket_id: 59
111111100000000getFreeKvSlot
insert
search
getFreeBucket
bucket_id: 60
111111111111111splitBucket
local_depth1: 5
getFreeSlot
getNewBucket
newbucket: 000000000000000
111111111111111
000000000000000
a1 :28  b1: 60 bucket_id: 28 local_depth1: 6
a1 :60  b1: 60 bucket_id: 28 local_depth1: 6
jump in
a1 :28  b1: 60 bucket_id: 28 local_depth1: 6
a1 :60  b1: 60 bucket_id: 28 local_depth1: 6
jump in
a1 :28  b1: 60 bucket_id: 28 local_depth1: 6
a1 :60  b1: 60 bucket_id: 28 local_depth1: 6
jump in
a1 :28  b1: 60 bucket_id: 28 local_depth1: 6
a1 :60  b1: 60 bucket_id: 28 local_depth1: 6
jump in
a1 :28  b1: 60 bucket_id: 28 local_depth1: 6
a1 :60  b1: 60 bucket_id: 28 local_depth1: 6
jump in
a1 :28  b1: 60 bucket_id: 28 local_depth1: 6
a1 :60  b1: 60 bucket_id: 28 local_depth1: 6
jump in
a1 :28  b1: 60 bucket_id: 28 local_depth1: 6
a1 :60  b1: 60 bucket_id: 28 local_depth1: 6
jump in
a1 :28  b1: 60 bucket_id: 28 local_depth1: 6
101010101010101
111111100000000
getFreeBucket
bucket_id: 60
111111100000000getFreeKvSlot
insert
search
getFreeBucket
bucket_id: 61
111111111111111splitBucket
local_depth1: 5
getFreeSlot
getNewBucket
newbucket: 000000000000000
111111111111111
000000000000000
a1 :29  b1: 61 bucket_id: 29 local_depth1: 6
a1 :61  b1: 61 bucket_id: 29 local_depth1: 6
jump in
a1 :29  b1: 61 bucket_id: 29 local_depth1: 6
a1 :61  b1: 61 bucket_id: 29 local_depth1: 6
jump in
a1 :29  b1: 61 bucket_id: 29 local_depth1: 6
a1 :61  b1: 61 bucket_id: 29 local_depth1: 6
jump in
a1 :29  b1: 61 bucket_id: 29 local_depth1: 6
a1 :61  b1: 61 bucket_id: 29 local_depth1: 6
jump in
a1 :29  b1: 61 bucket_id: 29 local_depth1: 6
a1 :61  b1: 61 bucket_id: 29 local_depth1: 6
jump in
a1 :29  b1: 61 bucket_id: 29 local_depth1: 6
a1 :61  b1: 61 bucket_id: 29 local_depth1: 6
jump in
a1 :29  b1: 61 bucket_id: 29 local_depth1: 6
a1 :61  b1: 61 bucket_id: 29 local_depth1: 6
jump in
a1 :29  b1: 61 bucket_id: 29 local_depth1: 6
101010101010101
111111100000000
getFreeBucket
bucket_id: 61
111111100000000getFreeKvSlot
insert
search
getFreeBucket
bucket_id: 62
111111111111111splitBucket
local_depth1: 5
getFreeSlot
getNewBucket
newbucket: 000000000000000
111111111111111
000000000000000
a1 :30  b1: 62 bucket_id: 30 local_depth1: 6
a1 :62  b1: 62 bucket_id: 30 local_depth1: 6
jump in
a1 :30  b1: 62 bucket_id: 30 local_depth1: 6
a1 :62  b1: 62 bucket_id: 30 local_depth1: 6
jump in
a1 :30  b1: 62 bucket_id: 30 local_depth1: 6
a1 :62  b1: 62 bucket_id: 30 local_depth1: 6
jump in
a1 :30  b1: 62 bucket_id: 30 local_depth1: 6
a1 :62  b1: 62 bucket_id: 30 local_depth1: 6
jump in
a1 :30  b1: 62 bucket_id: 30 local_depth1: 6
a1 :62  b1: 62 bucket_id: 30 local_depth1: 6
jump in
a1 :30  b1: 62 bucket_id: 30 local_depth1: 6
a1 :62  b1: 62 bucket_id: 30 local_depth1: 6
jump in
a1 :30  b1: 62 bucket_id: 30 local_depth1: 6
a1 :62  b1: 62 bucket_id: 30 local_depth1: 6
jump in
a1 :30  b1: 62 bucket_id: 30 local_depth1: 6
101010101010101
111111100000000
getFreeBucket
bucket_id: 62
111111100000000getFreeKvSlot
insert
search
getFreeBucket
bucket_id: 63
111111111111111splitBucket
local_depth1: 5
getFreeSlot
getNewBucket
newbucket: 000000000000000
111111111111111
000000000000000
a1 :31  b1: 63 bucket_id: 31 local_depth1: 6
a1 :63  b1: 63 bucket_id: 31 local_depth1: 6
jump in
a1 :31  b1: 63 bucket_id: 31 local_depth1: 6
a1 :63  b1: 63 bucket_id: 31 local_depth1: 6
jump in
a1 :31  b1: 63 bucket_id: 31 local_depth1: 6
a1 :63  b1: 63 bucket_id: 31 local_depth1: 6
jump in
a1 :31  b1: 63 bucket_id: 31 local_depth1: 6
a1 :63  b1: 63 bucket_id: 31 local_depth1: 6
jump in
a1 :31  b1: 63 bucket_id: 31 local_depth1: 6
a1 :63  b1: 63 bucket_id: 31 local_depth1: 6
jump in
a1 :31  b1: 63 bucket_id: 31 local_depth1: 6
a1 :63  b1: 63 bucket_id: 31 local_depth1: 6
jump in
a1 :31  b1: 63 bucket_id: 31 local_depth1: 6
a1 :63  b1: 63 bucket_id: 31 local_depth1: 6
jump in
a1 :31  b1: 63 bucket_id: 31 local_depth1: 6
101010101010101
111111100000000
getFreeBucket
bucket_id: 63
111111100000000getFreeKvSlot
insert
search
getFreeBucket
bucket_id: 0
101110010101001getFreeKvSlot
insert
search
getFreeBucket
bucket_id: 1
101110010101001getFreeKvSlot
insert
search
getFreeBucket
bucket_id: 2
111101000011010getFreeKvSlot
insert
search
getFreeBucket
bucket_id: 3
111101000011010getFreeKvSlot
insert
search
getFreeBucket
bucket_id: 4
101101001110001getFreeKvSlot
insert
search
getFreeBucket
bucket_id: 5
101101001110001getFreeKvSlot
insert
search
getFreeBucket
bucket_id: 6
111000101110001getFreeKvSlot
insert
search
getFreeBucket
bucket_id: 7
111000101110001getFreeKvSlot
insert
search
getFreeBucket
bucket_id: 8
110100101100110getFreeKvSlot
insert
search
getFreeBucket
bucket_id: 9
110100101100110getFreeKvSlot
insert
search
getFreeBucket
bucket_id: 10
111000101100110getFreeKvSlot
insert
search
getFreeBucket
bucket_id: 11
111000101100110getFreeKvSlot
insert
search
getFreeBucket
bucket_id: 12
101011001100110getFreeKvSlot
insert
search
getFreeBucket
bucket_id: 13
101011001100110getFreeKvSlot
insert
search
getFreeBucket
bucket_id: 14
110011001100110getFreeKvSlot
insert
search
getFreeBucket
bucket_id: 15
110011001100110getFreeKvSlot
insert
search
getFreeBucket
bucket_id: 16
110101001010101getFreeKvSlot
insert
search
getFreeBucket
bucket_id: 17
110101001010101getFreeKvSlot
insert
search
getFreeBucket
bucket_id: 18
111010001010101getFreeKvSlot
insert
search
getFreeBucket
bucket_id: 19
111010001010101getFreeKvSlot
insert
search
getFreeBucket
bucket_id: 20
110011001010101getFreeKvSlot
insert
search
getFreeBucket
bucket_id: 21
110011001010101getFreeKvSlot
insert
search
getFreeBucket
bucket_id: 22
110011001010101getFreeKvSlot
insert
search
getFreeBucket
bucket_id: 23
110011001010101getFreeKvSlot
insert
search
getFreeBucket
bucket_id: 24
110010101010101getFreeKvSlot
insert
search
getFreeBucket
bucket_id: 25
110010101010101getFreeKvSlot
insert
search
getFreeBucket
bucket_id: 26
110010101010101getFreeKvSlot
insert
search
getFreeBucket
bucket_id: 27
110010101010101getFreeKvSlot
insert
search
getFreeBucket
bucket_id: 28
101010101010101getFreeKvSlot
insert
search
getFreeBucket
bucket_id: 29
101010101010101getFreeKvSlot
insert
search
getFreeBucket
bucket_id: 30
101010101010101getFreeKvSlot
insert
search
getFreeBucket
bucket_id: 31
101010101010101getFreeKvSlot
insert
search
getFreeBucket
bucket_id: 32
111111110000000getFreeKvSlot
insert
search
getFreeBucket
bucket_id: 33
111111110000000getFreeKvSlot
insert
search
getFreeBucket
bucket_id: 34
111111110000000getFreeKvSlot
insert
search
getFreeBucket
bucket_id: 35
111111110000000getFreeKvSlot
insert
search
getFreeBucket
bucket_id: 36
111111110000000getFreeKvSlot
insert
search
getFreeBucket
bucket_id: 37
111111110000000getFreeKvSlot
insert
search
getFreeBucket
bucket_id: 38
111111110000000getFreeKvSlot
insert
search
getFreeBucket
bucket_id: 39
111111110000000getFreeKvSlot
insert
search
getFreeBucket
bucket_id: 40
111111110000000getFreeKvSlot
insert
search
getFreeBucket
bucket_id: 41
111111110000000getFreeKvSlot
insert
search
getFreeBucket
bucket_id: 42
111111110000000getFreeKvSlot
insert
search
getFreeBucket
bucket_id: 43
111111110000000getFreeKvSlot
insert
search
getFreeBucket
bucket_id: 44
111111110000000getFreeKvSlot
insert
search
getFreeBucket
bucket_id: 45
111111110000000getFreeKvSlot
insert
search
getFreeBucket
bucket_id: 46
111111110000000getFreeKvSlot
insert
search
getFreeBucket
bucket_id: 47
111111110000000getFreeKvSlot
insert
search
getFreeBucket
bucket_id: 48
111111110000000getFreeKvSlot
insert
search
getFreeBucket
bucket_id: 49
111111110000000getFreeKvSlot
insert
search
getFreeBucket
bucket_id: 50
111111110000000getFreeKvSlot
insert
search
getFreeBucket
bucket_id: 51
111111110000000getFreeKvSlot
insert
search
getFreeBucket
bucket_id: 52
111111110000000getFreeKvSlot
insert
search
getFreeBucket
bucket_id: 53
111111110000000getFreeKvSlot
insert
search
getFreeBucket
bucket_id: 54
111111110000000getFreeKvSlot
insert
search
getFreeBucket
bucket_id: 55
111111110000000getFreeKvSlot
insert
search
getFreeBucket
bucket_id: 56
111111110000000getFreeKvSlot
insert
search
getFreeBucket
bucket_id: 57
111111110000000getFreeKvSlot
insert
search
getFreeBucket
bucket_id: 58
111111110000000getFreeKvSlot
insert
search
getFreeBucket
bucket_id: 59
111111110000000getFreeKvSlot
insert
search
getFreeBucket
bucket_id: 60
111111110000000getFreeKvSlot
insert
search
getFreeBucket
bucket_id: 61
111111110000000getFreeKvSlot
insert
search
getFreeBucket
bucket_id: 62
111111110000000getFreeKvSlot
insert
search
getFreeBucket
bucket_id: 63
111111110000000getFreeKvSlot
insert
search
getFreeBucket
bucket_id: 0
111110010101001getFreeKvSlot
insert
search
getFreeBucket
bucket_id: 1
111110010101001getFreeKvSlot
insert
search
getFreeBucket
bucket_id: 2
111111000011010getFreeKvSlot
insert
search
getFreeBucket
bucket_id: 3
111111000011010getFreeKvSlot
insert
search
getFreeBucket
bucket_id: 4
111101001110001getFreeKvSlot
insert
search
getFreeBucket
bucket_id: 5
111101001110001getFreeKvSlot
insert
search
getFreeBucket
bucket_id: 6
111100101110001getFreeKvSlot
insert
search
getFreeBucket
bucket_id: 7
111100101110001getFreeKvSlot
insert
search
getFreeBucket
bucket_id: 8
111100101100110getFreeKvSlot
insert
search
getFreeBucket
bucket_id: 9
111100101100110getFreeKvSlot
insert
search
getFreeBucket
bucket_id: 10
111100101100110getFreeKvSlot
insert
search
getFreeBucket
bucket_id: 11
111100101100110getFreeKvSlot
insert
search
getFreeBucket
bucket_id: 12
111011001100110getFreeKvSlot
insert
search
getFreeBucket
bucket_id: 13
111011001100110getFreeKvSlot
insert
search
getFreeBucket
bucket_id: 14
111011001100110getFreeKvSlot
insert
search
getFreeBucket
bucket_id: 15
111011001100110getFreeKvSlot
insert
search
getFreeBucket
bucket_id: 16
111101001010101getFreeKvSlot
insert
search
getFreeBucket
bucket_id: 17
111101001010101getFreeKvSlot
insert
search
getFreeBucket
bucket_id: 18
111110001010101getFreeKvSlot
insert
search
getFreeBucket
bucket_id: 19
111110001010101getFreeKvSlot
insert
search
getFreeBucket
bucket_id: 20
111011001010101getFreeKvSlot
insert
search
getFreeBucket
bucket_id: 21
111011001010101getFreeKvSlot
insert
search
getFreeBucket
bucket_id: 22
111011001010101getFreeKvSlot
insert
search
getFreeBucket
bucket_id: 23
111011001010101getFreeKvSlot
insert
search
getFreeBucket
bucket_id: 24
111010101010101getFreeKvSlot
insert
search
getFreeBucket
bucket_id: 25
111010101010101getFreeKvSlot
insert
search
getFreeBucket
bucket_id: 26
111010101010101getFreeKvSlot
insert
search
getFreeBucket
bucket_id: 27
111010101010101getFreeKvSlot
insert
search
getFreeBucket
bucket_id: 28
111010101010101getFreeKvSlot
insert
search
getFreeBucket
bucket_id: 29
111010101010101getFreeKvSlot
insert
search
getFreeBucket
bucket_id: 30
111010101010101getFreeKvSlot
insert
search
getFreeBucket
bucket_id: 31
111010101010101getFreeKvSlot
insert
search
getFreeBucket
bucket_id: 32
111111111000000getFreeKvSlot
insert
search
getFreeBucket
bucket_id: 33
111111111000000getFreeKvSlot
insert
search
getFreeBucket
bucket_id: 34
111111111000000getFreeKvSlot
insert
search
getFreeBucket
bucket_id: 35
111111111000000getFreeKvSlot
insert
search
getFreeBucket
bucket_id: 36
111111111000000getFreeKvSlot
insert
search
getFreeBucket
bucket_id: 37
111111111000000getFreeKvSlot
insert
search
getFreeBucket
bucket_id: 38
111111111000000getFreeKvSlot
insert
search
getFreeBucket
bucket_id: 39
111111111000000getFreeKvSlot
insert
search
getFreeBucket
bucket_id: 40
111111111000000getFreeKvSlot
insert
search
getFreeBucket
bucket_id: 41
111111111000000getFreeKvSlot
insert
search
getFreeBucket
bucket_id: 42
111111111000000getFreeKvSlot
insert
search
getFreeBucket
bucket_id: 43
111111111000000getFreeKvSlot
insert
search
getFreeBucket
bucket_id: 44
111111111000000getFreeKvSlot
insert
search
getFreeBucket
bucket_id: 45
111111111000000getFreeKvSlot
insert
search
getFreeBucket
bucket_id: 46
111111111000000getFreeKvSlot
insert
search
getFreeBucket
bucket_id: 47
111111111000000getFreeKvSlot
insert
search
getFreeBucket
bucket_id: 48
111111111000000getFreeKvSlot
insert
search
getFreeBucket
bucket_id: 49
111111111000000getFreeKvSlot
insert
search
getFreeBucket
bucket_id: 50
111111111000000getFreeKvSlot
insert
search
getFreeBucket
bucket_id: 51
111111111000000getFreeKvSlot
insert
search
getFreeBucket
bucket_id: 52
111111111000000getFreeKvSlot
insert
search
getFreeBucket
bucket_id: 53
111111111000000getFreeKvSlot
insert
search
getFreeBucket
bucket_id: 54
111111111000000getFreeKvSlot
insert
search
getFreeBucket
bucket_id: 55
111111111000000getFreeKvSlot
insert
search
getFreeBucket
bucket_id: 56
111111111000000getFreeKvSlot
insert
search
getFreeBucket
bucket_id: 57
111111111000000getFreeKvSlot
insert
search
getFreeBucket
bucket_id: 58
111111111000000getFreeKvSlot
insert
search
getFreeBucket
bucket_id: 59
111111111000000getFreeKvSlot
insert
search
getFreeBucket
bucket_id: 60
111111111000000getFreeKvSlot
insert
search
getFreeBucket
bucket_id: 61
111111111000000getFreeKvSlot
insert
search
getFreeBucket
bucket_id: 62
111111111000000getFreeKvSlot
insert
search
getFreeBucket
bucket_id: 63
111111111000000getFreeKvSlot
insert
search
getFreeBucket
bucket_id: 0
111111010101001getFreeKvSlot
insert
search
getFreeBucket
bucket_id: 1
111111010101001getFreeKvSlot
insert
search
getFreeBucket
bucket_id: 2
111111100011010getFreeKvSlot
insert
search
getFreeBucket
bucket_id: 3
111111100011010getFreeKvSlot
insert
search
getFreeBucket
bucket_id: 4
111111001110001getFreeKvSlot
insert
search
getFreeBucket
bucket_id: 5
111111001110001getFreeKvSlot
insert
search
getFreeBucket
bucket_id: 6
111110101110001getFreeKvSlot
insert
search
getFreeBucket
bucket_id: 7
111110101110001getFreeKvSlot
insert
search
getFreeBucket
bucket_id: 8
111110101100110getFreeKvSlot
insert
search
getFreeBucket
bucket_id: 9
111110101100110getFreeKvSlot
insert
search
getFreeBucket
bucket_id: 10
111110101100110getFreeKvSlot
insert
search
getFreeBucket
bucket_id: 11
111110101100110getFreeKvSlot
insert
search
getFreeBucket
bucket_id: 12
111111001100110getFreeKvSlot
insert
search
getFreeBucket
bucket_id: 13
111111001100110getFreeKvSlot
insert
search
getFreeBucket
bucket_id: 14
111111001100110getFreeKvSlot
insert
search
getFreeBucket
bucket_id: 15
111111001100110getFreeKvSlot
insert
search
getFreeBucket
bucket_id: 16
111111001010101getFreeKvSlot
insert
search
getFreeBucket
bucket_id: 17
111111001010101getFreeKvSlot
insert
search
getFreeBucket
bucket_id: 18
111111001010101getFreeKvSlot
insert
search
getFreeBucket
bucket_id: 19
111111001010101getFreeKvSlot
insert
search
getFreeBucket
bucket_id: 20
111111001010101getFreeKvSlot
insert
search
getFreeBucket
bucket_id: 21
111111001010101getFreeKvSlot
insert
search
getFreeBucket
bucket_id: 22
111111001010101getFreeKvSlot
insert
search
getFreeBucket
bucket_id: 23
111111001010101getFreeKvSlot
insert
search
getFreeBucket
bucket_id: 24
111110101010101getFreeKvSlot
insert
search
getFreeBucket
bucket_id: 25
111110101010101getFreeKvSlot
insert
search
getFreeBucket
bucket_id: 26
111110101010101getFreeKvSlot
insert
search
getFreeBucket
bucket_id: 27
111110101010101getFreeKvSlot
insert
search
getFreeBucket
bucket_id: 28
111110101010101getFreeKvSlot
insert
search
getFreeBucket
bucket_id: 29
111110101010101getFreeKvSlot
insert
search
getFreeBucket
bucket_id: 30
111110101010101getFreeKvSlot
insert
search
getFreeBucket
bucket_id: 31
111110101010101getFreeKvSlot
insert
search
getFreeBucket
bucket_id: 32
111111111100000getFreeKvSlot
insert
search
getFreeBucket
bucket_id: 33
111111111100000getFreeKvSlot
insert
search
getFreeBucket
bucket_id: 34
111111111100000getFreeKvSlot
insert
search
getFreeBucket
bucket_id: 35
111111111100000getFreeKvSlot
insert
search
getFreeBucket
bucket_id: 36
111111111100000getFreeKvSlot
insert
search
getFreeBucket
bucket_id: 37
111111111100000getFreeKvSlot
insert
search
getFreeBucket
bucket_id: 38
111111111100000getFreeKvSlot
insert
search
getFreeBucket
bucket_id: 39
111111111100000getFreeKvSlot
insert
search
getFreeBucket
bucket_id: 40
111111111100000getFreeKvSlot
insert
search
getFreeBucket
bucket_id: 41
111111111100000getFreeKvSlot
insert
search
getFreeBucket
bucket_id: 42
111111111100000getFreeKvSlot
insert
search
getFreeBucket
bucket_id: 43
111111111100000getFreeKvSlot
insert
search
getFreeBucket
bucket_id: 44
111111111100000getFreeKvSlot
insert
search
getFreeBucket
bucket_id: 45
111111111100000getFreeKvSlot
insert
search
getFreeBucket
bucket_id: 46
111111111100000getFreeKvSlot
insert
search
getFreeBucket
bucket_id: 47
111111111100000getFreeKvSlot
insert
search
getFreeBucket
bucket_id: 48
111111111100000getFreeKvSlot
insert
search
getFreeBucket
bucket_id: 49
111111111100000getFreeKvSlot
insert
search
getFreeBucket
bucket_id: 50
111111111100000getFreeKvSlot
insert
search
getFreeBucket
bucket_id: 51
111111111100000getFreeKvSlot
insert
search
getFreeBucket
bucket_id: 52
111111111100000getFreeKvSlot
insert
search
getFreeBucket
bucket_id: 53
111111111100000getFreeKvSlot
insert
search
getFreeBucket
bucket_id: 54
111111111100000getFreeKvSlot
insert
search
getFreeBucket
bucket_id: 55
111111111100000getFreeKvSlot
insert
search
getFreeBucket
bucket_id: 56
111111111100000getFreeKvSlot
insert
search
getFreeBucket
bucket_id: 57
111111111100000getFreeKvSlot
insert
search
getFreeBucket
bucket_id: 58
111111111100000getFreeKvSlot
insert
search
getFreeBucket
bucket_id: 59
111111111100000getFreeKvSlot
insert
search
getFreeBucket
bucket_id: 60
111111111100000getFreeKvSlot
insert
search
getFreeBucket
bucket_id: 61
111111111100000getFreeKvSlot
insert
search
getFreeBucket
bucket_id: 62
111111111100000getFreeKvSlot
insert
search
getFreeBucket
bucket_id: 63
111111111100000getFreeKvSlot
insert
search
getFreeBucket
bucket_id: 0
111111110101001getFreeKvSlot
insert
search
getFreeBucket
bucket_id: 1
111111110101001getFreeKvSlot
insert
search
getFreeBucket
bucket_id: 2
111111110011010getFreeKvSlot
insert
search
getFreeBucket
bucket_id: 3
111111110011010getFreeKvSlot
insert
search
getFreeBucket
bucket_id: 4
111111101110001getFreeKvSlot
insert
search
getFreeBucket
bucket_id: 5
111111101110001getFreeKvSlot
insert
search
getFreeBucket
bucket_id: 6
111111101110001getFreeKvSlot
insert
search
getFreeBucket
bucket_id: 7
111111101110001getFreeKvSlot
insert
search
getFreeBucket
bucket_id: 8
111111101100110getFreeKvSlot
insert
search
getFreeBucket
bucket_id: 9
111111101100110getFreeKvSlot
insert
search
getFreeBucket
bucket_id: 10
111111101100110getFreeKvSlot
insert
search
getFreeBucket
bucket_id: 11
111111101100110getFreeKvSlot
insert
search
getFreeBucket
bucket_id: 12
111111101100110getFreeKvSlot
insert
search
getFreeBucket
bucket_id: 13
111111101100110getFreeKvSlot
insert
search
getFreeBucket
bucket_id: 14
111111101100110getFreeKvSlot
insert
search
getFreeBucket
bucket_id: 15
111111101100110getFreeKvSlot
insert
search
getFreeBucket
bucket_id: 16
111111101010101getFreeKvSlot
insert
search
getFreeBucket
bucket_id: 17
111111101010101getFreeKvSlot
insert
search
getFreeBucket
bucket_id: 18
111111101010101getFreeKvSlot
insert
search
getFreeBucket
bucket_id: 19
111111101010101getFreeKvSlot
insert
search
getFreeBucket
bucket_id: 20
111111101010101getFreeKvSlot
insert
search
getFreeBucket
bucket_id: 21
111111101010101getFreeKvSlot
insert
search
getFreeBucket
bucket_id: 22
111111101010101getFreeKvSlot
insert
search
getFreeBucket
bucket_id: 23
111111101010101getFreeKvSlot
insert
search
getFreeBucket
bucket_id: 24
111111101010101getFreeKvSlot
insert
search
getFreeBucket
bucket_id: 25
111111101010101getFreeKvSlot
insert
search
getFreeBucket
bucket_id: 26
111111101010101getFreeKvSlot
insert
search
getFreeBucket
bucket_id: 27
111111101010101getFreeKvSlot
insert
search
getFreeBucket
bucket_id: 28
111111101010101getFreeKvSlot
insert
search
getFreeBucket
bucket_id: 29
111111101010101getFreeKvSlot
insert
search
getFreeBucket
bucket_id: 30
111111101010101getFreeKvSlot
insert
search
getFreeBucket
bucket_id: 31
111111101010101getFreeKvSlot
insert
search
getFreeBucket
bucket_id: 32
111111111110000getFreeKvSlot
insert
search
getFreeBucket
bucket_id: 33
111111111110000getFreeKvSlot
insert
search
getFreeBucket
bucket_id: 34
111111111110000getFreeKvSlot
insert
search
getFreeBucket
bucket_id: 35
111111111110000getFreeKvSlot
insert
search
getFreeBucket
bucket_id: 36
111111111110000getFreeKvSlot
insert
search
getFreeBucket
bucket_id: 37
111111111110000getFreeKvSlot
insert
search
getFreeBucket
bucket_id: 38
111111111110000getFreeKvSlot
insert
search
getFreeBucket
bucket_id: 39
111111111110000getFreeKvSlot
insert
search
getFreeBucket
bucket_id: 40
111111111110000getFreeKvSlot
insert
search
getFreeBucket
bucket_id: 41
111111111110000getFreeKvSlot
insert
search
getFreeBucket
bucket_id: 42
111111111110000getFreeKvSlot
insert
search
getFreeBucket
bucket_id: 43
111111111110000getFreeKvSlot
insert
search
getFreeBucket
bucket_id: 44
111111111110000getFreeKvSlot
insert
search
getFreeBucket
bucket_id: 45
111111111110000getFreeKvSlot
insert
search
getFreeBucket
bucket_id: 46
111111111110000getFreeKvSlot
insert
search
getFreeBucket
bucket_id: 47
111111111110000getFreeKvSlot
insert
search
getFreeBucket
bucket_id: 48
111111111110000getFreeKvSlot
insert
search
getFreeBucket
bucket_id: 49
111111111110000getFreeKvSlot
insert
search
getFreeBucket
bucket_id: 50
111111111110000getFreeKvSlot
insert
search
getFreeBucket
bucket_id: 51
111111111110000getFreeKvSlot
insert
search
getFreeBucket
bucket_id: 52
111111111110000getFreeKvSlot
insert
search
getFreeBucket
bucket_id: 53
111111111110000getFreeKvSlot
insert
search
getFreeBucket
bucket_id: 54
111111111110000getFreeKvSlot
insert
search
getFreeBucket
bucket_id: 55
111111111110000getFreeKvSlot
insert
search
getFreeBucket
bucket_id: 56
111111111110000getFreeKvSlot
insert
search
getFreeBucket
bucket_id: 57
111111111110000getFreeKvSlot
insert
search
getFreeBucket
bucket_id: 58
111111111110000getFreeKvSlot
insert
search
getFreeBucket
bucket_id: 59
111111111110000getFreeKvSlot
insert
search
getFreeBucket
bucket_id: 60
111111111110000getFreeKvSlot
insert
search
getFreeBucket
bucket_id: 61
111111111110000getFreeKvSlot
insert
search
getFreeBucket
bucket_id: 62
111111111110000getFreeKvSlot
insert
search
getFreeBucket
bucket_id: 63
111111111110000getFreeKvSlot
insert
search
getFreeBucket
bucket_id: 0
111111111101001getFreeKvSlot
insert
search
getFreeBucket
bucket_id: 1
111111111101001getFreeKvSlot
insert
search
getFreeBucket
bucket_id: 2
111111111011010getFreeKvSlot
insert
search
getFreeBucket
bucket_id: 3
111111111011010getFreeKvSlot
insert
search
getFreeBucket
bucket_id: 4
111111111110001getFreeKvSlot
insert
search
getFreeBucket
bucket_id: 5
111111111110001getFreeKvSlot
insert
search
getFreeBucket
bucket_id: 6
111111111110001getFreeKvSlot
insert
search
getFreeBucket
bucket_id: 7
111111111110001getFreeKvSlot
insert
search
getFreeBucket
bucket_id: 8
111111111100110getFreeKvSlot
insert
search
getFreeBucket
bucket_id: 9
111111111100110getFreeKvSlot
insert
search
getFreeBucket
bucket_id: 10
111111111100110getFreeKvSlot
insert
search
getFreeBucket
bucket_id: 11
111111111100110getFreeKvSlot
insert
search
getFreeBucket
bucket_id: 12
111111111100110getFreeKvSlot
insert
search
getFreeBucket
bucket_id: 13
111111111100110getFreeKvSlot
insert
search
getFreeBucket
bucket_id: 14
111111111100110getFreeKvSlot
insert
search
getFreeBucket
bucket_id: 15
111111111100110getFreeKvSlot
insert
search
getFreeBucket
bucket_id: 16
111111111010101getFreeKvSlot
insert
search
getFreeBucket
bucket_id: 17
111111111010101getFreeKvSlot
insert
search
getFreeBucket
bucket_id: 18
111111111010101getFreeKvSlot
insert
search
getFreeBucket
bucket_id: 19
111111111010101getFreeKvSlot
insert
search
getFreeBucket
bucket_id: 20
111111111010101getFreeKvSlot
insert
search
getFreeBucket
bucket_id: 21
111111111010101getFreeKvSlot
insert
search
getFreeBucket
bucket_id: 22
111111111010101getFreeKvSlot
insert
search
getFreeBucket
bucket_id: 23
111111111010101getFreeKvSlot
insert
search
getFreeBucket
bucket_id: 24
111111111010101getFreeKvSlot
insert
search
getFreeBucket
bucket_id: 25
111111111010101getFreeKvSlot
insert
search
getFreeBucket
bucket_id: 26
111111111010101getFreeKvSlot
insert
search
getFreeBucket
bucket_id: 27
111111111010101getFreeKvSlot
insert
search
getFreeBucket
bucket_id: 28
111111111010101getFreeKvSlot
insert
search
getFreeBucket
bucket_id: 29
111111111010101getFreeKvSlot
insert
search
getFreeBucket
bucket_id: 30
111111111010101getFreeKvSlot
insert
search
getFreeBucket
bucket_id: 31
111111111010101getFreeKvSlot
insert
search
getFreeBucket
bucket_id: 32
111111111111000getFreeKvSlot
insert
search
getFreeBucket
bucket_id: 33
111111111111000getFreeKvSlot
insert
search
getFreeBucket
bucket_id: 34
111111111111000getFreeKvSlot
insert
search
getFreeBucket
bucket_id: 35
111111111111000getFreeKvSlot
insert
search
getFreeBucket
bucket_id: 36
111111111111000getFreeKvSlot
insert
search
getFreeBucket
bucket_id: 37
111111111111000getFreeKvSlot
insert
search
getFreeBucket
bucket_id: 38
111111111111000getFreeKvSlot
insert
search
getFreeBucket
bucket_id: 39
111111111111000getFreeKvSlot
insert
search
getFreeBucket
bucket_id: 40
111111111111000getFreeKvSlot
insert
search
getFreeBucket
bucket_id: 41
111111111111000getFreeKvSlot
insert
search
getFreeBucket
bucket_id: 42
111111111111000getFreeKvSlot
insert
search
getFreeBucket
bucket_id: 43
111111111111000getFreeKvSlot
insert
search
getFreeBucket
bucket_id: 44
111111111111000getFreeKvSlot
insert
search
getFreeBucket
bucket_id: 45
111111111111000getFreeKvSlot
insert
search
getFreeBucket
bucket_id: 46
111111111111000getFreeKvSlot
insert
search
getFreeBucket
bucket_id: 47
111111111111000getFreeKvSlot
insert
search
getFreeBucket
bucket_id: 48
111111111111000getFreeKvSlot
insert
search
getFreeBucket
bucket_id: 49
111111111111000getFreeKvSlot
insert
search
getFreeBucket
bucket_id: 50
111111111111000getFreeKvSlot
insert
search
getFreeBucket
bucket_id: 51
111111111111000getFreeKvSlot
insert
search
getFreeBucket
bucket_id: 52
111111111111000getFreeKvSlot
insert
search
getFreeBucket
bucket_id: 53
111111111111000getFreeKvSlot
insert
search
getFreeBucket
bucket_id: 54
111111111111000getFreeKvSlot
insert
search
getFreeBucket
bucket_id: 55
111111111111000getFreeKvSlot
insert
search
getFreeBucket
bucket_id: 56
111111111111000getFreeKvSlot
insert
search
getFreeBucket
bucket_id: 57
111111111111000getFreeKvSlot
insert
search
getFreeBucket
bucket_id: 58
111111111111000getFreeKvSlot
insert
search
getFreeBucket
bucket_id: 59
111111111111000getFreeKvSlot
insert
search
getFreeBucket
bucket_id: 60
111111111111000getFreeKvSlot
insert
search
getFreeBucket
bucket_id: 61
111111111111000getFreeKvSlot
insert
search
getFreeBucket
bucket_id: 62
111111111111000getFreeKvSlot
insert
search
getFreeBucket
bucket_id: 63
111111111111000getFreeKvSlot
insert
search
getFreeBucket
bucket_id: 0
111111111111001getFreeKvSlot
insert
search
getFreeBucket
bucket_id: 1
111111111111001getFreeKvSlot
insert
search
getFreeBucket
bucket_id: 2
111111111111010getFreeKvSlot
insert
search
getFreeBucket
bucket_id: 3
111111111111010getFreeKvSlot
insert
search
getFreeBucket
bucket_id: 4
111111111111001getFreeKvSlot
insert
search
getFreeBucket
bucket_id: 5
111111111111001getFreeKvSlot
insert
search
getFreeBucket
bucket_id: 6
111111111111001getFreeKvSlot
insert
search
getFreeBucket
bucket_id: 7
111111111111001getFreeKvSlot
insert
search
getFreeBucket
bucket_id: 8
111111111110110getFreeKvSlot
insert
search
getFreeBucket
bucket_id: 9
111111111110110getFreeKvSlot
insert
search
getFreeBucket
bucket_id: 10
111111111110110getFreeKvSlot
insert
search
getFreeBucket
bucket_id: 11
111111111110110getFreeKvSlot
insert
search
getFreeBucket
bucket_id: 12
111111111110110getFreeKvSlot
insert
search
getFreeBucket
bucket_id: 13
111111111110110getFreeKvSlot
insert
search
getFreeBucket
bucket_id: 14
111111111110110getFreeKvSlot
insert
search
getFreeBucket
bucket_id: 15
111111111110110getFreeKvSlot
insert
search
getFreeBucket
bucket_id: 16
111111111110101getFreeKvSlot
insert
search
getFreeBucket
bucket_id: 17
111111111110101getFreeKvSlot
insert
search
getFreeBucket
bucket_id: 18
111111111110101getFreeKvSlot
insert
search
getFreeBucket
bucket_id: 19
111111111110101getFreeKvSlot
insert
search
getFreeBucket
bucket_id: 20
111111111110101getFreeKvSlot
insert
search
getFreeBucket
bucket_id: 21
111111111110101getFreeKvSlot
insert
search
getFreeBucket
bucket_id: 22
111111111110101getFreeKvSlot
insert
search
getFreeBucket
bucket_id: 23
111111111110101getFreeKvSlot
insert
search
getFreeBucket
bucket_id: 24
111111111110101getFreeKvSlot
insert
search
getFreeBucket
bucket_id: 25
111111111110101getFreeKvSlot
insert
search
getFreeBucket
bucket_id: 26
111111111110101getFreeKvSlot
insert
search
getFreeBucket
bucket_id: 27
111111111110101getFreeKvSlot
insert
search
getFreeBucket
bucket_id: 28
111111111110101getFreeKvSlot
insert
search
getFreeBucket
bucket_id: 29
111111111110101getFreeKvSlot
insert
search
getFreeBucket
bucket_id: 30
111111111110101getFreeKvSlot
insert
search
getFreeBucket
bucket_id: 31
111111111110101getFreeKvSlot
insert
search
getFreeBucket
bucket_id: 32
111111111111100getFreeKvSlot
insert
search
getFreeBucket
bucket_id: 33
111111111111100getFreeKvSlot
insert
search
getFreeBucket
bucket_id: 34
111111111111100getFreeKvSlot
insert
search
getFreeBucket
bucket_id: 35
111111111111100getFreeKvSlot
insert
search
getFreeBucket
bucket_id: 36
111111111111100getFreeKvSlot
insert
search
getFreeBucket
bucket_id: 37
111111111111100getFreeKvSlot
insert
search
getFreeBucket
bucket_id: 38
111111111111100getFreeKvSlot
insert
search
getFreeBucket
bucket_id: 39
111111111111100getFreeKvSlot
insert
search
getFreeBucket
bucket_id: 40
111111111111100getFreeKvSlot
insert
search
getFreeBucket
bucket_id: 41
111111111111100getFreeKvSlot
insert
search
getFreeBucket
bucket_id: 42
111111111111100getFreeKvSlot
insert
search
getFreeBucket
bucket_id: 43
111111111111100getFreeKvSlot
insert
search
getFreeBucket
bucket_id: 44
111111111111100getFreeKvSlot
insert
search
getFreeBucket
bucket_id: 45
111111111111100getFreeKvSlot
insert
search
getFreeBucket
bucket_id: 46
111111111111100getFreeKvSlot
insert
search
getFreeBucket
bucket_id: 47
111111111111100getFreeKvSlot
insert
search
getFreeBucket
bucket_id: 48
111111111111100getFreeKvSlot
insert
search
getFreeBucket
bucket_id: 49
111111111111100getFreeKvSlot
insert
search
getFreeBucket
bucket_id: 50
111111111111100getFreeKvSlot
insert
search
getFreeBucket
bucket_id: 51
111111111111100getFreeKvSlot
insert
search
getFreeBucket
bucket_id: 52
111111111111100getFreeKvSlot
insert
search
getFreeBucket
bucket_id: 53
111111111111100getFreeKvSlot
insert
search
getFreeBucket
bucket_id: 54
111111111111100getFreeKvSlot
insert
search
getFreeBucket
bucket_id: 55
111111111111100getFreeKvSlot
insert
search
getFreeBucket
bucket_id: 56
111111111111100getFreeKvSlot
insert
search
getFreeBucket
bucket_id: 57
111111111111100getFreeKvSlot
insert
search
getFreeBucket
bucket_id: 58
111111111111100getFreeKvSlot
insert
search
getFreeBucket
bucket_id: 59
111111111111100getFreeKvSlot
insert
search
getFreeBucket
bucket_id: 60
111111111111100getFreeKvSlot
insert
search
getFreeBucket
bucket_id: 61
111111111111100getFreeKvSlot
insert
search
getFreeBucket
bucket_id: 62
111111111111100getFreeKvSlot
insert
search
getFreeBucket
bucket_id: 63
111111111111100getFreeKvSlot
insert
search
getFreeBucket
bucket_id: 0
111111111111101getFreeKvSlot
insert
search
getFreeBucket
bucket_id: 1
111111111111101getFreeKvSlot
insert
search
getFreeBucket
bucket_id: 2
111111111111110getFreeKvSlot
insert
search
getFreeBucket
bucket_id: 3
111111111111110getFreeKvSlot
insert
search
getFreeBucket
bucket_id: 4
111111111111101getFreeKvSlot
insert
search
getFreeBucket
bucket_id: 5
111111111111101getFreeKvSlot
insert
search
getFreeBucket
bucket_id: 6
111111111111101getFreeKvSlot
insert
search
getFreeBucket
bucket_id: 7
111111111111101getFreeKvSlot
insert
search
getFreeBucket
bucket_id: 8
111111111111110getFreeKvSlot
insert
search
getFreeBucket
bucket_id: 9
111111111111110getFreeKvSlot
insert
search
getFreeBucket
bucket_id: 10
111111111111110getFreeKvSlot
insert
search
getFreeBucket
bucket_id: 11
111111111111110getFreeKvSlot
insert
search
getFreeBucket
bucket_id: 12
111111111111110getFreeKvSlot
insert
search
getFreeBucket
bucket_id: 13
111111111111110getFreeKvSlot
insert
search
getFreeBucket
bucket_id: 14
111111111111110getFreeKvSlot
insert
search
getFreeBucket
bucket_id: 15
111111111111110getFreeKvSlot
insert
search
getFreeBucket
bucket_id: 16
111111111111101getFreeKvSlot
insert
search
getFreeBucket
bucket_id: 17
111111111111101getFreeKvSlot
insert
search
getFreeBucket
bucket_id: 18
111111111111101getFreeKvSlot
insert
search
getFreeBucket
bucket_id: 19
111111111111101getFreeKvSlot
insert
search
getFreeBucket
bucket_id: 20
111111111111101getFreeKvSlot
insert
search
getFreeBucket
bucket_id: 21
111111111111101getFreeKvSlot
insert
search
getFreeBucket
bucket_id: 22
111111111111101getFreeKvSlot
insert
search
getFreeBucket
bucket_id: 23
111111111111101getFreeKvSlot
insert
search
getFreeBucket
bucket_id: 24
111111111111101getFreeKvSlot
insert
search
getFreeBucket
bucket_id: 25
111111111111101getFreeKvSlot
insert
search
getFreeBucket
bucket_id: 26
111111111111101getFreeKvSlot
insert
search
getFreeBucket
bucket_id: 27
111111111111101getFreeKvSlot
insert
search
getFreeBucket
bucket_id: 28
111111111111101getFreeKvSlot
insert
search
getFreeBucket
bucket_id: 29
111111111111101getFreeKvSlot
insert
search
getFreeBucket
bucket_id: 30
111111111111101getFreeKvSlot
insert
search
getFreeBucket
bucket_id: 31
111111111111101getFreeKvSlot
insert
search
getFreeBucket
bucket_id: 32
111111111111110getFreeKvSlot
insert
search
getFreeBucket
bucket_id: 33
111111111111110getFreeKvSlot
insert
search
getFreeBucket
bucket_id: 34
111111111111110getFreeKvSlot
insert
search
getFreeBucket
bucket_id: 35
111111111111110getFreeKvSlot
insert
search
getFreeBucket
bucket_id: 36
111111111111110getFreeKvSlot
insert
search
getFreeBucket
bucket_id: 37
111111111111110getFreeKvSlot
insert
search
getFreeBucket
bucket_id: 38
111111111111110getFreeKvSlot
insert
search
getFreeBucket
bucket_id: 39
111111111111110getFreeKvSlot
insert
search
getFreeBucket
bucket_id: 40
111111111111110getFreeKvSlot
insert
search
getFreeBucket
bucket_id: 41
111111111111110getFreeKvSlot
insert
search
getFreeBucket
bucket_id: 42
111111111111110getFreeKvSlot
insert
search
getFreeBucket
bucket_id: 43
111111111111110getFreeKvSlot
insert
search
getFreeBucket
bucket_id: 44
111111111111110getFreeKvSlot
insert
search
getFreeBucket
bucket_id: 45
111111111111110getFreeKvSlot
insert
search
getFreeBucket
bucket_id: 46
111111111111110getFreeKvSlot
insert
search
getFreeBucket
bucket_id: 47
111111111111110getFreeKvSlot
insert
search
getFreeBucket
bucket_id: 48
111111111111110getFreeKvSlot
insert
search
getFreeBucket
bucket_id: 49
111111111111110getFreeKvSlot
insert
search
getFreeBucket
bucket_id: 50
111111111111110getFreeKvSlot
insert
search
getFreeBucket
bucket_id: 51
111111111111110getFreeKvSlot
insert
search
getFreeBucket
bucket_id: 52
111111111111110getFreeKvSlot
insert
search
getFreeBucket
bucket_id: 53
111111111111110getFreeKvSlot
insert
search
getFreeBucket
bucket_id: 54
111111111111110getFreeKvSlot
insert
search
getFreeBucket
bucket_id: 55
111111111111110getFreeKvSlot
insert
search
getFreeBucket
bucket_id: 56
111111111111110getFreeKvSlot
insert
search
getFreeBucket
bucket_id: 57
111111111111110getFreeKvSlot
insert
search
getFreeBucket
bucket_id: 58
111111111111110getFreeKvSlot
insert
search
getFreeBucket
bucket_id: 59
111111111111110getFreeKvSlot
insert
search
getFreeBucket
bucket_id: 60
111111111111110getFreeKvSlot
insert
search
getFreeBucket
bucket_id: 61
111111111111110getFreeKvSlot
insert
search
getFreeBucket
bucket_id: 62
111111111111110getFreeKvSlot
insert
search
getFreeBucket
bucket_id: 63
111111111111110getFreeKvSlot
insert
search
getFreeBucket
bucket_id: 0
111111111111111splitBucket
local_depth1: 6
extendCatalog
extendCatalog bp1
extendCatalog bp2
extendCatalog bp3
extendCatalog bp4
getFreeSlot
getNewBucket
allocNewPage
2564104
newbucket: 000000000000000
111111111111111
000000000000000
a1 :0  b1: 64 bucket_id: 0 local_depth1: 7
a1 :0  b1: 64 bucket_id: 0 local_depth1: 7
a1 :64  b1: 64 bucket_id: 0 local_depth1: 7
jump in
a1 :0  b1: 64 bucket_id: 0 local_depth1: 7
a1 :0  b1: 64 bucket_id: 0 local_depth1: 7
a1 :64  b1: 64 bucket_id: 0 local_depth1: 7
jump in
a1 :0  b1: 64 bucket_id: 0 local_depth1: 7
a1 :64  b1: 64 bucket_id: 0 local_depth1: 7
jump in
a1 :64  b1: 64 bucket_id: 0 local_depth1: 7
jump in
a1 :0  b1: 64 bucket_id: 0 local_depth1: 7
a1 :0  b1: 64 bucket_id: 0 local_depth1: 7
a1 :64  b1: 64 bucket_id: 0 local_depth1: 7
jump in
a1 :64  b1: 64 bucket_id: 0 local_depth1: 7
jump in
a1 :0  b1: 64 bucket_id: 0 local_depth1: 7
a1 :64  b1: 64 bucket_id: 0 local_depth1: 7
jump in
110110100110010
111111100000000
getFreeBucket
bucket_id: 64
111111100000000getFreeKvSlot
insert
search
getFreeBucket
bucket_id: 65
111111111111111splitBucket
local_depth1: 6
getFreeSlot
getNewBucket
newbucket: 000000000000000
111111111111111
000000000000000
a1 :1  b1: 65 bucket_id: 1 local_depth1: 7
a1 :1  b1: 65 bucket_id: 1 local_depth1: 7
a1 :65  b1: 65 bucket_id: 1 local_depth1: 7
jump in
a1 :1  b1: 65 bucket_id: 1 local_depth1: 7
a1 :1  b1: 65 bucket_id: 1 local_depth1: 7
a1 :65  b1: 65 bucket_id: 1 local_depth1: 7
jump in
a1 :1  b1: 65 bucket_id: 1 local_depth1: 7
a1 :65  b1: 65 bucket_id: 1 local_depth1: 7
jump in
a1 :65  b1: 65 bucket_id: 1 local_depth1: 7
jump in
a1 :1  b1: 65 bucket_id: 1 local_depth1: 7
a1 :1  b1: 65 bucket_id: 1 local_depth1: 7
a1 :65  b1: 65 bucket_id: 1 local_depth1: 7
jump in
a1 :65  b1: 65 bucket_id: 1 local_depth1: 7
jump in
a1 :1  b1: 65 bucket_id: 1 local_depth1: 7
a1 :65  b1: 65 bucket_id: 1 local_depth1: 7
jump in
110110100110010
111111100000000
getFreeBucket
bucket_id: 65
111111100000000getFreeKvSlot
insert
search
getFreeBucket
bucket_id: 66
111111111111111splitBucket
local_depth1: 6
getFreeSlot
getNewBucket
newbucket: 000000000000000
111111111111111
000000000000000
a1 :2  b1: 66 bucket_id: 2 local_depth1: 7
a1 :66  b1: 66 bucket_id: 2 local_depth1: 7
jump in
a1 :2  b1: 66 bucket_id: 2 local_depth1: 7
a1 :2  b1: 66 bucket_id: 2 local_depth1: 7
a1 :2  b1: 66 bucket_id: 2 local_depth1: 7
a1 :66  b1: 66 bucket_id: 2 local_depth1: 7
jump in
a1 :66  b1: 66 bucket_id: 2 local_depth1: 7
jump in
a1 :2  b1: 66 bucket_id: 2 local_depth1: 7
a1 :66  b1: 66 bucket_id: 2 local_depth1: 7
jump in
a1 :2  b1: 66 bucket_id: 2 local_depth1: 7
a1 :66  b1: 66 bucket_id: 2 local_depth1: 7
jump in
a1 :2  b1: 66 bucket_id: 2 local_depth1: 7
a1 :66  b1: 66 bucket_id: 2 local_depth1: 7
jump in
a1 :66  b1: 66 bucket_id: 2 local_depth1: 7
jump in
a1 :2  b1: 66 bucket_id: 2 local_depth1: 7
101110010101001
111111100000000
getFreeBucket
bucket_id: 66
111111100000000getFreeKvSlot
insert
search
getFreeBucket
bucket_id: 67
111111111111111splitBucket
local_depth1: 6
getFreeSlot
getNewBucket
newbucket: 000000000000000
111111111111111
000000000000000
a1 :3  b1: 67 bucket_id: 3 local_depth1: 7
a1 :67  b1: 67 bucket_id: 3 local_depth1: 7
jump in
a1 :3  b1: 67 bucket_id: 3 local_depth1: 7
a1 :3  b1: 67 bucket_id: 3 local_depth1: 7
a1 :3  b1: 67 bucket_id: 3 local_depth1: 7
a1 :67  b1: 67 bucket_id: 3 local_depth1: 7
jump in
a1 :67  b1: 67 bucket_id: 3 local_depth1: 7
jump in
a1 :3  b1: 67 bucket_id: 3 local_depth1: 7
a1 :67  b1: 67 bucket_id: 3 local_depth1: 7
jump in
a1 :3  b1: 67 bucket_id: 3 local_depth1: 7
a1 :67  b1: 67 bucket_id: 3 local_depth1: 7
jump in
a1 :3  b1: 67 bucket_id: 3 local_depth1: 7
a1 :67  b1: 67 bucket_id: 3 local_depth1: 7
jump in
a1 :67  b1: 67 bucket_id: 3 local_depth1: 7
jump in
a1 :3  b1: 67 bucket_id: 3 local_depth1: 7
101110010101001
111111100000000
getFreeBucket
bucket_id: 67
111111100000000getFreeKvSlot
insert
search
getFreeBucket
bucket_id: 68
111111111111111splitBucket
local_depth1: 6
getFreeSlot
getNewBucket
newbucket: 000000000000000
111111111111111
000000000000000
a1 :4  b1: 68 bucket_id: 4 local_depth1: 7
a1 :4  b1: 68 bucket_id: 4 local_depth1: 7
a1 :4  b1: 68 bucket_id: 4 local_depth1: 7
a1 :4  b1: 68 bucket_id: 4 local_depth1: 7
a1 :68  b1: 68 bucket_id: 4 local_depth1: 7
jump in
a1 :68  b1: 68 bucket_id: 4 local_depth1: 7
jump in
a1 :4  b1: 68 bucket_id: 4 local_depth1: 7
a1 :68  b1: 68 bucket_id: 4 local_depth1: 7
jump in
a1 :68  b1: 68 bucket_id: 4 local_depth1: 7
jump in
a1 :68  b1: 68 bucket_id: 4 local_depth1: 7
jump in
a1 :4  b1: 68 bucket_id: 4 local_depth1: 7
a1 :4  b1: 68 bucket_id: 4 local_depth1: 7
a1 :68  b1: 68 bucket_id: 4 local_depth1: 7
jump in
a1 :4  b1: 68 bucket_id: 4 local_depth1: 7
a1 :68  b1: 68 bucket_id: 4 local_depth1: 7
jump in
111100100011010
111111100000000
getFreeBucket
bucket_id: 68
111111100000000getFreeKvSlot
insert
search
getFreeBucket
bucket_id: 69
111111111111111splitBucket
local_depth1: 6
getFreeSlot
getNewBucket
newbucket: 000000000000000
111111111111111
000000000000000
a1 :5  b1: 69 bucket_id: 5 local_depth1: 7
a1 :5  b1: 69 bucket_id: 5 local_depth1: 7
a1 :5  b1: 69 bucket_id: 5 local_depth1: 7
a1 :5  b1: 69 bucket_id: 5 local_depth1: 7
a1 :69  b1: 69 bucket_id: 5 local_depth1: 7
jump in
a1 :69  b1: 69 bucket_id: 5 local_depth1: 7
jump in
a1 :5  b1: 69 bucket_id: 5 local_depth1: 7
a1 :69  b1: 69 bucket_id: 5 local_depth1: 7
jump in
a1 :69  b1: 69 bucket_id: 5 local_depth1: 7
jump in
a1 :69  b1: 69 bucket_id: 5 local_depth1: 7
jump in
a1 :5  b1: 69 bucket_id: 5 local_depth1: 7
a1 :5  b1: 69 bucket_id: 5 local_depth1: 7
a1 :69  b1: 69 bucket_id: 5 local_depth1: 7
jump in
a1 :5  b1: 69 bucket_id: 5 local_depth1: 7
a1 :69  b1: 69 bucket_id: 5 local_depth1: 7
jump in
111100100011010
111111100000000
getFreeBucket
bucket_id: 69
111111100000000getFreeKvSlot
insert
search
getFreeBucket
bucket_id: 70
111111111111111splitBucket
local_depth1: 6
getFreeSlot
getNewBucket
newbucket: 000000000000000
111111111111111
000000000000000
a1 :6  b1: 70 bucket_id: 6 local_depth1: 7
a1 :6  b1: 70 bucket_id: 6 local_depth1: 7
a1 :6  b1: 70 bucket_id: 6 local_depth1: 7
a1 :6  b1: 70 bucket_id: 6 local_depth1: 7
a1 :70  b1: 70 bucket_id: 6 local_depth1: 7
jump in
a1 :6  b1: 70 bucket_id: 6 local_depth1: 7
a1 :70  b1: 70 bucket_id: 6 local_depth1: 7
jump in
a1 :70  b1: 70 bucket_id: 6 local_depth1: 7
jump in
a1 :70  b1: 70 bucket_id: 6 local_depth1: 7
jump in
a1 :70  b1: 70 bucket_id: 6 local_depth1: 7
jump in
a1 :6  b1: 70 bucket_id: 6 local_depth1: 7
a1 :6  b1: 70 bucket_id: 6 local_depth1: 7
a1 :70  b1: 70 bucket_id: 6 local_depth1: 7
jump in
a1 :6  b1: 70 bucket_id: 6 local_depth1: 7
a1 :70  b1: 70 bucket_id: 6 local_depth1: 7
jump in
111101000011010
111111100000000
getFreeBucket
bucket_id: 70
111111100000000getFreeKvSlot
insert
search
getFreeBucket
bucket_id: 71
111111111111111splitBucket
local_depth1: 6
getFreeSlot
getNewBucket
newbucket: 000000000000000
111111111111111
000000000000000
a1 :7  b1: 71 bucket_id: 7 local_depth1: 7
a1 :7  b1: 71 bucket_id: 7 local_depth1: 7
a1 :7  b1: 71 bucket_id: 7 local_depth1: 7
a1 :7  b1: 71 bucket_id: 7 local_depth1: 7
a1 :71  b1: 71 bucket_id: 7 local_depth1: 7
jump in
a1 :7  b1: 71 bucket_id: 7 local_depth1: 7
a1 :71  b1: 71 bucket_id: 7 local_depth1: 7
jump in
a1 :71  b1: 71 bucket_id: 7 local_depth1: 7
jump in
a1 :71  b1: 71 bucket_id: 7 local_depth1: 7
jump in
a1 :71  b1: 71 bucket_id: 7 local_depth1: 7
jump in
a1 :7  b1: 71 bucket_id: 7 local_depth1: 7
a1 :7  b1: 71 bucket_id: 7 local_depth1: 7
a1 :71  b1: 71 bucket_id: 7 local_depth1: 7
jump in
a1 :7  b1: 71 bucket_id: 7 local_depth1: 7
a1 :71  b1: 71 bucket_id: 7 local_depth1: 7
jump in
111101000011010
111111100000000
getFreeBucket
bucket_id: 71
111111100000000getFreeKvSlot
insert
search
getFreeBucket
bucket_id: 72
111111111111111splitBucket
local_depth1: 6
getFreeSlot
getNewBucket
newbucket: 000000000000000
111111111111111
000000000000000
a1 :72  b1: 72 bucket_id: 8 local_depth1: 7
jump in
a1 :8  b1: 72 bucket_id: 8 local_depth1: 7
a1 :8  b1: 72 bucket_id: 8 local_depth1: 7
a1 :8  b1: 72 bucket_id: 8 local_depth1: 7
a1 :72  b1: 72 bucket_id: 8 local_depth1: 7
jump in
a1 :8  b1: 72 bucket_id: 8 local_depth1: 7
a1 :72  b1: 72 bucket_id: 8 local_depth1: 7
jump in
a1 :72  b1: 72 bucket_id: 8 local_depth1: 7
jump in
a1 :8  b1: 72 bucket_id: 8 local_depth1: 7
a1 :8  b1: 72 bucket_id: 8 local_depth1: 7
a1 :8  b1: 72 bucket_id: 8 local_depth1: 7
a1 :72  b1: 72 bucket_id: 8 local_depth1: 7
jump in
a1 :72  b1: 72 bucket_id: 8 local_depth1: 7
jump in
a1 :72  b1: 72 bucket_id: 8 local_depth1: 7
jump in
a1 :8  b1: 72 bucket_id: 8 local_depth1: 7
011101001110001
111111100000000
getFreeBucket
bucket_id: 72
111111100000000getFreeKvSlot
insert
search
getFreeBucket
bucket_id: 73
111111111111111splitBucket
local_depth1: 6
getFreeSlot
getNewBucket
newbucket: 000000000000000
111111111111111
000000000000000
a1 :73  b1: 73 bucket_id: 9 local_depth1: 7
jump in
a1 :9  b1: 73 bucket_id: 9 local_depth1: 7
a1 :9  b1: 73 bucket_id: 9 local_depth1: 7
a1 :9  b1: 73 bucket_id: 9 local_depth1: 7
a1 :73  b1: 73 bucket_id: 9 local_depth1: 7
jump in
a1 :9  b1: 73 bucket_id: 9 local_depth1: 7
a1 :73  b1: 73 bucket_id: 9 local_depth1: 7
jump in
a1 :73  b1: 73 bucket_id: 9 local_depth1: 7
jump in
a1 :9  b1: 73 bucket_id: 9 local_depth1: 7
a1 :9  b1: 73 bucket_id: 9 local_depth1: 7
a1 :9  b1: 73 bucket_id: 9 local_depth1: 7
a1 :73  b1: 73 bucket_id: 9 local_depth1: 7
jump in
a1 :73  b1: 73 bucket_id: 9 local_depth1: 7
jump in
a1 :73  b1: 73 bucket_id: 9 local_depth1: 7
jump in
a1 :9  b1: 73 bucket_id: 9 local_depth1: 7
011101001110001
111111100000000
getFreeBucket
bucket_id: 73
111111100000000getFreeKvSlot
insert
search
getFreeBucket
bucket_id: 74
111111111111111splitBucket
local_depth1: 6
getFreeSlot
getNewBucket
newbucket: 000000000000000
111111111111111
000000000000000
a1 :10  b1: 74 bucket_id: 10 local_depth1: 7
a1 :74  b1: 74 bucket_id: 10 local_depth1: 7
jump in
a1 :10  b1: 74 bucket_id: 10 local_depth1: 7
a1 :10  b1: 74 bucket_id: 10 local_depth1: 7
a1 :74  b1: 74 bucket_id: 10 local_depth1: 7
jump in
a1 :10  b1: 74 bucket_id: 10 local_depth1: 7
a1 :74  b1: 74 bucket_id: 10 local_depth1: 7
jump in
a1 :74  b1: 74 bucket_id: 10 local_depth1: 7
jump in
a1 :10  b1: 74 bucket_id: 10 local_depth1: 7
a1 :10  b1: 74 bucket_id: 10 local_depth1: 7
a1 :10  b1: 74 bucket_id: 10 local_depth1: 7
a1 :74  b1: 74 bucket_id: 10 local_depth1: 7
jump in
a1 :74  b1: 74 bucket_id: 10 local_depth1: 7
jump in
a1 :74  b1: 74 bucket_id: 10 local_depth1: 7
jump in
a1 :10  b1: 74 bucket_id: 10 local_depth1: 7
101101001110001
111111100000000
getFreeBucket
bucket_id: 74
111111100000000getFreeKvSlot
insert
search
getFreeBucket
bucket_id: 75
111111111111111splitBucket
local_depth1: 6
getFreeSlot
getNewBucket
newbucket: 000000000000000
111111111111111
000000000000000
a1 :11  b1: 75 bucket_id: 11 local_depth1: 7
a1 :75  b1: 75 bucket_id: 11 local_depth1: 7
jump in
a1 :11  b1: 75 bucket_id: 11 local_depth1: 7
a1 :11  b1: 75 bucket_id: 11 local_depth1: 7
a1 :75  b1: 75 bucket_id: 11 local_depth1: 7
jump in
a1 :11  b1: 75 bucket_id: 11 local_depth1: 7
a1 :75  b1: 75 bucket_id: 11 local_depth1: 7
jump in
a1 :75  b1: 75 bucket_id: 11 local_depth1: 7
jump in
a1 :11  b1: 75 bucket_id: 11 local_depth1: 7
a1 :11  b1: 75 bucket_id: 11 local_depth1: 7
a1 :11  b1: 75 bucket_id: 11 local_depth1: 7
a1 :75  b1: 75 bucket_id: 11 local_depth1: 7
jump in
a1 :75  b1: 75 bucket_id: 11 local_depth1: 7
jump in
a1 :75  b1: 75 bucket_id: 11 local_depth1: 7
jump in
a1 :11  b1: 75 bucket_id: 11 local_depth1: 7
101101001110001
111111100000000
getFreeBucket
bucket_id: 75
111111100000000getFreeKvSlot
insert
search
getFreeBucket
bucket_id: 76
111111111111111splitBucket
local_depth1: 6
getFreeSlot
getNewBucket
newbucket: 000000000000000
111111111111111
000000000000000
a1 :12  b1: 76 bucket_id: 12 local_depth1: 7
a1 :12  b1: 76 bucket_id: 12 local_depth1: 7
a1 :12  b1: 76 bucket_id: 12 local_depth1: 7
a1 :76  b1: 76 bucket_id: 12 local_depth1: 7
jump in
a1 :76  b1: 76 bucket_id: 12 local_depth1: 7
jump in
a1 :76  b1: 76 bucket_id: 12 local_depth1: 7
jump in
a1 :12  b1: 76 bucket_id: 12 local_depth1: 7
a1 :76  b1: 76 bucket_id: 12 local_depth1: 7
jump in
a1 :12  b1: 76 bucket_id: 12 local_depth1: 7
a1 :12  b1: 76 bucket_id: 12 local_depth1: 7
a1 :12  b1: 76 bucket_id: 12 local_depth1: 7
a1 :76  b1: 76 bucket_id: 12 local_depth1: 7
jump in
a1 :76  b1: 76 bucket_id: 12 local_depth1: 7
jump in
a1 :76  b1: 76 bucket_id: 12 local_depth1: 7
jump in
a1 :12  b1: 76 bucket_id: 12 local_depth1: 7
111000101110001
111111100000000
getFreeBucket
bucket_id: 76
111111100000000getFreeKvSlot
insert
search
getFreeBucket
bucket_id: 77
111111111111111splitBucket
local_depth1: 6
getFreeSlot
getNewBucket
newbucket: 000000000000000
111111111111111
000000000000000
a1 :13  b1: 77 bucket_id: 13 local_depth1: 7
a1 :13  b1: 77 bucket_id: 13 local_depth1: 7
a1 :13  b1: 77 bucket_id: 13 local_depth1: 7
a1 :77  b1: 77 bucket_id: 13 local_depth1: 7
jump in
a1 :77  b1: 77 bucket_id: 13 local_depth1: 7
jump in
a1 :77  b1: 77 bucket_id: 13 local_depth1: 7
jump in
a1 :13  b1: 77 bucket_id: 13 local_depth1: 7
a1 :77  b1: 77 bucket_id: 13 local_depth1: 7
jump in
a1 :13  b1: 77 bucket_id: 13 local_depth1: 7
a1 :13  b1: 77 bucket_id: 13 local_depth1: 7
a1 :13  b1: 77 bucket_id: 13 local_depth1: 7
a1 :77  b1: 77 bucket_id: 13 local_depth1: 7
jump in
a1 :77  b1: 77 bucket_id: 13 local_depth1: 7
jump in
a1 :77  b1: 77 bucket_id: 13 local_depth1: 7
jump in
a1 :13  b1: 77 bucket_id: 13 local_depth1: 7
111000101110001
111111100000000
getFreeBucket
bucket_id: 77
111111100000000getFreeKvSlot
insert
search
getFreeBucket
bucket_id: 78
111111111111111splitBucket
local_depth1: 6
getFreeSlot
getNewBucket
newbucket: 000000000000000
111111111111111
000000000000000
a1 :14  b1: 78 bucket_id: 14 local_depth1: 7
a1 :14  b1: 78 bucket_id: 14 local_depth1: 7
a1 :14  b1: 78 bucket_id: 14 local_depth1: 7
a1 :78  b1: 78 bucket_id: 14 local_depth1: 7
jump in
a1 :78  b1: 78 bucket_id: 14 local_depth1: 7
jump in
a1 :78  b1: 78 bucket_id: 14 local_depth1: 7
jump in
a1 :14  b1: 78 bucket_id: 14 local_depth1: 7
a1 :78  b1: 78 bucket_id: 14 local_depth1: 7
jump in
a1 :14  b1: 78 bucket_id: 14 local_depth1: 7
a1 :14  b1: 78 bucket_id: 14 local_depth1: 7
a1 :14  b1: 78 bucket_id: 14 local_depth1: 7
a1 :78  b1: 78 bucket_id: 14 local_depth1: 7
jump in
a1 :78  b1: 78 bucket_id: 14 local_depth1: 7
jump in
a1 :78  b1: 78 bucket_id: 14 local_depth1: 7
jump in
a1 :14  b1: 78 bucket_id: 14 local_depth1: 7
111000101110001
111111100000000
getFreeBucket
bucket_id: 78
111111100000000getFreeKvSlot
insert
search
getFreeBucket
bucket_id: 79
111111111111111splitBucket
local_depth1: 6
getFreeSlot
getNewBucket
newbucket: 000000000000000
111111111111111
000000000000000
a1 :15  b1: 79 bucket_id: 15 local_depth1: 7
a1 :15  b1: 79 bucket_id: 15 local_depth1: 7
a1 :15  b1: 79 bucket_id: 15 local_depth1: 7
a1 :79  b1: 79 bucket_id: 15 local_depth1: 7
jump in
a1 :79  b1: 79 bucket_id: 15 local_depth1: 7
jump in
a1 :79  b1: 79 bucket_id: 15 local_depth1: 7
jump in
a1 :15  b1: 79 bucket_id: 15 local_depth1: 7
a1 :79  b1: 79 bucket_id: 15 local_depth1: 7
jump in
a1 :15  b1: 79 bucket_id: 15 local_depth1: 7
a1 :15  b1: 79 bucket_id: 15 local_depth1: 7
a1 :15  b1: 79 bucket_id: 15 local_depth1: 7
a1 :79  b1: 79 bucket_id: 15 local_depth1: 7
jump in
a1 :79  b1: 79 bucket_id: 15 local_depth1: 7
jump in
a1 :79  b1: 79 bucket_id: 15 local_depth1: 7
jump in
a1 :15  b1: 79 bucket_id: 15 local_depth1: 7
111000101110001
111111100000000
getFreeBucket
bucket_id: 79
111111100000000getFreeKvSlot
insert
search
getFreeBucket
bucket_id: 80
111111111111111splitBucket
local_depth1: 6
getFreeSlot
getNewBucket
allocNewPage
2564104
newbucket: 000000000000000
111111111111111
000000000000000
a1 :16  b1: 80 bucket_id: 16 local_depth1: 7
a1 :80  b1: 80 bucket_id: 16 local_depth1: 7
jump in
a1 :16  b1: 80 bucket_id: 16 local_depth1: 7
a1 :16  b1: 80 bucket_id: 16 local_depth1: 7
a1 :80  b1: 80 bucket_id: 16 local_depth1: 7
jump in
a1 :80  b1: 80 bucket_id: 16 local_depth1: 7
jump in
a1 :16  b1: 80 bucket_id: 16 local_depth1: 7
a1 :80  b1: 80 bucket_id: 16 local_depth1: 7
jump in
a1 :16  b1: 80 bucket_id: 16 local_depth1: 7
a1 :16  b1: 80 bucket_id: 16 local_depth1: 7
a1 :80  b1: 80 bucket_id: 16 local_depth1: 7
jump in
a1 :80  b1: 80 bucket_id: 16 local_depth1: 7
jump in
a1 :16  b1: 80 bucket_id: 16 local_depth1: 7
a1 :16  b1: 80 bucket_id: 16 local_depth1: 7
a1 :80  b1: 80 bucket_id: 16 local_depth1: 7
jump in
101100101100110
111111100000000
getFreeBucket
bucket_id: 80
111111100000000getFreeKvSlot
insert
search
getFreeBucket
bucket_id: 81
111111111111111splitBucket
local_depth1: 6
getFreeSlot
getNewBucket
newbucket: 000000000000000
111111111111111
000000000000000
a1 :17  b1: 81 bucket_id: 17 local_depth1: 7
a1 :81  b1: 81 bucket_id: 17 local_depth1: 7
jump in
a1 :17  b1: 81 bucket_id: 17 local_depth1: 7
a1 :17  b1: 81 bucket_id: 17 local_depth1: 7
a1 :81  b1: 81 bucket_id: 17 local_depth1: 7
jump in
a1 :81  b1: 81 bucket_id: 17 local_depth1: 7
jump in
a1 :17  b1: 81 bucket_id: 17 local_depth1: 7
a1 :81  b1: 81 bucket_id: 17 local_depth1: 7
jump in
a1 :17  b1: 81 bucket_id: 17 local_depth1: 7
a1 :17  b1: 81 bucket_id: 17 local_depth1: 7
a1 :81  b1: 81 bucket_id: 17 local_depth1: 7
jump in
a1 :81  b1: 81 bucket_id: 17 local_depth1: 7
jump in
a1 :17  b1: 81 bucket_id: 17 local_depth1: 7
a1 :17  b1: 81 bucket_id: 17 local_depth1: 7
a1 :81  b1: 81 bucket_id: 17 local_depth1: 7
jump in
101100101100110
111111100000000
getFreeBucket
bucket_id: 81
111111100000000getFreeKvSlot
insert
search
getFreeBucket
bucket_id: 82
111111111111111splitBucket
local_depth1: 6
getFreeSlot
getNewBucket
newbucket: 000000000000000
111111111111111
000000000000000
a1 :18  b1: 82 bucket_id: 18 local_depth1: 7
a1 :18  b1: 82 bucket_id: 18 local_depth1: 7
a1 :82  b1: 82 bucket_id: 18 local_depth1: 7
jump in
a1 :18  b1: 82 bucket_id: 18 local_depth1: 7
a1 :82  b1: 82 bucket_id: 18 local_depth1: 7
jump in
a1 :82  b1: 82 bucket_id: 18 local_depth1: 7
jump in
a1 :18  b1: 82 bucket_id: 18 local_depth1: 7
a1 :82  b1: 82 bucket_id: 18 local_depth1: 7
jump in
a1 :18  b1: 82 bucket_id: 18 local_depth1: 7
a1 :18  b1: 82 bucket_id: 18 local_depth1: 7
a1 :82  b1: 82 bucket_id: 18 local_depth1: 7
jump in
a1 :82  b1: 82 bucket_id: 18 local_depth1: 7
jump in
a1 :18  b1: 82 bucket_id: 18 local_depth1: 7
a1 :18  b1: 82 bucket_id: 18 local_depth1: 7
a1 :82  b1: 82 bucket_id: 18 local_depth1: 7
jump in
110100101100110
111111100000000
getFreeBucket
bucket_id: 82
111111100000000getFreeKvSlot
insert
search
getFreeBucket
bucket_id: 83
111111111111111splitBucket
local_depth1: 6
getFreeSlot
getNewBucket
newbucket: 000000000000000
111111111111111
000000000000000
a1 :19  b1: 83 bucket_id: 19 local_depth1: 7
a1 :19  b1: 83 bucket_id: 19 local_depth1: 7
a1 :83  b1: 83 bucket_id: 19 local_depth1: 7
jump in
a1 :19  b1: 83 bucket_id: 19 local_depth1: 7
a1 :83  b1: 83 bucket_id: 19 local_depth1: 7
jump in
a1 :83  b1: 83 bucket_id: 19 local_depth1: 7
jump in
a1 :19  b1: 83 bucket_id: 19 local_depth1: 7
a1 :83  b1: 83 bucket_id: 19 local_depth1: 7
jump in
a1 :19  b1: 83 bucket_id: 19 local_depth1: 7
a1 :19  b1: 83 bucket_id: 19 local_depth1: 7
a1 :83  b1: 83 bucket_id: 19 local_depth1: 7
jump in
a1 :83  b1: 83 bucket_id: 19 local_depth1: 7
jump in
a1 :19  b1: 83 bucket_id: 19 local_depth1: 7
a1 :19  b1: 83 bucket_id: 19 local_depth1: 7
a1 :83  b1: 83 bucket_id: 19 local_depth1: 7
jump in
110100101100110
111111100000000
getFreeBucket
bucket_id: 83
111111100000000getFreeKvSlot
insert
search
getFreeBucket
bucket_id: 84
111111111111111splitBucket
local_depth1: 6
getFreeSlot
getNewBucket
newbucket: 000000000000000
111111111111111
000000000000000
a1 :20  b1: 84 bucket_id: 20 local_depth1: 7
a1 :20  b1: 84 bucket_id: 20 local_depth1: 7
a1 :20  b1: 84 bucket_id: 20 local_depth1: 7
a1 :84  b1: 84 bucket_id: 20 local_depth1: 7
jump in
a1 :84  b1: 84 bucket_id: 20 local_depth1: 7
jump in
a1 :84  b1: 84 bucket_id: 20 local_depth1: 7
jump in
a1 :20  b1: 84 bucket_id: 20 local_depth1: 7
a1 :84  b1: 84 bucket_id: 20 local_depth1: 7
jump in
a1 :20  b1: 84 bucket_id: 20 local_depth1: 7
a1 :20  b1: 84 bucket_id: 20 local_depth1: 7
a1 :84  b1: 84 bucket_id: 20 local_depth1: 7
jump in
a1 :84  b1: 84 bucket_id: 20 local_depth1: 7
jump in
a1 :20  b1: 84 bucket_id: 20 local_depth1: 7
a1 :20  b1: 84 bucket_id: 20 local_depth1: 7
a1 :84  b1: 84 bucket_id: 20 local_depth1: 7
jump in
111000101100110
111111100000000
getFreeBucket
bucket_id: 84
111111100000000getFreeKvSlot
insert
search
getFreeBucket
bucket_id: 85
111111111111111splitBucket
local_depth1: 6
getFreeSlot
getNewBucket
newbucket: 000000000000000
111111111111111
000000000000000
a1 :21  b1: 85 bucket_id: 21 local_depth1: 7
a1 :21  b1: 85 bucket_id: 21 local_depth1: 7
a1 :21  b1: 85 bucket_id: 21 local_depth1: 7
a1 :85  b1: 85 bucket_id: 21 local_depth1: 7
jump in
a1 :85  b1: 85 bucket_id: 21 local_depth1: 7
jump in
a1 :85  b1: 85 bucket_id: 21 local_depth1: 7
jump in
a1 :21  b1: 85 bucket_id: 21 local_depth1: 7
a1 :85  b1: 85 bucket_id: 21 local_depth1: 7
jump in
a1 :21  b1: 85 bucket_id: 21 local_depth1: 7
a1 :21  b1: 85 bucket_id: 21 local_depth1: 7
a1 :85  b1: 85 bucket_id: 21 local_depth1: 7
jump in
a1 :85  b1: 85 bucket_id: 21 local_depth1: 7
jump in
a1 :21  b1: 85 bucket_id: 21 local_depth1: 7
a1 :21  b1: 85 bucket_id: 21 local_depth1: 7
a1 :85  b1: 85 bucket_id: 21 local_depth1: 7
jump in
111000101100110
111111100000000
getFreeBucket
bucket_id: 85
111111100000000getFreeKvSlot
insert
search
getFreeBucket
bucket_id: 86
111111111111111splitBucket
local_depth1: 6
getFreeSlot
getNewBucket
newbucket: 000000000000000
111111111111111
000000000000000
a1 :22  b1: 86 bucket_id: 22 local_depth1: 7
a1 :22  b1: 86 bucket_id: 22 local_depth1: 7
a1 :22  b1: 86 bucket_id: 22 local_depth1: 7
a1 :86  b1: 86 bucket_id: 22 local_depth1: 7
jump in
a1 :86  b1: 86 bucket_id: 22 local_depth1: 7
jump in
a1 :86  b1: 86 bucket_id: 22 local_depth1: 7
jump in
a1 :22  b1: 86 bucket_id: 22 local_depth1: 7
a1 :86  b1: 86 bucket_id: 22 local_depth1: 7
jump in
a1 :22  b1: 86 bucket_id: 22 local_depth1: 7
a1 :22  b1: 86 bucket_id: 22 local_depth1: 7
a1 :86  b1: 86 bucket_id: 22 local_depth1: 7
jump in
a1 :86  b1: 86 bucket_id: 22 local_depth1: 7
jump in
a1 :22  b1: 86 bucket_id: 22 local_depth1: 7
a1 :22  b1: 86 bucket_id: 22 local_depth1: 7
a1 :86  b1: 86 bucket_id: 22 local_depth1: 7
jump in
111000101100110
111111100000000
getFreeBucket
bucket_id: 86
111111100000000getFreeKvSlot
insert
search
getFreeBucket
bucket_id: 87
111111111111111splitBucket
local_depth1: 6
getFreeSlot
getNewBucket
newbucket: 000000000000000
111111111111111
000000000000000
a1 :23  b1: 87 bucket_id: 23 local_depth1: 7
a1 :23  b1: 87 bucket_id: 23 local_depth1: 7
a1 :23  b1: 87 bucket_id: 23 local_depth1: 7
a1 :87  b1: 87 bucket_id: 23 local_depth1: 7
jump in
a1 :87  b1: 87 bucket_id: 23 local_depth1: 7
jump in
a1 :87  b1: 87 bucket_id: 23 local_depth1: 7
jump in
a1 :23  b1: 87 bucket_id: 23 local_depth1: 7
a1 :87  b1: 87 bucket_id: 23 local_depth1: 7
jump in
a1 :23  b1: 87 bucket_id: 23 local_depth1: 7
a1 :23  b1: 87 bucket_id: 23 local_depth1: 7
a1 :87  b1: 87 bucket_id: 23 local_depth1: 7
jump in
a1 :87  b1: 87 bucket_id: 23 local_depth1: 7
jump in
a1 :23  b1: 87 bucket_id: 23 local_depth1: 7
a1 :23  b1: 87 bucket_id: 23 local_depth1: 7
a1 :87  b1: 87 bucket_id: 23 local_depth1: 7
jump in
111000101100110
111111100000000
getFreeBucket
bucket_id: 87
111111100000000getFreeKvSlot
insert
search
getFreeBucket
bucket_id: 88
111111111111111splitBucket
local_depth1: 6
getFreeSlot
getNewBucket
newbucket: 000000000000000
111111111111111
000000000000000
a1 :88  b1: 88 bucket_id: 24 local_depth1: 7
jump in
a1 :24  b1: 88 bucket_id: 24 local_depth1: 7
a1 :24  b1: 88 bucket_id: 24 local_depth1: 7
a1 :88  b1: 88 bucket_id: 24 local_depth1: 7
jump in
a1 :24  b1: 88 bucket_id: 24 local_depth1: 7
a1 :24  b1: 88 bucket_id: 24 local_depth1: 7
a1 :88  b1: 88 bucket_id: 24 local_depth1: 7
jump in
a1 :88  b1: 88 bucket_id: 24 local_depth1: 7
jump in
a1 :24  b1: 88 bucket_id: 24 local_depth1: 7
a1 :24  b1: 88 bucket_id: 24 local_depth1: 7
a1 :88  b1: 88 bucket_id: 24 local_depth1: 7
jump in
a1 :88  b1: 88 bucket_id: 24 local_depth1: 7
jump in
a1 :24  b1: 88 bucket_id: 24 local_depth1: 7
a1 :24  b1: 88 bucket_id: 24 local_depth1: 7
a1 :88  b1: 88 bucket_id: 24 local_depth1: 7
jump in
011011001100110
111111100000000
getFreeBucket
bucket_id: 88
111111100000000getFreeKvSlot
insert
search
getFreeBucket
bucket_id: 89
111111111111111splitBucket
local_depth1: 6
getFreeSlot
getNewBucket
newbucket: 000000000000000
111111111111111
000000000000000
a1 :89  b1: 89 bucket_id: 25 local_depth1: 7
jump in
a1 :25  b1: 89 bucket_id: 25 local_depth1: 7
a1 :25  b1: 89 bucket_id: 25 local_depth1: 7
a1 :89  b1: 89 bucket_id: 25 local_depth1: 7
jump in
a1 :25  b1: 89 bucket_id: 25 local_depth1: 7
a1 :25  b1: 89 bucket_id: 25 local_depth1: 7
a1 :89  b1: 89 bucket_id: 25 local_depth1: 7
jump in
a1 :89  b1: 89 bucket_id: 25 local_depth1: 7
jump in
a1 :25  b1: 89 bucket_id: 25 local_depth1: 7
a1 :25  b1: 89 bucket_id: 25 local_depth1: 7
a1 :89  b1: 89 bucket_id: 25 local_depth1: 7
jump in
a1 :89  b1: 89 bucket_id: 25 local_depth1: 7
jump in
a1 :25  b1: 89 bucket_id: 25 local_depth1: 7
a1 :25  b1: 89 bucket_id: 25 local_depth1: 7
a1 :89  b1: 89 bucket_id: 25 local_depth1: 7
jump in
011011001100110
111111100000000
getFreeBucket
bucket_id: 89
111111100000000getFreeKvSlot
insert
search
getFreeBucket
bucket_id: 90
111111111111111splitBucket
local_depth1: 6
getFreeSlot
getNewBucket
newbucket: 000000000000000
111111111111111
000000000000000
a1 :26  b1: 90 bucket_id: 26 local_depth1: 7
a1 :90  b1: 90 bucket_id: 26 local_depth1: 7
jump in
a1 :26  b1: 90 bucket_id: 26 local_depth1: 7
a1 :90  b1: 90 bucket_id: 26 local_depth1: 7
jump in
a1 :26  b1: 90 bucket_id: 26 local_depth1: 7
a1 :26  b1: 90 bucket_id: 26 local_depth1: 7
a1 :90  b1: 90 bucket_id: 26 local_depth1: 7
jump in
a1 :90  b1: 90 bucket_id: 26 local_depth1: 7
jump in
a1 :26  b1: 90 bucket_id: 26 local_depth1: 7
a1 :26  b1: 90 bucket_id: 26 local_depth1: 7
a1 :90  b1: 90 bucket_id: 26 local_depth1: 7
jump in
a1 :90  b1: 90 bucket_id: 26 local_depth1: 7
jump in
a1 :26  b1: 90 bucket_id: 26 local_depth1: 7
a1 :26  b1: 90 bucket_id: 26 local_depth1: 7
a1 :90  b1: 90 bucket_id: 26 local_depth1: 7
jump in
101011001100110
111111100000000
getFreeBucket
bucket_id: 90
111111100000000getFreeKvSlot
insert
search
getFreeBucket
bucket_id: 91
111111111111111splitBucket
local_depth1: 6
getFreeSlot
getNewBucket
newbucket: 000000000000000
111111111111111
000000000000000
a1 :27  b1: 91 bucket_id: 27 local_depth1: 7
a1 :91  b1: 91 bucket_id: 27 local_depth1: 7
jump in
a1 :27  b1: 91 bucket_id: 27 local_depth1: 7
a1 :91  b1: 91 bucket_id: 27 local_depth1: 7
jump in
a1 :27  b1: 91 bucket_id: 27 local_depth1: 7
a1 :27  b1: 91 bucket_id: 27 local_depth1: 7
a1 :91  b1: 91 bucket_id: 27 local_depth1: 7
jump in
a1 :91  b1: 91 bucket_id: 27 local_depth1: 7
jump in
a1 :27  b1: 91 bucket_id: 27 local_depth1: 7
a1 :27  b1: 91 bucket_id: 27 local_depth1: 7
a1 :91  b1: 91 bucket_id: 27 local_depth1: 7
jump in
a1 :91  b1: 91 bucket_id: 27 local_depth1: 7
jump in
a1 :27  b1: 91 bucket_id: 27 local_depth1: 7
a1 :27  b1: 91 bucket_id: 27 local_depth1: 7
a1 :91  b1: 91 bucket_id: 27 local_depth1: 7
jump in
101011001100110
111111100000000
getFreeBucket
bucket_id: 91
111111100000000getFreeKvSlot
insert
search
getFreeBucket
bucket_id: 92
111111111111111splitBucket
local_depth1: 6
getFreeSlot
getNewBucket
newbucket: 000000000000000
111111111111111
000000000000000
a1 :28  b1: 92 bucket_id: 28 local_depth1: 7
a1 :28  b1: 92 bucket_id: 28 local_depth1: 7
a1 :92  b1: 92 bucket_id: 28 local_depth1: 7
jump in
a1 :92  b1: 92 bucket_id: 28 local_depth1: 7
jump in
a1 :28  b1: 92 bucket_id: 28 local_depth1: 7
a1 :28  b1: 92 bucket_id: 28 local_depth1: 7
a1 :92  b1: 92 bucket_id: 28 local_depth1: 7
jump in
a1 :92  b1: 92 bucket_id: 28 local_depth1: 7
jump in
a1 :28  b1: 92 bucket_id: 28 local_depth1: 7
a1 :28  b1: 92 bucket_id: 28 local_depth1: 7
a1 :92  b1: 92 bucket_id: 28 local_depth1: 7
jump in
a1 :92  b1: 92 bucket_id: 28 local_depth1: 7
jump in
a1 :28  b1: 92 bucket_id: 28 local_depth1: 7
a1 :28  b1: 92 bucket_id: 28 local_depth1: 7
a1 :92  b1: 92 bucket_id: 28 local_depth1: 7
jump in
110011001100110
111111100000000
getFreeBucket
bucket_id: 92
111111100000000getFreeKvSlot
insert
search
getFreeBucket
bucket_id: 93
111111111111111splitBucket
local_depth1: 6
getFreeSlot
getNewBucket
newbucket: 000000000000000
111111111111111
000000000000000
a1 :29  b1: 93 bucket_id: 29 local_depth1: 7
a1 :29  b1: 93 bucket_id: 29 local_depth1: 7
a1 :93  b1: 93 bucket_id: 29 local_depth1: 7
jump in
a1 :93  b1: 93 bucket_id: 29 local_depth1: 7
jump in
a1 :29  b1: 93 bucket_id: 29 local_depth1: 7
a1 :29  b1: 93 bucket_id: 29 local_depth1: 7
a1 :93  b1: 93 bucket_id: 29 local_depth1: 7
jump in
a1 :93  b1: 93 bucket_id: 29 local_depth1: 7
jump in
a1 :29  b1: 93 bucket_id: 29 local_depth1: 7
a1 :29  b1: 93 bucket_id: 29 local_depth1: 7
a1 :93  b1: 93 bucket_id: 29 local_depth1: 7
jump in
a1 :93  b1: 93 bucket_id: 29 local_depth1: 7
jump in
a1 :29  b1: 93 bucket_id: 29 local_depth1: 7
a1 :29  b1: 93 bucket_id: 29 local_depth1: 7
a1 :93  b1: 93 bucket_id: 29 local_depth1: 7
jump in
110011001100110
111111100000000
getFreeBucket
bucket_id: 93
111111100000000getFreeKvSlot
insert
search
getFreeBucket
bucket_id: 94
111111111111111splitBucket
local_depth1: 6
getFreeSlot
getNewBucket
newbucket: 000000000000000
111111111111111
000000000000000
a1 :30  b1: 94 bucket_id: 30 local_depth1: 7
a1 :30  b1: 94 bucket_id: 30 local_depth1: 7
a1 :94  b1: 94 bucket_id: 30 local_depth1: 7
jump in
a1 :94  b1: 94 bucket_id: 30 local_depth1: 7
jump in
a1 :30  b1: 94 bucket_id: 30 local_depth1: 7
a1 :30  b1: 94 bucket_id: 30 local_depth1: 7
a1 :94  b1: 94 bucket_id: 30 local_depth1: 7
jump in
a1 :94  b1: 94 bucket_id: 30 local_depth1: 7
jump in
a1 :30  b1: 94 bucket_id: 30 local_depth1: 7
a1 :30  b1: 94 bucket_id: 30 local_depth1: 7
a1 :94  b1: 94 bucket_id: 30 local_depth1: 7
jump in
a1 :94  b1: 94 bucket_id: 30 local_depth1: 7
jump in
a1 :30  b1: 94 bucket_id: 30 local_depth1: 7
a1 :30  b1: 94 bucket_id: 30 local_depth1: 7
a1 :94  b1: 94 bucket_id: 30 local_depth1: 7
jump in
110011001100110
111111100000000
getFreeBucket
bucket_id: 94
111111100000000getFreeKvSlot
insert
search
getFreeBucket
bucket_id: 95
111111111111111splitBucket
local_depth1: 6
getFreeSlot
getNewBucket
newbucket: 000000000000000
111111111111111
000000000000000
a1 :31  b1: 95 bucket_id: 31 local_depth1: 7
a1 :31  b1: 95 bucket_id: 31 local_depth1: 7
a1 :95  b1: 95 bucket_id: 31 local_depth1: 7
jump in
a1 :95  b1: 95 bucket_id: 31 local_depth1: 7
jump in
a1 :31  b1: 95 bucket_id: 31 local_depth1: 7
a1 :31  b1: 95 bucket_id: 31 local_depth1: 7
a1 :95  b1: 95 bucket_id: 31 local_depth1: 7
jump in
a1 :95  b1: 95 bucket_id: 31 local_depth1: 7
jump in
a1 :31  b1: 95 bucket_id: 31 local_depth1: 7
a1 :31  b1: 95 bucket_id: 31 local_depth1: 7
a1 :95  b1: 95 bucket_id: 31 local_depth1: 7
jump in
a1 :95  b1: 95 bucket_id: 31 local_depth1: 7
jump in
a1 :31  b1: 95 bucket_id: 31 local_depth1: 7
a1 :31  b1: 95 bucket_id: 31 local_depth1: 7
a1 :95  b1: 95 bucket_id: 31 local_depth1: 7
jump in
110011001100110
111111100000000
getFreeBucket
bucket_id: 95
111111100000000getFreeKvSlot
insert
search
getFreeBucket
bucket_id: 96
111111111111111splitBucket
local_depth1: 6
getFreeSlot
getNewBucket
allocNewPage
2564104
newbucket: 000000000000000
111111111111111
000000000000000
a1 :32  b1: 96 bucket_id: 32 local_depth1: 7
a1 :32  b1: 96 bucket_id: 32 local_depth1: 7
a1 :32  b1: 96 bucket_id: 32 local_depth1: 7
a1 :96  b1: 96 bucket_id: 32 local_depth1: 7
jump in
a1 :96  b1: 96 bucket_id: 32 local_depth1: 7
jump in
a1 :32  b1: 96 bucket_id: 32 local_depth1: 7
a1 :96  b1: 96 bucket_id: 32 local_depth1: 7
jump in
a1 :96  b1: 96 bucket_id: 32 local_depth1: 7
jump in
a1 :32  b1: 96 bucket_id: 32 local_depth1: 7
a1 :96  b1: 96 bucket_id: 32 local_depth1: 7
jump in
a1 :32  b1: 96 bucket_id: 32 local_depth1: 7
a1 :96  b1: 96 bucket_id: 32 local_depth1: 7
jump in
a1 :32  b1: 96 bucket_id: 32 local_depth1: 7
a1 :96  b1: 96 bucket_id: 32 local_depth1: 7
jump in
a1 :32  b1: 96 bucket_id: 32 local_depth1: 7
111001001010101
111111100000000
getFreeBucket
bucket_id: 96
111111100000000getFreeKvSlot
insert
search
getFreeBucket
bucket_id: 97
111111111111111splitBucket
local_depth1: 6
getFreeSlot
getNewBucket
newbucket: 000000000000000
111111111111111
000000000000000
a1 :33  b1: 97 bucket_id: 33 local_depth1: 7
a1 :33  b1: 97 bucket_id: 33 local_depth1: 7
a1 :33  b1: 97 bucket_id: 33 local_depth1: 7
a1 :97  b1: 97 bucket_id: 33 local_depth1: 7
jump in
a1 :97  b1: 97 bucket_id: 33 local_depth1: 7
jump in
a1 :33  b1: 97 bucket_id: 33 local_depth1: 7
a1 :97  b1: 97 bucket_id: 33 local_depth1: 7
jump in
a1 :97  b1: 97 bucket_id: 33 local_depth1: 7
jump in
a1 :33  b1: 97 bucket_id: 33 local_depth1: 7
a1 :97  b1: 97 bucket_id: 33 local_depth1: 7
jump in
a1 :33  b1: 97 bucket_id: 33 local_depth1: 7
a1 :97  b1: 97 bucket_id: 33 local_depth1: 7
jump in
a1 :33  b1: 97 bucket_id: 33 local_depth1: 7
a1 :97  b1: 97 bucket_id: 33 local_depth1: 7
jump in
a1 :33  b1: 97 bucket_id: 33 local_depth1: 7
111001001010101
111111100000000
getFreeBucket
bucket_id: 97
111111100000000getFreeKvSlot
insert
search
getFreeBucket
bucket_id: 98
111111111111111splitBucket
local_depth1: 6
getFreeSlot
getNewBucket
newbucket: 000000000000000
111111111111111
000000000000000
a1 :34  b1: 98 bucket_id: 34 local_depth1: 7
a1 :34  b1: 98 bucket_id: 34 local_depth1: 7
a1 :98  b1: 98 bucket_id: 34 local_depth1: 7
jump in
a1 :34  b1: 98 bucket_id: 34 local_depth1: 7
a1 :98  b1: 98 bucket_id: 34 local_depth1: 7
jump in
a1 :34  b1: 98 bucket_id: 34 local_depth1: 7
a1 :98  b1: 98 bucket_id: 34 local_depth1: 7
jump in
a1 :98  b1: 98 bucket_id: 34 local_depth1: 7
jump in
a1 :34  b1: 98 bucket_id: 34 local_depth1: 7
a1 :98  b1: 98 bucket_id: 34 local_depth1: 7
jump in
a1 :34  b1: 98 bucket_id: 34 local_depth1: 7
a1 :98  b1: 98 bucket_id: 34 local_depth1: 7
jump in
a1 :34  b1: 98 bucket_id: 34 local_depth1: 7
a1 :98  b1: 98 bucket_id: 34 local_depth1: 7
jump in
a1 :34  b1: 98 bucket_id: 34 local_depth1: 7
110101001010101
111111100000000
getFreeBucket
bucket_id: 98
111111100000000getFreeKvSlot
insert
search
getFreeBucket
bucket_id: 99
111111111111111splitBucket
local_depth1: 6
getFreeSlot
getNewBucket
newbucket: 000000000000000
111111111111111
000000000000000
a1 :35  b1: 99 bucket_id: 35 local_depth1: 7
a1 :35  b1: 99 bucket_id: 35 local_depth1: 7
a1 :99  b1: 99 bucket_id: 35 local_depth1: 7
jump in
a1 :35  b1: 99 bucket_id: 35 local_depth1: 7
a1 :99  b1: 99 bucket_id: 35 local_depth1: 7
jump in
a1 :35  b1: 99 bucket_id: 35 local_depth1: 7
a1 :99  b1: 99 bucket_id: 35 local_depth1: 7
jump in
a1 :99  b1: 99 bucket_id: 35 local_depth1: 7
jump in
a1 :35  b1: 99 bucket_id: 35 local_depth1: 7
a1 :99  b1: 99 bucket_id: 35 local_depth1: 7
jump in
a1 :35  b1: 99 bucket_id: 35 local_depth1: 7
a1 :99  b1: 99 bucket_id: 35 local_depth1: 7
jump in
a1 :35  b1: 99 bucket_id: 35 local_depth1: 7
a1 :99  b1: 99 bucket_id: 35 local_depth1: 7
jump in
a1 :35  b1: 99 bucket_id: 35 local_depth1: 7
110101001010101
111111100000000
getFreeBucket
bucket_id: 99
111111100000000getFreeKvSlot
insert
search
getFreeBucket
bucket_id: 100
111111111111111splitBucket
local_depth1: 6
getFreeSlot
getNewBucket
newbucket: 000000000000000
111111111111111
000000000000000
a1 :36  b1: 100 bucket_id: 36 local_depth1: 7
a1 :36  b1: 100 bucket_id: 36 local_depth1: 7
a1 :36  b1: 100 bucket_id: 36 local_depth1: 7
a1 :100  b1: 100 bucket_id: 36 local_depth1: 7
jump in
a1 :36  b1: 100 bucket_id: 36 local_depth1: 7
a1 :100  b1: 100 bucket_id: 36 local_depth1: 7
jump in
a1 :100  b1: 100 bucket_id: 36 local_depth1: 7
jump in
a1 :100  b1: 100 bucket_id: 36 local_depth1: 7
jump in
a1 :36  b1: 100 bucket_id: 36 local_depth1: 7
a1 :100  b1: 100 bucket_id: 36 local_depth1: 7
jump in
a1 :36  b1: 100 bucket_id: 36 local_depth1: 7
a1 :100  b1: 100 bucket_id: 36 local_depth1: 7
jump in
a1 :36  b1: 100 bucket_id: 36 local_depth1: 7
a1 :100  b1: 100 bucket_id: 36 local_depth1: 7
jump in
a1 :36  b1: 100 bucket_id: 36 local_depth1: 7
111010001010101
111111100000000
getFreeBucket
bucket_id: 100
111111100000000getFreeKvSlot
insert
search
getFreeBucket
bucket_id: 101
111111111111111splitBucket
local_depth1: 6
getFreeSlot
getNewBucket
newbucket: 000000000000000
111111111111111
000000000000000
a1 :37  b1: 101 bucket_id: 37 local_depth1: 7
a1 :37  b1: 101 bucket_id: 37 local_depth1: 7
a1 :37  b1: 101 bucket_id: 37 local_depth1: 7
a1 :101  b1: 101 bucket_id: 37 local_depth1: 7
jump in
a1 :37  b1: 101 bucket_id: 37 local_depth1: 7
a1 :101  b1: 101 bucket_id: 37 local_depth1: 7
jump in
a1 :101  b1: 101 bucket_id: 37 local_depth1: 7
jump in
a1 :101  b1: 101 bucket_id: 37 local_depth1: 7
jump in
a1 :37  b1: 101 bucket_id: 37 local_depth1: 7
a1 :101  b1: 101 bucket_id: 37 local_depth1: 7
jump in
a1 :37  b1: 101 bucket_id: 37 local_depth1: 7
a1 :101  b1: 101 bucket_id: 37 local_depth1: 7
jump in
a1 :37  b1: 101 bucket_id: 37 local_depth1: 7
a1 :101  b1: 101 bucket_id: 37 local_depth1: 7
jump in
a1 :37  b1: 101 bucket_id: 37 local_depth1: 7
111010001010101
111111100000000
getFreeBucket
bucket_id: 101
111111100000000getFreeKvSlot
insert
search
getFreeBucket
bucket_id: 102
111111111111111splitBucket
local_depth1: 6
getFreeSlot
getNewBucket
newbucket: 000000000000000
111111111111111
000000000000000
a1 :38  b1: 102 bucket_id: 38 local_depth1: 7
a1 :38  b1: 102 bucket_id: 38 local_depth1: 7
a1 :38  b1: 102 bucket_id: 38 local_depth1: 7
a1 :102  b1: 102 bucket_id: 38 local_depth1: 7
jump in
a1 :38  b1: 102 bucket_id: 38 local_depth1: 7
a1 :102  b1: 102 bucket_id: 38 local_depth1: 7
jump in
a1 :102  b1: 102 bucket_id: 38 local_depth1: 7
jump in
a1 :102  b1: 102 bucket_id: 38 local_depth1: 7
jump in
a1 :38  b1: 102 bucket_id: 38 local_depth1: 7
a1 :102  b1: 102 bucket_id: 38 local_depth1: 7
jump in
a1 :38  b1: 102 bucket_id: 38 local_depth1: 7
a1 :102  b1: 102 bucket_id: 38 local_depth1: 7
jump in
a1 :38  b1: 102 bucket_id: 38 local_depth1: 7
a1 :102  b1: 102 bucket_id: 38 local_depth1: 7
jump in
a1 :38  b1: 102 bucket_id: 38 local_depth1: 7
111010001010101
111111100000000
getFreeBucket
bucket_id: 102
111111100000000getFreeKvSlot
insert
search
getFreeBucket
bucket_id: 103
111111111111111splitBucket
local_depth1: 6
getFreeSlot
getNewBucket
newbucket: 000000000000000
111111111111111
000000000000000
a1 :39  b1: 103 bucket_id: 39 local_depth1: 7
a1 :39  b1: 103 bucket_id: 39 local_depth1: 7
a1 :39  b1: 103 bucket_id: 39 local_depth1: 7
a1 :103  b1: 103 bucket_id: 39 local_depth1: 7
jump in
a1 :39  b1: 103 bucket_id: 39 local_depth1: 7
a1 :103  b1: 103 bucket_id: 39 local_depth1: 7
jump in
a1 :103  b1: 103 bucket_id: 39 local_depth1: 7
jump in
a1 :103  b1: 103 bucket_id: 39 local_depth1: 7
jump in
a1 :39  b1: 103 bucket_id: 39 local_depth1: 7
a1 :103  b1: 103 bucket_id: 39 local_depth1: 7
jump in
a1 :39  b1: 103 bucket_id: 39 local_depth1: 7
a1 :103  b1: 103 bucket_id: 39 local_depth1: 7
jump in
a1 :39  b1: 103 bucket_id: 39 local_depth1: 7
a1 :103  b1: 103 bucket_id: 39 local_depth1: 7
jump in
a1 :39  b1: 103 bucket_id: 39 local_depth1: 7
111010001010101
111111100000000
getFreeBucket
bucket_id: 103
111111100000000getFreeKvSlot
insert
search
search
search
search
search
search
search
search
search
search
search
search
search
search
search
search
search
search
search
search
search
search
search
search
search
search
search
search
search
search
search
search
search
search
search
search
search
search
search
search
search
search
search
search
search
search
search
search
search
search
search
search
search
search
search
search
search
search
search
search
search
search
search
search
search
search
search
search
search
search
search
search
search
search
search
search
search
search
search
search
search
search
search
search
search
search
search
search
search
search
search
search
search
search
search
search
search
search
search
search
search
search
search
search
search
search
search
search
search
search
search
search
search
search
search
search
search
search
search
search
search
search
search
search
search
search
search
search
search
search
search
search
search
search
search
search
search
search
search
search
search
search
search
search
search
search
search
search
search
search
search
search
search
search
search
search
search
search
search
search
search
search
search
search
search
search
search
search
search
search
search
search
search
search
search
search
search
search
search
search
search
search
search
search
search
search
search
search
search
search
search
search
search
search
search
search
search
search
search
search
search
search
search
search
search
search
search
search
search
search
search
search
search
search
search
search
search
search
search
search
search
search
search
search
search
search
search
search
search
search
search
search
search
search
search
search
search
search
search
search
search
search
search
search
search
search
search
search
search
search
search
search
search
search
search
search
search
search
search
search
search
search
search
search
search
search
search
search
search
search
search
search
search
search
search
search
search
search
search
search
search
search
search
search
search
search
search
search
search
search
search
search
search
search
search
search
search
search
search
search
search
search
search
search
search
search
search
search
search
search
search
search
search
search
search
search
search
search
search
search
search
search
search
search
search
search
search
search
search
search
search
search
search
search
search
search
search
search
search
search
search
search
search
search
search
search
search
search
search
search
search
search
search
search
search
search
search
search
search
search
search
search
search
search
search
search
search
search
search
search
search
search
search
search
search
search
search
search
search
search
search
search
search
search
search
search
search
search
search
search
search
search
search
search
search
search
search
search
search
search
search
search
search
search
search
search
search
search
search
search
search
search
search
search
search
search
search
search
search
search
search
search
search
search
search
search
search
search
search
search
search
search
search
search
search
search
search
search
search
search
search
search
search
search
search
search
search
search
search
search
search
search
search
search
search
search
search
search
search
search
search
search
search
search
search
search
search
search
search
search
search
search
search
search
search
search
search
search
search
search
search
search
search
search
search
search
search
search
search
search
search
search
search
search
search
search
search
search
search
search
search
search
search
search
search
search
search
search
search
search
search
search
search
search
search
search
search
search
search
search
search
search
search
search
search
search
search
search
search
search
search
search
search
search
search
search
search
search
search
search
search
search
search
search
search
search
search
search
search
search
search
search
search
search
search
search
search
search
search
search
search
search
search
search
search
search
search
search
search
search
search
search
search
search
search
search
search
search
search
search
search
search
search
search
search
search
search
search
search
search
search
search
search
search
search
search
search
search
search
search
search
search
search
search
search
search
search
search
search
search
search
search
search
search
search
search
search
search
search
search
search
search
search
search
search
search
search
search
search
search
search
search
search
search
search
search
search
search
search
search
search
search
search
search
search
search
search
search
search
search
search
search
search
search
search
search
search
search
search
search
search
search
search
search
search
search
search
search
search
search
search
search
search
search
search
search
search
search
search
search
search
search
search
search
search
search
search
search
search
search
search
search
search
search
search
search
search
search
search
search
search
search
search
search
search
search
search
search
search
search
search
search
search
search
search
search
search
search
search
search
search
search
search
search
search
search
search
search
search
search
search
search
search
search
search
search
search
search
search
search
search
search
search
search
search
search
search
search
search
search
search
search
search
search
search
search
search
search
search
search
search
search
search
search
search
search
search
search
search
search
search
search
search
search
search
search
search
search
search
search
search
search
search
search
search
search
search
search
search
search
search
search
search
search
search
search
search
search
search
search
search
search
search
search
search
search
search
search
search
search
search
search
search
search
search
search
search
search
search
search
search
search
search
search
search
search
search
search
search
search
search
search
search
search
search
search
search
search
search
search
search
search
search
search
search
search
search
search
search
search
search
search
search
search
search
search
search
search
search
search
search
search
search
search
search
search
search
search
search
search
search
search
search
search
search
search
search
search
search
search
search
search
search
search
search
search
search
search
search
search
search
search
search
search
search
search
search
search
search
search
search
search
search
search
search
search
search
search
search
search
search
search
search
search
search
search
search
search
search
search
search
search
search
search
search
search
search
search
search
search
search
search
search
search
search
search
search
search
search
search
search
search
search
search
search
search
search
search
search
search
search
search
search
search
search
search
search
search
search
search
search
search
search
search
search
search
search
search
search
search
search
search
search
search
search
search
search
search
search
search
search
search
search
search
search
search
search
search
search
search
search
search
search
search
search
search
search
search
search
search
search
search
selfDestory
[       OK ] InsertTest.MultipleInsert (56 ms)
[----------] 3 tests from InsertTest (68 ms total)

[----------] 3 tests from UpdateTest
[ RUN      ] UpdateTest.SingleUpdate
PmEHash
getNewBucket
allocNewPage
2564104
newbucket: 000000000000000
getNewBucket
newbucket: 000000000000000
insert
search
getFreeBucket
bucket_id: 1
000000000000000getFreeKvSlot
update
search
jump in
kv_pair: 12
slot: 11
kv_pair: 12
slot: 12
update
search
selfDestory
[       OK ] UpdateTest.SingleUpdate (3 ms)
[ RUN      ] UpdateTest.MultipleUpdate1
PmEHash
getNewBucket
allocNewPage
2564104
newbucket: 000000000000000
getNewBucket
newbucket: 000000000000000
insert
search
getFreeBucket
bucket_id: 0
000000000000000getFreeKvSlot
insert
search
getFreeBucket
bucket_id: 1
000000000000000getFreeKvSlot
insert
search
getFreeBucket
bucket_id: 2
100000000000000getFreeKvSlot
insert
search
getFreeBucket
bucket_id: 3
100000000000000getFreeKvSlot
insert
search
getFreeBucket
bucket_id: 4
110000000000000getFreeKvSlot
insert
search
getFreeBucket
bucket_id: 5
110000000000000getFreeKvSlot
insert
search
getFreeBucket
bucket_id: 6
111000000000000getFreeKvSlot
insert
search
getFreeBucket
bucket_id: 7
111000000000000getFreeKvSlot
insert
search
getFreeBucket
bucket_id: 8
111100000000000getFreeKvSlot
insert
search
getFreeBucket
bucket_id: 9
111100000000000getFreeKvSlot
insert
search
getFreeBucket
bucket_id: 10
111110000000000getFreeKvSlot
insert
search
getFreeBucket
bucket_id: 11
111110000000000getFreeKvSlot
insert
search
getFreeBucket
bucket_id: 12
111111000000000getFreeKvSlot
insert
search
getFreeBucket
bucket_id: 13
111111000000000getFreeKvSlot
insert
search
getFreeBucket
bucket_id: 14
111111100000000getFreeKvSlot
insert
search
getFreeBucket
bucket_id: 15
111111100000000getFreeKvSlot
insert
search
getFreeBucket
bucket_id: 0
111111110000000getFreeKvSlot
insert
search
getFreeBucket
bucket_id: 1
111111110000000getFreeKvSlot
insert
search
getFreeBucket
bucket_id: 2
111111111000000getFreeKvSlot
insert
search
getFreeBucket
bucket_id: 3
111111111000000getFreeKvSlot
insert
search
getFreeBucket
bucket_id: 4
111111111100000getFreeKvSlot
insert
search
getFreeBucket
bucket_id: 5
111111111100000getFreeKvSlot
insert
search
getFreeBucket
bucket_id: 6
111111111110000getFreeKvSlot
insert
search
getFreeBucket
bucket_id: 7
111111111110000getFreeKvSlot
insert
search
getFreeBucket
bucket_id: 8
111111111111000getFreeKvSlot
insert
search
getFreeBucket
bucket_id: 9
111111111111000getFreeKvSlot
insert
search
getFreeBucket
bucket_id: 10
111111111111100getFreeKvSlot
insert
search
getFreeBucket
bucket_id: 11
111111111111100getFreeKvSlot
insert
search
getFreeBucket
bucket_id: 12
111111111111110getFreeKvSlot
insert
search
getFreeBucket
bucket_id: 13
111111111111110getFreeKvSlot
insert
search
getFreeBucket
bucket_id: 14
111111111111111splitBucket
local_depth1: 1
getFreeSlot
getNewBucket
newbucket: 000000000000000
111111111111111
000000000000000
a1 :0  b1: 2 bucket_id: 0 local_depth1: 2
a1 :2  b1: 2 bucket_id: 0 local_depth1: 2
jump in
a1 :0  b1: 2 bucket_id: 0 local_depth1: 2
a1 :2  b1: 2 bucket_id: 0 local_depth1: 2
jump in
a1 :0  b1: 2 bucket_id: 0 local_depth1: 2
a1 :2  b1: 2 bucket_id: 0 local_depth1: 2
jump in
a1 :0  b1: 2 bucket_id: 0 local_depth1: 2
a1 :2  b1: 2 bucket_id: 0 local_depth1: 2
jump in
a1 :0  b1: 2 bucket_id: 0 local_depth1: 2
a1 :2  b1: 2 bucket_id: 0 local_depth1: 2
jump in
a1 :0  b1: 2 bucket_id: 0 local_depth1: 2
a1 :2  b1: 2 bucket_id: 0 local_depth1: 2
jump in
a1 :0  b1: 2 bucket_id: 0 local_depth1: 2
a1 :2  b1: 2 bucket_id: 0 local_depth1: 2
jump in
a1 :0  b1: 2 bucket_id: 0 local_depth1: 2
101010101010101
111111100000000
getFreeBucket
bucket_id: 14
111111100000000getFreeKvSlot
insert
search
getFreeBucket
bucket_id: 15
111111111111111splitBucket
local_depth1: 1
getFreeSlot
getNewBucket
newbucket: 000000000000000
111111111111111
000000000000000
a1 :1  b1: 3 bucket_id: 1 local_depth1: 2
a1 :3  b1: 3 bucket_id: 1 local_depth1: 2
jump in
a1 :1  b1: 3 bucket_id: 1 local_depth1: 2
a1 :3  b1: 3 bucket_id: 1 local_depth1: 2
jump in
a1 :1  b1: 3 bucket_id: 1 local_depth1: 2
a1 :3  b1: 3 bucket_id: 1 local_depth1: 2
jump in
a1 :1  b1: 3 bucket_id: 1 local_depth1: 2
a1 :3  b1: 3 bucket_id: 1 local_depth1: 2
jump in
a1 :1  b1: 3 bucket_id: 1 local_depth1: 2
a1 :3  b1: 3 bucket_id: 1 local_depth1: 2
jump in
a1 :1  b1: 3 bucket_id: 1 local_depth1: 2
a1 :3  b1: 3 bucket_id: 1 local_depth1: 2
jump in
a1 :1  b1: 3 bucket_id: 1 local_depth1: 2
a1 :3  b1: 3 bucket_id: 1 local_depth1: 2
jump in
a1 :1  b1: 3 bucket_id: 1 local_depth1: 2
101010101010101
111111100000000
getFreeBucket
bucket_id: 15
111111100000000getFreeKvSlot
insert
search
getFreeBucket
bucket_id: 0
101010101010101getFreeKvSlot
insert
search
getFreeBucket
bucket_id: 1
101010101010101getFreeKvSlot
insert
search
getFreeBucket
bucket_id: 2
111111110000000getFreeKvSlot
insert
search
getFreeBucket
bucket_id: 3
111111110000000getFreeKvSlot
insert
search
getFreeBucket
bucket_id: 4
111010101010101getFreeKvSlot
insert
search
getFreeBucket
bucket_id: 5
111010101010101getFreeKvSlot
insert
search
getFreeBucket
bucket_id: 6
111111111000000getFreeKvSlot
insert
search
getFreeBucket
bucket_id: 7
111111111000000getFreeKvSlot
insert
search
getFreeBucket
bucket_id: 8
111110101010101getFreeKvSlot
insert
search
getFreeBucket
bucket_id: 9
111110101010101getFreeKvSlot
insert
search
getFreeBucket
bucket_id: 10
111111111100000getFreeKvSlot
insert
search
getFreeBucket
bucket_id: 11
111111111100000getFreeKvSlot
insert
search
getFreeBucket
bucket_id: 12
111111101010101getFreeKvSlot
insert
search
getFreeBucket
bucket_id: 13
111111101010101getFreeKvSlot
insert
search
getFreeBucket
bucket_id: 14
111111111110000getFreeKvSlot
insert
search
getFreeBucket
bucket_id: 15
111111111110000getFreeKvSlot
insert
search
getFreeBucket
bucket_id: 0
111111111010101getFreeKvSlot
insert
search
getFreeBucket
bucket_id: 1
111111111010101getFreeKvSlot
insert
search
getFreeBucket
bucket_id: 2
111111111111000getFreeKvSlot
insert
search
getFreeBucket
bucket_id: 3
111111111111000getFreeKvSlot
insert
search
getFreeBucket
bucket_id: 4
111111111110101getFreeKvSlot
insert
search
getFreeBucket
bucket_id: 5
111111111110101getFreeKvSlot
insert
search
getFreeBucket
bucket_id: 6
111111111111100getFreeKvSlot
insert
search
getFreeBucket
bucket_id: 7
111111111111100getFreeKvSlot
insert
search
getFreeBucket
bucket_id: 8
111111111111101getFreeKvSlot
insert
search
getFreeBucket
bucket_id: 9
111111111111101getFreeKvSlot
insert
search
getFreeBucket
bucket_id: 10
111111111111110getFreeKvSlot
insert
search
getFreeBucket
bucket_id: 11
111111111111110getFreeKvSlot
insert
search
getFreeBucket
bucket_id: 12
111111111111111splitBucket
local_depth1: 2
getFreeSlot
getNewBucket
newbucket: 000000000000000
111111111111111
000000000000000
a1 :0  b1: 4 bucket_id: 0 local_depth1: 3
a1 :0  b1: 4 bucket_id: 0 local_depth1: 3
a1 :4  b1: 4 bucket_id: 0 local_depth1: 3
jump in
a1 :4  b1: 4 bucket_id: 0 local_depth1: 3
jump in
a1 :0  b1: 4 bucket_id: 0 local_depth1: 3
a1 :0  b1: 4 bucket_id: 0 local_depth1: 3
a1 :4  b1: 4 bucket_id: 0 local_depth1: 3
jump in
a1 :4  b1: 4 bucket_id: 0 local_depth1: 3
jump in
a1 :0  b1: 4 bucket_id: 0 local_depth1: 3
a1 :0  b1: 4 bucket_id: 0 local_depth1: 3
a1 :4  b1: 4 bucket_id: 0 local_depth1: 3
jump in
a1 :4  b1: 4 bucket_id: 0 local_depth1: 3
jump in
a1 :0  b1: 4 bucket_id: 0 local_depth1: 3
a1 :0  b1: 4 bucket_id: 0 local_depth1: 3
a1 :4  b1: 4 bucket_id: 0 local_depth1: 3
jump in
110011001100110
111111100000000
getFreeBucket
bucket_id: 12
111111100000000getFreeKvSlot
insert
search
getFreeBucket
bucket_id: 13
111111111111111splitBucket
local_depth1: 2
getFreeSlot
getNewBucket
newbucket: 000000000000000
111111111111111
000000000000000
a1 :1  b1: 5 bucket_id: 1 local_depth1: 3
a1 :1  b1: 5 bucket_id: 1 local_depth1: 3
a1 :5  b1: 5 bucket_id: 1 local_depth1: 3
jump in
a1 :5  b1: 5 bucket_id: 1 local_depth1: 3
jump in
a1 :1  b1: 5 bucket_id: 1 local_depth1: 3
a1 :1  b1: 5 bucket_id: 1 local_depth1: 3
a1 :5  b1: 5 bucket_id: 1 local_depth1: 3
jump in
a1 :5  b1: 5 bucket_id: 1 local_depth1: 3
jump in
a1 :1  b1: 5 bucket_id: 1 local_depth1: 3
a1 :1  b1: 5 bucket_id: 1 local_depth1: 3
a1 :5  b1: 5 bucket_id: 1 local_depth1: 3
jump in
a1 :5  b1: 5 bucket_id: 1 local_depth1: 3
jump in
a1 :1  b1: 5 bucket_id: 1 local_depth1: 3
a1 :1  b1: 5 bucket_id: 1 local_depth1: 3
a1 :5  b1: 5 bucket_id: 1 local_depth1: 3
jump in
110011001100110
111111100000000
getFreeBucket
bucket_id: 13
111111100000000getFreeKvSlot
insert
search
getFreeBucket
bucket_id: 14
111111111111111splitBucket
local_depth1: 2
getFreeSlot
getNewBucket
newbucket: 000000000000000
111111111111111
000000000000000
a1 :2  b1: 6 bucket_id: 2 local_depth1: 3
a1 :6  b1: 6 bucket_id: 2 local_depth1: 3
jump in
a1 :2  b1: 6 bucket_id: 2 local_depth1: 3
a1 :6  b1: 6 bucket_id: 2 local_depth1: 3
jump in
a1 :2  b1: 6 bucket_id: 2 local_depth1: 3
a1 :6  b1: 6 bucket_id: 2 local_depth1: 3
jump in
a1 :2  b1: 6 bucket_id: 2 local_depth1: 3
a1 :6  b1: 6 bucket_id: 2 local_depth1: 3
jump in
a1 :2  b1: 6 bucket_id: 2 local_depth1: 3
a1 :6  b1: 6 bucket_id: 2 local_depth1: 3
jump in
a1 :2  b1: 6 bucket_id: 2 local_depth1: 3
a1 :6  b1: 6 bucket_id: 2 local_depth1: 3
jump in
a1 :2  b1: 6 bucket_id: 2 local_depth1: 3
a1 :6  b1: 6 bucket_id: 2 local_depth1: 3
jump in
a1 :2  b1: 6 bucket_id: 2 local_depth1: 3
101010101010101
111111100000000
getFreeBucket
bucket_id: 14
111111100000000getFreeKvSlot
insert
search
getFreeBucket
bucket_id: 15
111111111111111splitBucket
local_depth1: 2
getFreeSlot
getNewBucket
newbucket: 000000000000000
111111111111111
000000000000000
a1 :3  b1: 7 bucket_id: 3 local_depth1: 3
a1 :7  b1: 7 bucket_id: 3 local_depth1: 3
jump in
a1 :3  b1: 7 bucket_id: 3 local_depth1: 3
a1 :7  b1: 7 bucket_id: 3 local_depth1: 3
jump in
a1 :3  b1: 7 bucket_id: 3 local_depth1: 3
a1 :7  b1: 7 bucket_id: 3 local_depth1: 3
jump in
a1 :3  b1: 7 bucket_id: 3 local_depth1: 3
a1 :7  b1: 7 bucket_id: 3 local_depth1: 3
jump in
a1 :3  b1: 7 bucket_id: 3 local_depth1: 3
a1 :7  b1: 7 bucket_id: 3 local_depth1: 3
jump in
a1 :3  b1: 7 bucket_id: 3 local_depth1: 3
a1 :7  b1: 7 bucket_id: 3 local_depth1: 3
jump in
a1 :3  b1: 7 bucket_id: 3 local_depth1: 3
a1 :7  b1: 7 bucket_id: 3 local_depth1: 3
jump in
a1 :3  b1: 7 bucket_id: 3 local_depth1: 3
101010101010101
111111100000000
getFreeBucket
bucket_id: 15
111111100000000getFreeKvSlot
insert
search
getFreeBucket
bucket_id: 0
110011001100110getFreeKvSlot
insert
search
getFreeBucket
bucket_id: 1
110011001100110getFreeKvSlot
insert
search
getFreeBucket
bucket_id: 2
101010101010101getFreeKvSlot
insert
search
getFreeBucket
bucket_id: 3
101010101010101getFreeKvSlot
insert
search
getFreeBucket
bucket_id: 4
111111110000000getFreeKvSlot
insert
search
getFreeBucket
bucket_id: 5
111111110000000getFreeKvSlot
insert
search
getFreeBucket
bucket_id: 6
111111110000000getFreeKvSlot
insert
search
getFreeBucket
bucket_id: 7
111111110000000getFreeKvSlot
insert
search
getFreeBucket
bucket_id: 8
111011001100110getFreeKvSlot
insert
search
getFreeBucket
bucket_id: 9
111011001100110getFreeKvSlot
insert
search
getFreeBucket
bucket_id: 10
111010101010101getFreeKvSlot
insert
search
getFreeBucket
bucket_id: 11
111010101010101getFreeKvSlot
insert
search
getFreeBucket
bucket_id: 12
111111111000000getFreeKvSlot
insert
search
getFreeBucket
bucket_id: 13
111111111000000getFreeKvSlot
insert
search
getFreeBucket
bucket_id: 14
111111111000000getFreeKvSlot
insert
search
getFreeBucket
bucket_id: 15
111111111000000getFreeKvSlot
insert
search
getFreeBucket
bucket_id: 0
111111001100110getFreeKvSlot
insert
search
getFreeBucket
bucket_id: 1
111111001100110getFreeKvSlot
insert
search
getFreeBucket
bucket_id: 2
111110101010101getFreeKvSlot
insert
search
getFreeBucket
bucket_id: 3
111110101010101getFreeKvSlot
insert
search
getFreeBucket
bucket_id: 4
111111111100000getFreeKvSlot
insert
search
getFreeBucket
bucket_id: 5
111111111100000getFreeKvSlot
insert
search
getFreeBucket
bucket_id: 6
111111111100000getFreeKvSlot
insert
search
getFreeBucket
bucket_id: 7
111111111100000getFreeKvSlot
insert
search
getFreeBucket
bucket_id: 8
111111101100110getFreeKvSlot
insert
search
getFreeBucket
bucket_id: 9
111111101100110getFreeKvSlot
insert
search
getFreeBucket
bucket_id: 10
111111101010101getFreeKvSlot
insert
search
getFreeBucket
bucket_id: 11
111111101010101getFreeKvSlot
insert
search
getFreeBucket
bucket_id: 12
111111111110000getFreeKvSlot
insert
search
getFreeBucket
bucket_id: 13
111111111110000getFreeKvSlot
insert
search
getFreeBucket
bucket_id: 14
111111111110000getFreeKvSlot
insert
search
getFreeBucket
bucket_id: 15
111111111110000getFreeKvSlot
insert
search
getFreeBucket
bucket_id: 0
111111111100110getFreeKvSlot
insert
search
getFreeBucket
bucket_id: 1
111111111100110getFreeKvSlot
insert
search
getFreeBucket
bucket_id: 2
111111111010101getFreeKvSlot
insert
search
getFreeBucket
bucket_id: 3
111111111010101getFreeKvSlot
insert
search
getFreeBucket
bucket_id: 4
111111111111000getFreeKvSlot
insert
search
getFreeBucket
bucket_id: 5
111111111111000getFreeKvSlot
insert
search
getFreeBucket
bucket_id: 6
111111111111000getFreeKvSlot
insert
search
getFreeBucket
bucket_id: 7
111111111111000getFreeKvSlot
insert
search
getFreeBucket
bucket_id: 8
111111111110110getFreeKvSlot
insert
search
getFreeBucket
bucket_id: 9
111111111110110getFreeKvSlot
insert
search
getFreeBucket
bucket_id: 10
111111111110101getFreeKvSlot
insert
search
getFreeBucket
bucket_id: 11
111111111110101getFreeKvSlot
insert
search
getFreeBucket
bucket_id: 12
111111111111100getFreeKvSlot
insert
search
getFreeBucket
bucket_id: 13
111111111111100getFreeKvSlot
insert
search
getFreeBucket
bucket_id: 14
111111111111100getFreeKvSlot
insert
search
getFreeBucket
bucket_id: 15
111111111111100getFreeKvSlot
insert
search
getFreeBucket
bucket_id: 0
111111111111110getFreeKvSlot
insert
search
getFreeBucket
bucket_id: 1
111111111111110getFreeKvSlot
insert
search
getFreeBucket
bucket_id: 2
111111111111101getFreeKvSlot
insert
search
getFreeBucket
bucket_id: 3
111111111111101getFreeKvSlot
insert
search
getFreeBucket
bucket_id: 4
111111111111110getFreeKvSlot
insert
search
getFreeBucket
bucket_id: 5
111111111111110getFreeKvSlot
insert
search
getFreeBucket
bucket_id: 6
111111111111110getFreeKvSlot
insert
search
getFreeBucket
bucket_id: 7
111111111111110getFreeKvSlot
insert
search
getFreeBucket
bucket_id: 8
111111111111111splitBucket
local_depth1: 3
getFreeSlot
getNewBucket
newbucket: 000000000000000
111111111111111
000000000000000
a1 :0  b1: 8 bucket_id: 0 local_depth1: 4
a1 :0  b1: 8 bucket_id: 0 local_depth1: 4
a1 :0  b1: 8 bucket_id: 0 local_depth1: 4
a1 :8  b1: 8 bucket_id: 0 local_depth1: 4
jump in
a1 :8  b1: 8 bucket_id: 0 local_depth1: 4
jump in
a1 :8  b1: 8 bucket_id: 0 local_depth1: 4
jump in
a1 :0  b1: 8 bucket_id: 0 local_depth1: 4
a1 :8  b1: 8 bucket_id: 0 local_depth1: 4
jump in
a1 :0  b1: 8 bucket_id: 0 local_depth1: 4
a1 :0  b1: 8 bucket_id: 0 local_depth1: 4
a1 :0  b1: 8 bucket_id: 0 local_depth1: 4
a1 :8  b1: 8 bucket_id: 0 local_depth1: 4
jump in
a1 :8  b1: 8 bucket_id: 0 local_depth1: 4
jump in
a1 :8  b1: 8 bucket_id: 0 local_depth1: 4
jump in
a1 :0  b1: 8 bucket_id: 0 local_depth1: 4
111000101110001
111111100000000
getFreeBucket
bucket_id: 8
111111100000000getFreeKvSlot
insert
search
getFreeBucket
bucket_id: 9
111111111111111splitBucket
local_depth1: 3
getFreeSlot
getNewBucket
newbucket: 000000000000000
111111111111111
000000000000000
a1 :1  b1: 9 bucket_id: 1 local_depth1: 4
a1 :1  b1: 9 bucket_id: 1 local_depth1: 4
a1 :1  b1: 9 bucket_id: 1 local_depth1: 4
a1 :9  b1: 9 bucket_id: 1 local_depth1: 4
jump in
a1 :9  b1: 9 bucket_id: 1 local_depth1: 4
jump in
a1 :9  b1: 9 bucket_id: 1 local_depth1: 4
jump in
a1 :1  b1: 9 bucket_id: 1 local_depth1: 4
a1 :9  b1: 9 bucket_id: 1 local_depth1: 4
jump in
a1 :1  b1: 9 bucket_id: 1 local_depth1: 4
a1 :1  b1: 9 bucket_id: 1 local_depth1: 4
a1 :1  b1: 9 bucket_id: 1 local_depth1: 4
a1 :9  b1: 9 bucket_id: 1 local_depth1: 4
jump in
a1 :9  b1: 9 bucket_id: 1 local_depth1: 4
jump in
a1 :9  b1: 9 bucket_id: 1 local_depth1: 4
jump in
a1 :1  b1: 9 bucket_id: 1 local_depth1: 4
111000101110001
111111100000000
getFreeBucket
bucket_id: 9
111111100000000getFreeKvSlot
insert
search
getFreeBucket
bucket_id: 10
111111111111111splitBucket
local_depth1: 3
getFreeSlot
getNewBucket
newbucket: 000000000000000
111111111111111
000000000000000
a1 :2  b1: 10 bucket_id: 2 local_depth1: 4
a1 :2  b1: 10 bucket_id: 2 local_depth1: 4
a1 :10  b1: 10 bucket_id: 2 local_depth1: 4
jump in
a1 :10  b1: 10 bucket_id: 2 local_depth1: 4
jump in
a1 :2  b1: 10 bucket_id: 2 local_depth1: 4
a1 :2  b1: 10 bucket_id: 2 local_depth1: 4
a1 :10  b1: 10 bucket_id: 2 local_depth1: 4
jump in
a1 :10  b1: 10 bucket_id: 2 local_depth1: 4
jump in
a1 :2  b1: 10 bucket_id: 2 local_depth1: 4
a1 :2  b1: 10 bucket_id: 2 local_depth1: 4
a1 :10  b1: 10 bucket_id: 2 local_depth1: 4
jump in
a1 :10  b1: 10 bucket_id: 2 local_depth1: 4
jump in
a1 :2  b1: 10 bucket_id: 2 local_depth1: 4
a1 :2  b1: 10 bucket_id: 2 local_depth1: 4
a1 :10  b1: 10 bucket_id: 2 local_depth1: 4
jump in
110011001100110
111111100000000
getFreeBucket
bucket_id: 10
111111100000000getFreeKvSlot
insert
search
getFreeBucket
bucket_id: 11
111111111111111splitBucket
local_depth1: 3
getFreeSlot
getNewBucket
newbucket: 000000000000000
111111111111111
000000000000000
a1 :3  b1: 11 bucket_id: 3 local_depth1: 4
a1 :3  b1: 11 bucket_id: 3 local_depth1: 4
a1 :11  b1: 11 bucket_id: 3 local_depth1: 4
jump in
a1 :11  b1: 11 bucket_id: 3 local_depth1: 4
jump in
a1 :3  b1: 11 bucket_id: 3 local_depth1: 4
a1 :3  b1: 11 bucket_id: 3 local_depth1: 4
a1 :11  b1: 11 bucket_id: 3 local_depth1: 4
jump in
a1 :11  b1: 11 bucket_id: 3 local_depth1: 4
jump in
a1 :3  b1: 11 bucket_id: 3 local_depth1: 4
a1 :3  b1: 11 bucket_id: 3 local_depth1: 4
a1 :11  b1: 11 bucket_id: 3 local_depth1: 4
jump in
a1 :11  b1: 11 bucket_id: 3 local_depth1: 4
jump in
a1 :3  b1: 11 bucket_id: 3 local_depth1: 4
a1 :3  b1: 11 bucket_id: 3 local_depth1: 4
a1 :11  b1: 11 bucket_id: 3 local_depth1: 4
jump in
110011001100110
111111100000000
getFreeBucket
bucket_id: 11
111111100000000getFreeKvSlot
insert
search
getFreeBucket
bucket_id: 12
111111111111111splitBucket
local_depth1: 3
getFreeSlot
getNewBucket
newbucket: 000000000000000
111111111111111
000000000000000
a1 :4  b1: 12 bucket_id: 4 local_depth1: 4
a1 :4  b1: 12 bucket_id: 4 local_depth1: 4
a1 :12  b1: 12 bucket_id: 4 local_depth1: 4
jump in
a1 :12  b1: 12 bucket_id: 4 local_depth1: 4
jump in
a1 :4  b1: 12 bucket_id: 4 local_depth1: 4
a1 :4  b1: 12 bucket_id: 4 local_depth1: 4
a1 :12  b1: 12 bucket_id: 4 local_depth1: 4
jump in
a1 :12  b1: 12 bucket_id: 4 local_depth1: 4
jump in
a1 :4  b1: 12 bucket_id: 4 local_depth1: 4
a1 :12  b1: 12 bucket_id: 4 local_depth1: 4
jump in
a1 :4  b1: 12 bucket_id: 4 local_depth1: 4
a1 :12  b1: 12 bucket_id: 4 local_depth1: 4
jump in
a1 :4  b1: 12 bucket_id: 4 local_depth1: 4
a1 :12  b1: 12 bucket_id: 4 local_depth1: 4
jump in
a1 :4  b1: 12 bucket_id: 4 local_depth1: 4
110011001010101
111111100000000
getFreeBucket
bucket_id: 12
111111100000000getFreeKvSlot
insert
search
getFreeBucket
bucket_id: 13
111111111111111splitBucket
local_depth1: 3
getFreeSlot
getNewBucket
newbucket: 000000000000000
111111111111111
000000000000000
a1 :5  b1: 13 bucket_id: 5 local_depth1: 4
a1 :5  b1: 13 bucket_id: 5 local_depth1: 4
a1 :13  b1: 13 bucket_id: 5 local_depth1: 4
jump in
a1 :13  b1: 13 bucket_id: 5 local_depth1: 4
jump in
a1 :5  b1: 13 bucket_id: 5 local_depth1: 4
a1 :5  b1: 13 bucket_id: 5 local_depth1: 4
a1 :13  b1: 13 bucket_id: 5 local_depth1: 4
jump in
a1 :13  b1: 13 bucket_id: 5 local_depth1: 4
jump in
a1 :5  b1: 13 bucket_id: 5 local_depth1: 4
a1 :13  b1: 13 bucket_id: 5 local_depth1: 4
jump in
a1 :5  b1: 13 bucket_id: 5 local_depth1: 4
a1 :13  b1: 13 bucket_id: 5 local_depth1: 4
jump in
a1 :5  b1: 13 bucket_id: 5 local_depth1: 4
a1 :13  b1: 13 bucket_id: 5 local_depth1: 4
jump in
a1 :5  b1: 13 bucket_id: 5 local_depth1: 4
110011001010101
111111100000000
getFreeBucket
bucket_id: 13
111111100000000getFreeKvSlot
insert
search
getFreeBucket
bucket_id: 14
111111111111111splitBucket
local_depth1: 3
getFreeSlot
getNewBucket
newbucket: 000000000000000
111111111111111
000000000000000
a1 :6  b1: 14 bucket_id: 6 local_depth1: 4
a1 :14  b1: 14 bucket_id: 6 local_depth1: 4
jump in
a1 :6  b1: 14 bucket_id: 6 local_depth1: 4
a1 :14  b1: 14 bucket_id: 6 local_depth1: 4
jump in
a1 :6  b1: 14 bucket_id: 6 local_depth1: 4
a1 :14  b1: 14 bucket_id: 6 local_depth1: 4
jump in
a1 :6  b1: 14 bucket_id: 6 local_depth1: 4
a1 :14  b1: 14 bucket_id: 6 local_depth1: 4
jump in
a1 :6  b1: 14 bucket_id: 6 local_depth1: 4
a1 :14  b1: 14 bucket_id: 6 local_depth1: 4
jump in
a1 :6  b1: 14 bucket_id: 6 local_depth1: 4
a1 :14  b1: 14 bucket_id: 6 local_depth1: 4
jump in
a1 :6  b1: 14 bucket_id: 6 local_depth1: 4
a1 :14  b1: 14 bucket_id: 6 local_depth1: 4
jump in
a1 :6  b1: 14 bucket_id: 6 local_depth1: 4
101010101010101
111111100000000
getFreeBucket
bucket_id: 14
111111100000000getFreeKvSlot
insert
search
getFreeBucket
bucket_id: 15
111111111111111splitBucket
local_depth1: 3
getFreeSlot
getNewBucket
newbucket: 000000000000000
111111111111111
000000000000000
a1 :7  b1: 15 bucket_id: 7 local_depth1: 4
a1 :15  b1: 15 bucket_id: 7 local_depth1: 4
jump in
a1 :7  b1: 15 bucket_id: 7 local_depth1: 4
a1 :15  b1: 15 bucket_id: 7 local_depth1: 4
jump in
a1 :7  b1: 15 bucket_id: 7 local_depth1: 4
a1 :15  b1: 15 bucket_id: 7 local_depth1: 4
jump in
a1 :7  b1: 15 bucket_id: 7 local_depth1: 4
a1 :15  b1: 15 bucket_id: 7 local_depth1: 4
jump in
a1 :7  b1: 15 bucket_id: 7 local_depth1: 4
a1 :15  b1: 15 bucket_id: 7 local_depth1: 4
jump in
a1 :7  b1: 15 bucket_id: 7 local_depth1: 4
a1 :15  b1: 15 bucket_id: 7 local_depth1: 4
jump in
a1 :7  b1: 15 bucket_id: 7 local_depth1: 4
a1 :15  b1: 15 bucket_id: 7 local_depth1: 4
jump in
a1 :7  b1: 15 bucket_id: 7 local_depth1: 4
101010101010101
111111100000000
getFreeBucket
bucket_id: 15
111111100000000getFreeKvSlot
insert
search
getFreeBucket
bucket_id: 0
111000101110001getFreeKvSlot
insert
search
getFreeBucket
bucket_id: 1
111000101110001getFreeKvSlot
insert
search
getFreeBucket
bucket_id: 2
110011001100110getFreeKvSlot
insert
search
getFreeBucket
bucket_id: 3
110011001100110getFreeKvSlot
insert
search
getFreeBucket
bucket_id: 4
110011001010101getFreeKvSlot
insert
search
getFreeBucket
bucket_id: 5
110011001010101getFreeKvSlot
insert
search
getFreeBucket
bucket_id: 6
101010101010101getFreeKvSlot
insert
search
getFreeBucket
bucket_id: 7
101010101010101getFreeKvSlot
insert
search
getFreeBucket
bucket_id: 8
111111110000000getFreeKvSlot
insert
search
getFreeBucket
bucket_id: 9
111111110000000getFreeKvSlot
insert
search
getFreeBucket
bucket_id: 10
111111110000000getFreeKvSlot
insert
search
getFreeBucket
bucket_id: 11
111111110000000getFreeKvSlot
insert
search
getFreeBucket
bucket_id: 12
111111110000000getFreeKvSlot
insert
search
getFreeBucket
bucket_id: 13
111111110000000getFreeKvSlot
insert
search
getFreeBucket
bucket_id: 14
111111110000000getFreeKvSlot
insert
search
getFreeBucket
bucket_id: 15
111111110000000getFreeKvSlot
insert
search
getFreeBucket
bucket_id: 0
111100101110001getFreeKvSlot
insert
search
getFreeBucket
bucket_id: 1
111100101110001getFreeKvSlot
insert
search
getFreeBucket
bucket_id: 2
111011001100110getFreeKvSlot
insert
search
getFreeBucket
bucket_id: 3
111011001100110getFreeKvSlot
insert
search
getFreeBucket
bucket_id: 4
111011001010101getFreeKvSlot
insert
search
getFreeBucket
bucket_id: 5
111011001010101getFreeKvSlot
insert
search
getFreeBucket
bucket_id: 6
111010101010101getFreeKvSlot
insert
search
getFreeBucket
bucket_id: 7
111010101010101getFreeKvSlot
insert
search
getFreeBucket
bucket_id: 8
111111111000000getFreeKvSlot
insert
search
getFreeBucket
bucket_id: 9
111111111000000getFreeKvSlot
insert
search
getFreeBucket
bucket_id: 10
111111111000000getFreeKvSlot
insert
search
getFreeBucket
bucket_id: 11
111111111000000getFreeKvSlot
insert
search
getFreeBucket
bucket_id: 12
111111111000000getFreeKvSlot
insert
search
getFreeBucket
bucket_id: 13
111111111000000getFreeKvSlot
insert
search
getFreeBucket
bucket_id: 14
111111111000000getFreeKvSlot
insert
search
getFreeBucket
bucket_id: 15
111111111000000getFreeKvSlot
insert
search
getFreeBucket
bucket_id: 0
111110101110001getFreeKvSlot
insert
search
getFreeBucket
bucket_id: 1
111110101110001getFreeKvSlot
insert
search
getFreeBucket
bucket_id: 2
111111001100110getFreeKvSlot
insert
search
getFreeBucket
bucket_id: 3
111111001100110getFreeKvSlot
insert
search
getFreeBucket
bucket_id: 4
111111001010101getFreeKvSlot
insert
search
getFreeBucket
bucket_id: 5
111111001010101getFreeKvSlot
insert
search
getFreeBucket
bucket_id: 6
111110101010101getFreeKvSlot
insert
search
getFreeBucket
bucket_id: 7
111110101010101getFreeKvSlot
insert
search
getFreeBucket
bucket_id: 8
111111111100000getFreeKvSlot
insert
search
getFreeBucket
bucket_id: 9
111111111100000getFreeKvSlot
insert
search
getFreeBucket
bucket_id: 10
111111111100000getFreeKvSlot
insert
search
getFreeBucket
bucket_id: 11
111111111100000getFreeKvSlot
insert
search
getFreeBucket
bucket_id: 12
111111111100000getFreeKvSlot
insert
search
getFreeBucket
bucket_id: 13
111111111100000getFreeKvSlot
insert
search
getFreeBucket
bucket_id: 14
111111111100000getFreeKvSlot
insert
search
getFreeBucket
bucket_id: 15
111111111100000getFreeKvSlot
insert
search
getFreeBucket
bucket_id: 0
111111101110001getFreeKvSlot
insert
search
getFreeBucket
bucket_id: 1
111111101110001getFreeKvSlot
insert
search
getFreeBucket
bucket_id: 2
111111101100110getFreeKvSlot
insert
search
getFreeBucket
bucket_id: 3
111111101100110getFreeKvSlot
insert
search
getFreeBucket
bucket_id: 4
111111101010101getFreeKvSlot
insert
search
getFreeBucket
bucket_id: 5
111111101010101getFreeKvSlot
insert
search
getFreeBucket
bucket_id: 6
111111101010101getFreeKvSlot
insert
search
getFreeBucket
bucket_id: 7
111111101010101getFreeKvSlot
insert
search
getFreeBucket
bucket_id: 8
111111111110000getFreeKvSlot
insert
search
getFreeBucket
bucket_id: 9
111111111110000getFreeKvSlot
insert
search
getFreeBucket
bucket_id: 10
111111111110000getFreeKvSlot
insert
search
getFreeBucket
bucket_id: 11
111111111110000getFreeKvSlot
insert
search
getFreeBucket
bucket_id: 12
111111111110000getFreeKvSlot
insert
search
getFreeBucket
bucket_id: 13
111111111110000getFreeKvSlot
insert
search
getFreeBucket
bucket_id: 14
111111111110000getFreeKvSlot
insert
search
getFreeBucket
bucket_id: 15
111111111110000getFreeKvSlot
insert
search
getFreeBucket
bucket_id: 0
111111111110001getFreeKvSlot
insert
search
getFreeBucket
bucket_id: 1
111111111110001getFreeKvSlot
insert
search
getFreeBucket
bucket_id: 2
111111111100110getFreeKvSlot
insert
search
getFreeBucket
bucket_id: 3
111111111100110getFreeKvSlot
insert
search
getFreeBucket
bucket_id: 4
111111111010101getFreeKvSlot
insert
search
getFreeBucket
bucket_id: 5
111111111010101getFreeKvSlot
insert
search
getFreeBucket
bucket_id: 6
111111111010101getFreeKvSlot
insert
search
getFreeBucket
bucket_id: 7
111111111010101getFreeKvSlot
insert
search
getFreeBucket
bucket_id: 8
111111111111000getFreeKvSlot
insert
search
getFreeBucket
bucket_id: 9
111111111111000getFreeKvSlot
insert
search
getFreeBucket
bucket_id: 10
111111111111000getFreeKvSlot
insert
search
getFreeBucket
bucket_id: 11
111111111111000getFreeKvSlot
insert
search
getFreeBucket
bucket_id: 12
111111111111000getFreeKvSlot
insert
search
getFreeBucket
bucket_id: 13
111111111111000getFreeKvSlot
insert
search
getFreeBucket
bucket_id: 14
111111111111000getFreeKvSlot
insert
search
getFreeBucket
bucket_id: 15
111111111111000getFreeKvSlot
insert
search
getFreeBucket
bucket_id: 0
111111111111001getFreeKvSlot
insert
search
getFreeBucket
bucket_id: 1
111111111111001getFreeKvSlot
insert
search
getFreeBucket
bucket_id: 2
111111111110110getFreeKvSlot
insert
search
getFreeBucket
bucket_id: 3
111111111110110getFreeKvSlot
insert
search
getFreeBucket
bucket_id: 4
111111111110101getFreeKvSlot
insert
search
getFreeBucket
bucket_id: 5
111111111110101getFreeKvSlot
insert
search
getFreeBucket
bucket_id: 6
111111111110101getFreeKvSlot
insert
search
getFreeBucket
bucket_id: 7
111111111110101getFreeKvSlot
insert
search
getFreeBucket
bucket_id: 8
111111111111100getFreeKvSlot
insert
search
getFreeBucket
bucket_id: 9
111111111111100getFreeKvSlot
insert
search
getFreeBucket
bucket_id: 10
111111111111100getFreeKvSlot
insert
search
getFreeBucket
bucket_id: 11
111111111111100getFreeKvSlot
insert
search
getFreeBucket
bucket_id: 12
111111111111100getFreeKvSlot
insert
search
getFreeBucket
bucket_id: 13
111111111111100getFreeKvSlot
insert
search
getFreeBucket
bucket_id: 14
111111111111100getFreeKvSlot
insert
search
getFreeBucket
bucket_id: 15
111111111111100getFreeKvSlot
insert
search
getFreeBucket
bucket_id: 0
111111111111101getFreeKvSlot
insert
search
getFreeBucket
bucket_id: 1
111111111111101getFreeKvSlot
insert
search
getFreeBucket
bucket_id: 2
111111111111110getFreeKvSlot
insert
search
getFreeBucket
bucket_id: 3
111111111111110getFreeKvSlot
insert
search
getFreeBucket
bucket_id: 4
111111111111101getFreeKvSlot
insert
search
getFreeBucket
bucket_id: 5
111111111111101getFreeKvSlot
insert
search
getFreeBucket
bucket_id: 6
111111111111101getFreeKvSlot
insert
search
getFreeBucket
bucket_id: 7
111111111111101getFreeKvSlot
insert
search
getFreeBucket
bucket_id: 8
111111111111110getFreeKvSlot
insert
search
getFreeBucket
bucket_id: 9
111111111111110getFreeKvSlot
insert
search
getFreeBucket
bucket_id: 10
111111111111110getFreeKvSlot
insert
search
getFreeBucket
bucket_id: 11
111111111111110getFreeKvSlot
insert
search
getFreeBucket
bucket_id: 12
111111111111110getFreeKvSlot
insert
search
getFreeBucket
bucket_id: 13
111111111111110getFreeKvSlot
insert
search
getFreeBucket
bucket_id: 14
111111111111110getFreeKvSlot
insert
search
getFreeBucket
bucket_id: 15
111111111111110getFreeKvSlot
insert
search
getFreeBucket
bucket_id: 0
111111111111111splitBucket
local_depth1: 4
extendCatalog
extendCatalog bp1
extendCatalog bp2
extendCatalog bp3
extendCatalog bp4
getFreeSlot
getNewBucket
allocNewPage
2564104
newbucket: 000000000000000
111111111111111
000000000000000
a1 :0  b1: 16 bucket_id: 0 local_depth1: 5
a1 :0  b1: 16 bucket_id: 0 local_depth1: 5
a1 :0  b1: 16 bucket_id: 0 local_depth1: 5
a1 :0  b1: 16 bucket_id: 0 local_depth1: 5
a1 :16  b1: 16 bucket_id: 0 local_depth1: 5
jump in
a1 :0  b1: 16 bucket_id: 0 local_depth1: 5
a1 :16  b1: 16 bucket_id: 0 local_depth1: 5
jump in
a1 :16  b1: 16 bucket_id: 0 local_depth1: 5
jump in
a1 :16  b1: 16 bucket_id: 0 local_depth1: 5
jump in
a1 :16  b1: 16 bucket_id: 0 local_depth1: 5
jump in
a1 :0  b1: 16 bucket_id: 0 local_depth1: 5
a1 :0  b1: 16 bucket_id: 0 local_depth1: 5
a1 :16  b1: 16 bucket_id: 0 local_depth1: 5
jump in
a1 :0  b1: 16 bucket_id: 0 local_depth1: 5
a1 :16  b1: 16 bucket_id: 0 local_depth1: 5
jump in
111101000011010
111111100000000
getFreeBucket
bucket_id: 16
111111100000000getFreeKvSlot
insert
search
getFreeBucket
bucket_id: 17
111111111111111splitBucket
local_depth1: 4
getFreeSlot
getNewBucket
newbucket: 000000000000000
111111111111111
000000000000000
a1 :1  b1: 17 bucket_id: 1 local_depth1: 5
a1 :1  b1: 17 bucket_id: 1 local_depth1: 5
a1 :1  b1: 17 bucket_id: 1 local_depth1: 5
a1 :1  b1: 17 bucket_id: 1 local_depth1: 5
a1 :17  b1: 17 bucket_id: 1 local_depth1: 5
jump in
a1 :1  b1: 17 bucket_id: 1 local_depth1: 5
a1 :17  b1: 17 bucket_id: 1 local_depth1: 5
jump in
a1 :17  b1: 17 bucket_id: 1 local_depth1: 5
jump in
a1 :17  b1: 17 bucket_id: 1 local_depth1: 5
jump in
a1 :17  b1: 17 bucket_id: 1 local_depth1: 5
jump in
a1 :1  b1: 17 bucket_id: 1 local_depth1: 5
a1 :1  b1: 17 bucket_id: 1 local_depth1: 5
a1 :17  b1: 17 bucket_id: 1 local_depth1: 5
jump in
a1 :1  b1: 17 bucket_id: 1 local_depth1: 5
a1 :17  b1: 17 bucket_id: 1 local_depth1: 5
jump in
111101000011010
111111100000000
getFreeBucket
bucket_id: 17
111111100000000getFreeKvSlot
insert
search
getFreeBucket
bucket_id: 18
111111111111111splitBucket
local_depth1: 4
getFreeSlot
getNewBucket
newbucket: 000000000000000
111111111111111
000000000000000
a1 :2  b1: 18 bucket_id: 2 local_depth1: 5
a1 :2  b1: 18 bucket_id: 2 local_depth1: 5
a1 :2  b1: 18 bucket_id: 2 local_depth1: 5
a1 :18  b1: 18 bucket_id: 2 local_depth1: 5
jump in
a1 :18  b1: 18 bucket_id: 2 local_depth1: 5
jump in
a1 :18  b1: 18 bucket_id: 2 local_depth1: 5
jump in
a1 :2  b1: 18 bucket_id: 2 local_depth1: 5
a1 :18  b1: 18 bucket_id: 2 local_depth1: 5
jump in
a1 :2  b1: 18 bucket_id: 2 local_depth1: 5
a1 :2  b1: 18 bucket_id: 2 local_depth1: 5
a1 :2  b1: 18 bucket_id: 2 local_depth1: 5
a1 :18  b1: 18 bucket_id: 2 local_depth1: 5
jump in
a1 :18  b1: 18 bucket_id: 2 local_depth1: 5
jump in
a1 :18  b1: 18 bucket_id: 2 local_depth1: 5
jump in
a1 :2  b1: 18 bucket_id: 2 local_depth1: 5
111000101110001
111111100000000
getFreeBucket
bucket_id: 18
111111100000000getFreeKvSlot
insert
search
getFreeBucket
bucket_id: 19
111111111111111splitBucket
local_depth1: 4
getFreeSlot
getNewBucket
newbucket: 000000000000000
111111111111111
000000000000000
a1 :3  b1: 19 bucket_id: 3 local_depth1: 5
a1 :3  b1: 19 bucket_id: 3 local_depth1: 5
a1 :3  b1: 19 bucket_id: 3 local_depth1: 5
a1 :19  b1: 19 bucket_id: 3 local_depth1: 5
jump in
a1 :19  b1: 19 bucket_id: 3 local_depth1: 5
jump in
a1 :19  b1: 19 bucket_id: 3 local_depth1: 5
jump in
a1 :3  b1: 19 bucket_id: 3 local_depth1: 5
a1 :19  b1: 19 bucket_id: 3 local_depth1: 5
jump in
a1 :3  b1: 19 bucket_id: 3 local_depth1: 5
a1 :3  b1: 19 bucket_id: 3 local_depth1: 5
a1 :3  b1: 19 bucket_id: 3 local_depth1: 5
a1 :19  b1: 19 bucket_id: 3 local_depth1: 5
jump in
a1 :19  b1: 19 bucket_id: 3 local_depth1: 5
jump in
a1 :19  b1: 19 bucket_id: 3 local_depth1: 5
jump in
a1 :3  b1: 19 bucket_id: 3 local_depth1: 5
111000101110001
111111100000000
getFreeBucket
bucket_id: 19
111111100000000getFreeKvSlot
insert
search
getFreeBucket
bucket_id: 20
111111111111111splitBucket
local_depth1: 4
getFreeSlot
getNewBucket
newbucket: 000000000000000
111111111111111
000000000000000
a1 :4  b1: 20 bucket_id: 4 local_depth1: 5
a1 :4  b1: 20 bucket_id: 4 local_depth1: 5
a1 :4  b1: 20 bucket_id: 4 local_depth1: 5
a1 :20  b1: 20 bucket_id: 4 local_depth1: 5
jump in
a1 :20  b1: 20 bucket_id: 4 local_depth1: 5
jump in
a1 :20  b1: 20 bucket_id: 4 local_depth1: 5
jump in
a1 :4  b1: 20 bucket_id: 4 local_depth1: 5
a1 :20  b1: 20 bucket_id: 4 local_depth1: 5
jump in
a1 :4  b1: 20 bucket_id: 4 local_depth1: 5
a1 :4  b1: 20 bucket_id: 4 local_depth1: 5
a1 :20  b1: 20 bucket_id: 4 local_depth1: 5
jump in
a1 :20  b1: 20 bucket_id: 4 local_depth1: 5
jump in
a1 :4  b1: 20 bucket_id: 4 local_depth1: 5
a1 :4  b1: 20 bucket_id: 4 local_depth1: 5
a1 :20  b1: 20 bucket_id: 4 local_depth1: 5
jump in
111000101100110
111111100000000
getFreeBucket
bucket_id: 20
111111100000000getFreeKvSlot
insert
search
getFreeBucket
bucket_id: 21
111111111111111splitBucket
local_depth1: 4
getFreeSlot
getNewBucket
newbucket: 000000000000000
111111111111111
000000000000000
a1 :5  b1: 21 bucket_id: 5 local_depth1: 5
a1 :5  b1: 21 bucket_id: 5 local_depth1: 5
a1 :5  b1: 21 bucket_id: 5 local_depth1: 5
a1 :21  b1: 21 bucket_id: 5 local_depth1: 5
jump in
a1 :21  b1: 21 bucket_id: 5 local_depth1: 5
jump in
a1 :21  b1: 21 bucket_id: 5 local_depth1: 5
jump in
a1 :5  b1: 21 bucket_id: 5 local_depth1: 5
a1 :21  b1: 21 bucket_id: 5 local_depth1: 5
jump in
a1 :5  b1: 21 bucket_id: 5 local_depth1: 5
a1 :5  b1: 21 bucket_id: 5 local_depth1: 5
a1 :21  b1: 21 bucket_id: 5 local_depth1: 5
jump in
a1 :21  b1: 21 bucket_id: 5 local_depth1: 5
jump in
a1 :5  b1: 21 bucket_id: 5 local_depth1: 5
a1 :5  b1: 21 bucket_id: 5 local_depth1: 5
a1 :21  b1: 21 bucket_id: 5 local_depth1: 5
jump in
111000101100110
111111100000000
getFreeBucket
bucket_id: 21
111111100000000getFreeKvSlot
insert
search
getFreeBucket
bucket_id: 22
111111111111111splitBucket
local_depth1: 4
getFreeSlot
getNewBucket
newbucket: 000000000000000
111111111111111
000000000000000
a1 :6  b1: 22 bucket_id: 6 local_depth1: 5
a1 :6  b1: 22 bucket_id: 6 local_depth1: 5
a1 :22  b1: 22 bucket_id: 6 local_depth1: 5
jump in
a1 :22  b1: 22 bucket_id: 6 local_depth1: 5
jump in
a1 :6  b1: 22 bucket_id: 6 local_depth1: 5
a1 :6  b1: 22 bucket_id: 6 local_depth1: 5
a1 :22  b1: 22 bucket_id: 6 local_depth1: 5
jump in
a1 :22  b1: 22 bucket_id: 6 local_depth1: 5
jump in
a1 :6  b1: 22 bucket_id: 6 local_depth1: 5
a1 :6  b1: 22 bucket_id: 6 local_depth1: 5
a1 :22  b1: 22 bucket_id: 6 local_depth1: 5
jump in
a1 :22  b1: 22 bucket_id: 6 local_depth1: 5
jump in
a1 :6  b1: 22 bucket_id: 6 local_depth1: 5
a1 :6  b1: 22 bucket_id: 6 local_depth1: 5
a1 :22  b1: 22 bucket_id: 6 local_depth1: 5
jump in
110011001100110
111111100000000
getFreeBucket
bucket_id: 22
111111100000000getFreeKvSlot
insert
search
getFreeBucket
bucket_id: 23
111111111111111splitBucket
local_depth1: 4
getFreeSlot
getNewBucket
newbucket: 000000000000000
111111111111111
000000000000000
a1 :7  b1: 23 bucket_id: 7 local_depth1: 5
a1 :7  b1: 23 bucket_id: 7 local_depth1: 5
a1 :23  b1: 23 bucket_id: 7 local_depth1: 5
jump in
a1 :23  b1: 23 bucket_id: 7 local_depth1: 5
jump in
a1 :7  b1: 23 bucket_id: 7 local_depth1: 5
a1 :7  b1: 23 bucket_id: 7 local_depth1: 5
a1 :23  b1: 23 bucket_id: 7 local_depth1: 5
jump in
a1 :23  b1: 23 bucket_id: 7 local_depth1: 5
jump in
a1 :7  b1: 23 bucket_id: 7 local_depth1: 5
a1 :7  b1: 23 bucket_id: 7 local_depth1: 5
a1 :23  b1: 23 bucket_id: 7 local_depth1: 5
jump in
a1 :23  b1: 23 bucket_id: 7 local_depth1: 5
jump in
a1 :7  b1: 23 bucket_id: 7 local_depth1: 5
a1 :7  b1: 23 bucket_id: 7 local_depth1: 5
a1 :23  b1: 23 bucket_id: 7 local_depth1: 5
jump in
110011001100110
111111100000000
getFreeBucket
bucket_id: 23
111111100000000getFreeKvSlot
insert
search
getFreeBucket
bucket_id: 24
111111111111111splitBucket
local_depth1: 4
getFreeSlot
getNewBucket
newbucket: 000000000000000
111111111111111
000000000000000
a1 :8  b1: 24 bucket_id: 8 local_depth1: 5
a1 :8  b1: 24 bucket_id: 8 local_depth1: 5
a1 :8  b1: 24 bucket_id: 8 local_depth1: 5
a1 :24  b1: 24 bucket_id: 8 local_depth1: 5
jump in
a1 :8  b1: 24 bucket_id: 8 local_depth1: 5
a1 :24  b1: 24 bucket_id: 8 local_depth1: 5
jump in
a1 :24  b1: 24 bucket_id: 8 local_depth1: 5
jump in
a1 :24  b1: 24 bucket_id: 8 local_depth1: 5
jump in
a1 :8  b1: 24 bucket_id: 8 local_depth1: 5
a1 :24  b1: 24 bucket_id: 8 local_depth1: 5
jump in
a1 :8  b1: 24 bucket_id: 8 local_depth1: 5
a1 :24  b1: 24 bucket_id: 8 local_depth1: 5
jump in
a1 :8  b1: 24 bucket_id: 8 local_depth1: 5
a1 :24  b1: 24 bucket_id: 8 local_depth1: 5
jump in
a1 :8  b1: 24 bucket_id: 8 local_depth1: 5
111010001010101
111111100000000
getFreeBucket
bucket_id: 24
111111100000000getFreeKvSlot
insert
search
getFreeBucket
bucket_id: 25
111111111111111splitBucket
local_depth1: 4
getFreeSlot
getNewBucket
newbucket: 000000000000000
111111111111111
000000000000000
a1 :9  b1: 25 bucket_id: 9 local_depth1: 5
a1 :9  b1: 25 bucket_id: 9 local_depth1: 5
a1 :9  b1: 25 bucket_id: 9 local_depth1: 5
a1 :25  b1: 25 bucket_id: 9 local_depth1: 5
jump in
a1 :9  b1: 25 bucket_id: 9 local_depth1: 5
a1 :25  b1: 25 bucket_id: 9 local_depth1: 5
jump in
a1 :25  b1: 25 bucket_id: 9 local_depth1: 5
jump in
a1 :25  b1: 25 bucket_id: 9 local_depth1: 5
jump in
a1 :9  b1: 25 bucket_id: 9 local_depth1: 5
a1 :25  b1: 25 bucket_id: 9 local_depth1: 5
jump in
a1 :9  b1: 25 bucket_id: 9 local_depth1: 5
a1 :25  b1: 25 bucket_id: 9 local_depth1: 5
jump in
a1 :9  b1: 25 bucket_id: 9 local_depth1: 5
a1 :25  b1: 25 bucket_id: 9 local_depth1: 5
jump in
a1 :9  b1: 25 bucket_id: 9 local_depth1: 5
111010001010101
111111100000000
getFreeBucket
bucket_id: 25
111111100000000getFreeKvSlot
insert
search
getFreeBucket
bucket_id: 26
111111111111111splitBucket
local_depth1: 4
getFreeSlot
getNewBucket
newbucket: 000000000000000
111111111111111
000000000000000
a1 :10  b1: 26 bucket_id: 10 local_depth1: 5
a1 :10  b1: 26 bucket_id: 10 local_depth1: 5
a1 :26  b1: 26 bucket_id: 10 local_depth1: 5
jump in
a1 :26  b1: 26 bucket_id: 10 local_depth1: 5
jump in
a1 :10  b1: 26 bucket_id: 10 local_depth1: 5
a1 :10  b1: 26 bucket_id: 10 local_depth1: 5
a1 :26  b1: 26 bucket_id: 10 local_depth1: 5
jump in
a1 :26  b1: 26 bucket_id: 10 local_depth1: 5
jump in
a1 :10  b1: 26 bucket_id: 10 local_depth1: 5
a1 :26  b1: 26 bucket_id: 10 local_depth1: 5
jump in
a1 :10  b1: 26 bucket_id: 10 local_depth1: 5
a1 :26  b1: 26 bucket_id: 10 local_depth1: 5
jump in
a1 :10  b1: 26 bucket_id: 10 local_depth1: 5
a1 :26  b1: 26 bucket_id: 10 local_depth1: 5
jump in
a1 :10  b1: 26 bucket_id: 10 local_depth1: 5
110011001010101
111111100000000
getFreeBucket
bucket_id: 26
111111100000000getFreeKvSlot
insert
search
getFreeBucket
bucket_id: 27
111111111111111splitBucket
local_depth1: 4
getFreeSlot
getNewBucket
newbucket: 000000000000000
111111111111111
000000000000000
a1 :11  b1: 27 bucket_id: 11 local_depth1: 5
a1 :11  b1: 27 bucket_id: 11 local_depth1: 5
a1 :27  b1: 27 bucket_id: 11 local_depth1: 5
jump in
a1 :27  b1: 27 bucket_id: 11 local_depth1: 5
jump in
a1 :11  b1: 27 bucket_id: 11 local_depth1: 5
a1 :11  b1: 27 bucket_id: 11 local_depth1: 5
a1 :27  b1: 27 bucket_id: 11 local_depth1: 5
jump in
a1 :27  b1: 27 bucket_id: 11 local_depth1: 5
jump in
a1 :11  b1: 27 bucket_id: 11 local_depth1: 5
a1 :27  b1: 27 bucket_id: 11 local_depth1: 5
jump in
a1 :11  b1: 27 bucket_id: 11 local_depth1: 5
a1 :27  b1: 27 bucket_id: 11 local_depth1: 5
jump in
a1 :11  b1: 27 bucket_id: 11 local_depth1: 5
a1 :27  b1: 27 bucket_id: 11 local_depth1: 5
jump in
a1 :11  b1: 27 bucket_id: 11 local_depth1: 5
110011001010101
111111100000000
getFreeBucket
bucket_id: 27
111111100000000getFreeKvSlot
insert
search
getFreeBucket
bucket_id: 28
111111111111111splitBucket
local_depth1: 4
getFreeSlot
getNewBucket
newbucket: 000000000000000
111111111111111
000000000000000
a1 :12  b1: 28 bucket_id: 12 local_depth1: 5
a1 :12  b1: 28 bucket_id: 12 local_depth1: 5
a1 :28  b1: 28 bucket_id: 12 local_depth1: 5
jump in
a1 :28  b1: 28 bucket_id: 12 local_depth1: 5
jump in
a1 :12  b1: 28 bucket_id: 12 local_depth1: 5
a1 :28  b1: 28 bucket_id: 12 local_depth1: 5
jump in
a1 :12  b1: 28 bucket_id: 12 local_depth1: 5
a1 :28  b1: 28 bucket_id: 12 local_depth1: 5
jump in
a1 :12  b1: 28 bucket_id: 12 local_depth1: 5
a1 :28  b1: 28 bucket_id: 12 local_depth1: 5
jump in
a1 :12  b1: 28 bucket_id: 12 local_depth1: 5
a1 :28  b1: 28 bucket_id: 12 local_depth1: 5
jump in
a1 :12  b1: 28 bucket_id: 12 local_depth1: 5
a1 :28  b1: 28 bucket_id: 12 local_depth1: 5
jump in
a1 :12  b1: 28 bucket_id: 12 local_depth1: 5
110010101010101
111111100000000
getFreeBucket
bucket_id: 28
111111100000000getFreeKvSlot
insert
search
getFreeBucket
bucket_id: 29
111111111111111splitBucket
local_depth1: 4
getFreeSlot
getNewBucket
newbucket: 000000000000000
111111111111111
000000000000000
a1 :13  b1: 29 bucket_id: 13 local_depth1: 5
a1 :13  b1: 29 bucket_id: 13 local_depth1: 5
a1 :29  b1: 29 bucket_id: 13 local_depth1: 5
jump in
a1 :29  b1: 29 bucket_id: 13 local_depth1: 5
jump in
a1 :13  b1: 29 bucket_id: 13 local_depth1: 5
a1 :29  b1: 29 bucket_id: 13 local_depth1: 5
jump in
a1 :13  b1: 29 bucket_id: 13 local_depth1: 5
a1 :29  b1: 29 bucket_id: 13 local_depth1: 5
jump in
a1 :13  b1: 29 bucket_id: 13 local_depth1: 5
a1 :29  b1: 29 bucket_id: 13 local_depth1: 5
jump in
a1 :13  b1: 29 bucket_id: 13 local_depth1: 5
a1 :29  b1: 29 bucket_id: 13 local_depth1: 5
jump in
a1 :13  b1: 29 bucket_id: 13 local_depth1: 5
a1 :29  b1: 29 bucket_id: 13 local_depth1: 5
jump in
a1 :13  b1: 29 bucket_id: 13 local_depth1: 5
110010101010101
111111100000000
getFreeBucket
bucket_id: 29
111111100000000getFreeKvSlot
insert
search
getFreeBucket
bucket_id: 30
111111111111111splitBucket
local_depth1: 4
getFreeSlot
getNewBucket
newbucket: 000000000000000
111111111111111
000000000000000
a1 :14  b1: 30 bucket_id: 14 local_depth1: 5
a1 :30  b1: 30 bucket_id: 14 local_depth1: 5
jump in
a1 :14  b1: 30 bucket_id: 14 local_depth1: 5
a1 :30  b1: 30 bucket_id: 14 local_depth1: 5
jump in
a1 :14  b1: 30 bucket_id: 14 local_depth1: 5
a1 :30  b1: 30 bucket_id: 14 local_depth1: 5
jump in
a1 :14  b1: 30 bucket_id: 14 local_depth1: 5
a1 :30  b1: 30 bucket_id: 14 local_depth1: 5
jump in
a1 :14  b1: 30 bucket_id: 14 local_depth1: 5
a1 :30  b1: 30 bucket_id: 14 local_depth1: 5
jump in
a1 :14  b1: 30 bucket_id: 14 local_depth1: 5
a1 :30  b1: 30 bucket_id: 14 local_depth1: 5
jump in
a1 :14  b1: 30 bucket_id: 14 local_depth1: 5
a1 :30  b1: 30 bucket_id: 14 local_depth1: 5
jump in
a1 :14  b1: 30 bucket_id: 14 local_depth1: 5
101010101010101
111111100000000
getFreeBucket
bucket_id: 30
111111100000000getFreeKvSlot
insert
search
getFreeBucket
bucket_id: 31
111111111111111splitBucket
local_depth1: 4
getFreeSlot
getNewBucket
newbucket: 000000000000000
111111111111111
000000000000000
a1 :15  b1: 31 bucket_id: 15 local_depth1: 5
a1 :31  b1: 31 bucket_id: 15 local_depth1: 5
jump in
a1 :15  b1: 31 bucket_id: 15 local_depth1: 5
a1 :31  b1: 31 bucket_id: 15 local_depth1: 5
jump in
a1 :15  b1: 31 bucket_id: 15 local_depth1: 5
a1 :31  b1: 31 bucket_id: 15 local_depth1: 5
jump in
a1 :15  b1: 31 bucket_id: 15 local_depth1: 5
a1 :31  b1: 31 bucket_id: 15 local_depth1: 5
jump in
a1 :15  b1: 31 bucket_id: 15 local_depth1: 5
a1 :31  b1: 31 bucket_id: 15 local_depth1: 5
jump in
a1 :15  b1: 31 bucket_id: 15 local_depth1: 5
a1 :31  b1: 31 bucket_id: 15 local_depth1: 5
jump in
a1 :15  b1: 31 bucket_id: 15 local_depth1: 5
a1 :31  b1: 31 bucket_id: 15 local_depth1: 5
jump in
a1 :15  b1: 31 bucket_id: 15 local_depth1: 5
101010101010101
111111100000000
getFreeBucket
bucket_id: 31
111111100000000getFreeKvSlot
insert
search
getFreeBucket
bucket_id: 0
111101000011010getFreeKvSlot
insert
search
getFreeBucket
bucket_id: 1
111101000011010getFreeKvSlot
insert
search
getFreeBucket
bucket_id: 2
111000101110001getFreeKvSlot
insert
search
getFreeBucket
bucket_id: 3
111000101110001getFreeKvSlot
insert
search
getFreeBucket
bucket_id: 4
111000101100110getFreeKvSlot
insert
search
getFreeBucket
bucket_id: 5
111000101100110getFreeKvSlot
insert
search
getFreeBucket
bucket_id: 6
110011001100110getFreeKvSlot
insert
search
getFreeBucket
bucket_id: 7
110011001100110getFreeKvSlot
insert
search
getFreeBucket
bucket_id: 8
111010001010101getFreeKvSlot
insert
search
getFreeBucket
bucket_id: 9
111010001010101getFreeKvSlot
insert
search
getFreeBucket
bucket_id: 10
110011001010101getFreeKvSlot
insert
search
getFreeBucket
bucket_id: 11
110011001010101getFreeKvSlot
insert
search
getFreeBucket
bucket_id: 12
110010101010101getFreeKvSlot
insert
search
getFreeBucket
bucket_id: 13
110010101010101getFreeKvSlot
insert
search
getFreeBucket
bucket_id: 14
101010101010101getFreeKvSlot
insert
search
getFreeBucket
bucket_id: 15
101010101010101getFreeKvSlot
insert
search
getFreeBucket
bucket_id: 16
111111110000000getFreeKvSlot
insert
search
getFreeBucket
bucket_id: 17
111111110000000getFreeKvSlot
insert
search
getFreeBucket
bucket_id: 18
111111110000000getFreeKvSlot
insert
search
getFreeBucket
bucket_id: 19
111111110000000getFreeKvSlot
insert
search
getFreeBucket
bucket_id: 20
111111110000000getFreeKvSlot
insert
search
getFreeBucket
bucket_id: 21
111111110000000getFreeKvSlot
insert
search
getFreeBucket
bucket_id: 22
111111110000000getFreeKvSlot
insert
search
getFreeBucket
bucket_id: 23
111111110000000getFreeKvSlot
insert
search
getFreeBucket
bucket_id: 24
111111110000000getFreeKvSlot
insert
search
getFreeBucket
bucket_id: 25
111111110000000getFreeKvSlot
insert
search
getFreeBucket
bucket_id: 26
111111110000000getFreeKvSlot
insert
search
getFreeBucket
bucket_id: 27
111111110000000getFreeKvSlot
insert
search
getFreeBucket
bucket_id: 28
111111110000000getFreeKvSlot
insert
search
getFreeBucket
bucket_id: 29
111111110000000getFreeKvSlot
insert
search
getFreeBucket
bucket_id: 30
111111110000000getFreeKvSlot
insert
search
getFreeBucket
bucket_id: 31
111111110000000getFreeKvSlot
insert
search
getFreeBucket
bucket_id: 0
111111000011010getFreeKvSlot
insert
search
getFreeBucket
bucket_id: 1
111111000011010getFreeKvSlot
insert
search
getFreeBucket
bucket_id: 2
111100101110001getFreeKvSlot
insert
search
getFreeBucket
bucket_id: 3
111100101110001getFreeKvSlot
insert
search
getFreeBucket
bucket_id: 4
111100101100110getFreeKvSlot
insert
search
getFreeBucket
bucket_id: 5
111100101100110getFreeKvSlot
insert
search
getFreeBucket
bucket_id: 6
111011001100110getFreeKvSlot
insert
search
getFreeBucket
bucket_id: 7
111011001100110getFreeKvSlot
insert
search
getFreeBucket
bucket_id: 8
111110001010101getFreeKvSlot
insert
search
getFreeBucket
bucket_id: 9
111110001010101getFreeKvSlot
insert
search
getFreeBucket
bucket_id: 10
111011001010101getFreeKvSlot
insert
search
getFreeBucket
bucket_id: 11
111011001010101getFreeKvSlot
insert
search
getFreeBucket
bucket_id: 12
111010101010101getFreeKvSlot
insert
search
getFreeBucket
bucket_id: 13
111010101010101getFreeKvSlot
insert
search
getFreeBucket
bucket_id: 14
111010101010101getFreeKvSlot
insert
search
getFreeBucket
bucket_id: 15
111010101010101getFreeKvSlot
insert
search
getFreeBucket
bucket_id: 16
111111111000000getFreeKvSlot
insert
search
getFreeBucket
bucket_id: 17
111111111000000getFreeKvSlot
insert
search
getFreeBucket
bucket_id: 18
111111111000000getFreeKvSlot
insert
search
getFreeBucket
bucket_id: 19
111111111000000getFreeKvSlot
insert
search
getFreeBucket
bucket_id: 20
111111111000000getFreeKvSlot
insert
search
getFreeBucket
bucket_id: 21
111111111000000getFreeKvSlot
insert
search
getFreeBucket
bucket_id: 22
111111111000000getFreeKvSlot
insert
search
getFreeBucket
bucket_id: 23
111111111000000getFreeKvSlot
insert
search
getFreeBucket
bucket_id: 24
111111111000000getFreeKvSlot
insert
search
getFreeBucket
bucket_id: 25
111111111000000getFreeKvSlot
insert
search
getFreeBucket
bucket_id: 26
111111111000000getFreeKvSlot
insert
search
getFreeBucket
bucket_id: 27
111111111000000getFreeKvSlot
insert
search
getFreeBucket
bucket_id: 28
111111111000000getFreeKvSlot
insert
search
getFreeBucket
bucket_id: 29
111111111000000getFreeKvSlot
insert
search
getFreeBucket
bucket_id: 30
111111111000000getFreeKvSlot
insert
search
getFreeBucket
bucket_id: 31
111111111000000getFreeKvSlot
insert
search
getFreeBucket
bucket_id: 0
111111100011010getFreeKvSlot
insert
search
getFreeBucket
bucket_id: 1
111111100011010getFreeKvSlot
insert
search
getFreeBucket
bucket_id: 2
111110101110001getFreeKvSlot
insert
search
getFreeBucket
bucket_id: 3
111110101110001getFreeKvSlot
insert
search
getFreeBucket
bucket_id: 4
111110101100110getFreeKvSlot
insert
search
getFreeBucket
bucket_id: 5
111110101100110getFreeKvSlot
insert
search
getFreeBucket
bucket_id: 6
111111001100110getFreeKvSlot
insert
search
getFreeBucket
bucket_id: 7
111111001100110getFreeKvSlot
insert
search
getFreeBucket
bucket_id: 8
111111001010101getFreeKvSlot
insert
search
getFreeBucket
bucket_id: 9
111111001010101getFreeKvSlot
insert
search
getFreeBucket
bucket_id: 10
111111001010101getFreeKvSlot
insert
search
getFreeBucket
bucket_id: 11
111111001010101getFreeKvSlot
insert
search
getFreeBucket
bucket_id: 12
111110101010101getFreeKvSlot
insert
search
getFreeBucket
bucket_id: 13
111110101010101getFreeKvSlot
insert
search
getFreeBucket
bucket_id: 14
111110101010101getFreeKvSlot
insert
search
getFreeBucket
bucket_id: 15
111110101010101getFreeKvSlot
insert
search
getFreeBucket
bucket_id: 16
111111111100000getFreeKvSlot
insert
search
getFreeBucket
bucket_id: 17
111111111100000getFreeKvSlot
insert
search
getFreeBucket
bucket_id: 18
111111111100000getFreeKvSlot
insert
search
getFreeBucket
bucket_id: 19
111111111100000getFreeKvSlot
insert
search
getFreeBucket
bucket_id: 20
111111111100000getFreeKvSlot
insert
search
getFreeBucket
bucket_id: 21
111111111100000getFreeKvSlot
insert
search
getFreeBucket
bucket_id: 22
111111111100000getFreeKvSlot
insert
search
getFreeBucket
bucket_id: 23
111111111100000getFreeKvSlot
insert
search
getFreeBucket
bucket_id: 24
111111111100000getFreeKvSlot
insert
search
getFreeBucket
bucket_id: 25
111111111100000getFreeKvSlot
insert
search
getFreeBucket
bucket_id: 26
111111111100000getFreeKvSlot
insert
search
getFreeBucket
bucket_id: 27
111111111100000getFreeKvSlot
insert
search
getFreeBucket
bucket_id: 28
111111111100000getFreeKvSlot
insert
search
getFreeBucket
bucket_id: 29
111111111100000getFreeKvSlot
insert
search
getFreeBucket
bucket_id: 30
111111111100000getFreeKvSlot
insert
search
getFreeBucket
bucket_id: 31
111111111100000getFreeKvSlot
insert
search
getFreeBucket
bucket_id: 0
111111110011010getFreeKvSlot
insert
search
getFreeBucket
bucket_id: 1
111111110011010getFreeKvSlot
insert
search
getFreeBucket
bucket_id: 2
111111101110001getFreeKvSlot
insert
search
getFreeBucket
bucket_id: 3
111111101110001getFreeKvSlot
insert
search
getFreeBucket
bucket_id: 4
111111101100110getFreeKvSlot
insert
search
getFreeBucket
bucket_id: 5
111111101100110getFreeKvSlot
insert
search
getFreeBucket
bucket_id: 6
111111101100110getFreeKvSlot
insert
search
getFreeBucket
bucket_id: 7
111111101100110getFreeKvSlot
insert
search
getFreeBucket
bucket_id: 8
111111101010101getFreeKvSlot
insert
search
getFreeBucket
bucket_id: 9
111111101010101getFreeKvSlot
insert
search
getFreeBucket
bucket_id: 10
111111101010101getFreeKvSlot
insert
search
getFreeBucket
bucket_id: 11
111111101010101getFreeKvSlot
insert
search
getFreeBucket
bucket_id: 12
111111101010101getFreeKvSlot
insert
search
getFreeBucket
bucket_id: 13
111111101010101getFreeKvSlot
insert
search
getFreeBucket
bucket_id: 14
111111101010101getFreeKvSlot
insert
search
getFreeBucket
bucket_id: 15
111111101010101getFreeKvSlot
insert
search
getFreeBucket
bucket_id: 16
111111111110000getFreeKvSlot
insert
search
getFreeBucket
bucket_id: 17
111111111110000getFreeKvSlot
insert
search
getFreeBucket
bucket_id: 18
111111111110000getFreeKvSlot
insert
search
getFreeBucket
bucket_id: 19
111111111110000getFreeKvSlot
insert
search
getFreeBucket
bucket_id: 20
111111111110000getFreeKvSlot
insert
search
getFreeBucket
bucket_id: 21
111111111110000getFreeKvSlot
insert
search
getFreeBucket
bucket_id: 22
111111111110000getFreeKvSlot
insert
search
getFreeBucket
bucket_id: 23
111111111110000getFreeKvSlot
insert
search
getFreeBucket
bucket_id: 24
111111111110000getFreeKvSlot
insert
search
getFreeBucket
bucket_id: 25
111111111110000getFreeKvSlot
insert
search
getFreeBucket
bucket_id: 26
111111111110000getFreeKvSlot
insert
search
getFreeBucket
bucket_id: 27
111111111110000getFreeKvSlot
insert
search
getFreeBucket
bucket_id: 28
111111111110000getFreeKvSlot
insert
search
getFreeBucket
bucket_id: 29
111111111110000getFreeKvSlot
insert
search
getFreeBucket
bucket_id: 30
111111111110000getFreeKvSlot
insert
search
getFreeBucket
bucket_id: 31
111111111110000getFreeKvSlot
insert
search
getFreeBucket
bucket_id: 0
111111111011010getFreeKvSlot
insert
search
getFreeBucket
bucket_id: 1
111111111011010getFreeKvSlot
insert
search
getFreeBucket
bucket_id: 2
111111111110001getFreeKvSlot
insert
search
getFreeBucket
bucket_id: 3
111111111110001getFreeKvSlot
insert
search
getFreeBucket
bucket_id: 4
111111111100110getFreeKvSlot
insert
search
getFreeBucket
bucket_id: 5
111111111100110getFreeKvSlot
insert
search
getFreeBucket
bucket_id: 6
111111111100110getFreeKvSlot
insert
search
getFreeBucket
bucket_id: 7
111111111100110getFreeKvSlot
insert
search
getFreeBucket
bucket_id: 8
111111111010101getFreeKvSlot
insert
search
getFreeBucket
bucket_id: 9
111111111010101getFreeKvSlot
insert
search
getFreeBucket
bucket_id: 10
111111111010101getFreeKvSlot
insert
search
getFreeBucket
bucket_id: 11
111111111010101getFreeKvSlot
insert
search
getFreeBucket
bucket_id: 12
111111111010101getFreeKvSlot
insert
search
getFreeBucket
bucket_id: 13
111111111010101getFreeKvSlot
insert
search
getFreeBucket
bucket_id: 14
111111111010101getFreeKvSlot
insert
search
getFreeBucket
bucket_id: 15
111111111010101getFreeKvSlot
insert
search
getFreeBucket
bucket_id: 16
111111111111000getFreeKvSlot
insert
search
getFreeBucket
bucket_id: 17
111111111111000getFreeKvSlot
insert
search
getFreeBucket
bucket_id: 18
111111111111000getFreeKvSlot
insert
search
getFreeBucket
bucket_id: 19
111111111111000getFreeKvSlot
insert
search
getFreeBucket
bucket_id: 20
111111111111000getFreeKvSlot
insert
search
getFreeBucket
bucket_id: 21
111111111111000getFreeKvSlot
insert
search
getFreeBucket
bucket_id: 22
111111111111000getFreeKvSlot
insert
search
getFreeBucket
bucket_id: 23
111111111111000getFreeKvSlot
insert
search
getFreeBucket
bucket_id: 24
111111111111000getFreeKvSlot
insert
search
getFreeBucket
bucket_id: 25
111111111111000getFreeKvSlot
insert
search
getFreeBucket
bucket_id: 26
111111111111000getFreeKvSlot
insert
search
getFreeBucket
bucket_id: 27
111111111111000getFreeKvSlot
insert
search
getFreeBucket
bucket_id: 28
111111111111000getFreeKvSlot
insert
search
getFreeBucket
bucket_id: 29
111111111111000getFreeKvSlot
insert
search
getFreeBucket
bucket_id: 30
111111111111000getFreeKvSlot
insert
search
getFreeBucket
bucket_id: 31
111111111111000getFreeKvSlot
insert
search
getFreeBucket
bucket_id: 0
111111111111010getFreeKvSlot
insert
search
getFreeBucket
bucket_id: 1
111111111111010getFreeKvSlot
insert
search
getFreeBucket
bucket_id: 2
111111111111001getFreeKvSlot
insert
search
getFreeBucket
bucket_id: 3
111111111111001getFreeKvSlot
insert
search
getFreeBucket
bucket_id: 4
111111111110110getFreeKvSlot
insert
search
getFreeBucket
bucket_id: 5
111111111110110getFreeKvSlot
insert
search
getFreeBucket
bucket_id: 6
111111111110110getFreeKvSlot
insert
search
getFreeBucket
bucket_id: 7
111111111110110getFreeKvSlot
insert
search
getFreeBucket
bucket_id: 8
111111111110101getFreeKvSlot
insert
search
getFreeBucket
bucket_id: 9
111111111110101getFreeKvSlot
insert
search
getFreeBucket
bucket_id: 10
111111111110101getFreeKvSlot
insert
search
getFreeBucket
bucket_id: 11
111111111110101getFreeKvSlot
insert
search
getFreeBucket
bucket_id: 12
111111111110101getFreeKvSlot
insert
search
getFreeBucket
bucket_id: 13
111111111110101getFreeKvSlot
insert
search
getFreeBucket
bucket_id: 14
111111111110101getFreeKvSlot
insert
search
getFreeBucket
bucket_id: 15
111111111110101getFreeKvSlot
insert
search
getFreeBucket
bucket_id: 16
111111111111100getFreeKvSlot
insert
search
getFreeBucket
bucket_id: 17
111111111111100getFreeKvSlot
insert
search
getFreeBucket
bucket_id: 18
111111111111100getFreeKvSlot
insert
search
getFreeBucket
bucket_id: 19
111111111111100getFreeKvSlot
insert
search
getFreeBucket
bucket_id: 20
111111111111100getFreeKvSlot
insert
search
getFreeBucket
bucket_id: 21
111111111111100getFreeKvSlot
insert
search
getFreeBucket
bucket_id: 22
111111111111100getFreeKvSlot
insert
search
getFreeBucket
bucket_id: 23
111111111111100getFreeKvSlot
insert
search
getFreeBucket
bucket_id: 24
111111111111100getFreeKvSlot
insert
search
getFreeBucket
bucket_id: 25
111111111111100getFreeKvSlot
insert
search
getFreeBucket
bucket_id: 26
111111111111100getFreeKvSlot
insert
search
getFreeBucket
bucket_id: 27
111111111111100getFreeKvSlot
insert
search
getFreeBucket
bucket_id: 28
111111111111100getFreeKvSlot
insert
search
getFreeBucket
bucket_id: 29
111111111111100getFreeKvSlot
insert
search
getFreeBucket
bucket_id: 30
111111111111100getFreeKvSlot
insert
search
getFreeBucket
bucket_id: 31
111111111111100getFreeKvSlot
insert
search
getFreeBucket
bucket_id: 0
111111111111110getFreeKvSlot
insert
search
getFreeBucket
bucket_id: 1
111111111111110getFreeKvSlot
insert
search
getFreeBucket
bucket_id: 2
111111111111101getFreeKvSlot
insert
search
getFreeBucket
bucket_id: 3
111111111111101getFreeKvSlot
insert
search
getFreeBucket
bucket_id: 4
111111111111110getFreeKvSlot
insert
search
getFreeBucket
bucket_id: 5
111111111111110getFreeKvSlot
insert
search
getFreeBucket
bucket_id: 6
111111111111110getFreeKvSlot
insert
search
getFreeBucket
bucket_id: 7
111111111111110getFreeKvSlot
insert
search
getFreeBucket
bucket_id: 8
111111111111101getFreeKvSlot
insert
search
getFreeBucket
bucket_id: 9
111111111111101getFreeKvSlot
insert
search
getFreeBucket
bucket_id: 10
111111111111101getFreeKvSlot
insert
search
getFreeBucket
bucket_id: 11
111111111111101getFreeKvSlot
insert
search
getFreeBucket
bucket_id: 12
111111111111101getFreeKvSlot
insert
search
getFreeBucket
bucket_id: 13
111111111111101getFreeKvSlot
insert
search
getFreeBucket
bucket_id: 14
111111111111101getFreeKvSlot
insert
search
getFreeBucket
bucket_id: 15
111111111111101getFreeKvSlot
insert
search
getFreeBucket
bucket_id: 16
111111111111110getFreeKvSlot
insert
search
getFreeBucket
bucket_id: 17
111111111111110getFreeKvSlot
insert
search
getFreeBucket
bucket_id: 18
111111111111110getFreeKvSlot
insert
search
getFreeBucket
bucket_id: 19
111111111111110getFreeKvSlot
insert
search
getFreeBucket
bucket_id: 20
111111111111110getFreeKvSlot
insert
search
getFreeBucket
bucket_id: 21
111111111111110getFreeKvSlot
insert
search
getFreeBucket
bucket_id: 22
111111111111110getFreeKvSlot
insert
search
getFreeBucket
bucket_id: 23
111111111111110getFreeKvSlot
insert
search
getFreeBucket
bucket_id: 24
111111111111110getFreeKvSlot
insert
search
getFreeBucket
bucket_id: 25
111111111111110getFreeKvSlot
insert
search
getFreeBucket
bucket_id: 26
111111111111110getFreeKvSlot
insert
search
getFreeBucket
bucket_id: 27
111111111111110getFreeKvSlot
insert
search
getFreeBucket
bucket_id: 28
111111111111110getFreeKvSlot
insert
search
getFreeBucket
bucket_id: 29
111111111111110getFreeKvSlot
insert
search
getFreeBucket
bucket_id: 30
111111111111110getFreeKvSlot
insert
search
getFreeBucket
bucket_id: 31
111111111111110getFreeKvSlot
insert
search
getFreeBucket
bucket_id: 0
111111111111111splitBucket
local_depth1: 5
extendCatalog
extendCatalog bp1
extendCatalog bp2
extendCatalog bp3
extendCatalog bp4
getFreeSlot
getNewBucket
allocNewPage
2564104
newbucket: 000000000000000
111111111111111
000000000000000
a1 :0  b1: 32 bucket_id: 0 local_depth1: 6
a1 :32  b1: 32 bucket_id: 0 local_depth1: 6
jump in
a1 :0  b1: 32 bucket_id: 0 local_depth1: 6
a1 :0  b1: 32 bucket_id: 0 local_depth1: 6
a1 :0  b1: 32 bucket_id: 0 local_depth1: 6
a1 :32  b1: 32 bucket_id: 0 local_depth1: 6
jump in
a1 :32  b1: 32 bucket_id: 0 local_depth1: 6
jump in
a1 :0  b1: 32 bucket_id: 0 local_depth1: 6
a1 :32  b1: 32 bucket_id: 0 local_depth1: 6
jump in
a1 :0  b1: 32 bucket_id: 0 local_depth1: 6
a1 :32  b1: 32 bucket_id: 0 local_depth1: 6
jump in
a1 :0  b1: 32 bucket_id: 0 local_depth1: 6
a1 :32  b1: 32 bucket_id: 0 local_depth1: 6
jump in
a1 :32  b1: 32 bucket_id: 0 local_depth1: 6
jump in
a1 :0  b1: 32 bucket_id: 0 local_depth1: 6
101110010101001
111111100000000
getFreeBucket
bucket_id: 32
111111100000000getFreeKvSlot
insert
search
getFreeBucket
bucket_id: 33
111111111111111splitBucket
local_depth1: 5
getFreeSlot
getNewBucket
newbucket: 000000000000000
111111111111111
000000000000000
a1 :1  b1: 33 bucket_id: 1 local_depth1: 6
a1 :33  b1: 33 bucket_id: 1 local_depth1: 6
jump in
a1 :1  b1: 33 bucket_id: 1 local_depth1: 6
a1 :1  b1: 33 bucket_id: 1 local_depth1: 6
a1 :1  b1: 33 bucket_id: 1 local_depth1: 6
a1 :33  b1: 33 bucket_id: 1 local_depth1: 6
jump in
a1 :33  b1: 33 bucket_id: 1 local_depth1: 6
jump in
a1 :1  b1: 33 bucket_id: 1 local_depth1: 6
a1 :33  b1: 33 bucket_id: 1 local_depth1: 6
jump in
a1 :1  b1: 33 bucket_id: 1 local_depth1: 6
a1 :33  b1: 33 bucket_id: 1 local_depth1: 6
jump in
a1 :1  b1: 33 bucket_id: 1 local_depth1: 6
a1 :33  b1: 33 bucket_id: 1 local_depth1: 6
jump in
a1 :33  b1: 33 bucket_id: 1 local_depth1: 6
jump in
a1 :1  b1: 33 bucket_id: 1 local_depth1: 6
101110010101001
111111100000000
getFreeBucket
bucket_id: 33
111111100000000getFreeKvSlot
insert
search
getFreeBucket
bucket_id: 34
111111111111111splitBucket
local_depth1: 5
getFreeSlot
getNewBucket
newbucket: 000000000000000
111111111111111
000000000000000
a1 :2  b1: 34 bucket_id: 2 local_depth1: 6
a1 :2  b1: 34 bucket_id: 2 local_depth1: 6
a1 :2  b1: 34 bucket_id: 2 local_depth1: 6
a1 :2  b1: 34 bucket_id: 2 local_depth1: 6
a1 :34  b1: 34 bucket_id: 2 local_depth1: 6
jump in
a1 :2  b1: 34 bucket_id: 2 local_depth1: 6
a1 :34  b1: 34 bucket_id: 2 local_depth1: 6
jump in
a1 :34  b1: 34 bucket_id: 2 local_depth1: 6
jump in
a1 :34  b1: 34 bucket_id: 2 local_depth1: 6
jump in
a1 :34  b1: 34 bucket_id: 2 local_depth1: 6
jump in
a1 :2  b1: 34 bucket_id: 2 local_depth1: 6
a1 :2  b1: 34 bucket_id: 2 local_depth1: 6
a1 :34  b1: 34 bucket_id: 2 local_depth1: 6
jump in
a1 :2  b1: 34 bucket_id: 2 local_depth1: 6
a1 :34  b1: 34 bucket_id: 2 local_depth1: 6
jump in
111101000011010
111111100000000
getFreeBucket
bucket_id: 34
111111100000000getFreeKvSlot
insert
search
getFreeBucket
bucket_id: 35
111111111111111splitBucket
local_depth1: 5
getFreeSlot
getNewBucket
newbucket: 000000000000000
111111111111111
000000000000000
a1 :3  b1: 35 bucket_id: 3 local_depth1: 6
a1 :3  b1: 35 bucket_id: 3 local_depth1: 6
a1 :3  b1: 35 bucket_id: 3 local_depth1: 6
a1 :3  b1: 35 bucket_id: 3 local_depth1: 6
a1 :35  b1: 35 bucket_id: 3 local_depth1: 6
jump in
a1 :3  b1: 35 bucket_id: 3 local_depth1: 6
a1 :35  b1: 35 bucket_id: 3 local_depth1: 6
jump in
a1 :35  b1: 35 bucket_id: 3 local_depth1: 6
jump in
a1 :35  b1: 35 bucket_id: 3 local_depth1: 6
jump in
a1 :35  b1: 35 bucket_id: 3 local_depth1: 6
jump in
a1 :3  b1: 35 bucket_id: 3 local_depth1: 6
a1 :3  b1: 35 bucket_id: 3 local_depth1: 6
a1 :35  b1: 35 bucket_id: 3 local_depth1: 6
jump in
a1 :3  b1: 35 bucket_id: 3 local_depth1: 6
a1 :35  b1: 35 bucket_id: 3 local_depth1: 6
jump in
111101000011010
111111100000000
getFreeBucket
bucket_id: 35
111111100000000getFreeKvSlot
insert
search
getFreeBucket
bucket_id: 36
111111111111111splitBucket
local_depth1: 5
getFreeSlot
getNewBucket
newbucket: 000000000000000
111111111111111
000000000000000
a1 :4  b1: 36 bucket_id: 4 local_depth1: 6
a1 :36  b1: 36 bucket_id: 4 local_depth1: 6
jump in
a1 :4  b1: 36 bucket_id: 4 local_depth1: 6
a1 :4  b1: 36 bucket_id: 4 local_depth1: 6
a1 :36  b1: 36 bucket_id: 4 local_depth1: 6
jump in
a1 :4  b1: 36 bucket_id: 4 local_depth1: 6
a1 :36  b1: 36 bucket_id: 4 local_depth1: 6
jump in
a1 :36  b1: 36 bucket_id: 4 local_depth1: 6
jump in
a1 :4  b1: 36 bucket_id: 4 local_depth1: 6
a1 :4  b1: 36 bucket_id: 4 local_depth1: 6
a1 :4  b1: 36 bucket_id: 4 local_depth1: 6
a1 :36  b1: 36 bucket_id: 4 local_depth1: 6
jump in
a1 :36  b1: 36 bucket_id: 4 local_depth1: 6
jump in
a1 :36  b1: 36 bucket_id: 4 local_depth1: 6
jump in
a1 :4  b1: 36 bucket_id: 4 local_depth1: 6
101101001110001
111111100000000
getFreeBucket
bucket_id: 36
111111100000000getFreeKvSlot
insert
search
getFreeBucket
bucket_id: 37
111111111111111splitBucket
local_depth1: 5
getFreeSlot
getNewBucket
newbucket: 000000000000000
111111111111111
000000000000000
a1 :5  b1: 37 bucket_id: 5 local_depth1: 6
a1 :37  b1: 37 bucket_id: 5 local_depth1: 6
jump in
a1 :5  b1: 37 bucket_id: 5 local_depth1: 6
a1 :5  b1: 37 bucket_id: 5 local_depth1: 6
a1 :37  b1: 37 bucket_id: 5 local_depth1: 6
jump in
a1 :5  b1: 37 bucket_id: 5 local_depth1: 6
a1 :37  b1: 37 bucket_id: 5 local_depth1: 6
jump in
a1 :37  b1: 37 bucket_id: 5 local_depth1: 6
jump in
a1 :5  b1: 37 bucket_id: 5 local_depth1: 6
a1 :5  b1: 37 bucket_id: 5 local_depth1: 6
a1 :5  b1: 37 bucket_id: 5 local_depth1: 6
a1 :37  b1: 37 bucket_id: 5 local_depth1: 6
jump in
a1 :37  b1: 37 bucket_id: 5 local_depth1: 6
jump in
a1 :37  b1: 37 bucket_id: 5 local_depth1: 6
jump in
a1 :5  b1: 37 bucket_id: 5 local_depth1: 6
101101001110001
111111100000000
getFreeBucket
bucket_id: 37
111111100000000getFreeKvSlot
insert
search
getFreeBucket
bucket_id: 38
111111111111111splitBucket
local_depth1: 5
getFreeSlot
getNewBucket
newbucket: 000000000000000
111111111111111
000000000000000
a1 :6  b1: 38 bucket_id: 6 local_depth1: 6
a1 :6  b1: 38 bucket_id: 6 local_depth1: 6
a1 :6  b1: 38 bucket_id: 6 local_depth1: 6
a1 :38  b1: 38 bucket_id: 6 local_depth1: 6
jump in
a1 :38  b1: 38 bucket_id: 6 local_depth1: 6
jump in
a1 :38  b1: 38 bucket_id: 6 local_depth1: 6
jump in
a1 :6  b1: 38 bucket_id: 6 local_depth1: 6
a1 :38  b1: 38 bucket_id: 6 local_depth1: 6
jump in
a1 :6  b1: 38 bucket_id: 6 local_depth1: 6
a1 :6  b1: 38 bucket_id: 6 local_depth1: 6
a1 :6  b1: 38 bucket_id: 6 local_depth1: 6
a1 :38  b1: 38 bucket_id: 6 local_depth1: 6
jump in
a1 :38  b1: 38 bucket_id: 6 local_depth1: 6
jump in
a1 :38  b1: 38 bucket_id: 6 local_depth1: 6
jump in
a1 :6  b1: 38 bucket_id: 6 local_depth1: 6
111000101110001
111111100000000
getFreeBucket
bucket_id: 38
111111100000000getFreeKvSlot
insert
search
getFreeBucket
bucket_id: 39
111111111111111splitBucket
local_depth1: 5
getFreeSlot
getNewBucket
newbucket: 000000000000000
111111111111111
000000000000000
a1 :7  b1: 39 bucket_id: 7 local_depth1: 6
a1 :7  b1: 39 bucket_id: 7 local_depth1: 6
a1 :7  b1: 39 bucket_id: 7 local_depth1: 6
a1 :39  b1: 39 bucket_id: 7 local_depth1: 6
jump in
a1 :39  b1: 39 bucket_id: 7 local_depth1: 6
jump in
a1 :39  b1: 39 bucket_id: 7 local_depth1: 6
jump in
a1 :7  b1: 39 bucket_id: 7 local_depth1: 6
a1 :39  b1: 39 bucket_id: 7 local_depth1: 6
jump in
a1 :7  b1: 39 bucket_id: 7 local_depth1: 6
a1 :7  b1: 39 bucket_id: 7 local_depth1: 6
a1 :7  b1: 39 bucket_id: 7 local_depth1: 6
a1 :39  b1: 39 bucket_id: 7 local_depth1: 6
jump in
a1 :39  b1: 39 bucket_id: 7 local_depth1: 6
jump in
a1 :39  b1: 39 bucket_id: 7 local_depth1: 6
jump in
a1 :7  b1: 39 bucket_id: 7 local_depth1: 6
111000101110001
111111100000000
getFreeBucket
bucket_id: 39
111111100000000getFreeKvSlot
insert
search
getFreeBucket
bucket_id: 40
111111111111111splitBucket
local_depth1: 5
getFreeSlot
getNewBucket
newbucket: 000000000000000
111111111111111
000000000000000
a1 :8  b1: 40 bucket_id: 8 local_depth1: 6
a1 :8  b1: 40 bucket_id: 8 local_depth1: 6
a1 :40  b1: 40 bucket_id: 8 local_depth1: 6
jump in
a1 :8  b1: 40 bucket_id: 8 local_depth1: 6
a1 :40  b1: 40 bucket_id: 8 local_depth1: 6
jump in
a1 :40  b1: 40 bucket_id: 8 local_depth1: 6
jump in
a1 :8  b1: 40 bucket_id: 8 local_depth1: 6
a1 :40  b1: 40 bucket_id: 8 local_depth1: 6
jump in
a1 :8  b1: 40 bucket_id: 8 local_depth1: 6
a1 :8  b1: 40 bucket_id: 8 local_depth1: 6
a1 :40  b1: 40 bucket_id: 8 local_depth1: 6
jump in
a1 :40  b1: 40 bucket_id: 8 local_depth1: 6
jump in
a1 :8  b1: 40 bucket_id: 8 local_depth1: 6
a1 :8  b1: 40 bucket_id: 8 local_depth1: 6
a1 :40  b1: 40 bucket_id: 8 local_depth1: 6
jump in
110100101100110
111111100000000
getFreeBucket
bucket_id: 40
111111100000000getFreeKvSlot
insert
search
getFreeBucket
bucket_id: 41
111111111111111splitBucket
local_depth1: 5
getFreeSlot
getNewBucket
newbucket: 000000000000000
111111111111111
000000000000000
a1 :9  b1: 41 bucket_id: 9 local_depth1: 6
a1 :9  b1: 41 bucket_id: 9 local_depth1: 6
a1 :41  b1: 41 bucket_id: 9 local_depth1: 6
jump in
a1 :9  b1: 41 bucket_id: 9 local_depth1: 6
a1 :41  b1: 41 bucket_id: 9 local_depth1: 6
jump in
a1 :41  b1: 41 bucket_id: 9 local_depth1: 6
jump in
a1 :9  b1: 41 bucket_id: 9 local_depth1: 6
a1 :41  b1: 41 bucket_id: 9 local_depth1: 6
jump in
a1 :9  b1: 41 bucket_id: 9 local_depth1: 6
a1 :9  b1: 41 bucket_id: 9 local_depth1: 6
a1 :41  b1: 41 bucket_id: 9 local_depth1: 6
jump in
a1 :41  b1: 41 bucket_id: 9 local_depth1: 6
jump in
a1 :9  b1: 41 bucket_id: 9 local_depth1: 6
a1 :9  b1: 41 bucket_id: 9 local_depth1: 6
a1 :41  b1: 41 bucket_id: 9 local_depth1: 6
jump in
110100101100110
111111100000000
getFreeBucket
bucket_id: 41
111111100000000getFreeKvSlot
insert
search
getFreeBucket
bucket_id: 42
111111111111111splitBucket
local_depth1: 5
getFreeSlot
getNewBucket
newbucket: 000000000000000
111111111111111
000000000000000
a1 :10  b1: 42 bucket_id: 10 local_depth1: 6
a1 :10  b1: 42 bucket_id: 10 local_depth1: 6
a1 :10  b1: 42 bucket_id: 10 local_depth1: 6
a1 :42  b1: 42 bucket_id: 10 local_depth1: 6
jump in
a1 :42  b1: 42 bucket_id: 10 local_depth1: 6
jump in
a1 :42  b1: 42 bucket_id: 10 local_depth1: 6
jump in
a1 :10  b1: 42 bucket_id: 10 local_depth1: 6
a1 :42  b1: 42 bucket_id: 10 local_depth1: 6
jump in
a1 :10  b1: 42 bucket_id: 10 local_depth1: 6
a1 :10  b1: 42 bucket_id: 10 local_depth1: 6
a1 :42  b1: 42 bucket_id: 10 local_depth1: 6
jump in
a1 :42  b1: 42 bucket_id: 10 local_depth1: 6
jump in
a1 :10  b1: 42 bucket_id: 10 local_depth1: 6
a1 :10  b1: 42 bucket_id: 10 local_depth1: 6
a1 :42  b1: 42 bucket_id: 10 local_depth1: 6
jump in
111000101100110
111111100000000
getFreeBucket
bucket_id: 42
111111100000000getFreeKvSlot
insert
search
getFreeBucket
bucket_id: 43
111111111111111splitBucket
local_depth1: 5
getFreeSlot
getNewBucket
newbucket: 000000000000000
111111111111111
000000000000000
a1 :11  b1: 43 bucket_id: 11 local_depth1: 6
a1 :11  b1: 43 bucket_id: 11 local_depth1: 6
a1 :11  b1: 43 bucket_id: 11 local_depth1: 6
a1 :43  b1: 43 bucket_id: 11 local_depth1: 6
jump in
a1 :43  b1: 43 bucket_id: 11 local_depth1: 6
jump in
a1 :43  b1: 43 bucket_id: 11 local_depth1: 6
jump in
a1 :11  b1: 43 bucket_id: 11 local_depth1: 6
a1 :43  b1: 43 bucket_id: 11 local_depth1: 6
jump in
a1 :11  b1: 43 bucket_id: 11 local_depth1: 6
a1 :11  b1: 43 bucket_id: 11 local_depth1: 6
a1 :43  b1: 43 bucket_id: 11 local_depth1: 6
jump in
a1 :43  b1: 43 bucket_id: 11 local_depth1: 6
jump in
a1 :11  b1: 43 bucket_id: 11 local_depth1: 6
a1 :11  b1: 43 bucket_id: 11 local_depth1: 6
a1 :43  b1: 43 bucket_id: 11 local_depth1: 6
jump in
111000101100110
111111100000000
getFreeBucket
bucket_id: 43
111111100000000getFreeKvSlot
insert
search
getFreeBucket
bucket_id: 44
111111111111111splitBucket
local_depth1: 5
getFreeSlot
getNewBucket
newbucket: 000000000000000
111111111111111
000000000000000
a1 :12  b1: 44 bucket_id: 12 local_depth1: 6
a1 :44  b1: 44 bucket_id: 12 local_depth1: 6
jump in
a1 :12  b1: 44 bucket_id: 12 local_depth1: 6
a1 :44  b1: 44 bucket_id: 12 local_depth1: 6
jump in
a1 :12  b1: 44 bucket_id: 12 local_depth1: 6
a1 :12  b1: 44 bucket_id: 12 local_depth1: 6
a1 :44  b1: 44 bucket_id: 12 local_depth1: 6
jump in
a1 :44  b1: 44 bucket_id: 12 local_depth1: 6
jump in
a1 :12  b1: 44 bucket_id: 12 local_depth1: 6
a1 :12  b1: 44 bucket_id: 12 local_depth1: 6
a1 :44  b1: 44 bucket_id: 12 local_depth1: 6
jump in
a1 :44  b1: 44 bucket_id: 12 local_depth1: 6
jump in
a1 :12  b1: 44 bucket_id: 12 local_depth1: 6
a1 :12  b1: 44 bucket_id: 12 local_depth1: 6
a1 :44  b1: 44 bucket_id: 12 local_depth1: 6
jump in
101011001100110
111111100000000
getFreeBucket
bucket_id: 44
111111100000000getFreeKvSlot
insert
search
getFreeBucket
bucket_id: 45
111111111111111splitBucket
local_depth1: 5
getFreeSlot
getNewBucket
newbucket: 000000000000000
111111111111111
000000000000000
a1 :13  b1: 45 bucket_id: 13 local_depth1: 6
a1 :45  b1: 45 bucket_id: 13 local_depth1: 6
jump in
a1 :13  b1: 45 bucket_id: 13 local_depth1: 6
a1 :45  b1: 45 bucket_id: 13 local_depth1: 6
jump in
a1 :13  b1: 45 bucket_id: 13 local_depth1: 6
a1 :13  b1: 45 bucket_id: 13 local_depth1: 6
a1 :45  b1: 45 bucket_id: 13 local_depth1: 6
jump in
a1 :45  b1: 45 bucket_id: 13 local_depth1: 6
jump in
a1 :13  b1: 45 bucket_id: 13 local_depth1: 6
a1 :13  b1: 45 bucket_id: 13 local_depth1: 6
a1 :45  b1: 45 bucket_id: 13 local_depth1: 6
jump in
a1 :45  b1: 45 bucket_id: 13 local_depth1: 6
jump in
a1 :13  b1: 45 bucket_id: 13 local_depth1: 6
a1 :13  b1: 45 bucket_id: 13 local_depth1: 6
a1 :45  b1: 45 bucket_id: 13 local_depth1: 6
jump in
101011001100110
111111100000000
getFreeBucket
bucket_id: 45
111111100000000getFreeKvSlot
insert
search
getFreeBucket
bucket_id: 46
111111111111111splitBucket
local_depth1: 5
getFreeSlot
getNewBucket
newbucket: 000000000000000
111111111111111
000000000000000
a1 :14  b1: 46 bucket_id: 14 local_depth1: 6
a1 :14  b1: 46 bucket_id: 14 local_depth1: 6
a1 :46  b1: 46 bucket_id: 14 local_depth1: 6
jump in
a1 :46  b1: 46 bucket_id: 14 local_depth1: 6
jump in
a1 :14  b1: 46 bucket_id: 14 local_depth1: 6
a1 :14  b1: 46 bucket_id: 14 local_depth1: 6
a1 :46  b1: 46 bucket_id: 14 local_depth1: 6
jump in
a1 :46  b1: 46 bucket_id: 14 local_depth1: 6
jump in
a1 :14  b1: 46 bucket_id: 14 local_depth1: 6
a1 :14  b1: 46 bucket_id: 14 local_depth1: 6
a1 :46  b1: 46 bucket_id: 14 local_depth1: 6
jump in
a1 :46  b1: 46 bucket_id: 14 local_depth1: 6
jump in
a1 :14  b1: 46 bucket_id: 14 local_depth1: 6
a1 :14  b1: 46 bucket_id: 14 local_depth1: 6
a1 :46  b1: 46 bucket_id: 14 local_depth1: 6
jump in
110011001100110
111111100000000
getFreeBucket
bucket_id: 46
111111100000000getFreeKvSlot
insert
search
getFreeBucket
bucket_id: 47
111111111111111splitBucket
local_depth1: 5
getFreeSlot
getNewBucket
newbucket: 000000000000000
111111111111111
000000000000000
a1 :15  b1: 47 bucket_id: 15 local_depth1: 6
a1 :15  b1: 47 bucket_id: 15 local_depth1: 6
a1 :47  b1: 47 bucket_id: 15 local_depth1: 6
jump in
a1 :47  b1: 47 bucket_id: 15 local_depth1: 6
jump in
a1 :15  b1: 47 bucket_id: 15 local_depth1: 6
a1 :15  b1: 47 bucket_id: 15 local_depth1: 6
a1 :47  b1: 47 bucket_id: 15 local_depth1: 6
jump in
a1 :47  b1: 47 bucket_id: 15 local_depth1: 6
jump in
a1 :15  b1: 47 bucket_id: 15 local_depth1: 6
a1 :15  b1: 47 bucket_id: 15 local_depth1: 6
a1 :47  b1: 47 bucket_id: 15 local_depth1: 6
jump in
a1 :47  b1: 47 bucket_id: 15 local_depth1: 6
jump in
a1 :15  b1: 47 bucket_id: 15 local_depth1: 6
a1 :15  b1: 47 bucket_id: 15 local_depth1: 6
a1 :47  b1: 47 bucket_id: 15 local_depth1: 6
jump in
110011001100110
111111100000000
getFreeBucket
bucket_id: 47
111111100000000getFreeKvSlot
insert
search
getFreeBucket
bucket_id: 48
111111111111111splitBucket
local_depth1: 5
getFreeSlot
getNewBucket
allocNewPage
2564104
newbucket: 000000000000000
111111111111111
000000000000000
a1 :16  b1: 48 bucket_id: 16 local_depth1: 6
a1 :16  b1: 48 bucket_id: 16 local_depth1: 6
a1 :48  b1: 48 bucket_id: 16 local_depth1: 6
jump in
a1 :16  b1: 48 bucket_id: 16 local_depth1: 6
a1 :48  b1: 48 bucket_id: 16 local_depth1: 6
jump in
a1 :16  b1: 48 bucket_id: 16 local_depth1: 6
a1 :48  b1: 48 bucket_id: 16 local_depth1: 6
jump in
a1 :48  b1: 48 bucket_id: 16 local_depth1: 6
jump in
a1 :16  b1: 48 bucket_id: 16 local_depth1: 6
a1 :48  b1: 48 bucket_id: 16 local_depth1: 6
jump in
a1 :16  b1: 48 bucket_id: 16 local_depth1: 6
a1 :48  b1: 48 bucket_id: 16 local_depth1: 6
jump in
a1 :16  b1: 48 bucket_id: 16 local_depth1: 6
a1 :48  b1: 48 bucket_id: 16 local_depth1: 6
jump in
a1 :16  b1: 48 bucket_id: 16 local_depth1: 6
110101001010101
111111100000000
getFreeBucket
bucket_id: 48
111111100000000getFreeKvSlot
insert
search
getFreeBucket
bucket_id: 49
111111111111111splitBucket
local_depth1: 5
getFreeSlot
getNewBucket
newbucket: 000000000000000
111111111111111
000000000000000
a1 :17  b1: 49 bucket_id: 17 local_depth1: 6
a1 :17  b1: 49 bucket_id: 17 local_depth1: 6
a1 :49  b1: 49 bucket_id: 17 local_depth1: 6
jump in
a1 :17  b1: 49 bucket_id: 17 local_depth1: 6
a1 :49  b1: 49 bucket_id: 17 local_depth1: 6
jump in
a1 :17  b1: 49 bucket_id: 17 local_depth1: 6
a1 :49  b1: 49 bucket_id: 17 local_depth1: 6
jump in
a1 :49  b1: 49 bucket_id: 17 local_depth1: 6
jump in
a1 :17  b1: 49 bucket_id: 17 local_depth1: 6
a1 :49  b1: 49 bucket_id: 17 local_depth1: 6
jump in
a1 :17  b1: 49 bucket_id: 17 local_depth1: 6
a1 :49  b1: 49 bucket_id: 17 local_depth1: 6
jump in
a1 :17  b1: 49 bucket_id: 17 local_depth1: 6
a1 :49  b1: 49 bucket_id: 17 local_depth1: 6
jump in
a1 :17  b1: 49 bucket_id: 17 local_depth1: 6
110101001010101
111111100000000
getFreeBucket
bucket_id: 49
111111100000000getFreeKvSlot
insert
search
getFreeBucket
bucket_id: 50
111111111111111splitBucket
local_depth1: 5
getFreeSlot
getNewBucket
newbucket: 000000000000000
111111111111111
000000000000000
a1 :18  b1: 50 bucket_id: 18 local_depth1: 6
a1 :18  b1: 50 bucket_id: 18 local_depth1: 6
a1 :18  b1: 50 bucket_id: 18 local_depth1: 6
a1 :50  b1: 50 bucket_id: 18 local_depth1: 6
jump in
a1 :18  b1: 50 bucket_id: 18 local_depth1: 6
a1 :50  b1: 50 bucket_id: 18 local_depth1: 6
jump in
a1 :50  b1: 50 bucket_id: 18 local_depth1: 6
jump in
a1 :50  b1: 50 bucket_id: 18 local_depth1: 6
jump in
a1 :18  b1: 50 bucket_id: 18 local_depth1: 6
a1 :50  b1: 50 bucket_id: 18 local_depth1: 6
jump in
a1 :18  b1: 50 bucket_id: 18 local_depth1: 6
a1 :50  b1: 50 bucket_id: 18 local_depth1: 6
jump in
a1 :18  b1: 50 bucket_id: 18 local_depth1: 6
a1 :50  b1: 50 bucket_id: 18 local_depth1: 6
jump in
a1 :18  b1: 50 bucket_id: 18 local_depth1: 6
111010001010101
111111100000000
getFreeBucket
bucket_id: 50
111111100000000getFreeKvSlot
insert
search
getFreeBucket
bucket_id: 51
111111111111111splitBucket
local_depth1: 5
getFreeSlot
getNewBucket
newbucket: 000000000000000
111111111111111
000000000000000
a1 :19  b1: 51 bucket_id: 19 local_depth1: 6
a1 :19  b1: 51 bucket_id: 19 local_depth1: 6
a1 :19  b1: 51 bucket_id: 19 local_depth1: 6
a1 :51  b1: 51 bucket_id: 19 local_depth1: 6
jump in
a1 :19  b1: 51 bucket_id: 19 local_depth1: 6
a1 :51  b1: 51 bucket_id: 19 local_depth1: 6
jump in
a1 :51  b1: 51 bucket_id: 19 local_depth1: 6
jump in
a1 :51  b1: 51 bucket_id: 19 local_depth1: 6
jump in
a1 :19  b1: 51 bucket_id: 19 local_depth1: 6
a1 :51  b1: 51 bucket_id: 19 local_depth1: 6
jump in
a1 :19  b1: 51 bucket_id: 19 local_depth1: 6
a1 :51  b1: 51 bucket_id: 19 local_depth1: 6
jump in
a1 :19  b1: 51 bucket_id: 19 local_depth1: 6
a1 :51  b1: 51 bucket_id: 19 local_depth1: 6
jump in
a1 :19  b1: 51 bucket_id: 19 local_depth1: 6
111010001010101
111111100000000
getFreeBucket
bucket_id: 51
111111100000000getFreeKvSlot
insert
search
getFreeBucket
bucket_id: 52
111111111111111splitBucket
local_depth1: 5
getFreeSlot
getNewBucket
newbucket: 000000000000000
111111111111111
000000000000000
a1 :20  b1: 52 bucket_id: 20 local_depth1: 6
a1 :20  b1: 52 bucket_id: 20 local_depth1: 6
a1 :52  b1: 52 bucket_id: 20 local_depth1: 6
jump in
a1 :52  b1: 52 bucket_id: 20 local_depth1: 6
jump in
a1 :20  b1: 52 bucket_id: 20 local_depth1: 6
a1 :20  b1: 52 bucket_id: 20 local_depth1: 6
a1 :52  b1: 52 bucket_id: 20 local_depth1: 6
jump in
a1 :52  b1: 52 bucket_id: 20 local_depth1: 6
jump in
a1 :20  b1: 52 bucket_id: 20 local_depth1: 6
a1 :52  b1: 52 bucket_id: 20 local_depth1: 6
jump in
a1 :20  b1: 52 bucket_id: 20 local_depth1: 6
a1 :52  b1: 52 bucket_id: 20 local_depth1: 6
jump in
a1 :20  b1: 52 bucket_id: 20 local_depth1: 6
a1 :52  b1: 52 bucket_id: 20 local_depth1: 6
jump in
a1 :20  b1: 52 bucket_id: 20 local_depth1: 6
110011001010101
111111100000000
getFreeBucket
bucket_id: 52
111111100000000getFreeKvSlot
insert
search
getFreeBucket
bucket_id: 53
111111111111111splitBucket
local_depth1: 5
getFreeSlot
getNewBucket
newbucket: 000000000000000
111111111111111
000000000000000
a1 :21  b1: 53 bucket_id: 21 local_depth1: 6
a1 :21  b1: 53 bucket_id: 21 local_depth1: 6
a1 :53  b1: 53 bucket_id: 21 local_depth1: 6
jump in
a1 :53  b1: 53 bucket_id: 21 local_depth1: 6
jump in
a1 :21  b1: 53 bucket_id: 21 local_depth1: 6
a1 :21  b1: 53 bucket_id: 21 local_depth1: 6
a1 :53  b1: 53 bucket_id: 21 local_depth1: 6
jump in
a1 :53  b1: 53 bucket_id: 21 local_depth1: 6
jump in
a1 :21  b1: 53 bucket_id: 21 local_depth1: 6
a1 :53  b1: 53 bucket_id: 21 local_depth1: 6
jump in
a1 :21  b1: 53 bucket_id: 21 local_depth1: 6
a1 :53  b1: 53 bucket_id: 21 local_depth1: 6
jump in
a1 :21  b1: 53 bucket_id: 21 local_depth1: 6
a1 :53  b1: 53 bucket_id: 21 local_depth1: 6
jump in
a1 :21  b1: 53 bucket_id: 21 local_depth1: 6
110011001010101
111111100000000
getFreeBucket
bucket_id: 53
111111100000000getFreeKvSlot
insert
search
getFreeBucket
bucket_id: 54
111111111111111splitBucket
local_depth1: 5
getFreeSlot
getNewBucket
newbucket: 000000000000000
111111111111111
000000000000000
a1 :22  b1: 54 bucket_id: 22 local_depth1: 6
a1 :22  b1: 54 bucket_id: 22 local_depth1: 6
a1 :54  b1: 54 bucket_id: 22 local_depth1: 6
jump in
a1 :54  b1: 54 bucket_id: 22 local_depth1: 6
jump in
a1 :22  b1: 54 bucket_id: 22 local_depth1: 6
a1 :22  b1: 54 bucket_id: 22 local_depth1: 6
a1 :54  b1: 54 bucket_id: 22 local_depth1: 6
jump in
a1 :54  b1: 54 bucket_id: 22 local_depth1: 6
jump in
a1 :22  b1: 54 bucket_id: 22 local_depth1: 6
a1 :54  b1: 54 bucket_id: 22 local_depth1: 6
jump in
a1 :22  b1: 54 bucket_id: 22 local_depth1: 6
a1 :54  b1: 54 bucket_id: 22 local_depth1: 6
jump in
a1 :22  b1: 54 bucket_id: 22 local_depth1: 6
a1 :54  b1: 54 bucket_id: 22 local_depth1: 6
jump in
a1 :22  b1: 54 bucket_id: 22 local_depth1: 6
110011001010101
111111100000000
getFreeBucket
bucket_id: 54
111111100000000getFreeKvSlot
insert
search
getFreeBucket
bucket_id: 55
111111111111111splitBucket
local_depth1: 5
getFreeSlot
getNewBucket
newbucket: 000000000000000
111111111111111
000000000000000
a1 :23  b1: 55 bucket_id: 23 local_depth1: 6
a1 :23  b1: 55 bucket_id: 23 local_depth1: 6
a1 :55  b1: 55 bucket_id: 23 local_depth1: 6
jump in
a1 :55  b1: 55 bucket_id: 23 local_depth1: 6
jump in
a1 :23  b1: 55 bucket_id: 23 local_depth1: 6
a1 :23  b1: 55 bucket_id: 23 local_depth1: 6
a1 :55  b1: 55 bucket_id: 23 local_depth1: 6
jump in
a1 :55  b1: 55 bucket_id: 23 local_depth1: 6
jump in
a1 :23  b1: 55 bucket_id: 23 local_depth1: 6
a1 :55  b1: 55 bucket_id: 23 local_depth1: 6
jump in
a1 :23  b1: 55 bucket_id: 23 local_depth1: 6
a1 :55  b1: 55 bucket_id: 23 local_depth1: 6
jump in
a1 :23  b1: 55 bucket_id: 23 local_depth1: 6
a1 :55  b1: 55 bucket_id: 23 local_depth1: 6
jump in
a1 :23  b1: 55 bucket_id: 23 local_depth1: 6
110011001010101
111111100000000
getFreeBucket
bucket_id: 55
111111100000000getFreeKvSlot
insert
search
getFreeBucket
bucket_id: 56
111111111111111splitBucket
local_depth1: 5
getFreeSlot
getNewBucket
newbucket: 000000000000000
111111111111111
000000000000000
a1 :24  b1: 56 bucket_id: 24 local_depth1: 6
a1 :24  b1: 56 bucket_id: 24 local_depth1: 6
a1 :56  b1: 56 bucket_id: 24 local_depth1: 6
jump in
a1 :56  b1: 56 bucket_id: 24 local_depth1: 6
jump in
a1 :24  b1: 56 bucket_id: 24 local_depth1: 6
a1 :56  b1: 56 bucket_id: 24 local_depth1: 6
jump in
a1 :24  b1: 56 bucket_id: 24 local_depth1: 6
a1 :56  b1: 56 bucket_id: 24 local_depth1: 6
jump in
a1 :24  b1: 56 bucket_id: 24 local_depth1: 6
a1 :56  b1: 56 bucket_id: 24 local_depth1: 6
jump in
a1 :24  b1: 56 bucket_id: 24 local_depth1: 6
a1 :56  b1: 56 bucket_id: 24 local_depth1: 6
jump in
a1 :24  b1: 56 bucket_id: 24 local_depth1: 6
a1 :56  b1: 56 bucket_id: 24 local_depth1: 6
jump in
a1 :24  b1: 56 bucket_id: 24 local_depth1: 6
110010101010101
111111100000000
getFreeBucket
bucket_id: 56
111111100000000getFreeKvSlot
insert
search
getFreeBucket
bucket_id: 57
111111111111111splitBucket
local_depth1: 5
getFreeSlot
getNewBucket
newbucket: 000000000000000
111111111111111
000000000000000
a1 :25  b1: 57 bucket_id: 25 local_depth1: 6
a1 :25  b1: 57 bucket_id: 25 local_depth1: 6
a1 :57  b1: 57 bucket_id: 25 local_depth1: 6
jump in
a1 :57  b1: 57 bucket_id: 25 local_depth1: 6
jump in
a1 :25  b1: 57 bucket_id: 25 local_depth1: 6
a1 :57  b1: 57 bucket_id: 25 local_depth1: 6
jump in
a1 :25  b1: 57 bucket_id: 25 local_depth1: 6
a1 :57  b1: 57 bucket_id: 25 local_depth1: 6
jump in
a1 :25  b1: 57 bucket_id: 25 local_depth1: 6
a1 :57  b1: 57 bucket_id: 25 local_depth1: 6
jump in
a1 :25  b1: 57 bucket_id: 25 local_depth1: 6
a1 :57  b1: 57 bucket_id: 25 local_depth1: 6
jump in
a1 :25  b1: 57 bucket_id: 25 local_depth1: 6
a1 :57  b1: 57 bucket_id: 25 local_depth1: 6
jump in
a1 :25  b1: 57 bucket_id: 25 local_depth1: 6
110010101010101
111111100000000
getFreeBucket
bucket_id: 57
111111100000000getFreeKvSlot
insert
search
getFreeBucket
bucket_id: 58
111111111111111splitBucket
local_depth1: 5
getFreeSlot
getNewBucket
newbucket: 000000000000000
111111111111111
000000000000000
a1 :26  b1: 58 bucket_id: 26 local_depth1: 6
a1 :26  b1: 58 bucket_id: 26 local_depth1: 6
a1 :58  b1: 58 bucket_id: 26 local_depth1: 6
jump in
a1 :58  b1: 58 bucket_id: 26 local_depth1: 6
jump in
a1 :26  b1: 58 bucket_id: 26 local_depth1: 6
a1 :58  b1: 58 bucket_id: 26 local_depth1: 6
jump in
a1 :26  b1: 58 bucket_id: 26 local_depth1: 6
a1 :58  b1: 58 bucket_id: 26 local_depth1: 6
jump in
a1 :26  b1: 58 bucket_id: 26 local_depth1: 6
a1 :58  b1: 58 bucket_id: 26 local_depth1: 6
jump in
a1 :26  b1: 58 bucket_id: 26 local_depth1: 6
a1 :58  b1: 58 bucket_id: 26 local_depth1: 6
jump in
a1 :26  b1: 58 bucket_id: 26 local_depth1: 6
a1 :58  b1: 58 bucket_id: 26 local_depth1: 6
jump in
a1 :26  b1: 58 bucket_id: 26 local_depth1: 6
110010101010101
111111100000000
getFreeBucket
bucket_id: 58
111111100000000getFreeKvSlot
insert
search
getFreeBucket
bucket_id: 59
111111111111111splitBucket
local_depth1: 5
getFreeSlot
getNewBucket
newbucket: 000000000000000
111111111111111
000000000000000
a1 :27  b1: 59 bucket_id: 27 local_depth1: 6
a1 :27  b1: 59 bucket_id: 27 local_depth1: 6
a1 :59  b1: 59 bucket_id: 27 local_depth1: 6
jump in
a1 :59  b1: 59 bucket_id: 27 local_depth1: 6
jump in
a1 :27  b1: 59 bucket_id: 27 local_depth1: 6
a1 :59  b1: 59 bucket_id: 27 local_depth1: 6
jump in
a1 :27  b1: 59 bucket_id: 27 local_depth1: 6
a1 :59  b1: 59 bucket_id: 27 local_depth1: 6
jump in
a1 :27  b1: 59 bucket_id: 27 local_depth1: 6
a1 :59  b1: 59 bucket_id: 27 local_depth1: 6
jump in
a1 :27  b1: 59 bucket_id: 27 local_depth1: 6
a1 :59  b1: 59 bucket_id: 27 local_depth1: 6
jump in
a1 :27  b1: 59 bucket_id: 27 local_depth1: 6
a1 :59  b1: 59 bucket_id: 27 local_depth1: 6
jump in
a1 :27  b1: 59 bucket_id: 27 local_depth1: 6
110010101010101
111111100000000
getFreeBucket
bucket_id: 59
111111100000000getFreeKvSlot
insert
search
getFreeBucket
bucket_id: 60
111111111111111splitBucket
local_depth1: 5
getFreeSlot
getNewBucket
newbucket: 000000000000000
111111111111111
000000000000000
a1 :28  b1: 60 bucket_id: 28 local_depth1: 6
a1 :60  b1: 60 bucket_id: 28 local_depth1: 6
jump in
a1 :28  b1: 60 bucket_id: 28 local_depth1: 6
a1 :60  b1: 60 bucket_id: 28 local_depth1: 6
jump in
a1 :28  b1: 60 bucket_id: 28 local_depth1: 6
a1 :60  b1: 60 bucket_id: 28 local_depth1: 6
jump in
a1 :28  b1: 60 bucket_id: 28 local_depth1: 6
a1 :60  b1: 60 bucket_id: 28 local_depth1: 6
jump in
a1 :28  b1: 60 bucket_id: 28 local_depth1: 6
a1 :60  b1: 60 bucket_id: 28 local_depth1: 6
jump in
a1 :28  b1: 60 bucket_id: 28 local_depth1: 6
a1 :60  b1: 60 bucket_id: 28 local_depth1: 6
jump in
a1 :28  b1: 60 bucket_id: 28 local_depth1: 6
a1 :60  b1: 60 bucket_id: 28 local_depth1: 6
jump in
a1 :28  b1: 60 bucket_id: 28 local_depth1: 6
101010101010101
111111100000000
getFreeBucket
bucket_id: 60
111111100000000getFreeKvSlot
insert
search
getFreeBucket
bucket_id: 61
111111111111111splitBucket
local_depth1: 5
getFreeSlot
getNewBucket
newbucket: 000000000000000
111111111111111
000000000000000
a1 :29  b1: 61 bucket_id: 29 local_depth1: 6
a1 :61  b1: 61 bucket_id: 29 local_depth1: 6
jump in
a1 :29  b1: 61 bucket_id: 29 local_depth1: 6
a1 :61  b1: 61 bucket_id: 29 local_depth1: 6
jump in
a1 :29  b1: 61 bucket_id: 29 local_depth1: 6
a1 :61  b1: 61 bucket_id: 29 local_depth1: 6
jump in
a1 :29  b1: 61 bucket_id: 29 local_depth1: 6
a1 :61  b1: 61 bucket_id: 29 local_depth1: 6
jump in
a1 :29  b1: 61 bucket_id: 29 local_depth1: 6
a1 :61  b1: 61 bucket_id: 29 local_depth1: 6
jump in
a1 :29  b1: 61 bucket_id: 29 local_depth1: 6
a1 :61  b1: 61 bucket_id: 29 local_depth1: 6
jump in
a1 :29  b1: 61 bucket_id: 29 local_depth1: 6
a1 :61  b1: 61 bucket_id: 29 local_depth1: 6
jump in
a1 :29  b1: 61 bucket_id: 29 local_depth1: 6
101010101010101
111111100000000
getFreeBucket
bucket_id: 61
111111100000000getFreeKvSlot
insert
search
getFreeBucket
bucket_id: 62
111111111111111splitBucket
local_depth1: 5
getFreeSlot
getNewBucket
newbucket: 000000000000000
111111111111111
000000000000000
a1 :30  b1: 62 bucket_id: 30 local_depth1: 6
a1 :62  b1: 62 bucket_id: 30 local_depth1: 6
jump in
a1 :30  b1: 62 bucket_id: 30 local_depth1: 6
a1 :62  b1: 62 bucket_id: 30 local_depth1: 6
jump in
a1 :30  b1: 62 bucket_id: 30 local_depth1: 6
a1 :62  b1: 62 bucket_id: 30 local_depth1: 6
jump in
a1 :30  b1: 62 bucket_id: 30 local_depth1: 6
a1 :62  b1: 62 bucket_id: 30 local_depth1: 6
jump in
a1 :30  b1: 62 bucket_id: 30 local_depth1: 6
a1 :62  b1: 62 bucket_id: 30 local_depth1: 6
jump in
a1 :30  b1: 62 bucket_id: 30 local_depth1: 6
a1 :62  b1: 62 bucket_id: 30 local_depth1: 6
jump in
a1 :30  b1: 62 bucket_id: 30 local_depth1: 6
a1 :62  b1: 62 bucket_id: 30 local_depth1: 6
jump in
a1 :30  b1: 62 bucket_id: 30 local_depth1: 6
101010101010101
111111100000000
getFreeBucket
bucket_id: 62
111111100000000getFreeKvSlot
insert
search
getFreeBucket
bucket_id: 63
111111111111111splitBucket
local_depth1: 5
getFreeSlot
getNewBucket
newbucket: 000000000000000
111111111111111
000000000000000
a1 :31  b1: 63 bucket_id: 31 local_depth1: 6
a1 :63  b1: 63 bucket_id: 31 local_depth1: 6
jump in
a1 :31  b1: 63 bucket_id: 31 local_depth1: 6
a1 :63  b1: 63 bucket_id: 31 local_depth1: 6
jump in
a1 :31  b1: 63 bucket_id: 31 local_depth1: 6
a1 :63  b1: 63 bucket_id: 31 local_depth1: 6
jump in
a1 :31  b1: 63 bucket_id: 31 local_depth1: 6
a1 :63  b1: 63 bucket_id: 31 local_depth1: 6
jump in
a1 :31  b1: 63 bucket_id: 31 local_depth1: 6
a1 :63  b1: 63 bucket_id: 31 local_depth1: 6
jump in
a1 :31  b1: 63 bucket_id: 31 local_depth1: 6
a1 :63  b1: 63 bucket_id: 31 local_depth1: 6
jump in
a1 :31  b1: 63 bucket_id: 31 local_depth1: 6
a1 :63  b1: 63 bucket_id: 31 local_depth1: 6
jump in
a1 :31  b1: 63 bucket_id: 31 local_depth1: 6
101010101010101
111111100000000
getFreeBucket
bucket_id: 63
111111100000000getFreeKvSlot
insert
search
getFreeBucket
bucket_id: 0
101110010101001getFreeKvSlot
insert
search
getFreeBucket
bucket_id: 1
101110010101001getFreeKvSlot
insert
search
getFreeBucket
bucket_id: 2
111101000011010getFreeKvSlot
insert
search
getFreeBucket
bucket_id: 3
111101000011010getFreeKvSlot
insert
search
getFreeBucket
bucket_id: 4
101101001110001getFreeKvSlot
insert
search
getFreeBucket
bucket_id: 5
101101001110001getFreeKvSlot
insert
search
getFreeBucket
bucket_id: 6
111000101110001getFreeKvSlot
insert
search
getFreeBucket
bucket_id: 7
111000101110001getFreeKvSlot
insert
search
getFreeBucket
bucket_id: 8
110100101100110getFreeKvSlot
insert
search
getFreeBucket
bucket_id: 9
110100101100110getFreeKvSlot
insert
search
getFreeBucket
bucket_id: 10
111000101100110getFreeKvSlot
insert
search
getFreeBucket
bucket_id: 11
111000101100110getFreeKvSlot
insert
search
getFreeBucket
bucket_id: 12
101011001100110getFreeKvSlot
insert
search
getFreeBucket
bucket_id: 13
101011001100110getFreeKvSlot
insert
search
getFreeBucket
bucket_id: 14
110011001100110getFreeKvSlot
insert
search
getFreeBucket
bucket_id: 15
110011001100110getFreeKvSlot
insert
search
getFreeBucket
bucket_id: 16
110101001010101getFreeKvSlot
insert
search
getFreeBucket
bucket_id: 17
110101001010101getFreeKvSlot
insert
search
getFreeBucket
bucket_id: 18
111010001010101getFreeKvSlot
insert
search
getFreeBucket
bucket_id: 19
111010001010101getFreeKvSlot
insert
search
getFreeBucket
bucket_id: 20
110011001010101getFreeKvSlot
insert
search
getFreeBucket
bucket_id: 21
110011001010101getFreeKvSlot
insert
search
getFreeBucket
bucket_id: 22
110011001010101getFreeKvSlot
insert
search
getFreeBucket
bucket_id: 23
110011001010101getFreeKvSlot
insert
search
getFreeBucket
bucket_id: 24
110010101010101getFreeKvSlot
insert
search
getFreeBucket
bucket_id: 25
110010101010101getFreeKvSlot
insert
search
getFreeBucket
bucket_id: 26
110010101010101getFreeKvSlot
insert
search
getFreeBucket
bucket_id: 27
110010101010101getFreeKvSlot
insert
search
getFreeBucket
bucket_id: 28
101010101010101getFreeKvSlot
insert
search
getFreeBucket
bucket_id: 29
101010101010101getFreeKvSlot
insert
search
getFreeBucket
bucket_id: 30
101010101010101getFreeKvSlot
insert
search
getFreeBucket
bucket_id: 31
101010101010101getFreeKvSlot
insert
search
getFreeBucket
bucket_id: 32
111111110000000getFreeKvSlot
insert
search
getFreeBucket
bucket_id: 33
111111110000000getFreeKvSlot
insert
search
getFreeBucket
bucket_id: 34
111111110000000getFreeKvSlot
insert
search
getFreeBucket
bucket_id: 35
111111110000000getFreeKvSlot
insert
search
getFreeBucket
bucket_id: 36
111111110000000getFreeKvSlot
insert
search
getFreeBucket
bucket_id: 37
111111110000000getFreeKvSlot
insert
search
getFreeBucket
bucket_id: 38
111111110000000getFreeKvSlot
insert
search
getFreeBucket
bucket_id: 39
111111110000000getFreeKvSlot
insert
search
getFreeBucket
bucket_id: 40
111111110000000getFreeKvSlot
insert
search
getFreeBucket
bucket_id: 41
111111110000000getFreeKvSlot
insert
search
getFreeBucket
bucket_id: 42
111111110000000getFreeKvSlot
insert
search
getFreeBucket
bucket_id: 43
111111110000000getFreeKvSlot
insert
search
getFreeBucket
bucket_id: 44
111111110000000getFreeKvSlot
insert
search
getFreeBucket
bucket_id: 45
111111110000000getFreeKvSlot
insert
search
getFreeBucket
bucket_id: 46
111111110000000getFreeKvSlot
insert
search
getFreeBucket
bucket_id: 47
111111110000000getFreeKvSlot
insert
search
getFreeBucket
bucket_id: 48
111111110000000getFreeKvSlot
insert
search
getFreeBucket
bucket_id: 49
111111110000000getFreeKvSlot
insert
search
getFreeBucket
bucket_id: 50
111111110000000getFreeKvSlot
insert
search
getFreeBucket
bucket_id: 51
111111110000000getFreeKvSlot
insert
search
getFreeBucket
bucket_id: 52
111111110000000getFreeKvSlot
insert
search
getFreeBucket
bucket_id: 53
111111110000000getFreeKvSlot
insert
search
getFreeBucket
bucket_id: 54
111111110000000getFreeKvSlot
insert
search
getFreeBucket
bucket_id: 55
111111110000000getFreeKvSlot
insert
search
getFreeBucket
bucket_id: 56
111111110000000getFreeKvSlot
insert
search
getFreeBucket
bucket_id: 57
111111110000000getFreeKvSlot
insert
search
getFreeBucket
bucket_id: 58
111111110000000getFreeKvSlot
insert
search
getFreeBucket
bucket_id: 59
111111110000000getFreeKvSlot
insert
search
getFreeBucket
bucket_id: 60
111111110000000getFreeKvSlot
insert
search
getFreeBucket
bucket_id: 61
111111110000000getFreeKvSlot
insert
search
getFreeBucket
bucket_id: 62
111111110000000getFreeKvSlot
insert
search
getFreeBucket
bucket_id: 63
111111110000000getFreeKvSlot
insert
search
getFreeBucket
bucket_id: 0
111110010101001getFreeKvSlot
insert
search
getFreeBucket
bucket_id: 1
111110010101001getFreeKvSlot
insert
search
getFreeBucket
bucket_id: 2
111111000011010getFreeKvSlot
insert
search
getFreeBucket
bucket_id: 3
111111000011010getFreeKvSlot
insert
search
getFreeBucket
bucket_id: 4
111101001110001getFreeKvSlot
insert
search
getFreeBucket
bucket_id: 5
111101001110001getFreeKvSlot
insert
search
getFreeBucket
bucket_id: 6
111100101110001getFreeKvSlot
insert
search
getFreeBucket
bucket_id: 7
111100101110001getFreeKvSlot
insert
search
getFreeBucket
bucket_id: 8
111100101100110getFreeKvSlot
insert
search
getFreeBucket
bucket_id: 9
111100101100110getFreeKvSlot
insert
search
getFreeBucket
bucket_id: 10
111100101100110getFreeKvSlot
insert
search
getFreeBucket
bucket_id: 11
111100101100110getFreeKvSlot
insert
search
getFreeBucket
bucket_id: 12
111011001100110getFreeKvSlot
insert
search
getFreeBucket
bucket_id: 13
111011001100110getFreeKvSlot
insert
search
getFreeBucket
bucket_id: 14
111011001100110getFreeKvSlot
insert
search
getFreeBucket
bucket_id: 15
111011001100110getFreeKvSlot
insert
search
getFreeBucket
bucket_id: 16
111101001010101getFreeKvSlot
insert
search
getFreeBucket
bucket_id: 17
111101001010101getFreeKvSlot
insert
search
getFreeBucket
bucket_id: 18
111110001010101getFreeKvSlot
insert
search
getFreeBucket
bucket_id: 19
111110001010101getFreeKvSlot
insert
search
getFreeBucket
bucket_id: 20
111011001010101getFreeKvSlot
insert
search
getFreeBucket
bucket_id: 21
111011001010101getFreeKvSlot
insert
search
getFreeBucket
bucket_id: 22
111011001010101getFreeKvSlot
insert
search
getFreeBucket
bucket_id: 23
111011001010101getFreeKvSlot
insert
search
getFreeBucket
bucket_id: 24
111010101010101getFreeKvSlot
insert
search
getFreeBucket
bucket_id: 25
111010101010101getFreeKvSlot
insert
search
getFreeBucket
bucket_id: 26
111010101010101getFreeKvSlot
insert
search
getFreeBucket
bucket_id: 27
111010101010101getFreeKvSlot
insert
search
getFreeBucket
bucket_id: 28
111010101010101getFreeKvSlot
insert
search
getFreeBucket
bucket_id: 29
111010101010101getFreeKvSlot
insert
search
getFreeBucket
bucket_id: 30
111010101010101getFreeKvSlot
insert
search
getFreeBucket
bucket_id: 31
111010101010101getFreeKvSlot
insert
search
getFreeBucket
bucket_id: 32
111111111000000getFreeKvSlot
insert
search
getFreeBucket
bucket_id: 33
111111111000000getFreeKvSlot
insert
search
getFreeBucket
bucket_id: 34
111111111000000getFreeKvSlot
insert
search
getFreeBucket
bucket_id: 35
111111111000000getFreeKvSlot
insert
search
getFreeBucket
bucket_id: 36
111111111000000getFreeKvSlot
insert
search
getFreeBucket
bucket_id: 37
111111111000000getFreeKvSlot
insert
search
getFreeBucket
bucket_id: 38
111111111000000getFreeKvSlot
insert
search
getFreeBucket
bucket_id: 39
111111111000000getFreeKvSlot
insert
search
getFreeBucket
bucket_id: 40
111111111000000getFreeKvSlot
insert
search
getFreeBucket
bucket_id: 41
111111111000000getFreeKvSlot
insert
search
getFreeBucket
bucket_id: 42
111111111000000getFreeKvSlot
insert
search
getFreeBucket
bucket_id: 43
111111111000000getFreeKvSlot
insert
search
getFreeBucket
bucket_id: 44
111111111000000getFreeKvSlot
insert
search
getFreeBucket
bucket_id: 45
111111111000000getFreeKvSlot
insert
search
getFreeBucket
bucket_id: 46
111111111000000getFreeKvSlot
insert
search
getFreeBucket
bucket_id: 47
111111111000000getFreeKvSlot
insert
search
getFreeBucket
bucket_id: 48
111111111000000getFreeKvSlot
insert
search
getFreeBucket
bucket_id: 49
111111111000000getFreeKvSlot
insert
search
getFreeBucket
bucket_id: 50
111111111000000getFreeKvSlot
insert
search
getFreeBucket
bucket_id: 51
111111111000000getFreeKvSlot
insert
search
getFreeBucket
bucket_id: 52
111111111000000getFreeKvSlot
insert
search
getFreeBucket
bucket_id: 53
111111111000000getFreeKvSlot
insert
search
getFreeBucket
bucket_id: 54
111111111000000getFreeKvSlot
insert
search
getFreeBucket
bucket_id: 55
111111111000000getFreeKvSlot
insert
search
getFreeBucket
bucket_id: 56
111111111000000getFreeKvSlot
insert
search
getFreeBucket
bucket_id: 57
111111111000000getFreeKvSlot
insert
search
getFreeBucket
bucket_id: 58
111111111000000getFreeKvSlot
insert
search
getFreeBucket
bucket_id: 59
111111111000000getFreeKvSlot
insert
search
getFreeBucket
bucket_id: 60
111111111000000getFreeKvSlot
insert
search
getFreeBucket
bucket_id: 61
111111111000000getFreeKvSlot
insert
search
getFreeBucket
bucket_id: 62
111111111000000getFreeKvSlot
insert
search
getFreeBucket
bucket_id: 63
111111111000000getFreeKvSlot
insert
search
getFreeBucket
bucket_id: 0
111111010101001getFreeKvSlot
insert
search
getFreeBucket
bucket_id: 1
111111010101001getFreeKvSlot
insert
search
getFreeBucket
bucket_id: 2
111111100011010getFreeKvSlot
insert
search
getFreeBucket
bucket_id: 3
111111100011010getFreeKvSlot
insert
search
getFreeBucket
bucket_id: 4
111111001110001getFreeKvSlot
insert
search
getFreeBucket
bucket_id: 5
111111001110001getFreeKvSlot
insert
search
getFreeBucket
bucket_id: 6
111110101110001getFreeKvSlot
insert
search
getFreeBucket
bucket_id: 7
111110101110001getFreeKvSlot
insert
search
getFreeBucket
bucket_id: 8
111110101100110getFreeKvSlot
insert
search
getFreeBucket
bucket_id: 9
111110101100110getFreeKvSlot
insert
search
getFreeBucket
bucket_id: 10
111110101100110getFreeKvSlot
insert
search
getFreeBucket
bucket_id: 11
111110101100110getFreeKvSlot
insert
search
getFreeBucket
bucket_id: 12
111111001100110getFreeKvSlot
insert
search
getFreeBucket
bucket_id: 13
111111001100110getFreeKvSlot
insert
search
getFreeBucket
bucket_id: 14
111111001100110getFreeKvSlot
insert
search
getFreeBucket
bucket_id: 15
111111001100110getFreeKvSlot
insert
search
getFreeBucket
bucket_id: 16
111111001010101getFreeKvSlot
insert
search
getFreeBucket
bucket_id: 17
111111001010101getFreeKvSlot
insert
search
getFreeBucket
bucket_id: 18
111111001010101getFreeKvSlot
insert
search
getFreeBucket
bucket_id: 19
111111001010101getFreeKvSlot
insert
search
getFreeBucket
bucket_id: 20
111111001010101getFreeKvSlot
insert
search
getFreeBucket
bucket_id: 21
111111001010101getFreeKvSlot
insert
search
getFreeBucket
bucket_id: 22
111111001010101getFreeKvSlot
insert
search
getFreeBucket
bucket_id: 23
111111001010101getFreeKvSlot
insert
search
getFreeBucket
bucket_id: 24
111110101010101getFreeKvSlot
insert
search
getFreeBucket
bucket_id: 25
111110101010101getFreeKvSlot
insert
search
getFreeBucket
bucket_id: 26
111110101010101getFreeKvSlot
insert
search
getFreeBucket
bucket_id: 27
111110101010101getFreeKvSlot
insert
search
getFreeBucket
bucket_id: 28
111110101010101getFreeKvSlot
insert
search
getFreeBucket
bucket_id: 29
111110101010101getFreeKvSlot
insert
search
getFreeBucket
bucket_id: 30
111110101010101getFreeKvSlot
insert
search
getFreeBucket
bucket_id: 31
111110101010101getFreeKvSlot
insert
search
getFreeBucket
bucket_id: 32
111111111100000getFreeKvSlot
insert
search
getFreeBucket
bucket_id: 33
111111111100000getFreeKvSlot
insert
search
getFreeBucket
bucket_id: 34
111111111100000getFreeKvSlot
insert
search
getFreeBucket
bucket_id: 35
111111111100000getFreeKvSlot
insert
search
getFreeBucket
bucket_id: 36
111111111100000getFreeKvSlot
insert
search
getFreeBucket
bucket_id: 37
111111111100000getFreeKvSlot
insert
search
getFreeBucket
bucket_id: 38
111111111100000getFreeKvSlot
insert
search
getFreeBucket
bucket_id: 39
111111111100000getFreeKvSlot
insert
search
getFreeBucket
bucket_id: 40
111111111100000getFreeKvSlot
insert
search
getFreeBucket
bucket_id: 41
111111111100000getFreeKvSlot
insert
search
getFreeBucket
bucket_id: 42
111111111100000getFreeKvSlot
insert
search
getFreeBucket
bucket_id: 43
111111111100000getFreeKvSlot
insert
search
getFreeBucket
bucket_id: 44
111111111100000getFreeKvSlot
insert
search
getFreeBucket
bucket_id: 45
111111111100000getFreeKvSlot
insert
search
getFreeBucket
bucket_id: 46
111111111100000getFreeKvSlot
insert
search
getFreeBucket
bucket_id: 47
111111111100000getFreeKvSlot
insert
search
getFreeBucket
bucket_id: 48
111111111100000getFreeKvSlot
insert
search
getFreeBucket
bucket_id: 49
111111111100000getFreeKvSlot
insert
search
getFreeBucket
bucket_id: 50
111111111100000getFreeKvSlot
insert
search
getFreeBucket
bucket_id: 51
111111111100000getFreeKvSlot
insert
search
getFreeBucket
bucket_id: 52
111111111100000getFreeKvSlot
insert
search
getFreeBucket
bucket_id: 53
111111111100000getFreeKvSlot
insert
search
getFreeBucket
bucket_id: 54
111111111100000getFreeKvSlot
insert
search
getFreeBucket
bucket_id: 55
111111111100000getFreeKvSlot
insert
search
getFreeBucket
bucket_id: 56
111111111100000getFreeKvSlot
insert
search
getFreeBucket
bucket_id: 57
111111111100000getFreeKvSlot
insert
search
getFreeBucket
bucket_id: 58
111111111100000getFreeKvSlot
insert
search
getFreeBucket
bucket_id: 59
111111111100000getFreeKvSlot
insert
search
getFreeBucket
bucket_id: 60
111111111100000getFreeKvSlot
insert
search
getFreeBucket
bucket_id: 61
111111111100000getFreeKvSlot
insert
search
getFreeBucket
bucket_id: 62
111111111100000getFreeKvSlot
insert
search
getFreeBucket
bucket_id: 63
111111111100000getFreeKvSlot
insert
search
getFreeBucket
bucket_id: 0
111111110101001getFreeKvSlot
insert
search
getFreeBucket
bucket_id: 1
111111110101001getFreeKvSlot
insert
search
getFreeBucket
bucket_id: 2
111111110011010getFreeKvSlot
insert
search
getFreeBucket
bucket_id: 3
111111110011010getFreeKvSlot
insert
search
getFreeBucket
bucket_id: 4
111111101110001getFreeKvSlot
insert
search
getFreeBucket
bucket_id: 5
111111101110001getFreeKvSlot
insert
search
getFreeBucket
bucket_id: 6
111111101110001getFreeKvSlot
insert
search
getFreeBucket
bucket_id: 7
111111101110001getFreeKvSlot
insert
search
getFreeBucket
bucket_id: 8
111111101100110getFreeKvSlot
insert
search
getFreeBucket
bucket_id: 9
111111101100110getFreeKvSlot
insert
search
getFreeBucket
bucket_id: 10
111111101100110getFreeKvSlot
insert
search
getFreeBucket
bucket_id: 11
111111101100110getFreeKvSlot
insert
search
getFreeBucket
bucket_id: 12
111111101100110getFreeKvSlot
insert
search
getFreeBucket
bucket_id: 13
111111101100110getFreeKvSlot
insert
search
getFreeBucket
bucket_id: 14
111111101100110getFreeKvSlot
insert
search
getFreeBucket
bucket_id: 15
111111101100110getFreeKvSlot
insert
search
getFreeBucket
bucket_id: 16
111111101010101getFreeKvSlot
insert
search
getFreeBucket
bucket_id: 17
111111101010101getFreeKvSlot
insert
search
getFreeBucket
bucket_id: 18
111111101010101getFreeKvSlot
insert
search
getFreeBucket
bucket_id: 19
111111101010101getFreeKvSlot
insert
search
getFreeBucket
bucket_id: 20
111111101010101getFreeKvSlot
insert
search
getFreeBucket
bucket_id: 21
111111101010101getFreeKvSlot
insert
search
getFreeBucket
bucket_id: 22
111111101010101getFreeKvSlot
insert
search
getFreeBucket
bucket_id: 23
111111101010101getFreeKvSlot
insert
search
getFreeBucket
bucket_id: 24
111111101010101getFreeKvSlot
insert
search
getFreeBucket
bucket_id: 25
111111101010101getFreeKvSlot
insert
search
getFreeBucket
bucket_id: 26
111111101010101getFreeKvSlot
insert
search
getFreeBucket
bucket_id: 27
111111101010101getFreeKvSlot
insert
search
getFreeBucket
bucket_id: 28
111111101010101getFreeKvSlot
insert
search
getFreeBucket
bucket_id: 29
111111101010101getFreeKvSlot
insert
search
getFreeBucket
bucket_id: 30
111111101010101getFreeKvSlot
insert
search
getFreeBucket
bucket_id: 31
111111101010101getFreeKvSlot
insert
search
getFreeBucket
bucket_id: 32
111111111110000getFreeKvSlot
insert
search
getFreeBucket
bucket_id: 33
111111111110000getFreeKvSlot
insert
search
getFreeBucket
bucket_id: 34
111111111110000getFreeKvSlot
insert
search
getFreeBucket
bucket_id: 35
111111111110000getFreeKvSlot
insert
search
getFreeBucket
bucket_id: 36
111111111110000getFreeKvSlot
insert
search
getFreeBucket
bucket_id: 37
111111111110000getFreeKvSlot
insert
search
getFreeBucket
bucket_id: 38
111111111110000getFreeKvSlot
insert
search
getFreeBucket
bucket_id: 39
111111111110000getFreeKvSlot
insert
search
getFreeBucket
bucket_id: 40
111111111110000getFreeKvSlot
insert
search
getFreeBucket
bucket_id: 41
111111111110000getFreeKvSlot
insert
search
getFreeBucket
bucket_id: 42
111111111110000getFreeKvSlot
insert
search
getFreeBucket
bucket_id: 43
111111111110000getFreeKvSlot
insert
search
getFreeBucket
bucket_id: 44
111111111110000getFreeKvSlot
insert
search
getFreeBucket
bucket_id: 45
111111111110000getFreeKvSlot
insert
search
getFreeBucket
bucket_id: 46
111111111110000getFreeKvSlot
insert
search
getFreeBucket
bucket_id: 47
111111111110000getFreeKvSlot
insert
search
getFreeBucket
bucket_id: 48
111111111110000getFreeKvSlot
insert
search
getFreeBucket
bucket_id: 49
111111111110000getFreeKvSlot
insert
search
getFreeBucket
bucket_id: 50
111111111110000getFreeKvSlot
insert
search
getFreeBucket
bucket_id: 51
111111111110000getFreeKvSlot
insert
search
getFreeBucket
bucket_id: 52
111111111110000getFreeKvSlot
insert
search
getFreeBucket
bucket_id: 53
111111111110000getFreeKvSlot
insert
search
getFreeBucket
bucket_id: 54
111111111110000getFreeKvSlot
insert
search
getFreeBucket
bucket_id: 55
111111111110000getFreeKvSlot
insert
search
getFreeBucket
bucket_id: 56
111111111110000getFreeKvSlot
insert
search
getFreeBucket
bucket_id: 57
111111111110000getFreeKvSlot
insert
search
getFreeBucket
bucket_id: 58
111111111110000getFreeKvSlot
insert
search
getFreeBucket
bucket_id: 59
111111111110000getFreeKvSlot
insert
search
getFreeBucket
bucket_id: 60
111111111110000getFreeKvSlot
insert
search
getFreeBucket
bucket_id: 61
111111111110000getFreeKvSlot
insert
search
getFreeBucket
bucket_id: 62
111111111110000getFreeKvSlot
insert
search
getFreeBucket
bucket_id: 63
111111111110000getFreeKvSlot
insert
search
getFreeBucket
bucket_id: 0
111111111101001getFreeKvSlot
insert
search
getFreeBucket
bucket_id: 1
111111111101001getFreeKvSlot
insert
search
getFreeBucket
bucket_id: 2
111111111011010getFreeKvSlot
insert
search
getFreeBucket
bucket_id: 3
111111111011010getFreeKvSlot
insert
search
getFreeBucket
bucket_id: 4
111111111110001getFreeKvSlot
insert
search
getFreeBucket
bucket_id: 5
111111111110001getFreeKvSlot
insert
search
getFreeBucket
bucket_id: 6
111111111110001getFreeKvSlot
insert
search
getFreeBucket
bucket_id: 7
111111111110001getFreeKvSlot
insert
search
getFreeBucket
bucket_id: 8
111111111100110getFreeKvSlot
insert
search
getFreeBucket
bucket_id: 9
111111111100110getFreeKvSlot
insert
search
getFreeBucket
bucket_id: 10
111111111100110getFreeKvSlot
insert
search
getFreeBucket
bucket_id: 11
111111111100110getFreeKvSlot
insert
search
getFreeBucket
bucket_id: 12
111111111100110getFreeKvSlot
insert
search
getFreeBucket
bucket_id: 13
111111111100110getFreeKvSlot
insert
search
getFreeBucket
bucket_id: 14
111111111100110getFreeKvSlot
insert
search
getFreeBucket
bucket_id: 15
111111111100110getFreeKvSlot
insert
search
getFreeBucket
bucket_id: 16
111111111010101getFreeKvSlot
insert
search
getFreeBucket
bucket_id: 17
111111111010101getFreeKvSlot
insert
search
getFreeBucket
bucket_id: 18
111111111010101getFreeKvSlot
insert
search
getFreeBucket
bucket_id: 19
111111111010101getFreeKvSlot
insert
search
getFreeBucket
bucket_id: 20
111111111010101getFreeKvSlot
insert
search
getFreeBucket
bucket_id: 21
111111111010101getFreeKvSlot
insert
search
getFreeBucket
bucket_id: 22
111111111010101getFreeKvSlot
insert
search
getFreeBucket
bucket_id: 23
111111111010101getFreeKvSlot
insert
search
getFreeBucket
bucket_id: 24
111111111010101getFreeKvSlot
insert
search
getFreeBucket
bucket_id: 25
111111111010101getFreeKvSlot
insert
search
getFreeBucket
bucket_id: 26
111111111010101getFreeKvSlot
insert
search
getFreeBucket
bucket_id: 27
111111111010101getFreeKvSlot
insert
search
getFreeBucket
bucket_id: 28
111111111010101getFreeKvSlot
insert
search
getFreeBucket
bucket_id: 29
111111111010101getFreeKvSlot
insert
search
getFreeBucket
bucket_id: 30
111111111010101getFreeKvSlot
insert
search
getFreeBucket
bucket_id: 31
111111111010101getFreeKvSlot
insert
search
getFreeBucket
bucket_id: 32
111111111111000getFreeKvSlot
insert
search
getFreeBucket
bucket_id: 33
111111111111000getFreeKvSlot
insert
search
getFreeBucket
bucket_id: 34
111111111111000getFreeKvSlot
insert
search
getFreeBucket
bucket_id: 35
111111111111000getFreeKvSlot
insert
search
getFreeBucket
bucket_id: 36
111111111111000getFreeKvSlot
insert
search
getFreeBucket
bucket_id: 37
111111111111000getFreeKvSlot
insert
search
getFreeBucket
bucket_id: 38
111111111111000getFreeKvSlot
insert
search
getFreeBucket
bucket_id: 39
111111111111000getFreeKvSlot
insert
search
getFreeBucket
bucket_id: 40
111111111111000getFreeKvSlot
insert
search
getFreeBucket
bucket_id: 41
111111111111000getFreeKvSlot
insert
search
getFreeBucket
bucket_id: 42
111111111111000getFreeKvSlot
insert
search
getFreeBucket
bucket_id: 43
111111111111000getFreeKvSlot
insert
search
getFreeBucket
bucket_id: 44
111111111111000getFreeKvSlot
insert
search
getFreeBucket
bucket_id: 45
111111111111000getFreeKvSlot
insert
search
getFreeBucket
bucket_id: 46
111111111111000getFreeKvSlot
insert
search
getFreeBucket
bucket_id: 47
111111111111000getFreeKvSlot
insert
search
getFreeBucket
bucket_id: 48
111111111111000getFreeKvSlot
insert
search
getFreeBucket
bucket_id: 49
111111111111000getFreeKvSlot
insert
search
getFreeBucket
bucket_id: 50
111111111111000getFreeKvSlot
insert
search
getFreeBucket
bucket_id: 51
111111111111000getFreeKvSlot
insert
search
getFreeBucket
bucket_id: 52
111111111111000getFreeKvSlot
insert
search
getFreeBucket
bucket_id: 53
111111111111000getFreeKvSlot
insert
search
getFreeBucket
bucket_id: 54
111111111111000getFreeKvSlot
insert
search
getFreeBucket
bucket_id: 55
111111111111000getFreeKvSlot
insert
search
getFreeBucket
bucket_id: 56
111111111111000getFreeKvSlot
insert
search
getFreeBucket
bucket_id: 57
111111111111000getFreeKvSlot
insert
search
getFreeBucket
bucket_id: 58
111111111111000getFreeKvSlot
insert
search
getFreeBucket
bucket_id: 59
111111111111000getFreeKvSlot
insert
search
getFreeBucket
bucket_id: 60
111111111111000getFreeKvSlot
insert
search
getFreeBucket
bucket_id: 61
111111111111000getFreeKvSlot
insert
search
getFreeBucket
bucket_id: 62
111111111111000getFreeKvSlot
insert
search
getFreeBucket
bucket_id: 63
111111111111000getFreeKvSlot
insert
search
getFreeBucket
bucket_id: 0
111111111111001getFreeKvSlot
insert
search
getFreeBucket
bucket_id: 1
111111111111001getFreeKvSlot
insert
search
getFreeBucket
bucket_id: 2
111111111111010getFreeKvSlot
insert
search
getFreeBucket
bucket_id: 3
111111111111010getFreeKvSlot
insert
search
getFreeBucket
bucket_id: 4
111111111111001getFreeKvSlot
insert
search
getFreeBucket
bucket_id: 5
111111111111001getFreeKvSlot
insert
search
getFreeBucket
bucket_id: 6
111111111111001getFreeKvSlot
insert
search
getFreeBucket
bucket_id: 7
111111111111001getFreeKvSlot
insert
search
getFreeBucket
bucket_id: 8
111111111110110getFreeKvSlot
insert
search
getFreeBucket
bucket_id: 9
111111111110110getFreeKvSlot
insert
search
getFreeBucket
bucket_id: 10
111111111110110getFreeKvSlot
insert
search
getFreeBucket
bucket_id: 11
111111111110110getFreeKvSlot
insert
search
getFreeBucket
bucket_id: 12
111111111110110getFreeKvSlot
insert
search
getFreeBucket
bucket_id: 13
111111111110110getFreeKvSlot
insert
search
getFreeBucket
bucket_id: 14
111111111110110getFreeKvSlot
insert
search
getFreeBucket
bucket_id: 15
111111111110110getFreeKvSlot
insert
search
getFreeBucket
bucket_id: 16
111111111110101getFreeKvSlot
insert
search
getFreeBucket
bucket_id: 17
111111111110101getFreeKvSlot
insert
search
getFreeBucket
bucket_id: 18
111111111110101getFreeKvSlot
insert
search
getFreeBucket
bucket_id: 19
111111111110101getFreeKvSlot
insert
search
getFreeBucket
bucket_id: 20
111111111110101getFreeKvSlot
insert
search
getFreeBucket
bucket_id: 21
111111111110101getFreeKvSlot
insert
search
getFreeBucket
bucket_id: 22
111111111110101getFreeKvSlot
insert
search
getFreeBucket
bucket_id: 23
111111111110101getFreeKvSlot
insert
search
getFreeBucket
bucket_id: 24
111111111110101getFreeKvSlot
insert
search
getFreeBucket
bucket_id: 25
111111111110101getFreeKvSlot
insert
search
getFreeBucket
bucket_id: 26
111111111110101getFreeKvSlot
insert
search
getFreeBucket
bucket_id: 27
111111111110101getFreeKvSlot
insert
search
getFreeBucket
bucket_id: 28
111111111110101getFreeKvSlot
insert
search
getFreeBucket
bucket_id: 29
111111111110101getFreeKvSlot
insert
search
getFreeBucket
bucket_id: 30
111111111110101getFreeKvSlot
insert
search
getFreeBucket
bucket_id: 31
111111111110101getFreeKvSlot
insert
search
getFreeBucket
bucket_id: 32
111111111111100getFreeKvSlot
insert
search
getFreeBucket
bucket_id: 33
111111111111100getFreeKvSlot
insert
search
getFreeBucket
bucket_id: 34
111111111111100getFreeKvSlot
insert
search
getFreeBucket
bucket_id: 35
111111111111100getFreeKvSlot
insert
search
getFreeBucket
bucket_id: 36
111111111111100getFreeKvSlot
insert
search
getFreeBucket
bucket_id: 37
111111111111100getFreeKvSlot
insert
search
getFreeBucket
bucket_id: 38
111111111111100getFreeKvSlot
insert
search
getFreeBucket
bucket_id: 39
111111111111100getFreeKvSlot
insert
search
getFreeBucket
bucket_id: 40
111111111111100getFreeKvSlot
insert
search
getFreeBucket
bucket_id: 41
111111111111100getFreeKvSlot
insert
search
getFreeBucket
bucket_id: 42
111111111111100getFreeKvSlot
insert
search
getFreeBucket
bucket_id: 43
111111111111100getFreeKvSlot
insert
search
getFreeBucket
bucket_id: 44
111111111111100getFreeKvSlot
insert
search
getFreeBucket
bucket_id: 45
111111111111100getFreeKvSlot
insert
search
getFreeBucket
bucket_id: 46
111111111111100getFreeKvSlot
insert
search
getFreeBucket
bucket_id: 47
111111111111100getFreeKvSlot
insert
search
getFreeBucket
bucket_id: 48
111111111111100getFreeKvSlot
insert
search
getFreeBucket
bucket_id: 49
111111111111100getFreeKvSlot
insert
search
getFreeBucket
bucket_id: 50
111111111111100getFreeKvSlot
insert
search
getFreeBucket
bucket_id: 51
111111111111100getFreeKvSlot
insert
search
getFreeBucket
bucket_id: 52
111111111111100getFreeKvSlot
insert
search
getFreeBucket
bucket_id: 53
111111111111100getFreeKvSlot
insert
search
getFreeBucket
bucket_id: 54
111111111111100getFreeKvSlot
insert
search
getFreeBucket
bucket_id: 55
111111111111100getFreeKvSlot
insert
search
getFreeBucket
bucket_id: 56
111111111111100getFreeKvSlot
insert
search
getFreeBucket
bucket_id: 57
111111111111100getFreeKvSlot
insert
search
getFreeBucket
bucket_id: 58
111111111111100getFreeKvSlot
insert
search
getFreeBucket
bucket_id: 59
111111111111100getFreeKvSlot
insert
search
getFreeBucket
bucket_id: 60
111111111111100getFreeKvSlot
insert
search
getFreeBucket
bucket_id: 61
111111111111100getFreeKvSlot
insert
search
getFreeBucket
bucket_id: 62
111111111111100getFreeKvSlot
insert
search
getFreeBucket
bucket_id: 63
111111111111100getFreeKvSlot
insert
search
getFreeBucket
bucket_id: 0
111111111111101getFreeKvSlot
insert
search
getFreeBucket
bucket_id: 1
111111111111101getFreeKvSlot
insert
search
getFreeBucket
bucket_id: 2
111111111111110getFreeKvSlot
insert
search
getFreeBucket
bucket_id: 3
111111111111110getFreeKvSlot
insert
search
getFreeBucket
bucket_id: 4
111111111111101getFreeKvSlot
insert
search
getFreeBucket
bucket_id: 5
111111111111101getFreeKvSlot
insert
search
getFreeBucket
bucket_id: 6
111111111111101getFreeKvSlot
insert
search
getFreeBucket
bucket_id: 7
111111111111101getFreeKvSlot
insert
search
getFreeBucket
bucket_id: 8
111111111111110getFreeKvSlot
insert
search
getFreeBucket
bucket_id: 9
111111111111110getFreeKvSlot
insert
search
getFreeBucket
bucket_id: 10
111111111111110getFreeKvSlot
insert
search
getFreeBucket
bucket_id: 11
111111111111110getFreeKvSlot
insert
search
getFreeBucket
bucket_id: 12
111111111111110getFreeKvSlot
insert
search
getFreeBucket
bucket_id: 13
111111111111110getFreeKvSlot
insert
search
getFreeBucket
bucket_id: 14
111111111111110getFreeKvSlot
insert
search
getFreeBucket
bucket_id: 15
111111111111110getFreeKvSlot
insert
search
getFreeBucket
bucket_id: 16
111111111111101getFreeKvSlot
insert
search
getFreeBucket
bucket_id: 17
111111111111101getFreeKvSlot
insert
search
getFreeBucket
bucket_id: 18
111111111111101getFreeKvSlot
insert
search
getFreeBucket
bucket_id: 19
111111111111101getFreeKvSlot
insert
search
getFreeBucket
bucket_id: 20
111111111111101getFreeKvSlot
insert
search
getFreeBucket
bucket_id: 21
111111111111101getFreeKvSlot
insert
search
getFreeBucket
bucket_id: 22
111111111111101getFreeKvSlot
insert
search
getFreeBucket
bucket_id: 23
111111111111101getFreeKvSlot
insert
search
getFreeBucket
bucket_id: 24
111111111111101getFreeKvSlot
insert
search
getFreeBucket
bucket_id: 25
111111111111101getFreeKvSlot
insert
search
getFreeBucket
bucket_id: 26
111111111111101getFreeKvSlot
insert
search
getFreeBucket
bucket_id: 27
111111111111101getFreeKvSlot
insert
search
getFreeBucket
bucket_id: 28
111111111111101getFreeKvSlot
insert
search
getFreeBucket
bucket_id: 29
111111111111101getFreeKvSlot
insert
search
getFreeBucket
bucket_id: 30
111111111111101getFreeKvSlot
insert
search
getFreeBucket
bucket_id: 31
111111111111101getFreeKvSlot
insert
search
getFreeBucket
bucket_id: 32
111111111111110getFreeKvSlot
insert
search
getFreeBucket
bucket_id: 33
111111111111110getFreeKvSlot
insert
search
getFreeBucket
bucket_id: 34
111111111111110getFreeKvSlot
insert
search
getFreeBucket
bucket_id: 35
111111111111110getFreeKvSlot
insert
search
getFreeBucket
bucket_id: 36
111111111111110getFreeKvSlot
insert
search
getFreeBucket
bucket_id: 37
111111111111110getFreeKvSlot
insert
search
getFreeBucket
bucket_id: 38
111111111111110getFreeKvSlot
insert
search
getFreeBucket
bucket_id: 39
111111111111110getFreeKvSlot
insert
search
getFreeBucket
bucket_id: 40
111111111111110getFreeKvSlot
insert
search
getFreeBucket
bucket_id: 41
111111111111110getFreeKvSlot
insert
search
getFreeBucket
bucket_id: 42
111111111111110getFreeKvSlot
insert
search
getFreeBucket
bucket_id: 43
111111111111110getFreeKvSlot
insert
search
getFreeBucket
bucket_id: 44
111111111111110getFreeKvSlot
insert
search
getFreeBucket
bucket_id: 45
111111111111110getFreeKvSlot
insert
search
getFreeBucket
bucket_id: 46
111111111111110getFreeKvSlot
insert
search
getFreeBucket
bucket_id: 47
111111111111110getFreeKvSlot
insert
search
getFreeBucket
bucket_id: 48
111111111111110getFreeKvSlot
insert
search
getFreeBucket
bucket_id: 49
111111111111110getFreeKvSlot
insert
search
getFreeBucket
bucket_id: 50
111111111111110getFreeKvSlot
insert
search
getFreeBucket
bucket_id: 51
111111111111110getFreeKvSlot
insert
search
getFreeBucket
bucket_id: 52
111111111111110getFreeKvSlot
insert
search
getFreeBucket
bucket_id: 53
111111111111110getFreeKvSlot
insert
search
getFreeBucket
bucket_id: 54
111111111111110getFreeKvSlot
insert
search
getFreeBucket
bucket_id: 55
111111111111110getFreeKvSlot
insert
search
getFreeBucket
bucket_id: 56
111111111111110getFreeKvSlot
insert
search
getFreeBucket
bucket_id: 57
111111111111110getFreeKvSlot
insert
search
getFreeBucket
bucket_id: 58
111111111111110getFreeKvSlot
insert
search
getFreeBucket
bucket_id: 59
111111111111110getFreeKvSlot
insert
search
getFreeBucket
bucket_id: 60
111111111111110getFreeKvSlot
insert
search
getFreeBucket
bucket_id: 61
111111111111110getFreeKvSlot
insert
search
getFreeBucket
bucket_id: 62
111111111111110getFreeKvSlot
insert
search
getFreeBucket
bucket_id: 63
111111111111110getFreeKvSlot
insert
search
getFreeBucket
bucket_id: 0
111111111111111splitBucket
local_depth1: 6
extendCatalog
extendCatalog bp1
extendCatalog bp2
extendCatalog bp3
extendCatalog bp4
getFreeSlot
getNewBucket
allocNewPage
2564104
newbucket: 000000000000000
111111111111111
000000000000000
a1 :0  b1: 64 bucket_id: 0 local_depth1: 7
a1 :0  b1: 64 bucket_id: 0 local_depth1: 7
a1 :64  b1: 64 bucket_id: 0 local_depth1: 7
jump in
a1 :0  b1: 64 bucket_id: 0 local_depth1: 7
a1 :0  b1: 64 bucket_id: 0 local_depth1: 7
a1 :64  b1: 64 bucket_id: 0 local_depth1: 7
jump in
a1 :0  b1: 64 bucket_id: 0 local_depth1: 7
a1 :64  b1: 64 bucket_id: 0 local_depth1: 7
jump in
a1 :64  b1: 64 bucket_id: 0 local_depth1: 7
jump in
a1 :0  b1: 64 bucket_id: 0 local_depth1: 7
a1 :0  b1: 64 bucket_id: 0 local_depth1: 7
a1 :64  b1: 64 bucket_id: 0 local_depth1: 7
jump in
a1 :64  b1: 64 bucket_id: 0 local_depth1: 7
jump in
a1 :0  b1: 64 bucket_id: 0 local_depth1: 7
a1 :64  b1: 64 bucket_id: 0 local_depth1: 7
jump in
110110100110010
111111100000000
getFreeBucket
bucket_id: 64
111111100000000getFreeKvSlot
insert
search
getFreeBucket
bucket_id: 65
111111111111111splitBucket
local_depth1: 6
getFreeSlot
getNewBucket
newbucket: 000000000000000
111111111111111
000000000000000
a1 :1  b1: 65 bucket_id: 1 local_depth1: 7
a1 :1  b1: 65 bucket_id: 1 local_depth1: 7
a1 :65  b1: 65 bucket_id: 1 local_depth1: 7
jump in
a1 :1  b1: 65 bucket_id: 1 local_depth1: 7
a1 :1  b1: 65 bucket_id: 1 local_depth1: 7
a1 :65  b1: 65 bucket_id: 1 local_depth1: 7
jump in
a1 :1  b1: 65 bucket_id: 1 local_depth1: 7
a1 :65  b1: 65 bucket_id: 1 local_depth1: 7
jump in
a1 :65  b1: 65 bucket_id: 1 local_depth1: 7
jump in
a1 :1  b1: 65 bucket_id: 1 local_depth1: 7
a1 :1  b1: 65 bucket_id: 1 local_depth1: 7
a1 :65  b1: 65 bucket_id: 1 local_depth1: 7
jump in
a1 :65  b1: 65 bucket_id: 1 local_depth1: 7
jump in
a1 :1  b1: 65 bucket_id: 1 local_depth1: 7
a1 :65  b1: 65 bucket_id: 1 local_depth1: 7
jump in
110110100110010
111111100000000
getFreeBucket
bucket_id: 65
111111100000000getFreeKvSlot
insert
search
getFreeBucket
bucket_id: 66
111111111111111splitBucket
local_depth1: 6
getFreeSlot
getNewBucket
newbucket: 000000000000000
111111111111111
000000000000000
a1 :2  b1: 66 bucket_id: 2 local_depth1: 7
a1 :66  b1: 66 bucket_id: 2 local_depth1: 7
jump in
a1 :2  b1: 66 bucket_id: 2 local_depth1: 7
a1 :2  b1: 66 bucket_id: 2 local_depth1: 7
a1 :2  b1: 66 bucket_id: 2 local_depth1: 7
a1 :66  b1: 66 bucket_id: 2 local_depth1: 7
jump in
a1 :66  b1: 66 bucket_id: 2 local_depth1: 7
jump in
a1 :2  b1: 66 bucket_id: 2 local_depth1: 7
a1 :66  b1: 66 bucket_id: 2 local_depth1: 7
jump in
a1 :2  b1: 66 bucket_id: 2 local_depth1: 7
a1 :66  b1: 66 bucket_id: 2 local_depth1: 7
jump in
a1 :2  b1: 66 bucket_id: 2 local_depth1: 7
a1 :66  b1: 66 bucket_id: 2 local_depth1: 7
jump in
a1 :66  b1: 66 bucket_id: 2 local_depth1: 7
jump in
a1 :2  b1: 66 bucket_id: 2 local_depth1: 7
101110010101001
111111100000000
getFreeBucket
bucket_id: 66
111111100000000getFreeKvSlot
insert
search
getFreeBucket
bucket_id: 67
111111111111111splitBucket
local_depth1: 6
getFreeSlot
getNewBucket
newbucket: 000000000000000
111111111111111
000000000000000
a1 :3  b1: 67 bucket_id: 3 local_depth1: 7
a1 :67  b1: 67 bucket_id: 3 local_depth1: 7
jump in
a1 :3  b1: 67 bucket_id: 3 local_depth1: 7
a1 :3  b1: 67 bucket_id: 3 local_depth1: 7
a1 :3  b1: 67 bucket_id: 3 local_depth1: 7
a1 :67  b1: 67 bucket_id: 3 local_depth1: 7
jump in
a1 :67  b1: 67 bucket_id: 3 local_depth1: 7
jump in
a1 :3  b1: 67 bucket_id: 3 local_depth1: 7
a1 :67  b1: 67 bucket_id: 3 local_depth1: 7
jump in
a1 :3  b1: 67 bucket_id: 3 local_depth1: 7
a1 :67  b1: 67 bucket_id: 3 local_depth1: 7
jump in
a1 :3  b1: 67 bucket_id: 3 local_depth1: 7
a1 :67  b1: 67 bucket_id: 3 local_depth1: 7
jump in
a1 :67  b1: 67 bucket_id: 3 local_depth1: 7
jump in
a1 :3  b1: 67 bucket_id: 3 local_depth1: 7
101110010101001
111111100000000
getFreeBucket
bucket_id: 67
111111100000000getFreeKvSlot
insert
search
getFreeBucket
bucket_id: 68
111111111111111splitBucket
local_depth1: 6
getFreeSlot
getNewBucket
newbucket: 000000000000000
111111111111111
000000000000000
a1 :4  b1: 68 bucket_id: 4 local_depth1: 7
a1 :4  b1: 68 bucket_id: 4 local_depth1: 7
a1 :4  b1: 68 bucket_id: 4 local_depth1: 7
a1 :4  b1: 68 bucket_id: 4 local_depth1: 7
a1 :68  b1: 68 bucket_id: 4 local_depth1: 7
jump in
a1 :68  b1: 68 bucket_id: 4 local_depth1: 7
jump in
a1 :4  b1: 68 bucket_id: 4 local_depth1: 7
a1 :68  b1: 68 bucket_id: 4 local_depth1: 7
jump in
a1 :68  b1: 68 bucket_id: 4 local_depth1: 7
jump in
a1 :68  b1: 68 bucket_id: 4 local_depth1: 7
jump in
a1 :4  b1: 68 bucket_id: 4 local_depth1: 7
a1 :4  b1: 68 bucket_id: 4 local_depth1: 7
a1 :68  b1: 68 bucket_id: 4 local_depth1: 7
jump in
a1 :4  b1: 68 bucket_id: 4 local_depth1: 7
a1 :68  b1: 68 bucket_id: 4 local_depth1: 7
jump in
111100100011010
111111100000000
getFreeBucket
bucket_id: 68
111111100000000getFreeKvSlot
insert
search
getFreeBucket
bucket_id: 69
111111111111111splitBucket
local_depth1: 6
getFreeSlot
getNewBucket
newbucket: 000000000000000
111111111111111
000000000000000
a1 :5  b1: 69 bucket_id: 5 local_depth1: 7
a1 :5  b1: 69 bucket_id: 5 local_depth1: 7
a1 :5  b1: 69 bucket_id: 5 local_depth1: 7
a1 :5  b1: 69 bucket_id: 5 local_depth1: 7
a1 :69  b1: 69 bucket_id: 5 local_depth1: 7
jump in
a1 :69  b1: 69 bucket_id: 5 local_depth1: 7
jump in
a1 :5  b1: 69 bucket_id: 5 local_depth1: 7
a1 :69  b1: 69 bucket_id: 5 local_depth1: 7
jump in
a1 :69  b1: 69 bucket_id: 5 local_depth1: 7
jump in
a1 :69  b1: 69 bucket_id: 5 local_depth1: 7
jump in
a1 :5  b1: 69 bucket_id: 5 local_depth1: 7
a1 :5  b1: 69 bucket_id: 5 local_depth1: 7
a1 :69  b1: 69 bucket_id: 5 local_depth1: 7
jump in
a1 :5  b1: 69 bucket_id: 5 local_depth1: 7
a1 :69  b1: 69 bucket_id: 5 local_depth1: 7
jump in
111100100011010
111111100000000
getFreeBucket
bucket_id: 69
111111100000000getFreeKvSlot
insert
search
getFreeBucket
bucket_id: 70
111111111111111splitBucket
local_depth1: 6
getFreeSlot
getNewBucket
newbucket: 000000000000000
111111111111111
000000000000000
a1 :6  b1: 70 bucket_id: 6 local_depth1: 7
a1 :6  b1: 70 bucket_id: 6 local_depth1: 7
a1 :6  b1: 70 bucket_id: 6 local_depth1: 7
a1 :6  b1: 70 bucket_id: 6 local_depth1: 7
a1 :70  b1: 70 bucket_id: 6 local_depth1: 7
jump in
a1 :6  b1: 70 bucket_id: 6 local_depth1: 7
a1 :70  b1: 70 bucket_id: 6 local_depth1: 7
jump in
a1 :70  b1: 70 bucket_id: 6 local_depth1: 7
jump in
a1 :70  b1: 70 bucket_id: 6 local_depth1: 7
jump in
a1 :70  b1: 70 bucket_id: 6 local_depth1: 7
jump in
a1 :6  b1: 70 bucket_id: 6 local_depth1: 7
a1 :6  b1: 70 bucket_id: 6 local_depth1: 7
a1 :70  b1: 70 bucket_id: 6 local_depth1: 7
jump in
a1 :6  b1: 70 bucket_id: 6 local_depth1: 7
a1 :70  b1: 70 bucket_id: 6 local_depth1: 7
jump in
111101000011010
111111100000000
getFreeBucket
bucket_id: 70
111111100000000getFreeKvSlot
insert
search
getFreeBucket
bucket_id: 71
111111111111111splitBucket
local_depth1: 6
getFreeSlot
getNewBucket
newbucket: 000000000000000
111111111111111
000000000000000
a1 :7  b1: 71 bucket_id: 7 local_depth1: 7
a1 :7  b1: 71 bucket_id: 7 local_depth1: 7
a1 :7  b1: 71 bucket_id: 7 local_depth1: 7
a1 :7  b1: 71 bucket_id: 7 local_depth1: 7
a1 :71  b1: 71 bucket_id: 7 local_depth1: 7
jump in
a1 :7  b1: 71 bucket_id: 7 local_depth1: 7
a1 :71  b1: 71 bucket_id: 7 local_depth1: 7
jump in
a1 :71  b1: 71 bucket_id: 7 local_depth1: 7
jump in
a1 :71  b1: 71 bucket_id: 7 local_depth1: 7
jump in
a1 :71  b1: 71 bucket_id: 7 local_depth1: 7
jump in
a1 :7  b1: 71 bucket_id: 7 local_depth1: 7
a1 :7  b1: 71 bucket_id: 7 local_depth1: 7
a1 :71  b1: 71 bucket_id: 7 local_depth1: 7
jump in
a1 :7  b1: 71 bucket_id: 7 local_depth1: 7
a1 :71  b1: 71 bucket_id: 7 local_depth1: 7
jump in
111101000011010
111111100000000
getFreeBucket
bucket_id: 71
111111100000000getFreeKvSlot
insert
search
getFreeBucket
bucket_id: 72
111111111111111splitBucket
local_depth1: 6
getFreeSlot
getNewBucket
newbucket: 000000000000000
111111111111111
000000000000000
a1 :72  b1: 72 bucket_id: 8 local_depth1: 7
jump in
a1 :8  b1: 72 bucket_id: 8 local_depth1: 7
a1 :8  b1: 72 bucket_id: 8 local_depth1: 7
a1 :8  b1: 72 bucket_id: 8 local_depth1: 7
a1 :72  b1: 72 bucket_id: 8 local_depth1: 7
jump in
a1 :8  b1: 72 bucket_id: 8 local_depth1: 7
a1 :72  b1: 72 bucket_id: 8 local_depth1: 7
jump in
a1 :72  b1: 72 bucket_id: 8 local_depth1: 7
jump in
a1 :8  b1: 72 bucket_id: 8 local_depth1: 7
a1 :8  b1: 72 bucket_id: 8 local_depth1: 7
a1 :8  b1: 72 bucket_id: 8 local_depth1: 7
a1 :72  b1: 72 bucket_id: 8 local_depth1: 7
jump in
a1 :72  b1: 72 bucket_id: 8 local_depth1: 7
jump in
a1 :72  b1: 72 bucket_id: 8 local_depth1: 7
jump in
a1 :8  b1: 72 bucket_id: 8 local_depth1: 7
011101001110001
111111100000000
getFreeBucket
bucket_id: 72
111111100000000getFreeKvSlot
insert
search
getFreeBucket
bucket_id: 73
111111111111111splitBucket
local_depth1: 6
getFreeSlot
getNewBucket
newbucket: 000000000000000
111111111111111
000000000000000
a1 :73  b1: 73 bucket_id: 9 local_depth1: 7
jump in
a1 :9  b1: 73 bucket_id: 9 local_depth1: 7
a1 :9  b1: 73 bucket_id: 9 local_depth1: 7
a1 :9  b1: 73 bucket_id: 9 local_depth1: 7
a1 :73  b1: 73 bucket_id: 9 local_depth1: 7
jump in
a1 :9  b1: 73 bucket_id: 9 local_depth1: 7
a1 :73  b1: 73 bucket_id: 9 local_depth1: 7
jump in
a1 :73  b1: 73 bucket_id: 9 local_depth1: 7
jump in
a1 :9  b1: 73 bucket_id: 9 local_depth1: 7
a1 :9  b1: 73 bucket_id: 9 local_depth1: 7
a1 :9  b1: 73 bucket_id: 9 local_depth1: 7
a1 :73  b1: 73 bucket_id: 9 local_depth1: 7
jump in
a1 :73  b1: 73 bucket_id: 9 local_depth1: 7
jump in
a1 :73  b1: 73 bucket_id: 9 local_depth1: 7
jump in
a1 :9  b1: 73 bucket_id: 9 local_depth1: 7
011101001110001
111111100000000
getFreeBucket
bucket_id: 73
111111100000000getFreeKvSlot
insert
search
getFreeBucket
bucket_id: 74
111111111111111splitBucket
local_depth1: 6
getFreeSlot
getNewBucket
newbucket: 000000000000000
111111111111111
000000000000000
a1 :10  b1: 74 bucket_id: 10 local_depth1: 7
a1 :74  b1: 74 bucket_id: 10 local_depth1: 7
jump in
a1 :10  b1: 74 bucket_id: 10 local_depth1: 7
a1 :10  b1: 74 bucket_id: 10 local_depth1: 7
a1 :74  b1: 74 bucket_id: 10 local_depth1: 7
jump in
a1 :10  b1: 74 bucket_id: 10 local_depth1: 7
a1 :74  b1: 74 bucket_id: 10 local_depth1: 7
jump in
a1 :74  b1: 74 bucket_id: 10 local_depth1: 7
jump in
a1 :10  b1: 74 bucket_id: 10 local_depth1: 7
a1 :10  b1: 74 bucket_id: 10 local_depth1: 7
a1 :10  b1: 74 bucket_id: 10 local_depth1: 7
a1 :74  b1: 74 bucket_id: 10 local_depth1: 7
jump in
a1 :74  b1: 74 bucket_id: 10 local_depth1: 7
jump in
a1 :74  b1: 74 bucket_id: 10 local_depth1: 7
jump in
a1 :10  b1: 74 bucket_id: 10 local_depth1: 7
101101001110001
111111100000000
getFreeBucket
bucket_id: 74
111111100000000getFreeKvSlot
insert
search
getFreeBucket
bucket_id: 75
111111111111111splitBucket
local_depth1: 6
getFreeSlot
getNewBucket
newbucket: 000000000000000
111111111111111
000000000000000
a1 :11  b1: 75 bucket_id: 11 local_depth1: 7
a1 :75  b1: 75 bucket_id: 11 local_depth1: 7
jump in
a1 :11  b1: 75 bucket_id: 11 local_depth1: 7
a1 :11  b1: 75 bucket_id: 11 local_depth1: 7
a1 :75  b1: 75 bucket_id: 11 local_depth1: 7
jump in
a1 :11  b1: 75 bucket_id: 11 local_depth1: 7
a1 :75  b1: 75 bucket_id: 11 local_depth1: 7
jump in
a1 :75  b1: 75 bucket_id: 11 local_depth1: 7
jump in
a1 :11  b1: 75 bucket_id: 11 local_depth1: 7
a1 :11  b1: 75 bucket_id: 11 local_depth1: 7
a1 :11  b1: 75 bucket_id: 11 local_depth1: 7
a1 :75  b1: 75 bucket_id: 11 local_depth1: 7
jump in
a1 :75  b1: 75 bucket_id: 11 local_depth1: 7
jump in
a1 :75  b1: 75 bucket_id: 11 local_depth1: 7
jump in
a1 :11  b1: 75 bucket_id: 11 local_depth1: 7
101101001110001
111111100000000
getFreeBucket
bucket_id: 75
111111100000000getFreeKvSlot
insert
search
getFreeBucket
bucket_id: 76
111111111111111splitBucket
local_depth1: 6
getFreeSlot
getNewBucket
newbucket: 000000000000000
111111111111111
000000000000000
a1 :12  b1: 76 bucket_id: 12 local_depth1: 7
a1 :12  b1: 76 bucket_id: 12 local_depth1: 7
a1 :12  b1: 76 bucket_id: 12 local_depth1: 7
a1 :76  b1: 76 bucket_id: 12 local_depth1: 7
jump in
a1 :76  b1: 76 bucket_id: 12 local_depth1: 7
jump in
a1 :76  b1: 76 bucket_id: 12 local_depth1: 7
jump in
a1 :12  b1: 76 bucket_id: 12 local_depth1: 7
a1 :76  b1: 76 bucket_id: 12 local_depth1: 7
jump in
a1 :12  b1: 76 bucket_id: 12 local_depth1: 7
a1 :12  b1: 76 bucket_id: 12 local_depth1: 7
a1 :12  b1: 76 bucket_id: 12 local_depth1: 7
a1 :76  b1: 76 bucket_id: 12 local_depth1: 7
jump in
a1 :76  b1: 76 bucket_id: 12 local_depth1: 7
jump in
a1 :76  b1: 76 bucket_id: 12 local_depth1: 7
jump in
a1 :12  b1: 76 bucket_id: 12 local_depth1: 7
111000101110001
111111100000000
getFreeBucket
bucket_id: 76
111111100000000getFreeKvSlot
insert
search
getFreeBucket
bucket_id: 77
111111111111111splitBucket
local_depth1: 6
getFreeSlot
getNewBucket
newbucket: 000000000000000
111111111111111
000000000000000
a1 :13  b1: 77 bucket_id: 13 local_depth1: 7
a1 :13  b1: 77 bucket_id: 13 local_depth1: 7
a1 :13  b1: 77 bucket_id: 13 local_depth1: 7
a1 :77  b1: 77 bucket_id: 13 local_depth1: 7
jump in
a1 :77  b1: 77 bucket_id: 13 local_depth1: 7
jump in
a1 :77  b1: 77 bucket_id: 13 local_depth1: 7
jump in
a1 :13  b1: 77 bucket_id: 13 local_depth1: 7
a1 :77  b1: 77 bucket_id: 13 local_depth1: 7
jump in
a1 :13  b1: 77 bucket_id: 13 local_depth1: 7
a1 :13  b1: 77 bucket_id: 13 local_depth1: 7
a1 :13  b1: 77 bucket_id: 13 local_depth1: 7
a1 :77  b1: 77 bucket_id: 13 local_depth1: 7
jump in
a1 :77  b1: 77 bucket_id: 13 local_depth1: 7
jump in
a1 :77  b1: 77 bucket_id: 13 local_depth1: 7
jump in
a1 :13  b1: 77 bucket_id: 13 local_depth1: 7
111000101110001
111111100000000
getFreeBucket
bucket_id: 77
111111100000000getFreeKvSlot
insert
search
getFreeBucket
bucket_id: 78
111111111111111splitBucket
local_depth1: 6
getFreeSlot
getNewBucket
newbucket: 000000000000000
111111111111111
000000000000000
a1 :14  b1: 78 bucket_id: 14 local_depth1: 7
a1 :14  b1: 78 bucket_id: 14 local_depth1: 7
a1 :14  b1: 78 bucket_id: 14 local_depth1: 7
a1 :78  b1: 78 bucket_id: 14 local_depth1: 7
jump in
a1 :78  b1: 78 bucket_id: 14 local_depth1: 7
jump in
a1 :78  b1: 78 bucket_id: 14 local_depth1: 7
jump in
a1 :14  b1: 78 bucket_id: 14 local_depth1: 7
a1 :78  b1: 78 bucket_id: 14 local_depth1: 7
jump in
a1 :14  b1: 78 bucket_id: 14 local_depth1: 7
a1 :14  b1: 78 bucket_id: 14 local_depth1: 7
a1 :14  b1: 78 bucket_id: 14 local_depth1: 7
a1 :78  b1: 78 bucket_id: 14 local_depth1: 7
jump in
a1 :78  b1: 78 bucket_id: 14 local_depth1: 7
jump in
a1 :78  b1: 78 bucket_id: 14 local_depth1: 7
jump in
a1 :14  b1: 78 bucket_id: 14 local_depth1: 7
111000101110001
111111100000000
getFreeBucket
bucket_id: 78
111111100000000getFreeKvSlot
insert
search
getFreeBucket
bucket_id: 79
111111111111111splitBucket
local_depth1: 6
getFreeSlot
getNewBucket
newbucket: 000000000000000
111111111111111
000000000000000
a1 :15  b1: 79 bucket_id: 15 local_depth1: 7
a1 :15  b1: 79 bucket_id: 15 local_depth1: 7
a1 :15  b1: 79 bucket_id: 15 local_depth1: 7
a1 :79  b1: 79 bucket_id: 15 local_depth1: 7
jump in
a1 :79  b1: 79 bucket_id: 15 local_depth1: 7
jump in
a1 :79  b1: 79 bucket_id: 15 local_depth1: 7
jump in
a1 :15  b1: 79 bucket_id: 15 local_depth1: 7
a1 :79  b1: 79 bucket_id: 15 local_depth1: 7
jump in
a1 :15  b1: 79 bucket_id: 15 local_depth1: 7
a1 :15  b1: 79 bucket_id: 15 local_depth1: 7
a1 :15  b1: 79 bucket_id: 15 local_depth1: 7
a1 :79  b1: 79 bucket_id: 15 local_depth1: 7
jump in
a1 :79  b1: 79 bucket_id: 15 local_depth1: 7
jump in
a1 :79  b1: 79 bucket_id: 15 local_depth1: 7
jump in
a1 :15  b1: 79 bucket_id: 15 local_depth1: 7
111000101110001
111111100000000
getFreeBucket
bucket_id: 79
111111100000000getFreeKvSlot
insert
search
getFreeBucket
bucket_id: 80
111111111111111splitBucket
local_depth1: 6
getFreeSlot
getNewBucket
allocNewPage
2564104
newbucket: 000000000000000
111111111111111
000000000000000
a1 :16  b1: 80 bucket_id: 16 local_depth1: 7
a1 :80  b1: 80 bucket_id: 16 local_depth1: 7
jump in
a1 :16  b1: 80 bucket_id: 16 local_depth1: 7
a1 :16  b1: 80 bucket_id: 16 local_depth1: 7
a1 :80  b1: 80 bucket_id: 16 local_depth1: 7
jump in
a1 :80  b1: 80 bucket_id: 16 local_depth1: 7
jump in
a1 :16  b1: 80 bucket_id: 16 local_depth1: 7
a1 :80  b1: 80 bucket_id: 16 local_depth1: 7
jump in
a1 :16  b1: 80 bucket_id: 16 local_depth1: 7
a1 :16  b1: 80 bucket_id: 16 local_depth1: 7
a1 :80  b1: 80 bucket_id: 16 local_depth1: 7
jump in
a1 :80  b1: 80 bucket_id: 16 local_depth1: 7
jump in
a1 :16  b1: 80 bucket_id: 16 local_depth1: 7
a1 :16  b1: 80 bucket_id: 16 local_depth1: 7
a1 :80  b1: 80 bucket_id: 16 local_depth1: 7
jump in
101100101100110
111111100000000
getFreeBucket
bucket_id: 80
111111100000000getFreeKvSlot
insert
search
getFreeBucket
bucket_id: 81
111111111111111splitBucket
local_depth1: 6
getFreeSlot
getNewBucket
newbucket: 000000000000000
111111111111111
000000000000000
a1 :17  b1: 81 bucket_id: 17 local_depth1: 7
a1 :81  b1: 81 bucket_id: 17 local_depth1: 7
jump in
a1 :17  b1: 81 bucket_id: 17 local_depth1: 7
a1 :17  b1: 81 bucket_id: 17 local_depth1: 7
a1 :81  b1: 81 bucket_id: 17 local_depth1: 7
jump in
a1 :81  b1: 81 bucket_id: 17 local_depth1: 7
jump in
a1 :17  b1: 81 bucket_id: 17 local_depth1: 7
a1 :81  b1: 81 bucket_id: 17 local_depth1: 7
jump in
a1 :17  b1: 81 bucket_id: 17 local_depth1: 7
a1 :17  b1: 81 bucket_id: 17 local_depth1: 7
a1 :81  b1: 81 bucket_id: 17 local_depth1: 7
jump in
a1 :81  b1: 81 bucket_id: 17 local_depth1: 7
jump in
a1 :17  b1: 81 bucket_id: 17 local_depth1: 7
a1 :17  b1: 81 bucket_id: 17 local_depth1: 7
a1 :81  b1: 81 bucket_id: 17 local_depth1: 7
jump in
101100101100110
111111100000000
getFreeBucket
bucket_id: 81
111111100000000getFreeKvSlot
insert
search
getFreeBucket
bucket_id: 82
111111111111111splitBucket
local_depth1: 6
getFreeSlot
getNewBucket
newbucket: 000000000000000
111111111111111
000000000000000
a1 :18  b1: 82 bucket_id: 18 local_depth1: 7
a1 :18  b1: 82 bucket_id: 18 local_depth1: 7
a1 :82  b1: 82 bucket_id: 18 local_depth1: 7
jump in
a1 :18  b1: 82 bucket_id: 18 local_depth1: 7
a1 :82  b1: 82 bucket_id: 18 local_depth1: 7
jump in
a1 :82  b1: 82 bucket_id: 18 local_depth1: 7
jump in
a1 :18  b1: 82 bucket_id: 18 local_depth1: 7
a1 :82  b1: 82 bucket_id: 18 local_depth1: 7
jump in
a1 :18  b1: 82 bucket_id: 18 local_depth1: 7
a1 :18  b1: 82 bucket_id: 18 local_depth1: 7
a1 :82  b1: 82 bucket_id: 18 local_depth1: 7
jump in
a1 :82  b1: 82 bucket_id: 18 local_depth1: 7
jump in
a1 :18  b1: 82 bucket_id: 18 local_depth1: 7
a1 :18  b1: 82 bucket_id: 18 local_depth1: 7
a1 :82  b1: 82 bucket_id: 18 local_depth1: 7
jump in
110100101100110
111111100000000
getFreeBucket
bucket_id: 82
111111100000000getFreeKvSlot
insert
search
getFreeBucket
bucket_id: 83
111111111111111splitBucket
local_depth1: 6
getFreeSlot
getNewBucket
newbucket: 000000000000000
111111111111111
000000000000000
a1 :19  b1: 83 bucket_id: 19 local_depth1: 7
a1 :19  b1: 83 bucket_id: 19 local_depth1: 7
a1 :83  b1: 83 bucket_id: 19 local_depth1: 7
jump in
a1 :19  b1: 83 bucket_id: 19 local_depth1: 7
a1 :83  b1: 83 bucket_id: 19 local_depth1: 7
jump in
a1 :83  b1: 83 bucket_id: 19 local_depth1: 7
jump in
a1 :19  b1: 83 bucket_id: 19 local_depth1: 7
a1 :83  b1: 83 bucket_id: 19 local_depth1: 7
jump in
a1 :19  b1: 83 bucket_id: 19 local_depth1: 7
a1 :19  b1: 83 bucket_id: 19 local_depth1: 7
a1 :83  b1: 83 bucket_id: 19 local_depth1: 7
jump in
a1 :83  b1: 83 bucket_id: 19 local_depth1: 7
jump in
a1 :19  b1: 83 bucket_id: 19 local_depth1: 7
a1 :19  b1: 83 bucket_id: 19 local_depth1: 7
a1 :83  b1: 83 bucket_id: 19 local_depth1: 7
jump in
110100101100110
111111100000000
getFreeBucket
bucket_id: 83
111111100000000getFreeKvSlot
insert
search
getFreeBucket
bucket_id: 84
111111111111111splitBucket
local_depth1: 6
getFreeSlot
getNewBucket
newbucket: 000000000000000
111111111111111
000000000000000
a1 :20  b1: 84 bucket_id: 20 local_depth1: 7
a1 :20  b1: 84 bucket_id: 20 local_depth1: 7
a1 :20  b1: 84 bucket_id: 20 local_depth1: 7
a1 :84  b1: 84 bucket_id: 20 local_depth1: 7
jump in
a1 :84  b1: 84 bucket_id: 20 local_depth1: 7
jump in
a1 :84  b1: 84 bucket_id: 20 local_depth1: 7
jump in
a1 :20  b1: 84 bucket_id: 20 local_depth1: 7
a1 :84  b1: 84 bucket_id: 20 local_depth1: 7
jump in
a1 :20  b1: 84 bucket_id: 20 local_depth1: 7
a1 :20  b1: 84 bucket_id: 20 local_depth1: 7
a1 :84  b1: 84 bucket_id: 20 local_depth1: 7
jump in
a1 :84  b1: 84 bucket_id: 20 local_depth1: 7
jump in
a1 :20  b1: 84 bucket_id: 20 local_depth1: 7
a1 :20  b1: 84 bucket_id: 20 local_depth1: 7
a1 :84  b1: 84 bucket_id: 20 local_depth1: 7
jump in
111000101100110
111111100000000
getFreeBucket
bucket_id: 84
111111100000000getFreeKvSlot
insert
search
getFreeBucket
bucket_id: 85
111111111111111splitBucket
local_depth1: 6
getFreeSlot
getNewBucket
newbucket: 000000000000000
111111111111111
000000000000000
a1 :21  b1: 85 bucket_id: 21 local_depth1: 7
a1 :21  b1: 85 bucket_id: 21 local_depth1: 7
a1 :21  b1: 85 bucket_id: 21 local_depth1: 7
a1 :85  b1: 85 bucket_id: 21 local_depth1: 7
jump in
a1 :85  b1: 85 bucket_id: 21 local_depth1: 7
jump in
a1 :85  b1: 85 bucket_id: 21 local_depth1: 7
jump in
a1 :21  b1: 85 bucket_id: 21 local_depth1: 7
a1 :85  b1: 85 bucket_id: 21 local_depth1: 7
jump in
a1 :21  b1: 85 bucket_id: 21 local_depth1: 7
a1 :21  b1: 85 bucket_id: 21 local_depth1: 7
a1 :85  b1: 85 bucket_id: 21 local_depth1: 7
jump in
a1 :85  b1: 85 bucket_id: 21 local_depth1: 7
jump in
a1 :21  b1: 85 bucket_id: 21 local_depth1: 7
a1 :21  b1: 85 bucket_id: 21 local_depth1: 7
a1 :85  b1: 85 bucket_id: 21 local_depth1: 7
jump in
111000101100110
111111100000000
getFreeBucket
bucket_id: 85
111111100000000getFreeKvSlot
insert
search
getFreeBucket
bucket_id: 86
111111111111111splitBucket
local_depth1: 6
getFreeSlot
getNewBucket
newbucket: 000000000000000
111111111111111
000000000000000
a1 :22  b1: 86 bucket_id: 22 local_depth1: 7
a1 :22  b1: 86 bucket_id: 22 local_depth1: 7
a1 :22  b1: 86 bucket_id: 22 local_depth1: 7
a1 :86  b1: 86 bucket_id: 22 local_depth1: 7
jump in
a1 :86  b1: 86 bucket_id: 22 local_depth1: 7
jump in
a1 :86  b1: 86 bucket_id: 22 local_depth1: 7
jump in
a1 :22  b1: 86 bucket_id: 22 local_depth1: 7
a1 :86  b1: 86 bucket_id: 22 local_depth1: 7
jump in
a1 :22  b1: 86 bucket_id: 22 local_depth1: 7
a1 :22  b1: 86 bucket_id: 22 local_depth1: 7
a1 :86  b1: 86 bucket_id: 22 local_depth1: 7
jump in
a1 :86  b1: 86 bucket_id: 22 local_depth1: 7
jump in
a1 :22  b1: 86 bucket_id: 22 local_depth1: 7
a1 :22  b1: 86 bucket_id: 22 local_depth1: 7
a1 :86  b1: 86 bucket_id: 22 local_depth1: 7
jump in
111000101100110
111111100000000
getFreeBucket
bucket_id: 86
111111100000000getFreeKvSlot
insert
search
getFreeBucket
bucket_id: 87
111111111111111splitBucket
local_depth1: 6
getFreeSlot
getNewBucket
newbucket: 000000000000000
111111111111111
000000000000000
a1 :23  b1: 87 bucket_id: 23 local_depth1: 7
a1 :23  b1: 87 bucket_id: 23 local_depth1: 7
a1 :23  b1: 87 bucket_id: 23 local_depth1: 7
a1 :87  b1: 87 bucket_id: 23 local_depth1: 7
jump in
a1 :87  b1: 87 bucket_id: 23 local_depth1: 7
jump in
a1 :87  b1: 87 bucket_id: 23 local_depth1: 7
jump in
a1 :23  b1: 87 bucket_id: 23 local_depth1: 7
a1 :87  b1: 87 bucket_id: 23 local_depth1: 7
jump in
a1 :23  b1: 87 bucket_id: 23 local_depth1: 7
a1 :23  b1: 87 bucket_id: 23 local_depth1: 7
a1 :87  b1: 87 bucket_id: 23 local_depth1: 7
jump in
a1 :87  b1: 87 bucket_id: 23 local_depth1: 7
jump in
a1 :23  b1: 87 bucket_id: 23 local_depth1: 7
a1 :23  b1: 87 bucket_id: 23 local_depth1: 7
a1 :87  b1: 87 bucket_id: 23 local_depth1: 7
jump in
111000101100110
111111100000000
getFreeBucket
bucket_id: 87
111111100000000getFreeKvSlot
insert
search
getFreeBucket
bucket_id: 88
111111111111111splitBucket
local_depth1: 6
getFreeSlot
getNewBucket
newbucket: 000000000000000
111111111111111
000000000000000
a1 :88  b1: 88 bucket_id: 24 local_depth1: 7
jump in
a1 :24  b1: 88 bucket_id: 24 local_depth1: 7
a1 :24  b1: 88 bucket_id: 24 local_depth1: 7
a1 :88  b1: 88 bucket_id: 24 local_depth1: 7
jump in
a1 :24  b1: 88 bucket_id: 24 local_depth1: 7
a1 :24  b1: 88 bucket_id: 24 local_depth1: 7
a1 :88  b1: 88 bucket_id: 24 local_depth1: 7
jump in
a1 :88  b1: 88 bucket_id: 24 local_depth1: 7
jump in
a1 :24  b1: 88 bucket_id: 24 local_depth1: 7
a1 :24  b1: 88 bucket_id: 24 local_depth1: 7
a1 :88  b1: 88 bucket_id: 24 local_depth1: 7
jump in
a1 :88  b1: 88 bucket_id: 24 local_depth1: 7
jump in
a1 :24  b1: 88 bucket_id: 24 local_depth1: 7
a1 :24  b1: 88 bucket_id: 24 local_depth1: 7
a1 :88  b1: 88 bucket_id: 24 local_depth1: 7
jump in
011011001100110
111111100000000
getFreeBucket
bucket_id: 88
111111100000000getFreeKvSlot
insert
search
getFreeBucket
bucket_id: 89
111111111111111splitBucket
local_depth1: 6
getFreeSlot
getNewBucket
newbucket: 000000000000000
111111111111111
000000000000000
a1 :89  b1: 89 bucket_id: 25 local_depth1: 7
jump in
a1 :25  b1: 89 bucket_id: 25 local_depth1: 7
a1 :25  b1: 89 bucket_id: 25 local_depth1: 7
a1 :89  b1: 89 bucket_id: 25 local_depth1: 7
jump in
a1 :25  b1: 89 bucket_id: 25 local_depth1: 7
a1 :25  b1: 89 bucket_id: 25 local_depth1: 7
a1 :89  b1: 89 bucket_id: 25 local_depth1: 7
jump in
a1 :89  b1: 89 bucket_id: 25 local_depth1: 7
jump in
a1 :25  b1: 89 bucket_id: 25 local_depth1: 7
a1 :25  b1: 89 bucket_id: 25 local_depth1: 7
a1 :89  b1: 89 bucket_id: 25 local_depth1: 7
jump in
a1 :89  b1: 89 bucket_id: 25 local_depth1: 7
jump in
a1 :25  b1: 89 bucket_id: 25 local_depth1: 7
a1 :25  b1: 89 bucket_id: 25 local_depth1: 7
a1 :89  b1: 89 bucket_id: 25 local_depth1: 7
jump in
011011001100110
111111100000000
getFreeBucket
bucket_id: 89
111111100000000getFreeKvSlot
insert
search
getFreeBucket
bucket_id: 90
111111111111111splitBucket
local_depth1: 6
getFreeSlot
getNewBucket
newbucket: 000000000000000
111111111111111
000000000000000
a1 :26  b1: 90 bucket_id: 26 local_depth1: 7
a1 :90  b1: 90 bucket_id: 26 local_depth1: 7
jump in
a1 :26  b1: 90 bucket_id: 26 local_depth1: 7
a1 :90  b1: 90 bucket_id: 26 local_depth1: 7
jump in
a1 :26  b1: 90 bucket_id: 26 local_depth1: 7
a1 :26  b1: 90 bucket_id: 26 local_depth1: 7
a1 :90  b1: 90 bucket_id: 26 local_depth1: 7
jump in
a1 :90  b1: 90 bucket_id: 26 local_depth1: 7
jump in
a1 :26  b1: 90 bucket_id: 26 local_depth1: 7
a1 :26  b1: 90 bucket_id: 26 local_depth1: 7
a1 :90  b1: 90 bucket_id: 26 local_depth1: 7
jump in
a1 :90  b1: 90 bucket_id: 26 local_depth1: 7
jump in
a1 :26  b1: 90 bucket_id: 26 local_depth1: 7
a1 :26  b1: 90 bucket_id: 26 local_depth1: 7
a1 :90  b1: 90 bucket_id: 26 local_depth1: 7
jump in
101011001100110
111111100000000
getFreeBucket
bucket_id: 90
111111100000000getFreeKvSlot
insert
search
getFreeBucket
bucket_id: 91
111111111111111splitBucket
local_depth1: 6
getFreeSlot
getNewBucket
newbucket: 000000000000000
111111111111111
000000000000000
a1 :27  b1: 91 bucket_id: 27 local_depth1: 7
a1 :91  b1: 91 bucket_id: 27 local_depth1: 7
jump in
a1 :27  b1: 91 bucket_id: 27 local_depth1: 7
a1 :91  b1: 91 bucket_id: 27 local_depth1: 7
jump in
a1 :27  b1: 91 bucket_id: 27 local_depth1: 7
a1 :27  b1: 91 bucket_id: 27 local_depth1: 7
a1 :91  b1: 91 bucket_id: 27 local_depth1: 7
jump in
a1 :91  b1: 91 bucket_id: 27 local_depth1: 7
jump in
a1 :27  b1: 91 bucket_id: 27 local_depth1: 7
a1 :27  b1: 91 bucket_id: 27 local_depth1: 7
a1 :91  b1: 91 bucket_id: 27 local_depth1: 7
jump in
a1 :91  b1: 91 bucket_id: 27 local_depth1: 7
jump in
a1 :27  b1: 91 bucket_id: 27 local_depth1: 7
a1 :27  b1: 91 bucket_id: 27 local_depth1: 7
a1 :91  b1: 91 bucket_id: 27 local_depth1: 7
jump in
101011001100110
111111100000000
getFreeBucket
bucket_id: 91
111111100000000getFreeKvSlot
insert
search
getFreeBucket
bucket_id: 92
111111111111111splitBucket
local_depth1: 6
getFreeSlot
getNewBucket
newbucket: 000000000000000
111111111111111
000000000000000
a1 :28  b1: 92 bucket_id: 28 local_depth1: 7
a1 :28  b1: 92 bucket_id: 28 local_depth1: 7
a1 :92  b1: 92 bucket_id: 28 local_depth1: 7
jump in
a1 :92  b1: 92 bucket_id: 28 local_depth1: 7
jump in
a1 :28  b1: 92 bucket_id: 28 local_depth1: 7
a1 :28  b1: 92 bucket_id: 28 local_depth1: 7
a1 :92  b1: 92 bucket_id: 28 local_depth1: 7
jump in
a1 :92  b1: 92 bucket_id: 28 local_depth1: 7
jump in
a1 :28  b1: 92 bucket_id: 28 local_depth1: 7
a1 :28  b1: 92 bucket_id: 28 local_depth1: 7
a1 :92  b1: 92 bucket_id: 28 local_depth1: 7
jump in
a1 :92  b1: 92 bucket_id: 28 local_depth1: 7
jump in
a1 :28  b1: 92 bucket_id: 28 local_depth1: 7
a1 :28  b1: 92 bucket_id: 28 local_depth1: 7
a1 :92  b1: 92 bucket_id: 28 local_depth1: 7
jump in
110011001100110
111111100000000
getFreeBucket
bucket_id: 92
111111100000000getFreeKvSlot
insert
search
getFreeBucket
bucket_id: 93
111111111111111splitBucket
local_depth1: 6
getFreeSlot
getNewBucket
newbucket: 000000000000000
111111111111111
000000000000000
a1 :29  b1: 93 bucket_id: 29 local_depth1: 7
a1 :29  b1: 93 bucket_id: 29 local_depth1: 7
a1 :93  b1: 93 bucket_id: 29 local_depth1: 7
jump in
a1 :93  b1: 93 bucket_id: 29 local_depth1: 7
jump in
a1 :29  b1: 93 bucket_id: 29 local_depth1: 7
a1 :29  b1: 93 bucket_id: 29 local_depth1: 7
a1 :93  b1: 93 bucket_id: 29 local_depth1: 7
jump in
a1 :93  b1: 93 bucket_id: 29 local_depth1: 7
jump in
a1 :29  b1: 93 bucket_id: 29 local_depth1: 7
a1 :29  b1: 93 bucket_id: 29 local_depth1: 7
a1 :93  b1: 93 bucket_id: 29 local_depth1: 7
jump in
a1 :93  b1: 93 bucket_id: 29 local_depth1: 7
jump in
a1 :29  b1: 93 bucket_id: 29 local_depth1: 7
a1 :29  b1: 93 bucket_id: 29 local_depth1: 7
a1 :93  b1: 93 bucket_id: 29 local_depth1: 7
jump in
110011001100110
111111100000000
getFreeBucket
bucket_id: 93
111111100000000getFreeKvSlot
insert
search
getFreeBucket
bucket_id: 94
111111111111111splitBucket
local_depth1: 6
getFreeSlot
getNewBucket
newbucket: 000000000000000
111111111111111
000000000000000
a1 :30  b1: 94 bucket_id: 30 local_depth1: 7
a1 :30  b1: 94 bucket_id: 30 local_depth1: 7
a1 :94  b1: 94 bucket_id: 30 local_depth1: 7
jump in
a1 :94  b1: 94 bucket_id: 30 local_depth1: 7
jump in
a1 :30  b1: 94 bucket_id: 30 local_depth1: 7
a1 :30  b1: 94 bucket_id: 30 local_depth1: 7
a1 :94  b1: 94 bucket_id: 30 local_depth1: 7
jump in
a1 :94  b1: 94 bucket_id: 30 local_depth1: 7
jump in
a1 :30  b1: 94 bucket_id: 30 local_depth1: 7
a1 :30  b1: 94 bucket_id: 30 local_depth1: 7
a1 :94  b1: 94 bucket_id: 30 local_depth1: 7
jump in
a1 :94  b1: 94 bucket_id: 30 local_depth1: 7
jump in
a1 :30  b1: 94 bucket_id: 30 local_depth1: 7
a1 :30  b1: 94 bucket_id: 30 local_depth1: 7
a1 :94  b1: 94 bucket_id: 30 local_depth1: 7
jump in
110011001100110
111111100000000
getFreeBucket
bucket_id: 94
111111100000000getFreeKvSlot
insert
search
getFreeBucket
bucket_id: 95
111111111111111splitBucket
local_depth1: 6
getFreeSlot
getNewBucket
newbucket: 000000000000000
111111111111111
000000000000000
a1 :31  b1: 95 bucket_id: 31 local_depth1: 7
a1 :31  b1: 95 bucket_id: 31 local_depth1: 7
a1 :95  b1: 95 bucket_id: 31 local_depth1: 7
jump in
a1 :95  b1: 95 bucket_id: 31 local_depth1: 7
jump in
a1 :31  b1: 95 bucket_id: 31 local_depth1: 7
a1 :31  b1: 95 bucket_id: 31 local_depth1: 7
a1 :95  b1: 95 bucket_id: 31 local_depth1: 7
jump in
a1 :95  b1: 95 bucket_id: 31 local_depth1: 7
jump in
a1 :31  b1: 95 bucket_id: 31 local_depth1: 7
a1 :31  b1: 95 bucket_id: 31 local_depth1: 7
a1 :95  b1: 95 bucket_id: 31 local_depth1: 7
jump in
a1 :95  b1: 95 bucket_id: 31 local_depth1: 7
jump in
a1 :31  b1: 95 bucket_id: 31 local_depth1: 7
a1 :31  b1: 95 bucket_id: 31 local_depth1: 7
a1 :95  b1: 95 bucket_id: 31 local_depth1: 7
jump in
110011001100110
111111100000000
getFreeBucket
bucket_id: 95
111111100000000getFreeKvSlot
insert
search
getFreeBucket
bucket_id: 96
111111111111111splitBucket
local_depth1: 6
getFreeSlot
getNewBucket
allocNewPage
2564104
newbucket: 000000000000000
111111111111111
000000000000000
a1 :32  b1: 96 bucket_id: 32 local_depth1: 7
a1 :32  b1: 96 bucket_id: 32 local_depth1: 7
a1 :32  b1: 96 bucket_id: 32 local_depth1: 7
a1 :96  b1: 96 bucket_id: 32 local_depth1: 7
jump in
a1 :96  b1: 96 bucket_id: 32 local_depth1: 7
jump in
a1 :32  b1: 96 bucket_id: 32 local_depth1: 7
a1 :96  b1: 96 bucket_id: 32 local_depth1: 7
jump in
a1 :96  b1: 96 bucket_id: 32 local_depth1: 7
jump in
a1 :32  b1: 96 bucket_id: 32 local_depth1: 7
a1 :96  b1: 96 bucket_id: 32 local_depth1: 7
jump in
a1 :32  b1: 96 bucket_id: 32 local_depth1: 7
a1 :96  b1: 96 bucket_id: 32 local_depth1: 7
jump in
a1 :32  b1: 96 bucket_id: 32 local_depth1: 7
a1 :96  b1: 96 bucket_id: 32 local_depth1: 7
jump in
a1 :32  b1: 96 bucket_id: 32 local_depth1: 7
111001001010101
111111100000000
getFreeBucket
bucket_id: 96
111111100000000getFreeKvSlot
insert
search
getFreeBucket
bucket_id: 97
111111111111111splitBucket
local_depth1: 6
getFreeSlot
getNewBucket
newbucket: 000000000000000
111111111111111
000000000000000
a1 :33  b1: 97 bucket_id: 33 local_depth1: 7
a1 :33  b1: 97 bucket_id: 33 local_depth1: 7
a1 :33  b1: 97 bucket_id: 33 local_depth1: 7
a1 :97  b1: 97 bucket_id: 33 local_depth1: 7
jump in
a1 :97  b1: 97 bucket_id: 33 local_depth1: 7
jump in
a1 :33  b1: 97 bucket_id: 33 local_depth1: 7
a1 :97  b1: 97 bucket_id: 33 local_depth1: 7
jump in
a1 :97  b1: 97 bucket_id: 33 local_depth1: 7
jump in
a1 :33  b1: 97 bucket_id: 33 local_depth1: 7
a1 :97  b1: 97 bucket_id: 33 local_depth1: 7
jump in
a1 :33  b1: 97 bucket_id: 33 local_depth1: 7
a1 :97  b1: 97 bucket_id: 33 local_depth1: 7
jump in
a1 :33  b1: 97 bucket_id: 33 local_depth1: 7
a1 :97  b1: 97 bucket_id: 33 local_depth1: 7
jump in
a1 :33  b1: 97 bucket_id: 33 local_depth1: 7
111001001010101
111111100000000
getFreeBucket
bucket_id: 97
111111100000000getFreeKvSlot
insert
search
getFreeBucket
bucket_id: 98
111111111111111splitBucket
local_depth1: 6
getFreeSlot
getNewBucket
newbucket: 000000000000000
111111111111111
000000000000000
a1 :34  b1: 98 bucket_id: 34 local_depth1: 7
a1 :34  b1: 98 bucket_id: 34 local_depth1: 7
a1 :98  b1: 98 bucket_id: 34 local_depth1: 7
jump in
a1 :34  b1: 98 bucket_id: 34 local_depth1: 7
a1 :98  b1: 98 bucket_id: 34 local_depth1: 7
jump in
a1 :34  b1: 98 bucket_id: 34 local_depth1: 7
a1 :98  b1: 98 bucket_id: 34 local_depth1: 7
jump in
a1 :98  b1: 98 bucket_id: 34 local_depth1: 7
jump in
a1 :34  b1: 98 bucket_id: 34 local_depth1: 7
a1 :98  b1: 98 bucket_id: 34 local_depth1: 7
jump in
a1 :34  b1: 98 bucket_id: 34 local_depth1: 7
a1 :98  b1: 98 bucket_id: 34 local_depth1: 7
jump in
a1 :34  b1: 98 bucket_id: 34 local_depth1: 7
a1 :98  b1: 98 bucket_id: 34 local_depth1: 7
jump in
a1 :34  b1: 98 bucket_id: 34 local_depth1: 7
110101001010101
111111100000000
getFreeBucket
bucket_id: 98
111111100000000getFreeKvSlot
insert
search
getFreeBucket
bucket_id: 99
111111111111111splitBucket
local_depth1: 6
getFreeSlot
getNewBucket
newbucket: 000000000000000
111111111111111
000000000000000
a1 :35  b1: 99 bucket_id: 35 local_depth1: 7
a1 :35  b1: 99 bucket_id: 35 local_depth1: 7
a1 :99  b1: 99 bucket_id: 35 local_depth1: 7
jump in
a1 :35  b1: 99 bucket_id: 35 local_depth1: 7
a1 :99  b1: 99 bucket_id: 35 local_depth1: 7
jump in
a1 :35  b1: 99 bucket_id: 35 local_depth1: 7
a1 :99  b1: 99 bucket_id: 35 local_depth1: 7
jump in
a1 :99  b1: 99 bucket_id: 35 local_depth1: 7
jump in
a1 :35  b1: 99 bucket_id: 35 local_depth1: 7
a1 :99  b1: 99 bucket_id: 35 local_depth1: 7
jump in
a1 :35  b1: 99 bucket_id: 35 local_depth1: 7
a1 :99  b1: 99 bucket_id: 35 local_depth1: 7
jump in
a1 :35  b1: 99 bucket_id: 35 local_depth1: 7
a1 :99  b1: 99 bucket_id: 35 local_depth1: 7
jump in
a1 :35  b1: 99 bucket_id: 35 local_depth1: 7
110101001010101
111111100000000
getFreeBucket
bucket_id: 99
111111100000000getFreeKvSlot
insert
search
getFreeBucket
bucket_id: 100
111111111111111splitBucket
local_depth1: 6
getFreeSlot
getNewBucket
newbucket: 000000000000000
111111111111111
000000000000000
a1 :36  b1: 100 bucket_id: 36 local_depth1: 7
a1 :36  b1: 100 bucket_id: 36 local_depth1: 7
a1 :36  b1: 100 bucket_id: 36 local_depth1: 7
a1 :100  b1: 100 bucket_id: 36 local_depth1: 7
jump in
a1 :36  b1: 100 bucket_id: 36 local_depth1: 7
a1 :100  b1: 100 bucket_id: 36 local_depth1: 7
jump in
a1 :100  b1: 100 bucket_id: 36 local_depth1: 7
jump in
a1 :100  b1: 100 bucket_id: 36 local_depth1: 7
jump in
a1 :36  b1: 100 bucket_id: 36 local_depth1: 7
a1 :100  b1: 100 bucket_id: 36 local_depth1: 7
jump in
a1 :36  b1: 100 bucket_id: 36 local_depth1: 7
a1 :100  b1: 100 bucket_id: 36 local_depth1: 7
jump in
a1 :36  b1: 100 bucket_id: 36 local_depth1: 7
a1 :100  b1: 100 bucket_id: 36 local_depth1: 7
jump in
a1 :36  b1: 100 bucket_id: 36 local_depth1: 7
111010001010101
111111100000000
getFreeBucket
bucket_id: 100
111111100000000getFreeKvSlot
insert
search
getFreeBucket
bucket_id: 101
111111111111111splitBucket
local_depth1: 6
getFreeSlot
getNewBucket
newbucket: 000000000000000
111111111111111
000000000000000
a1 :37  b1: 101 bucket_id: 37 local_depth1: 7
a1 :37  b1: 101 bucket_id: 37 local_depth1: 7
a1 :37  b1: 101 bucket_id: 37 local_depth1: 7
a1 :101  b1: 101 bucket_id: 37 local_depth1: 7
jump in
a1 :37  b1: 101 bucket_id: 37 local_depth1: 7
a1 :101  b1: 101 bucket_id: 37 local_depth1: 7
jump in
a1 :101  b1: 101 bucket_id: 37 local_depth1: 7
jump in
a1 :101  b1: 101 bucket_id: 37 local_depth1: 7
jump in
a1 :37  b1: 101 bucket_id: 37 local_depth1: 7
a1 :101  b1: 101 bucket_id: 37 local_depth1: 7
jump in
a1 :37  b1: 101 bucket_id: 37 local_depth1: 7
a1 :101  b1: 101 bucket_id: 37 local_depth1: 7
jump in
a1 :37  b1: 101 bucket_id: 37 local_depth1: 7
a1 :101  b1: 101 bucket_id: 37 local_depth1: 7
jump in
a1 :37  b1: 101 bucket_id: 37 local_depth1: 7
111010001010101
111111100000000
getFreeBucket
bucket_id: 101
111111100000000getFreeKvSlot
insert
search
getFreeBucket
bucket_id: 102
111111111111111splitBucket
local_depth1: 6
getFreeSlot
getNewBucket
newbucket: 000000000000000
111111111111111
000000000000000
a1 :38  b1: 102 bucket_id: 38 local_depth1: 7
a1 :38  b1: 102 bucket_id: 38 local_depth1: 7
a1 :38  b1: 102 bucket_id: 38 local_depth1: 7
a1 :102  b1: 102 bucket_id: 38 local_depth1: 7
jump in
a1 :38  b1: 102 bucket_id: 38 local_depth1: 7
a1 :102  b1: 102 bucket_id: 38 local_depth1: 7
jump in
a1 :102  b1: 102 bucket_id: 38 local_depth1: 7
jump in
a1 :102  b1: 102 bucket_id: 38 local_depth1: 7
jump in
a1 :38  b1: 102 bucket_id: 38 local_depth1: 7
a1 :102  b1: 102 bucket_id: 38 local_depth1: 7
jump in
a1 :38  b1: 102 bucket_id: 38 local_depth1: 7
a1 :102  b1: 102 bucket_id: 38 local_depth1: 7
jump in
a1 :38  b1: 102 bucket_id: 38 local_depth1: 7
a1 :102  b1: 102 bucket_id: 38 local_depth1: 7
jump in
a1 :38  b1: 102 bucket_id: 38 local_depth1: 7
111010001010101
111111100000000
getFreeBucket
bucket_id: 102
111111100000000getFreeKvSlot
insert
search
getFreeBucket
bucket_id: 103
111111111111111splitBucket
local_depth1: 6
getFreeSlot
getNewBucket
newbucket: 000000000000000
111111111111111
000000000000000
a1 :39  b1: 103 bucket_id: 39 local_depth1: 7
a1 :39  b1: 103 bucket_id: 39 local_depth1: 7
a1 :39  b1: 103 bucket_id: 39 local_depth1: 7
a1 :103  b1: 103 bucket_id: 39 local_depth1: 7
jump in
a1 :39  b1: 103 bucket_id: 39 local_depth1: 7
a1 :103  b1: 103 bucket_id: 39 local_depth1: 7
jump in
a1 :103  b1: 103 bucket_id: 39 local_depth1: 7
jump in
a1 :103  b1: 103 bucket_id: 39 local_depth1: 7
jump in
a1 :39  b1: 103 bucket_id: 39 local_depth1: 7
a1 :103  b1: 103 bucket_id: 39 local_depth1: 7
jump in
a1 :39  b1: 103 bucket_id: 39 local_depth1: 7
a1 :103  b1: 103 bucket_id: 39 local_depth1: 7
jump in
a1 :39  b1: 103 bucket_id: 39 local_depth1: 7
a1 :103  b1: 103 bucket_id: 39 local_depth1: 7
jump in
a1 :39  b1: 103 bucket_id: 39 local_depth1: 7
111010001010101
111111100000000
getFreeBucket
bucket_id: 103
111111100000000getFreeKvSlot
search
search
search
search
search
search
search
search
search
search
search
search
search
search
search
search
search
search
search
search
search
search
search
search
search
search
search
search
search
search
search
search
search
search
search
search
search
search
search
search
search
search
search
search
search
search
search
search
search
search
search
search
search
search
search
search
search
search
search
search
search
search
search
search
search
search
search
search
search
search
search
search
search
search
search
search
search
search
search
search
search
search
search
search
search
search
search
search
search
search
search
search
search
search
search
search
search
search
search
search
search
search
search
search
search
search
search
search
search
search
search
search
search
search
search
search
search
search
search
search
search
search
search
search
search
search
search
search
search
search
search
search
search
search
search
search
search
search
search
search
search
search
search
search
search
search
search
search
search
search
search
search
search
search
search
search
search
search
search
search
search
search
search
search
search
search
search
search
search
search
search
search
search
search
search
search
search
search
search
search
search
search
search
search
search
search
search
search
search
search
search
search
search
search
search
search
search
search
search
search
search
search
search
search
search
search
search
search
search
search
search
search
search
search
search
search
search
search
search
search
search
search
search
search
search
search
search
search
search
search
search
search
search
search
search
search
search
search
search
search
search
search
search
search
search
search
search
search
search
search
search
search
search
search
search
search
search
search
search
search
search
search
search
search
search
search
search
search
search
search
search
search
search
search
search
search
search
search
search
search
search
search
search
search
search
search
search
search
search
search
search
search
search
search
search
search
search
search
search
search
search
search
search
search
search
search
search
search
search
search
search
search
search
search
search
search
search
search
search
search
search
search
search
search
search
search
search
search
search
search
search
search
search
search
search
search
search
search
search
search
search
search
search
search
search
search
search
search
search
search
search
search
search
search
search
search
search
search
search
search
search
search
search
search
search
search
search
search
search
search
search
search
search
search
search
search
search
search
search
search
search
search
search
search
search
search
search
search
search
search
search
search
search
search
search
search
search
search
search
search
search
search
search
search
search
search
search
search
search
search
search
search
search
search
search
search
search
search
search
search
search
search
search
search
search
search
search
search
search
search
search
search
search
search
search
search
search
search
search
search
search
search
search
search
search
search
search
search
search
search
search
search
search
search
search
search
search
search
search
search
search
search
search
search
search
search
search
search
search
search
search
search
search
search
search
search
search
search
search
search
search
search
search
search
search
search
search
search
search
search
search
search
search
search
search
search
search
search
search
search
search
search
search
search
search
search
search
search
search
search
search
search
search
search
search
search
search
search
search
search
search
search
search
search
search
search
search
search
search
search
search
search
search
search
search
search
search
search
search
search
search
search
search
search
search
search
search
search
search
search
search
search
search
search
search
search
search
search
search
search
search
search
search
search
search
search
search
search
search
search
search
search
search
search
search
search
search
search
search
search
search
search
search
search
search
search
search
search
search
search
search
search
search
search
search
search
search
search
search
search
search
search
search
search
search
search
search
search
search
search
search
search
search
search
search
search
search
search
search
search
search
search
search
search
search
search
search
search
search
search
search
search
search
search
search
search
search
search
search
search
search
search
search
search
search
search
search
search
search
search
search
search
search
search
search
search
search
search
search
search
search
search
search
search
search
search
search
search
search
search
search
search
search
search
search
search
search
search
search
search
search
search
search
search
search
search
search
search
search
search
search
search
search
search
search
search
search
search
search
search
search
search
search
search
search
search
search
search
search
search
search
search
search
search
search
search
search
search
search
search
search
search
search
search
search
search
search
search
search
search
search
search
search
search
search
search
search
search
search
search
search
search
search
search
search
search
search
search
search
search
search
search
search
search
search
search
search
search
search
search
search
search
search
search
search
search
search
search
search
search
search
search
search
search
search
search
search
search
search
search
search
search
search
search
search
search
search
search
search
search
search
search
search
search
search
search
search
search
search
search
search
search
search
search
search
search
search
search
search
search
search
search
search
search
search
search
search
search
search
search
search
search
search
search
search
search
search
search
search
search
search
search
search
search
search
search
search
search
search
search
search
search
search
search
search
search
search
search
search
search
search
search
search
search
search
search
search
search
search
search
search
search
search
search
search
search
search
search
search
search
search
search
search
search
search
search
search
search
search
search
search
search
search
search
search
search
search
search
search
search
search
search
search
search
search
search
search
search
search
search
search
search
search
search
search
search
search
search
search
search
search
search
search
search
search
search
search
search
search
search
search
search
search
search
search
search
search
search
search
search
search
search
search
search
search
search
search
search
search
search
search
search
search
search
search
search
search
search
search
search
search
search
search
search
search
search
search
search
search
search
search
search
search
search
search
search
search
search
search
search
search
search
search
search
search
search
search
search
search
search
search
search
search
search
search
search
search
search
search
search
search
search
search
search
search
search
search
search
search
search
update
search
jump in
kv_pair: 01
slot: 02
kv_pair: 01
slot: 01
0
search
update
search
jump in
kv_pair: 12
slot: 13
kv_pair: 12
slot: 12
1
search
update
search
jump in
kv_pair: 23
slot: 24
kv_pair: 23
slot: 23
2
search
update
search
jump in
kv_pair: 34
slot: 35
kv_pair: 34
slot: 34
3
search
update
search
jump in
kv_pair: 45
slot: 46
kv_pair: 45
slot: 45
4
search
update
search
jump in
kv_pair: 56
slot: 57
kv_pair: 56
slot: 56
5
search
update
search
jump in
kv_pair: 67
slot: 68
kv_pair: 67
slot: 67
6
search
update
search
jump in
kv_pair: 78
slot: 79
kv_pair: 78
slot: 78
7
search
update
search
jump in
kv_pair: 89
slot: 810
kv_pair: 89
slot: 89
8
search
update
search
jump in
kv_pair: 910
slot: 911
kv_pair: 910
slot: 910
9
search
update
search
jump in
kv_pair: 1011
slot: 1012
kv_pair: 1011
slot: 1011
10
search
update
search
jump in
kv_pair: 1112
slot: 1113
kv_pair: 1112
slot: 1112
11
search
update
search
jump in
kv_pair: 1213
slot: 1214
kv_pair: 1213
slot: 1213
12
search
update
search
jump in
kv_pair: 1314
slot: 1315
kv_pair: 1314
slot: 1314
13
search
update
search
jump in
kv_pair: 1415
slot: 1416
kv_pair: 1415
slot: 1415
14
search
update
search
jump in
kv_pair: 1516
slot: 1517
kv_pair: 1516
slot: 1516
15
search
update
search
jump in
kv_pair: 1617
slot: 1618
kv_pair: 1617
slot: 1617
16
search
update
search
jump in
kv_pair: 1718
slot: 1719
kv_pair: 1718
slot: 1718
17
search
update
search
jump in
kv_pair: 1819
slot: 1820
kv_pair: 1819
slot: 1819
18
search
update
search
jump in
kv_pair: 1920
slot: 1921
kv_pair: 1920
slot: 1920
19
search
update
search
jump in
kv_pair: 2021
slot: 2022
kv_pair: 2021
slot: 2021
20
search
update
search
jump in
kv_pair: 2122
slot: 2123
kv_pair: 2122
slot: 2122
21
search
update
search
jump in
kv_pair: 2223
slot: 2224
kv_pair: 2223
slot: 2223
22
search
update
search
jump in
kv_pair: 2324
slot: 2325
kv_pair: 2324
slot: 2324
23
search
update
search
jump in
kv_pair: 2425
slot: 2426
kv_pair: 2425
slot: 2425
24
search
update
search
jump in
kv_pair: 2526
slot: 2527
kv_pair: 2526
slot: 2526
25
search
update
search
jump in
kv_pair: 2627
slot: 2628
kv_pair: 2627
slot: 2627
26
search
update
search
jump in
kv_pair: 2728
slot: 2729
kv_pair: 2728
slot: 2728
27
search
update
search
jump in
kv_pair: 2829
slot: 2830
kv_pair: 2829
slot: 2829
28
search
update
search
jump in
kv_pair: 2930
slot: 2931
kv_pair: 2930
slot: 2930
29
search
update
search
jump in
kv_pair: 3031
slot: 3032
kv_pair: 3031
slot: 3031
30
search
update
search
jump in
kv_pair: 3132
slot: 3133
kv_pair: 3132
slot: 3132
31
search
update
search
jump in
kv_pair: 3233
slot: 3234
kv_pair: 3233
slot: 3233
32
search
update
search
jump in
kv_pair: 3334
slot: 3335
kv_pair: 3334
slot: 3334
33
search
update
search
jump in
kv_pair: 3435
slot: 3436
kv_pair: 3435
slot: 3435
34
search
update
search
jump in
kv_pair: 3536
slot: 3537
kv_pair: 3536
slot: 3536
35
search
update
search
jump in
kv_pair: 3637
slot: 3638
kv_pair: 3637
slot: 3637
36
search
update
search
jump in
kv_pair: 3738
slot: 3739
kv_pair: 3738
slot: 3738
37
search
update
search
jump in
kv_pair: 3839
slot: 3840
kv_pair: 3839
slot: 3839
38
search
update
search
jump in
kv_pair: 3940
slot: 3941
kv_pair: 3940
slot: 3940
39
search
update
search
jump in
kv_pair: 4041
slot: 4042
kv_pair: 4041
slot: 4041
40
search
update
search
jump in
kv_pair: 4142
slot: 4143
kv_pair: 4142
slot: 4142
41
search
update
search
jump in
kv_pair: 4243
slot: 4244
kv_pair: 4243
slot: 4243
42
search
update
search
jump in
kv_pair: 4344
slot: 4345
kv_pair: 4344
slot: 4344
43
search
update
search
jump in
kv_pair: 4445
slot: 4446
kv_pair: 4445
slot: 4445
44
search
update
search
jump in
kv_pair: 4546
slot: 4547
kv_pair: 4546
slot: 4546
45
search
update
search
jump in
kv_pair: 4647
slot: 4648
kv_pair: 4647
slot: 4647
46
search
update
search
jump in
kv_pair: 4748
slot: 4749
kv_pair: 4748
slot: 4748
47
search
update
search
jump in
kv_pair: 4849
slot: 4850
kv_pair: 4849
slot: 4849
48
search
update
search
jump in
kv_pair: 4950
slot: 4951
kv_pair: 4950
slot: 4950
49
search
update
search
jump in
kv_pair: 5051
slot: 5052
kv_pair: 5051
slot: 5051
50
search
update
search
jump in
kv_pair: 5152
slot: 5153
kv_pair: 5152
slot: 5152
51
search
update
search
jump in
kv_pair: 5253
slot: 5254
kv_pair: 5253
slot: 5253
52
search
update
search
jump in
kv_pair: 5354
slot: 5355
kv_pair: 5354
slot: 5354
53
search
update
search
jump in
kv_pair: 5455
slot: 5456
kv_pair: 5455
slot: 5455
54
search
update
search
jump in
kv_pair: 5556
slot: 5557
kv_pair: 5556
slot: 5556
55
search
update
search
jump in
kv_pair: 5657
slot: 5658
kv_pair: 5657
slot: 5657
56
search
update
search
jump in
kv_pair: 5758
slot: 5759
kv_pair: 5758
slot: 5758
57
search
update
search
jump in
kv_pair: 5859
slot: 5860
kv_pair: 5859
slot: 5859
58
search
update
search
jump in
kv_pair: 5960
slot: 5961
kv_pair: 5960
slot: 5960
59
search
update
search
jump in
kv_pair: 6061
slot: 6062
kv_pair: 6061
slot: 6061
60
search
update
search
jump in
kv_pair: 6162
slot: 6163
kv_pair: 6162
slot: 6162
61
search
update
search
jump in
kv_pair: 6263
slot: 6264
kv_pair: 6263
slot: 6263
62
search
update
search
jump in
kv_pair: 6364
slot: 6365
kv_pair: 6364
slot: 6364
63
search
update
search
jump in
kv_pair: 6465
slot: 6466
kv_pair: 6465
slot: 6465
64
search
update
search
jump in
kv_pair: 6566
slot: 6567
kv_pair: 6566
slot: 6566
65
search
update
search
jump in
kv_pair: 6667
slot: 6668
kv_pair: 6667
slot: 6667
66
search
update
search
jump in
kv_pair: 6768
slot: 6769
kv_pair: 6768
slot: 6768
67
search
update
search
jump in
kv_pair: 6869
slot: 6870
kv_pair: 6869
slot: 6869
68
search
update
search
jump in
kv_pair: 6970
slot: 6971
kv_pair: 6970
slot: 6970
69
search
update
search
jump in
kv_pair: 7071
slot: 7072
kv_pair: 7071
slot: 7071
70
search
update
search
jump in
kv_pair: 7172
slot: 7173
kv_pair: 7172
slot: 7172
71
search
update
search
jump in
kv_pair: 7273
slot: 7274
kv_pair: 7273
slot: 7273
72
search
update
search
jump in
kv_pair: 7374
slot: 7375
kv_pair: 7374
slot: 7374
73
search
update
search
jump in
kv_pair: 7475
slot: 7476
kv_pair: 7475
slot: 7475
74
search
update
search
jump in
kv_pair: 7576
slot: 7577
kv_pair: 7576
slot: 7576
75
search
update
search
jump in
kv_pair: 7677
slot: 7678
kv_pair: 7677
slot: 7677
76
search
update
search
jump in
kv_pair: 7778
slot: 7779
kv_pair: 7778
slot: 7778
77
search
update
search
jump in
kv_pair: 7879
slot: 7880
kv_pair: 7879
slot: 7879
78
search
update
search
jump in
kv_pair: 7980
slot: 7981
kv_pair: 7980
slot: 7980
79
search
update
search
jump in
kv_pair: 8081
slot: 8082
kv_pair: 8081
slot: 8081
80
search
update
search
jump in
kv_pair: 8182
slot: 8183
kv_pair: 8182
slot: 8182
81
search
update
search
jump in
kv_pair: 8283
slot: 8284
kv_pair: 8283
slot: 8283
82
search
update
search
jump in
kv_pair: 8384
slot: 8385
kv_pair: 8384
slot: 8384
83
search
update
search
jump in
kv_pair: 8485
slot: 8486
kv_pair: 8485
slot: 8485
84
search
update
search
jump in
kv_pair: 8586
slot: 8587
kv_pair: 8586
slot: 8586
85
search
update
search
jump in
kv_pair: 8687
slot: 8688
kv_pair: 8687
slot: 8687
86
search
update
search
jump in
kv_pair: 8788
slot: 8789
kv_pair: 8788
slot: 8788
87
search
update
search
jump in
kv_pair: 8889
slot: 8890
kv_pair: 8889
slot: 8889
88
search
update
search
jump in
kv_pair: 8990
slot: 8991
kv_pair: 8990
slot: 8990
89
search
update
search
jump in
kv_pair: 9091
slot: 9092
kv_pair: 9091
slot: 9091
90
search
update
search
jump in
kv_pair: 9192
slot: 9193
kv_pair: 9192
slot: 9192
91
search
update
search
jump in
kv_pair: 9293
slot: 9294
kv_pair: 9293
slot: 9293
92
search
update
search
jump in
kv_pair: 9394
slot: 9395
kv_pair: 9394
slot: 9394
93
search
update
search
jump in
kv_pair: 9495
slot: 9496
kv_pair: 9495
slot: 9495
94
search
update
search
jump in
kv_pair: 9596
slot: 9597
kv_pair: 9596
slot: 9596
95
search
update
search
jump in
kv_pair: 9697
slot: 9698
kv_pair: 9697
slot: 9697
96
search
update
search
jump in
kv_pair: 9798
slot: 9799
kv_pair: 9798
slot: 9798
97
search
update
search
jump in
kv_pair: 9899
slot: 98100
kv_pair: 9899
slot: 9899
98
search
update
search
jump in
kv_pair: 99100
slot: 99101
kv_pair: 99100
slot: 99100
99
search
update
search
jump in
kv_pair: 100101
slot: 100102
kv_pair: 100101
slot: 100101
100
search
update
search
jump in
kv_pair: 101102
slot: 101103
kv_pair: 101102
slot: 101102
101
search
update
search
jump in
kv_pair: 102103
slot: 102104
kv_pair: 102103
slot: 102103
102
search
update
search
jump in
kv_pair: 103104
slot: 103105
kv_pair: 103104
slot: 103104
103
search
update
search
jump in
kv_pair: 104105
slot: 104106
kv_pair: 104105
slot: 104105
104
search
update
search
jump in
kv_pair: 105106
slot: 105107
kv_pair: 105106
slot: 105106
105
search
update
search
jump in
kv_pair: 106107
slot: 106108
kv_pair: 106107
slot: 106107
106
search
update
search
jump in
kv_pair: 107108
slot: 107109
kv_pair: 107108
slot: 107108
107
search
update
search
jump in
kv_pair: 108109
slot: 108110
kv_pair: 108109
slot: 108109
108
search
update
search
jump in
kv_pair: 109110
slot: 109111
kv_pair: 109110
slot: 109110
109
search
update
search
jump in
kv_pair: 110111
slot: 110112
kv_pair: 110111
slot: 110111
110
search
update
search
jump in
kv_pair: 111112
slot: 111113
kv_pair: 111112
slot: 111112
111
search
update
search
jump in
kv_pair: 112113
slot: 112114
kv_pair: 112113
slot: 112113
112
search
update
search
jump in
kv_pair: 113114
slot: 113115
kv_pair: 113114
slot: 113114
113
search
update
search
jump in
kv_pair: 114115
slot: 114116
kv_pair: 114115
slot: 114115
114
search
update
search
jump in
kv_pair: 115116
slot: 115117
kv_pair: 115116
slot: 115116
115
search
update
search
jump in
kv_pair: 116117
slot: 116118
kv_pair: 116117
slot: 116117
116
search
update
search
jump in
kv_pair: 117118
slot: 117119
kv_pair: 117118
slot: 117118
117
search
update
search
jump in
kv_pair: 118119
slot: 118120
kv_pair: 118119
slot: 118119
118
search
update
search
jump in
kv_pair: 119120
slot: 119121
kv_pair: 119120
slot: 119120
119
search
update
search
jump in
kv_pair: 120121
slot: 120122
kv_pair: 120121
slot: 120121
120
search
update
search
jump in
kv_pair: 121122
slot: 121123
kv_pair: 121122
slot: 121122
121
search
update
search
jump in
kv_pair: 122123
slot: 122124
kv_pair: 122123
slot: 122123
122
search
update
search
jump in
kv_pair: 123124
slot: 123125
kv_pair: 123124
slot: 123124
123
search
update
search
jump in
kv_pair: 124125
slot: 124126
kv_pair: 124125
slot: 124125
124
search
update
search
jump in
kv_pair: 125126
slot: 125127
kv_pair: 125126
slot: 125126
125
search
update
search
jump in
kv_pair: 126127
slot: 126128
kv_pair: 126127
slot: 126127
126
search
update
search
jump in
kv_pair: 127128
slot: 127129
kv_pair: 127128
slot: 127128
127
search
update
search
jump in
kv_pair: 128129
slot: 128130
kv_pair: 128129
slot: 128129
128
search
update
search
jump in
kv_pair: 129130
slot: 129131
kv_pair: 129130
slot: 129130
129
search
update
search
jump in
kv_pair: 130131
slot: 130132
kv_pair: 130131
slot: 130131
130
search
update
search
jump in
kv_pair: 131132
slot: 131133
kv_pair: 131132
slot: 131132
131
search
update
search
jump in
kv_pair: 132133
slot: 132134
kv_pair: 132133
slot: 132133
132
search
update
search
jump in
kv_pair: 133134
slot: 133135
kv_pair: 133134
slot: 133134
133
search
update
search
jump in
kv_pair: 134135
slot: 134136
kv_pair: 134135
slot: 134135
134
search
update
search
jump in
kv_pair: 135136
slot: 135137
kv_pair: 135136
slot: 135136
135
search
update
search
jump in
kv_pair: 136137
slot: 136138
kv_pair: 136137
slot: 136137
136
search
update
search
jump in
kv_pair: 137138
slot: 137139
kv_pair: 137138
slot: 137138
137
search
update
search
jump in
kv_pair: 138139
slot: 138140
kv_pair: 138139
slot: 138139
138
search
update
search
jump in
kv_pair: 139140
slot: 139141
kv_pair: 139140
slot: 139140
139
search
update
search
jump in
kv_pair: 140141
slot: 140142
kv_pair: 140141
slot: 140141
140
search
update
search
jump in
kv_pair: 141142
slot: 141143
kv_pair: 141142
slot: 141142
141
search
update
search
jump in
kv_pair: 142143
slot: 142144
kv_pair: 142143
slot: 142143
142
search
update
search
jump in
kv_pair: 143144
slot: 143145
kv_pair: 143144
slot: 143144
143
search
update
search
jump in
kv_pair: 144145
slot: 144146
kv_pair: 144145
slot: 144145
144
search
update
search
jump in
kv_pair: 145146
slot: 145147
kv_pair: 145146
slot: 145146
145
search
update
search
jump in
kv_pair: 146147
slot: 146148
kv_pair: 146147
slot: 146147
146
search
update
search
jump in
kv_pair: 147148
slot: 147149
kv_pair: 147148
slot: 147148
147
search
update
search
jump in
kv_pair: 148149
slot: 148150
kv_pair: 148149
slot: 148149
148
search
update
search
jump in
kv_pair: 149150
slot: 149151
kv_pair: 149150
slot: 149150
149
search
update
search
jump in
kv_pair: 150151
slot: 150152
kv_pair: 150151
slot: 150151
150
search
update
search
jump in
kv_pair: 151152
slot: 151153
kv_pair: 151152
slot: 151152
151
search
update
search
jump in
kv_pair: 152153
slot: 152154
kv_pair: 152153
slot: 152153
152
search
update
search
jump in
kv_pair: 153154
slot: 153155
kv_pair: 153154
slot: 153154
153
search
update
search
jump in
kv_pair: 154155
slot: 154156
kv_pair: 154155
slot: 154155
154
search
update
search
jump in
kv_pair: 155156
slot: 155157
kv_pair: 155156
slot: 155156
155
search
update
search
jump in
kv_pair: 156157
slot: 156158
kv_pair: 156157
slot: 156157
156
search
update
search
jump in
kv_pair: 157158
slot: 157159
kv_pair: 157158
slot: 157158
157
search
update
search
jump in
kv_pair: 158159
slot: 158160
kv_pair: 158159
slot: 158159
158
search
update
search
jump in
kv_pair: 159160
slot: 159161
kv_pair: 159160
slot: 159160
159
search
update
search
jump in
kv_pair: 160161
slot: 160162
kv_pair: 160161
slot: 160161
160
search
update
search
jump in
kv_pair: 161162
slot: 161163
kv_pair: 161162
slot: 161162
161
search
update
search
jump in
kv_pair: 162163
slot: 162164
kv_pair: 162163
slot: 162163
162
search
update
search
jump in
kv_pair: 163164
slot: 163165
kv_pair: 163164
slot: 163164
163
search
update
search
jump in
kv_pair: 164165
slot: 164166
kv_pair: 164165
slot: 164165
164
search
update
search
jump in
kv_pair: 165166
slot: 165167
kv_pair: 165166
slot: 165166
165
search
update
search
jump in
kv_pair: 166167
slot: 166168
kv_pair: 166167
slot: 166167
166
search
update
search
jump in
kv_pair: 167168
slot: 167169
kv_pair: 167168
slot: 167168
167
search
update
search
jump in
kv_pair: 168169
slot: 168170
kv_pair: 168169
slot: 168169
168
search
update
search
jump in
kv_pair: 169170
slot: 169171
kv_pair: 169170
slot: 169170
169
search
update
search
jump in
kv_pair: 170171
slot: 170172
kv_pair: 170171
slot: 170171
170
search
update
search
jump in
kv_pair: 171172
slot: 171173
kv_pair: 171172
slot: 171172
171
search
update
search
jump in
kv_pair: 172173
slot: 172174
kv_pair: 172173
slot: 172173
172
search
update
search
jump in
kv_pair: 173174
slot: 173175
kv_pair: 173174
slot: 173174
173
search
update
search
jump in
kv_pair: 174175
slot: 174176
kv_pair: 174175
slot: 174175
174
search
update
search
jump in
kv_pair: 175176
slot: 175177
kv_pair: 175176
slot: 175176
175
search
update
search
jump in
kv_pair: 176177
slot: 176178
kv_pair: 176177
slot: 176177
176
search
update
search
jump in
kv_pair: 177178
slot: 177179
kv_pair: 177178
slot: 177178
177
search
update
search
jump in
kv_pair: 178179
slot: 178180
kv_pair: 178179
slot: 178179
178
search
update
search
jump in
kv_pair: 179180
slot: 179181
kv_pair: 179180
slot: 179180
179
search
update
search
jump in
kv_pair: 180181
slot: 180182
kv_pair: 180181
slot: 180181
180
search
update
search
jump in
kv_pair: 181182
slot: 181183
kv_pair: 181182
slot: 181182
181
search
update
search
jump in
kv_pair: 182183
slot: 182184
kv_pair: 182183
slot: 182183
182
search
update
search
jump in
kv_pair: 183184
slot: 183185
kv_pair: 183184
slot: 183184
183
search
update
search
jump in
kv_pair: 184185
slot: 184186
kv_pair: 184185
slot: 184185
184
search
update
search
jump in
kv_pair: 185186
slot: 185187
kv_pair: 185186
slot: 185186
185
search
update
search
jump in
kv_pair: 186187
slot: 186188
kv_pair: 186187
slot: 186187
186
search
update
search
jump in
kv_pair: 187188
slot: 187189
kv_pair: 187188
slot: 187188
187
search
update
search
jump in
kv_pair: 188189
slot: 188190
kv_pair: 188189
slot: 188189
188
search
update
search
jump in
kv_pair: 189190
slot: 189191
kv_pair: 189190
slot: 189190
189
search
update
search
jump in
kv_pair: 190191
slot: 190192
kv_pair: 190191
slot: 190191
190
search
update
search
jump in
kv_pair: 191192
slot: 191193
kv_pair: 191192
slot: 191192
191
search
update
search
jump in
kv_pair: 192193
slot: 192194
kv_pair: 192193
slot: 192193
192
search
update
search
jump in
kv_pair: 193194
slot: 193195
kv_pair: 193194
slot: 193194
193
search
update
search
jump in
kv_pair: 194195
slot: 194196
kv_pair: 194195
slot: 194195
194
search
update
search
jump in
kv_pair: 195196
slot: 195197
kv_pair: 195196
slot: 195196
195
search
update
search
jump in
kv_pair: 196197
slot: 196198
kv_pair: 196197
slot: 196197
196
search
update
search
jump in
kv_pair: 197198
slot: 197199
kv_pair: 197198
slot: 197198
197
search
update
search
jump in
kv_pair: 198199
slot: 198200
kv_pair: 198199
slot: 198199
198
search
update
search
jump in
kv_pair: 199200
slot: 199201
kv_pair: 199200
slot: 199200
199
search
update
search
jump in
kv_pair: 200201
slot: 200202
kv_pair: 200201
slot: 200201
200
search
update
search
jump in
kv_pair: 201202
slot: 201203
kv_pair: 201202
slot: 201202
201
search
update
search
jump in
kv_pair: 202203
slot: 202204
kv_pair: 202203
slot: 202203
202
search
update
search
jump in
kv_pair: 203204
slot: 203205
kv_pair: 203204
slot: 203204
203
search
update
search
jump in
kv_pair: 204205
slot: 204206
kv_pair: 204205
slot: 204205
204
search
update
search
jump in
kv_pair: 205206
slot: 205207
kv_pair: 205206
slot: 205206
205
search
update
search
jump in
kv_pair: 206207
slot: 206208
kv_pair: 206207
slot: 206207
206
search
update
search
jump in
kv_pair: 207208
slot: 207209
kv_pair: 207208
slot: 207208
207
search
update
search
jump in
kv_pair: 208209
slot: 208210
kv_pair: 208209
slot: 208209
208
search
update
search
jump in
kv_pair: 209210
slot: 209211
kv_pair: 209210
slot: 209210
209
search
update
search
jump in
kv_pair: 210211
slot: 210212
kv_pair: 210211
slot: 210211
210
search
update
search
jump in
kv_pair: 211212
slot: 211213
kv_pair: 211212
slot: 211212
211
search
update
search
jump in
kv_pair: 212213
slot: 212214
kv_pair: 212213
slot: 212213
212
search
update
search
jump in
kv_pair: 213214
slot: 213215
kv_pair: 213214
slot: 213214
213
search
update
search
jump in
kv_pair: 214215
slot: 214216
kv_pair: 214215
slot: 214215
214
search
update
search
jump in
kv_pair: 215216
slot: 215217
kv_pair: 215216
slot: 215216
215
search
update
search
jump in
kv_pair: 216217
slot: 216218
kv_pair: 216217
slot: 216217
216
search
update
search
jump in
kv_pair: 217218
slot: 217219
kv_pair: 217218
slot: 217218
217
search
update
search
jump in
kv_pair: 218219
slot: 218220
kv_pair: 218219
slot: 218219
218
search
update
search
jump in
kv_pair: 219220
slot: 219221
kv_pair: 219220
slot: 219220
219
search
update
search
jump in
kv_pair: 220221
slot: 220222
kv_pair: 220221
slot: 220221
220
search
update
search
jump in
kv_pair: 221222
slot: 221223
kv_pair: 221222
slot: 221222
221
search
update
search
jump in
kv_pair: 222223
slot: 222224
kv_pair: 222223
slot: 222223
222
search
update
search
jump in
kv_pair: 223224
slot: 223225
kv_pair: 223224
slot: 223224
223
search
update
search
jump in
kv_pair: 224225
slot: 224226
kv_pair: 224225
slot: 224225
224
search
update
search
jump in
kv_pair: 225226
slot: 225227
kv_pair: 225226
slot: 225226
225
search
update
search
jump in
kv_pair: 226227
slot: 226228
kv_pair: 226227
slot: 226227
226
search
update
search
jump in
kv_pair: 227228
slot: 227229
kv_pair: 227228
slot: 227228
227
search
update
search
jump in
kv_pair: 228229
slot: 228230
kv_pair: 228229
slot: 228229
228
search
update
search
jump in
kv_pair: 229230
slot: 229231
kv_pair: 229230
slot: 229230
229
search
update
search
jump in
kv_pair: 230231
slot: 230232
kv_pair: 230231
slot: 230231
230
search
update
search
jump in
kv_pair: 231232
slot: 231233
kv_pair: 231232
slot: 231232
231
search
update
search
jump in
kv_pair: 232233
slot: 232234
kv_pair: 232233
slot: 232233
232
search
update
search
jump in
kv_pair: 233234
slot: 233235
kv_pair: 233234
slot: 233234
233
search
update
search
jump in
kv_pair: 234235
slot: 234236
kv_pair: 234235
slot: 234235
234
search
update
search
jump in
kv_pair: 235236
slot: 235237
kv_pair: 235236
slot: 235236
235
search
update
search
jump in
kv_pair: 236237
slot: 236238
kv_pair: 236237
slot: 236237
236
search
update
search
jump in
kv_pair: 237238
slot: 237239
kv_pair: 237238
slot: 237238
237
search
update
search
jump in
kv_pair: 238239
slot: 238240
kv_pair: 238239
slot: 238239
238
search
update
search
jump in
kv_pair: 239240
slot: 239241
kv_pair: 239240
slot: 239240
239
search
update
search
jump in
kv_pair: 240241
slot: 240242
kv_pair: 240241
slot: 240241
240
search
update
search
jump in
kv_pair: 241242
slot: 241243
kv_pair: 241242
slot: 241242
241
search
update
search
jump in
kv_pair: 242243
slot: 242244
kv_pair: 242243
slot: 242243
242
search
update
search
jump in
kv_pair: 243244
slot: 243245
kv_pair: 243244
slot: 243244
243
search
update
search
jump in
kv_pair: 244245
slot: 244246
kv_pair: 244245
slot: 244245
244
search
update
search
jump in
kv_pair: 245246
slot: 245247
kv_pair: 245246
slot: 245246
245
search
update
search
jump in
kv_pair: 246247
slot: 246248
kv_pair: 246247
slot: 246247
246
search
update
search
jump in
kv_pair: 247248
slot: 247249
kv_pair: 247248
slot: 247248
247
search
update
search
jump in
kv_pair: 248249
slot: 248250
kv_pair: 248249
slot: 248249
248
search
update
search
jump in
kv_pair: 249250
slot: 249251
kv_pair: 249250
slot: 249250
249
search
update
search
jump in
kv_pair: 250251
slot: 250252
kv_pair: 250251
slot: 250251
250
search
update
search
jump in
kv_pair: 251252
slot: 251253
kv_pair: 251252
slot: 251252
251
search
update
search
jump in
kv_pair: 252253
slot: 252254
kv_pair: 252253
slot: 252253
252
search
update
search
jump in
kv_pair: 253254
slot: 253255
kv_pair: 253254
slot: 253254
253
search
update
search
jump in
kv_pair: 254255
slot: 254256
kv_pair: 254255
slot: 254255
254
search
update
search
jump in
kv_pair: 255256
slot: 255257
kv_pair: 255256
slot: 255256
255
search
update
search
jump in
kv_pair: 256257
slot: 256258
kv_pair: 256257
slot: 256257
256
search
update
search
jump in
kv_pair: 257258
slot: 257259
kv_pair: 257258
slot: 257258
257
search
update
search
jump in
kv_pair: 258259
slot: 258260
kv_pair: 258259
slot: 258259
258
search
update
search
jump in
kv_pair: 259260
slot: 259261
kv_pair: 259260
slot: 259260
259
search
update
search
jump in
kv_pair: 260261
slot: 260262
kv_pair: 260261
slot: 260261
260
search
update
search
jump in
kv_pair: 261262
slot: 261263
kv_pair: 261262
slot: 261262
261
search
update
search
jump in
kv_pair: 262263
slot: 262264
kv_pair: 262263
slot: 262263
262
search
update
search
jump in
kv_pair: 263264
slot: 263265
kv_pair: 263264
slot: 263264
263
search
update
search
jump in
kv_pair: 264265
slot: 264266
kv_pair: 264265
slot: 264265
264
search
update
search
jump in
kv_pair: 265266
slot: 265267
kv_pair: 265266
slot: 265266
265
search
update
search
jump in
kv_pair: 266267
slot: 266268
kv_pair: 266267
slot: 266267
266
search
update
search
jump in
kv_pair: 267268
slot: 267269
kv_pair: 267268
slot: 267268
267
search
update
search
jump in
kv_pair: 268269
slot: 268270
kv_pair: 268269
slot: 268269
268
search
update
search
jump in
kv_pair: 269270
slot: 269271
kv_pair: 269270
slot: 269270
269
search
update
search
jump in
kv_pair: 270271
slot: 270272
kv_pair: 270271
slot: 270271
270
search
update
search
jump in
kv_pair: 271272
slot: 271273
kv_pair: 271272
slot: 271272
271
search
update
search
jump in
kv_pair: 272273
slot: 272274
kv_pair: 272273
slot: 272273
272
search
update
search
jump in
kv_pair: 273274
slot: 273275
kv_pair: 273274
slot: 273274
273
search
update
search
jump in
kv_pair: 274275
slot: 274276
kv_pair: 274275
slot: 274275
274
search
update
search
jump in
kv_pair: 275276
slot: 275277
kv_pair: 275276
slot: 275276
275
search
update
search
jump in
kv_pair: 276277
slot: 276278
kv_pair: 276277
slot: 276277
276
search
update
search
jump in
kv_pair: 277278
slot: 277279
kv_pair: 277278
slot: 277278
277
search
update
search
jump in
kv_pair: 278279
slot: 278280
kv_pair: 278279
slot: 278279
278
search
update
search
jump in
kv_pair: 279280
slot: 279281
kv_pair: 279280
slot: 279280
279
search
update
search
jump in
kv_pair: 280281
slot: 280282
kv_pair: 280281
slot: 280281
280
search
update
search
jump in
kv_pair: 281282
slot: 281283
kv_pair: 281282
slot: 281282
281
search
update
search
jump in
kv_pair: 282283
slot: 282284
kv_pair: 282283
slot: 282283
282
search
update
search
jump in
kv_pair: 283284
slot: 283285
kv_pair: 283284
slot: 283284
283
search
update
search
jump in
kv_pair: 284285
slot: 284286
kv_pair: 284285
slot: 284285
284
search
update
search
jump in
kv_pair: 285286
slot: 285287
kv_pair: 285286
slot: 285286
285
search
update
search
jump in
kv_pair: 286287
slot: 286288
kv_pair: 286287
slot: 286287
286
search
update
search
jump in
kv_pair: 287288
slot: 287289
kv_pair: 287288
slot: 287288
287
search
update
search
jump in
kv_pair: 288289
slot: 288290
kv_pair: 288289
slot: 288289
288
search
update
search
jump in
kv_pair: 289290
slot: 289291
kv_pair: 289290
slot: 289290
289
search
update
search
jump in
kv_pair: 290291
slot: 290292
kv_pair: 290291
slot: 290291
290
search
update
search
jump in
kv_pair: 291292
slot: 291293
kv_pair: 291292
slot: 291292
291
search
update
search
jump in
kv_pair: 292293
slot: 292294
kv_pair: 292293
slot: 292293
292
search
update
search
jump in
kv_pair: 293294
slot: 293295
kv_pair: 293294
slot: 293294
293
search
update
search
jump in
kv_pair: 294295
slot: 294296
kv_pair: 294295
slot: 294295
294
search
update
search
jump in
kv_pair: 295296
slot: 295297
kv_pair: 295296
slot: 295296
295
search
update
search
jump in
kv_pair: 296297
slot: 296298
kv_pair: 296297
slot: 296297
296
search
update
search
jump in
kv_pair: 297298
slot: 297299
kv_pair: 297298
slot: 297298
297
search
update
search
jump in
kv_pair: 298299
slot: 298300
kv_pair: 298299
slot: 298299
298
search
update
search
jump in
kv_pair: 299300
slot: 299301
kv_pair: 299300
slot: 299300
299
search
update
search
jump in
kv_pair: 300301
slot: 300302
kv_pair: 300301
slot: 300301
300
search
update
search
jump in
kv_pair: 301302
slot: 301303
kv_pair: 301302
slot: 301302
301
search
update
search
jump in
kv_pair: 302303
slot: 302304
kv_pair: 302303
slot: 302303
302
search
update
search
jump in
kv_pair: 303304
slot: 303305
kv_pair: 303304
slot: 303304
303
search
update
search
jump in
kv_pair: 304305
slot: 304306
kv_pair: 304305
slot: 304305
304
search
update
search
jump in
kv_pair: 305306
slot: 305307
kv_pair: 305306
slot: 305306
305
search
update
search
jump in
kv_pair: 306307
slot: 306308
kv_pair: 306307
slot: 306307
306
search
update
search
jump in
kv_pair: 307308
slot: 307309
kv_pair: 307308
slot: 307308
307
search
update
search
jump in
kv_pair: 308309
slot: 308310
kv_pair: 308309
slot: 308309
308
search
update
search
jump in
kv_pair: 309310
slot: 309311
kv_pair: 309310
slot: 309310
309
search
update
search
jump in
kv_pair: 310311
slot: 310312
kv_pair: 310311
slot: 310311
310
search
update
search
jump in
kv_pair: 311312
slot: 311313
kv_pair: 311312
slot: 311312
311
search
update
search
jump in
kv_pair: 312313
slot: 312314
kv_pair: 312313
slot: 312313
312
search
update
search
jump in
kv_pair: 313314
slot: 313315
kv_pair: 313314
slot: 313314
313
search
update
search
jump in
kv_pair: 314315
slot: 314316
kv_pair: 314315
slot: 314315
314
search
update
search
jump in
kv_pair: 315316
slot: 315317
kv_pair: 315316
slot: 315316
315
search
update
search
jump in
kv_pair: 316317
slot: 316318
kv_pair: 316317
slot: 316317
316
search
update
search
jump in
kv_pair: 317318
slot: 317319
kv_pair: 317318
slot: 317318
317
search
update
search
jump in
kv_pair: 318319
slot: 318320
kv_pair: 318319
slot: 318319
318
search
update
search
jump in
kv_pair: 319320
slot: 319321
kv_pair: 319320
slot: 319320
319
search
update
search
jump in
kv_pair: 320321
slot: 320322
kv_pair: 320321
slot: 320321
320
search
update
search
jump in
kv_pair: 321322
slot: 321323
kv_pair: 321322
slot: 321322
321
search
update
search
jump in
kv_pair: 322323
slot: 322324
kv_pair: 322323
slot: 322323
322
search
update
search
jump in
kv_pair: 323324
slot: 323325
kv_pair: 323324
slot: 323324
323
search
update
search
jump in
kv_pair: 324325
slot: 324326
kv_pair: 324325
slot: 324325
324
search
update
search
jump in
kv_pair: 325326
slot: 325327
kv_pair: 325326
slot: 325326
325
search
update
search
jump in
kv_pair: 326327
slot: 326328
kv_pair: 326327
slot: 326327
326
search
update
search
jump in
kv_pair: 327328
slot: 327329
kv_pair: 327328
slot: 327328
327
search
update
search
jump in
kv_pair: 328329
slot: 328330
kv_pair: 328329
slot: 328329
328
search
update
search
jump in
kv_pair: 329330
slot: 329331
kv_pair: 329330
slot: 329330
329
search
update
search
jump in
kv_pair: 330331
slot: 330332
kv_pair: 330331
slot: 330331
330
search
update
search
jump in
kv_pair: 331332
slot: 331333
kv_pair: 331332
slot: 331332
331
search
update
search
jump in
kv_pair: 332333
slot: 332334
kv_pair: 332333
slot: 332333
332
search
update
search
jump in
kv_pair: 333334
slot: 333335
kv_pair: 333334
slot: 333334
333
search
update
search
jump in
kv_pair: 334335
slot: 334336
kv_pair: 334335
slot: 334335
334
search
update
search
jump in
kv_pair: 335336
slot: 335337
kv_pair: 335336
slot: 335336
335
search
update
search
jump in
kv_pair: 336337
slot: 336338
kv_pair: 336337
slot: 336337
336
search
update
search
jump in
kv_pair: 337338
slot: 337339
kv_pair: 337338
slot: 337338
337
search
update
search
jump in
kv_pair: 338339
slot: 338340
kv_pair: 338339
slot: 338339
338
search
update
search
jump in
kv_pair: 339340
slot: 339341
kv_pair: 339340
slot: 339340
339
search
update
search
jump in
kv_pair: 340341
slot: 340342
kv_pair: 340341
slot: 340341
340
search
update
search
jump in
kv_pair: 341342
slot: 341343
kv_pair: 341342
slot: 341342
341
search
update
search
jump in
kv_pair: 342343
slot: 342344
kv_pair: 342343
slot: 342343
342
search
update
search
jump in
kv_pair: 343344
slot: 343345
kv_pair: 343344
slot: 343344
343
search
update
search
jump in
kv_pair: 344345
slot: 344346
kv_pair: 344345
slot: 344345
344
search
update
search
jump in
kv_pair: 345346
slot: 345347
kv_pair: 345346
slot: 345346
345
search
update
search
jump in
kv_pair: 346347
slot: 346348
kv_pair: 346347
slot: 346347
346
search
update
search
jump in
kv_pair: 347348
slot: 347349
kv_pair: 347348
slot: 347348
347
search
update
search
jump in
kv_pair: 348349
slot: 348350
kv_pair: 348349
slot: 348349
348
search
update
search
jump in
kv_pair: 349350
slot: 349351
kv_pair: 349350
slot: 349350
349
search
update
search
jump in
kv_pair: 350351
slot: 350352
kv_pair: 350351
slot: 350351
350
search
update
search
jump in
kv_pair: 351352
slot: 351353
kv_pair: 351352
slot: 351352
351
search
update
search
jump in
kv_pair: 352353
slot: 352354
kv_pair: 352353
slot: 352353
352
search
update
search
jump in
kv_pair: 353354
slot: 353355
kv_pair: 353354
slot: 353354
353
search
update
search
jump in
kv_pair: 354355
slot: 354356
kv_pair: 354355
slot: 354355
354
search
update
search
jump in
kv_pair: 355356
slot: 355357
kv_pair: 355356
slot: 355356
355
search
update
search
jump in
kv_pair: 356357
slot: 356358
kv_pair: 356357
slot: 356357
356
search
update
search
jump in
kv_pair: 357358
slot: 357359
kv_pair: 357358
slot: 357358
357
search
update
search
jump in
kv_pair: 358359
slot: 358360
kv_pair: 358359
slot: 358359
358
search
update
search
jump in
kv_pair: 359360
slot: 359361
kv_pair: 359360
slot: 359360
359
search
update
search
jump in
kv_pair: 360361
slot: 360362
kv_pair: 360361
slot: 360361
360
search
update
search
jump in
kv_pair: 361362
slot: 361363
kv_pair: 361362
slot: 361362
361
search
update
search
jump in
kv_pair: 362363
slot: 362364
kv_pair: 362363
slot: 362363
362
search
update
search
jump in
kv_pair: 363364
slot: 363365
kv_pair: 363364
slot: 363364
363
search
update
search
jump in
kv_pair: 364365
slot: 364366
kv_pair: 364365
slot: 364365
364
search
update
search
jump in
kv_pair: 365366
slot: 365367
kv_pair: 365366
slot: 365366
365
search
update
search
jump in
kv_pair: 366367
slot: 366368
kv_pair: 366367
slot: 366367
366
search
update
search
jump in
kv_pair: 367368
slot: 367369
kv_pair: 367368
slot: 367368
367
search
update
search
jump in
kv_pair: 368369
slot: 368370
kv_pair: 368369
slot: 368369
368
search
update
search
jump in
kv_pair: 369370
slot: 369371
kv_pair: 369370
slot: 369370
369
search
update
search
jump in
kv_pair: 370371
slot: 370372
kv_pair: 370371
slot: 370371
370
search
update
search
jump in
kv_pair: 371372
slot: 371373
kv_pair: 371372
slot: 371372
371
search
update
search
jump in
kv_pair: 372373
slot: 372374
kv_pair: 372373
slot: 372373
372
search
update
search
jump in
kv_pair: 373374
slot: 373375
kv_pair: 373374
slot: 373374
373
search
update
search
jump in
kv_pair: 374375
slot: 374376
kv_pair: 374375
slot: 374375
374
search
update
search
jump in
kv_pair: 375376
slot: 375377
kv_pair: 375376
slot: 375376
375
search
update
search
jump in
kv_pair: 376377
slot: 376378
kv_pair: 376377
slot: 376377
376
search
update
search
jump in
kv_pair: 377378
slot: 377379
kv_pair: 377378
slot: 377378
377
search
update
search
jump in
kv_pair: 378379
slot: 378380
kv_pair: 378379
slot: 378379
378
search
update
search
jump in
kv_pair: 379380
slot: 379381
kv_pair: 379380
slot: 379380
379
search
update
search
jump in
kv_pair: 380381
slot: 380382
kv_pair: 380381
slot: 380381
380
search
update
search
jump in
kv_pair: 381382
slot: 381383
kv_pair: 381382
slot: 381382
381
search
update
search
jump in
kv_pair: 382383
slot: 382384
kv_pair: 382383
slot: 382383
382
search
update
search
jump in
kv_pair: 383384
slot: 383385
kv_pair: 383384
slot: 383384
383
search
update
search
jump in
kv_pair: 384385
slot: 384386
kv_pair: 384385
slot: 384385
384
search
update
search
jump in
kv_pair: 385386
slot: 385387
kv_pair: 385386
slot: 385386
385
search
update
search
jump in
kv_pair: 386387
slot: 386388
kv_pair: 386387
slot: 386387
386
search
update
search
jump in
kv_pair: 387388
slot: 387389
kv_pair: 387388
slot: 387388
387
search
update
search
jump in
kv_pair: 388389
slot: 388390
kv_pair: 388389
slot: 388389
388
search
update
search
jump in
kv_pair: 389390
slot: 389391
kv_pair: 389390
slot: 389390
389
search
update
search
jump in
kv_pair: 390391
slot: 390392
kv_pair: 390391
slot: 390391
390
search
update
search
jump in
kv_pair: 391392
slot: 391393
kv_pair: 391392
slot: 391392
391
search
update
search
jump in
kv_pair: 392393
slot: 392394
kv_pair: 392393
slot: 392393
392
search
update
search
jump in
kv_pair: 393394
slot: 393395
kv_pair: 393394
slot: 393394
393
search
update
search
jump in
kv_pair: 394395
slot: 394396
kv_pair: 394395
slot: 394395
394
search
update
search
jump in
kv_pair: 395396
slot: 395397
kv_pair: 395396
slot: 395396
395
search
update
search
jump in
kv_pair: 396397
slot: 396398
kv_pair: 396397
slot: 396397
396
search
update
search
jump in
kv_pair: 397398
slot: 397399
kv_pair: 397398
slot: 397398
397
search
update
search
jump in
kv_pair: 398399
slot: 398400
kv_pair: 398399
slot: 398399
398
search
update
search
jump in
kv_pair: 399400
slot: 399401
kv_pair: 399400
slot: 399400
399
search
update
search
jump in
kv_pair: 400401
slot: 400402
kv_pair: 400401
slot: 400401
400
search
update
search
jump in
kv_pair: 401402
slot: 401403
kv_pair: 401402
slot: 401402
401
search
update
search
jump in
kv_pair: 402403
slot: 402404
kv_pair: 402403
slot: 402403
402
search
update
search
jump in
kv_pair: 403404
slot: 403405
kv_pair: 403404
slot: 403404
403
search
update
search
jump in
kv_pair: 404405
slot: 404406
kv_pair: 404405
slot: 404405
404
search
update
search
jump in
kv_pair: 405406
slot: 405407
kv_pair: 405406
slot: 405406
405
search
update
search
jump in
kv_pair: 406407
slot: 406408
kv_pair: 406407
slot: 406407
406
search
update
search
jump in
kv_pair: 407408
slot: 407409
kv_pair: 407408
slot: 407408
407
search
update
search
jump in
kv_pair: 408409
slot: 408410
kv_pair: 408409
slot: 408409
408
search
update
search
jump in
kv_pair: 409410
slot: 409411
kv_pair: 409410
slot: 409410
409
search
update
search
jump in
kv_pair: 410411
slot: 410412
kv_pair: 410411
slot: 410411
410
search
update
search
jump in
kv_pair: 411412
slot: 411413
kv_pair: 411412
slot: 411412
411
search
update
search
jump in
kv_pair: 412413
slot: 412414
kv_pair: 412413
slot: 412413
412
search
update
search
jump in
kv_pair: 413414
slot: 413415
kv_pair: 413414
slot: 413414
413
search
update
search
jump in
kv_pair: 414415
slot: 414416
kv_pair: 414415
slot: 414415
414
search
update
search
jump in
kv_pair: 415416
slot: 415417
kv_pair: 415416
slot: 415416
415
search
update
search
jump in
kv_pair: 416417
slot: 416418
kv_pair: 416417
slot: 416417
416
search
update
search
jump in
kv_pair: 417418
slot: 417419
kv_pair: 417418
slot: 417418
417
search
update
search
jump in
kv_pair: 418419
slot: 418420
kv_pair: 418419
slot: 418419
418
search
update
search
jump in
kv_pair: 419420
slot: 419421
kv_pair: 419420
slot: 419420
419
search
update
search
jump in
kv_pair: 420421
slot: 420422
kv_pair: 420421
slot: 420421
420
search
update
search
jump in
kv_pair: 421422
slot: 421423
kv_pair: 421422
slot: 421422
421
search
update
search
jump in
kv_pair: 422423
slot: 422424
kv_pair: 422423
slot: 422423
422
search
update
search
jump in
kv_pair: 423424
slot: 423425
kv_pair: 423424
slot: 423424
423
search
update
search
jump in
kv_pair: 424425
slot: 424426
kv_pair: 424425
slot: 424425
424
search
update
search
jump in
kv_pair: 425426
slot: 425427
kv_pair: 425426
slot: 425426
425
search
update
search
jump in
kv_pair: 426427
slot: 426428
kv_pair: 426427
slot: 426427
426
search
update
search
jump in
kv_pair: 427428
slot: 427429
kv_pair: 427428
slot: 427428
427
search
update
search
jump in
kv_pair: 428429
slot: 428430
kv_pair: 428429
slot: 428429
428
search
update
search
jump in
kv_pair: 429430
slot: 429431
kv_pair: 429430
slot: 429430
429
search
update
search
jump in
kv_pair: 430431
slot: 430432
kv_pair: 430431
slot: 430431
430
search
update
search
jump in
kv_pair: 431432
slot: 431433
kv_pair: 431432
slot: 431432
431
search
update
search
jump in
kv_pair: 432433
slot: 432434
kv_pair: 432433
slot: 432433
432
search
update
search
jump in
kv_pair: 433434
slot: 433435
kv_pair: 433434
slot: 433434
433
search
update
search
jump in
kv_pair: 434435
slot: 434436
kv_pair: 434435
slot: 434435
434
search
update
search
jump in
kv_pair: 435436
slot: 435437
kv_pair: 435436
slot: 435436
435
search
update
search
jump in
kv_pair: 436437
slot: 436438
kv_pair: 436437
slot: 436437
436
search
update
search
jump in
kv_pair: 437438
slot: 437439
kv_pair: 437438
slot: 437438
437
search
update
search
jump in
kv_pair: 438439
slot: 438440
kv_pair: 438439
slot: 438439
438
search
update
search
jump in
kv_pair: 439440
slot: 439441
kv_pair: 439440
slot: 439440
439
search
update
search
jump in
kv_pair: 440441
slot: 440442
kv_pair: 440441
slot: 440441
440
search
update
search
jump in
kv_pair: 441442
slot: 441443
kv_pair: 441442
slot: 441442
441
search
update
search
jump in
kv_pair: 442443
slot: 442444
kv_pair: 442443
slot: 442443
442
search
update
search
jump in
kv_pair: 443444
slot: 443445
kv_pair: 443444
slot: 443444
443
search
update
search
jump in
kv_pair: 444445
slot: 444446
kv_pair: 444445
slot: 444445
444
search
update
search
jump in
kv_pair: 445446
slot: 445447
kv_pair: 445446
slot: 445446
445
search
update
search
jump in
kv_pair: 446447
slot: 446448
kv_pair: 446447
slot: 446447
446
search
update
search
jump in
kv_pair: 447448
slot: 447449
kv_pair: 447448
slot: 447448
447
search
update
search
jump in
kv_pair: 448449
slot: 448450
kv_pair: 448449
slot: 448449
448
search
update
search
jump in
kv_pair: 449450
slot: 449451
kv_pair: 449450
slot: 449450
449
search
update
search
jump in
kv_pair: 450451
slot: 450452
kv_pair: 450451
slot: 450451
450
search
update
search
jump in
kv_pair: 451452
slot: 451453
kv_pair: 451452
slot: 451452
451
search
update
search
jump in
kv_pair: 452453
slot: 452454
kv_pair: 452453
slot: 452453
452
search
update
search
jump in
kv_pair: 453454
slot: 453455
kv_pair: 453454
slot: 453454
453
search
update
search
jump in
kv_pair: 454455
slot: 454456
kv_pair: 454455
slot: 454455
454
search
update
search
jump in
kv_pair: 455456
slot: 455457
kv_pair: 455456
slot: 455456
455
search
update
search
jump in
kv_pair: 456457
slot: 456458
kv_pair: 456457
slot: 456457
456
search
update
search
jump in
kv_pair: 457458
slot: 457459
kv_pair: 457458
slot: 457458
457
search
update
search
jump in
kv_pair: 458459
slot: 458460
kv_pair: 458459
slot: 458459
458
search
update
search
jump in
kv_pair: 459460
slot: 459461
kv_pair: 459460
slot: 459460
459
search
update
search
jump in
kv_pair: 460461
slot: 460462
kv_pair: 460461
slot: 460461
460
search
update
search
jump in
kv_pair: 461462
slot: 461463
kv_pair: 461462
slot: 461462
461
search
update
search
jump in
kv_pair: 462463
slot: 462464
kv_pair: 462463
slot: 462463
462
search
update
search
jump in
kv_pair: 463464
slot: 463465
kv_pair: 463464
slot: 463464
463
search
update
search
jump in
kv_pair: 464465
slot: 464466
kv_pair: 464465
slot: 464465
464
search
update
search
jump in
kv_pair: 465466
slot: 465467
kv_pair: 465466
slot: 465466
465
search
update
search
jump in
kv_pair: 466467
slot: 466468
kv_pair: 466467
slot: 466467
466
search
update
search
jump in
kv_pair: 467468
slot: 467469
kv_pair: 467468
slot: 467468
467
search
update
search
jump in
kv_pair: 468469
slot: 468470
kv_pair: 468469
slot: 468469
468
search
update
search
jump in
kv_pair: 469470
slot: 469471
kv_pair: 469470
slot: 469470
469
search
update
search
jump in
kv_pair: 470471
slot: 470472
kv_pair: 470471
slot: 470471
470
search
update
search
jump in
kv_pair: 471472
slot: 471473
kv_pair: 471472
slot: 471472
471
search
update
search
jump in
kv_pair: 472473
slot: 472474
kv_pair: 472473
slot: 472473
472
search
update
search
jump in
kv_pair: 473474
slot: 473475
kv_pair: 473474
slot: 473474
473
search
update
search
jump in
kv_pair: 474475
slot: 474476
kv_pair: 474475
slot: 474475
474
search
update
search
jump in
kv_pair: 475476
slot: 475477
kv_pair: 475476
slot: 475476
475
search
update
search
jump in
kv_pair: 476477
slot: 476478
kv_pair: 476477
slot: 476477
476
search
update
search
jump in
kv_pair: 477478
slot: 477479
kv_pair: 477478
slot: 477478
477
search
update
search
jump in
kv_pair: 478479
slot: 478480
kv_pair: 478479
slot: 478479
478
search
update
search
jump in
kv_pair: 479480
slot: 479481
kv_pair: 479480
slot: 479480
479
search
update
search
jump in
kv_pair: 480481
slot: 480482
kv_pair: 480481
slot: 480481
480
search
update
search
jump in
kv_pair: 481482
slot: 481483
kv_pair: 481482
slot: 481482
481
search
update
search
jump in
kv_pair: 482483
slot: 482484
kv_pair: 482483
slot: 482483
482
search
update
search
jump in
kv_pair: 483484
slot: 483485
kv_pair: 483484
slot: 483484
483
search
update
search
jump in
kv_pair: 484485
slot: 484486
kv_pair: 484485
slot: 484485
484
search
update
search
jump in
kv_pair: 485486
slot: 485487
kv_pair: 485486
slot: 485486
485
search
update
search
jump in
kv_pair: 486487
slot: 486488
kv_pair: 486487
slot: 486487
486
search
update
search
jump in
kv_pair: 487488
slot: 487489
kv_pair: 487488
slot: 487488
487
search
update
search
jump in
kv_pair: 488489
slot: 488490
kv_pair: 488489
slot: 488489
488
search
update
search
jump in
kv_pair: 489490
slot: 489491
kv_pair: 489490
slot: 489490
489
search
update
search
jump in
kv_pair: 490491
slot: 490492
kv_pair: 490491
slot: 490491
490
search
update
search
jump in
kv_pair: 491492
slot: 491493
kv_pair: 491492
slot: 491492
491
search
update
search
jump in
kv_pair: 492493
slot: 492494
kv_pair: 492493
slot: 492493
492
search
update
search
jump in
kv_pair: 493494
slot: 493495
kv_pair: 493494
slot: 493494
493
search
update
search
jump in
kv_pair: 494495
slot: 494496
kv_pair: 494495
slot: 494495
494
search
update
search
jump in
kv_pair: 495496
slot: 495497
kv_pair: 495496
slot: 495496
495
search
update
search
jump in
kv_pair: 496497
slot: 496498
kv_pair: 496497
slot: 496497
496
search
update
search
jump in
kv_pair: 497498
slot: 497499
kv_pair: 497498
slot: 497498
497
search
update
search
jump in
kv_pair: 498499
slot: 498500
kv_pair: 498499
slot: 498499
498
search
update
search
jump in
kv_pair: 499500
slot: 499501
kv_pair: 499500
slot: 499500
499
search
update
search
jump in
kv_pair: 500501
slot: 500502
kv_pair: 500501
slot: 500501
500
search
update
search
jump in
kv_pair: 501502
slot: 501503
kv_pair: 501502
slot: 501502
501
search
update
search
jump in
kv_pair: 502503
slot: 502504
kv_pair: 502503
slot: 502503
502
search
update
search
jump in
kv_pair: 503504
slot: 503505
kv_pair: 503504
slot: 503504
503
search
update
search
jump in
kv_pair: 504505
slot: 504506
kv_pair: 504505
slot: 504505
504
search
update
search
jump in
kv_pair: 505506
slot: 505507
kv_pair: 505506
slot: 505506
505
search
update
search
jump in
kv_pair: 506507
slot: 506508
kv_pair: 506507
slot: 506507
506
search
update
search
jump in
kv_pair: 507508
slot: 507509
kv_pair: 507508
slot: 507508
507
search
update
search
jump in
kv_pair: 508509
slot: 508510
kv_pair: 508509
slot: 508509
508
search
update
search
jump in
kv_pair: 509510
slot: 509511
kv_pair: 509510
slot: 509510
509
search
update
search
jump in
kv_pair: 510511
slot: 510512
kv_pair: 510511
slot: 510511
510
search
update
search
jump in
kv_pair: 511512
slot: 511513
kv_pair: 511512
slot: 511512
511
search
update
search
jump in
kv_pair: 512513
slot: 512514
kv_pair: 512513
slot: 512513
512
search
update
search
jump in
kv_pair: 513514
slot: 513515
kv_pair: 513514
slot: 513514
513
search
update
search
jump in
kv_pair: 514515
slot: 514516
kv_pair: 514515
slot: 514515
514
search
update
search
jump in
kv_pair: 515516
slot: 515517
kv_pair: 515516
slot: 515516
515
search
update
search
jump in
kv_pair: 516517
slot: 516518
kv_pair: 516517
slot: 516517
516
search
update
search
jump in
kv_pair: 517518
slot: 517519
kv_pair: 517518
slot: 517518
517
search
update
search
jump in
kv_pair: 518519
slot: 518520
kv_pair: 518519
slot: 518519
518
search
update
search
jump in
kv_pair: 519520
slot: 519521
kv_pair: 519520
slot: 519520
519
search
update
search
jump in
kv_pair: 520521
slot: 520522
kv_pair: 520521
slot: 520521
520
search
update
search
jump in
kv_pair: 521522
slot: 521523
kv_pair: 521522
slot: 521522
521
search
update
search
jump in
kv_pair: 522523
slot: 522524
kv_pair: 522523
slot: 522523
522
search
update
search
jump in
kv_pair: 523524
slot: 523525
kv_pair: 523524
slot: 523524
523
search
update
search
jump in
kv_pair: 524525
slot: 524526
kv_pair: 524525
slot: 524525
524
search
update
search
jump in
kv_pair: 525526
slot: 525527
kv_pair: 525526
slot: 525526
525
search
update
search
jump in
kv_pair: 526527
slot: 526528
kv_pair: 526527
slot: 526527
526
search
update
search
jump in
kv_pair: 527528
slot: 527529
kv_pair: 527528
slot: 527528
527
search
update
search
jump in
kv_pair: 528529
slot: 528530
kv_pair: 528529
slot: 528529
528
search
update
search
jump in
kv_pair: 529530
slot: 529531
kv_pair: 529530
slot: 529530
529
search
update
search
jump in
kv_pair: 530531
slot: 530532
kv_pair: 530531
slot: 530531
530
search
update
search
jump in
kv_pair: 531532
slot: 531533
kv_pair: 531532
slot: 531532
531
search
update
search
jump in
kv_pair: 532533
slot: 532534
kv_pair: 532533
slot: 532533
532
search
update
search
jump in
kv_pair: 533534
slot: 533535
kv_pair: 533534
slot: 533534
533
search
update
search
jump in
kv_pair: 534535
slot: 534536
kv_pair: 534535
slot: 534535
534
search
update
search
jump in
kv_pair: 535536
slot: 535537
kv_pair: 535536
slot: 535536
535
search
update
search
jump in
kv_pair: 536537
slot: 536538
kv_pair: 536537
slot: 536537
536
search
update
search
jump in
kv_pair: 537538
slot: 537539
kv_pair: 537538
slot: 537538
537
search
update
search
jump in
kv_pair: 538539
slot: 538540
kv_pair: 538539
slot: 538539
538
search
update
search
jump in
kv_pair: 539540
slot: 539541
kv_pair: 539540
slot: 539540
539
search
update
search
jump in
kv_pair: 540541
slot: 540542
kv_pair: 540541
slot: 540541
540
search
update
search
jump in
kv_pair: 541542
slot: 541543
kv_pair: 541542
slot: 541542
541
search
update
search
jump in
kv_pair: 542543
slot: 542544
kv_pair: 542543
slot: 542543
542
search
update
search
jump in
kv_pair: 543544
slot: 543545
kv_pair: 543544
slot: 543544
543
search
update
search
jump in
kv_pair: 544545
slot: 544546
kv_pair: 544545
slot: 544545
544
search
update
search
jump in
kv_pair: 545546
slot: 545547
kv_pair: 545546
slot: 545546
545
search
update
search
jump in
kv_pair: 546547
slot: 546548
kv_pair: 546547
slot: 546547
546
search
update
search
jump in
kv_pair: 547548
slot: 547549
kv_pair: 547548
slot: 547548
547
search
update
search
jump in
kv_pair: 548549
slot: 548550
kv_pair: 548549
slot: 548549
548
search
update
search
jump in
kv_pair: 549550
slot: 549551
kv_pair: 549550
slot: 549550
549
search
update
search
jump in
kv_pair: 550551
slot: 550552
kv_pair: 550551
slot: 550551
550
search
update
search
jump in
kv_pair: 551552
slot: 551553
kv_pair: 551552
slot: 551552
551
search
update
search
jump in
kv_pair: 552553
slot: 552554
kv_pair: 552553
slot: 552553
552
search
update
search
jump in
kv_pair: 553554
slot: 553555
kv_pair: 553554
slot: 553554
553
search
update
search
jump in
kv_pair: 554555
slot: 554556
kv_pair: 554555
slot: 554555
554
search
update
search
jump in
kv_pair: 555556
slot: 555557
kv_pair: 555556
slot: 555556
555
search
update
search
jump in
kv_pair: 556557
slot: 556558
kv_pair: 556557
slot: 556557
556
search
update
search
jump in
kv_pair: 557558
slot: 557559
kv_pair: 557558
slot: 557558
557
search
update
search
jump in
kv_pair: 558559
slot: 558560
kv_pair: 558559
slot: 558559
558
search
update
search
jump in
kv_pair: 559560
slot: 559561
kv_pair: 559560
slot: 559560
559
search
update
search
jump in
kv_pair: 560561
slot: 560562
kv_pair: 560561
slot: 560561
560
search
update
search
jump in
kv_pair: 561562
slot: 561563
kv_pair: 561562
slot: 561562
561
search
update
search
jump in
kv_pair: 562563
slot: 562564
kv_pair: 562563
slot: 562563
562
search
update
search
jump in
kv_pair: 563564
slot: 563565
kv_pair: 563564
slot: 563564
563
search
update
search
jump in
kv_pair: 564565
slot: 564566
kv_pair: 564565
slot: 564565
564
search
update
search
jump in
kv_pair: 565566
slot: 565567
kv_pair: 565566
slot: 565566
565
search
update
search
jump in
kv_pair: 566567
slot: 566568
kv_pair: 566567
slot: 566567
566
search
update
search
jump in
kv_pair: 567568
slot: 567569
kv_pair: 567568
slot: 567568
567
search
update
search
jump in
kv_pair: 568569
slot: 568570
kv_pair: 568569
slot: 568569
568
search
update
search
jump in
kv_pair: 569570
slot: 569571
kv_pair: 569570
slot: 569570
569
search
update
search
jump in
kv_pair: 570571
slot: 570572
kv_pair: 570571
slot: 570571
570
search
update
search
jump in
kv_pair: 571572
slot: 571573
kv_pair: 571572
slot: 571572
571
search
update
search
jump in
kv_pair: 572573
slot: 572574
kv_pair: 572573
slot: 572573
572
search
update
search
jump in
kv_pair: 573574
slot: 573575
kv_pair: 573574
slot: 573574
573
search
update
search
jump in
kv_pair: 574575
slot: 574576
kv_pair: 574575
slot: 574575
574
search
update
search
jump in
kv_pair: 575576
slot: 575577
kv_pair: 575576
slot: 575576
575
search
update
search
jump in
kv_pair: 576577
slot: 576578
kv_pair: 576577
slot: 576577
576
search
update
search
jump in
kv_pair: 577578
slot: 577579
kv_pair: 577578
slot: 577578
577
search
update
search
jump in
kv_pair: 578579
slot: 578580
kv_pair: 578579
slot: 578579
578
search
update
search
jump in
kv_pair: 579580
slot: 579581
kv_pair: 579580
slot: 579580
579
search
update
search
jump in
kv_pair: 580581
slot: 580582
kv_pair: 580581
slot: 580581
580
search
update
search
jump in
kv_pair: 581582
slot: 581583
kv_pair: 581582
slot: 581582
581
search
update
search
jump in
kv_pair: 582583
slot: 582584
kv_pair: 582583
slot: 582583
582
search
update
search
jump in
kv_pair: 583584
slot: 583585
kv_pair: 583584
slot: 583584
583
search
update
search
jump in
kv_pair: 584585
slot: 584586
kv_pair: 584585
slot: 584585
584
search
update
search
jump in
kv_pair: 585586
slot: 585587
kv_pair: 585586
slot: 585586
585
search
update
search
jump in
kv_pair: 586587
slot: 586588
kv_pair: 586587
slot: 586587
586
search
update
search
jump in
kv_pair: 587588
slot: 587589
kv_pair: 587588
slot: 587588
587
search
update
search
jump in
kv_pair: 588589
slot: 588590
kv_pair: 588589
slot: 588589
588
search
update
search
jump in
kv_pair: 589590
slot: 589591
kv_pair: 589590
slot: 589590
589
search
update
search
jump in
kv_pair: 590591
slot: 590592
kv_pair: 590591
slot: 590591
590
search
update
search
jump in
kv_pair: 591592
slot: 591593
kv_pair: 591592
slot: 591592
591
search
update
search
jump in
kv_pair: 592593
slot: 592594
kv_pair: 592593
slot: 592593
592
search
update
search
jump in
kv_pair: 593594
slot: 593595
kv_pair: 593594
slot: 593594
593
search
update
search
jump in
kv_pair: 594595
slot: 594596
kv_pair: 594595
slot: 594595
594
search
update
search
jump in
kv_pair: 595596
slot: 595597
kv_pair: 595596
slot: 595596
595
search
update
search
jump in
kv_pair: 596597
slot: 596598
kv_pair: 596597
slot: 596597
596
search
update
search
jump in
kv_pair: 597598
slot: 597599
kv_pair: 597598
slot: 597598
597
search
update
search
jump in
kv_pair: 598599
slot: 598600
kv_pair: 598599
slot: 598599
598
search
update
search
jump in
kv_pair: 599600
slot: 599601
kv_pair: 599600
slot: 599600
599
search
update
search
jump in
kv_pair: 600601
slot: 600602
kv_pair: 600601
slot: 600601
600
search
update
search
jump in
kv_pair: 601602
slot: 601603
kv_pair: 601602
slot: 601602
601
search
update
search
jump in
kv_pair: 602603
slot: 602604
kv_pair: 602603
slot: 602603
602
search
update
search
jump in
kv_pair: 603604
slot: 603605
kv_pair: 603604
slot: 603604
603
search
update
search
jump in
kv_pair: 604605
slot: 604606
kv_pair: 604605
slot: 604605
604
search
update
search
jump in
kv_pair: 605606
slot: 605607
kv_pair: 605606
slot: 605606
605
search
update
search
jump in
kv_pair: 606607
slot: 606608
kv_pair: 606607
slot: 606607
606
search
update
search
jump in
kv_pair: 607608
slot: 607609
kv_pair: 607608
slot: 607608
607
search
update
search
jump in
kv_pair: 608609
slot: 608610
kv_pair: 608609
slot: 608609
608
search
update
search
jump in
kv_pair: 609610
slot: 609611
kv_pair: 609610
slot: 609610
609
search
update
search
jump in
kv_pair: 610611
slot: 610612
kv_pair: 610611
slot: 610611
610
search
update
search
jump in
kv_pair: 611612
slot: 611613
kv_pair: 611612
slot: 611612
611
search
update
search
jump in
kv_pair: 612613
slot: 612614
kv_pair: 612613
slot: 612613
612
search
update
search
jump in
kv_pair: 613614
slot: 613615
kv_pair: 613614
slot: 613614
613
search
update
search
jump in
kv_pair: 614615
slot: 614616
kv_pair: 614615
slot: 614615
614
search
update
search
jump in
kv_pair: 615616
slot: 615617
kv_pair: 615616
slot: 615616
615
search
update
search
jump in
kv_pair: 616617
slot: 616618
kv_pair: 616617
slot: 616617
616
search
update
search
jump in
kv_pair: 617618
slot: 617619
kv_pair: 617618
slot: 617618
617
search
update
search
jump in
kv_pair: 618619
slot: 618620
kv_pair: 618619
slot: 618619
618
search
update
search
jump in
kv_pair: 619620
slot: 619621
kv_pair: 619620
slot: 619620
619
search
update
search
jump in
kv_pair: 620621
slot: 620622
kv_pair: 620621
slot: 620621
620
search
update
search
jump in
kv_pair: 621622
slot: 621623
kv_pair: 621622
slot: 621622
621
search
update
search
jump in
kv_pair: 622623
slot: 622624
kv_pair: 622623
slot: 622623
622
search
update
search
jump in
kv_pair: 623624
slot: 623625
kv_pair: 623624
slot: 623624
623
search
update
search
jump in
kv_pair: 624625
slot: 624626
kv_pair: 624625
slot: 624625
624
search
update
search
jump in
kv_pair: 625626
slot: 625627
kv_pair: 625626
slot: 625626
625
search
update
search
jump in
kv_pair: 626627
slot: 626628
kv_pair: 626627
slot: 626627
626
search
update
search
jump in
kv_pair: 627628
slot: 627629
kv_pair: 627628
slot: 627628
627
search
update
search
jump in
kv_pair: 628629
slot: 628630
kv_pair: 628629
slot: 628629
628
search
update
search
jump in
kv_pair: 629630
slot: 629631
kv_pair: 629630
slot: 629630
629
search
update
search
jump in
kv_pair: 630631
slot: 630632
kv_pair: 630631
slot: 630631
630
search
update
search
jump in
kv_pair: 631632
slot: 631633
kv_pair: 631632
slot: 631632
631
search
update
search
jump in
kv_pair: 632633
slot: 632634
kv_pair: 632633
slot: 632633
632
search
update
search
jump in
kv_pair: 633634
slot: 633635
kv_pair: 633634
slot: 633634
633
search
update
search
jump in
kv_pair: 634635
slot: 634636
kv_pair: 634635
slot: 634635
634
search
update
search
jump in
kv_pair: 635636
slot: 635637
kv_pair: 635636
slot: 635636
635
search
update
search
jump in
kv_pair: 636637
slot: 636638
kv_pair: 636637
slot: 636637
636
search
update
search
jump in
kv_pair: 637638
slot: 637639
kv_pair: 637638
slot: 637638
637
search
update
search
jump in
kv_pair: 638639
slot: 638640
kv_pair: 638639
slot: 638639
638
search
update
search
jump in
kv_pair: 639640
slot: 639641
kv_pair: 639640
slot: 639640
639
search
update
search
jump in
kv_pair: 640641
slot: 640642
kv_pair: 640641
slot: 640641
640
search
update
search
jump in
kv_pair: 641642
slot: 641643
kv_pair: 641642
slot: 641642
641
search
update
search
jump in
kv_pair: 642643
slot: 642644
kv_pair: 642643
slot: 642643
642
search
update
search
jump in
kv_pair: 643644
slot: 643645
kv_pair: 643644
slot: 643644
643
search
update
search
jump in
kv_pair: 644645
slot: 644646
kv_pair: 644645
slot: 644645
644
search
update
search
jump in
kv_pair: 645646
slot: 645647
kv_pair: 645646
slot: 645646
645
search
update
search
jump in
kv_pair: 646647
slot: 646648
kv_pair: 646647
slot: 646647
646
search
update
search
jump in
kv_pair: 647648
slot: 647649
kv_pair: 647648
slot: 647648
647
search
update
search
jump in
kv_pair: 648649
slot: 648650
kv_pair: 648649
slot: 648649
648
search
update
search
jump in
kv_pair: 649650
slot: 649651
kv_pair: 649650
slot: 649650
649
search
update
search
jump in
kv_pair: 650651
slot: 650652
kv_pair: 650651
slot: 650651
650
search
update
search
jump in
kv_pair: 651652
slot: 651653
kv_pair: 651652
slot: 651652
651
search
update
search
jump in
kv_pair: 652653
slot: 652654
kv_pair: 652653
slot: 652653
652
search
update
search
jump in
kv_pair: 653654
slot: 653655
kv_pair: 653654
slot: 653654
653
search
update
search
jump in
kv_pair: 654655
slot: 654656
kv_pair: 654655
slot: 654655
654
search
update
search
jump in
kv_pair: 655656
slot: 655657
kv_pair: 655656
slot: 655656
655
search
update
search
jump in
kv_pair: 656657
slot: 656658
kv_pair: 656657
slot: 656657
656
search
update
search
jump in
kv_pair: 657658
slot: 657659
kv_pair: 657658
slot: 657658
657
search
update
search
jump in
kv_pair: 658659
slot: 658660
kv_pair: 658659
slot: 658659
658
search
update
search
jump in
kv_pair: 659660
slot: 659661
kv_pair: 659660
slot: 659660
659
search
update
search
jump in
kv_pair: 660661
slot: 660662
kv_pair: 660661
slot: 660661
660
search
update
search
jump in
kv_pair: 661662
slot: 661663
kv_pair: 661662
slot: 661662
661
search
update
search
jump in
kv_pair: 662663
slot: 662664
kv_pair: 662663
slot: 662663
662
search
update
search
jump in
kv_pair: 663664
slot: 663665
kv_pair: 663664
slot: 663664
663
search
update
search
jump in
kv_pair: 664665
slot: 664666
kv_pair: 664665
slot: 664665
664
search
update
search
jump in
kv_pair: 665666
slot: 665667
kv_pair: 665666
slot: 665666
665
search
update
search
jump in
kv_pair: 666667
slot: 666668
kv_pair: 666667
slot: 666667
666
search
update
search
jump in
kv_pair: 667668
slot: 667669
kv_pair: 667668
slot: 667668
667
search
update
search
jump in
kv_pair: 668669
slot: 668670
kv_pair: 668669
slot: 668669
668
search
update
search
jump in
kv_pair: 669670
slot: 669671
kv_pair: 669670
slot: 669670
669
search
update
search
jump in
kv_pair: 670671
slot: 670672
kv_pair: 670671
slot: 670671
670
search
update
search
jump in
kv_pair: 671672
slot: 671673
kv_pair: 671672
slot: 671672
671
search
update
search
jump in
kv_pair: 672673
slot: 672674
kv_pair: 672673
slot: 672673
672
search
update
search
jump in
kv_pair: 673674
slot: 673675
kv_pair: 673674
slot: 673674
673
search
update
search
jump in
kv_pair: 674675
slot: 674676
kv_pair: 674675
slot: 674675
674
search
update
search
jump in
kv_pair: 675676
slot: 675677
kv_pair: 675676
slot: 675676
675
search
update
search
jump in
kv_pair: 676677
slot: 676678
kv_pair: 676677
slot: 676677
676
search
update
search
jump in
kv_pair: 677678
slot: 677679
kv_pair: 677678
slot: 677678
677
search
update
search
jump in
kv_pair: 678679
slot: 678680
kv_pair: 678679
slot: 678679
678
search
update
search
jump in
kv_pair: 679680
slot: 679681
kv_pair: 679680
slot: 679680
679
search
update
search
jump in
kv_pair: 680681
slot: 680682
kv_pair: 680681
slot: 680681
680
search
update
search
jump in
kv_pair: 681682
slot: 681683
kv_pair: 681682
slot: 681682
681
search
update
search
jump in
kv_pair: 682683
slot: 682684
kv_pair: 682683
slot: 682683
682
search
update
search
jump in
kv_pair: 683684
slot: 683685
kv_pair: 683684
slot: 683684
683
search
update
search
jump in
kv_pair: 684685
slot: 684686
kv_pair: 684685
slot: 684685
684
search
update
search
jump in
kv_pair: 685686
slot: 685687
kv_pair: 685686
slot: 685686
685
search
update
search
jump in
kv_pair: 686687
slot: 686688
kv_pair: 686687
slot: 686687
686
search
update
search
jump in
kv_pair: 687688
slot: 687689
kv_pair: 687688
slot: 687688
687
search
update
search
jump in
kv_pair: 688689
slot: 688690
kv_pair: 688689
slot: 688689
688
search
update
search
jump in
kv_pair: 689690
slot: 689691
kv_pair: 689690
slot: 689690
689
search
update
search
jump in
kv_pair: 690691
slot: 690692
kv_pair: 690691
slot: 690691
690
search
update
search
jump in
kv_pair: 691692
slot: 691693
kv_pair: 691692
slot: 691692
691
search
update
search
jump in
kv_pair: 692693
slot: 692694
kv_pair: 692693
slot: 692693
692
search
update
search
jump in
kv_pair: 693694
slot: 693695
kv_pair: 693694
slot: 693694
693
search
update
search
jump in
kv_pair: 694695
slot: 694696
kv_pair: 694695
slot: 694695
694
search
update
search
jump in
kv_pair: 695696
slot: 695697
kv_pair: 695696
slot: 695696
695
search
update
search
jump in
kv_pair: 696697
slot: 696698
kv_pair: 696697
slot: 696697
696
search
update
search
jump in
kv_pair: 697698
slot: 697699
kv_pair: 697698
slot: 697698
697
search
update
search
jump in
kv_pair: 698699
slot: 698700
kv_pair: 698699
slot: 698699
698
search
update
search
jump in
kv_pair: 699700
slot: 699701
kv_pair: 699700
slot: 699700
699
search
update
search
jump in
kv_pair: 700701
slot: 700702
kv_pair: 700701
slot: 700701
700
search
update
search
jump in
kv_pair: 701702
slot: 701703
kv_pair: 701702
slot: 701702
701
search
update
search
jump in
kv_pair: 702703
slot: 702704
kv_pair: 702703
slot: 702703
702
search
update
search
jump in
kv_pair: 703704
slot: 703705
kv_pair: 703704
slot: 703704
703
search
update
search
jump in
kv_pair: 704705
slot: 704706
kv_pair: 704705
slot: 704705
704
search
update
search
jump in
kv_pair: 705706
slot: 705707
kv_pair: 705706
slot: 705706
705
search
update
search
jump in
kv_pair: 706707
slot: 706708
kv_pair: 706707
slot: 706707
706
search
update
search
jump in
kv_pair: 707708
slot: 707709
kv_pair: 707708
slot: 707708
707
search
update
search
jump in
kv_pair: 708709
slot: 708710
kv_pair: 708709
slot: 708709
708
search
update
search
jump in
kv_pair: 709710
slot: 709711
kv_pair: 709710
slot: 709710
709
search
update
search
jump in
kv_pair: 710711
slot: 710712
kv_pair: 710711
slot: 710711
710
search
update
search
jump in
kv_pair: 711712
slot: 711713
kv_pair: 711712
slot: 711712
711
search
update
search
jump in
kv_pair: 712713
slot: 712714
kv_pair: 712713
slot: 712713
712
search
update
search
jump in
kv_pair: 713714
slot: 713715
kv_pair: 713714
slot: 713714
713
search
update
search
jump in
kv_pair: 714715
slot: 714716
kv_pair: 714715
slot: 714715
714
search
update
search
jump in
kv_pair: 715716
slot: 715717
kv_pair: 715716
slot: 715716
715
search
update
search
jump in
kv_pair: 716717
slot: 716718
kv_pair: 716717
slot: 716717
716
search
update
search
jump in
kv_pair: 717718
slot: 717719
kv_pair: 717718
slot: 717718
717
search
update
search
jump in
kv_pair: 718719
slot: 718720
kv_pair: 718719
slot: 718719
718
search
update
search
jump in
kv_pair: 719720
slot: 719721
kv_pair: 719720
slot: 719720
719
search
update
search
jump in
kv_pair: 720721
slot: 720722
kv_pair: 720721
slot: 720721
720
search
update
search
jump in
kv_pair: 721722
slot: 721723
kv_pair: 721722
slot: 721722
721
search
update
search
jump in
kv_pair: 722723
slot: 722724
kv_pair: 722723
slot: 722723
722
search
update
search
jump in
kv_pair: 723724
slot: 723725
kv_pair: 723724
slot: 723724
723
search
update
search
jump in
kv_pair: 724725
slot: 724726
kv_pair: 724725
slot: 724725
724
search
update
search
jump in
kv_pair: 725726
slot: 725727
kv_pair: 725726
slot: 725726
725
search
update
search
jump in
kv_pair: 726727
slot: 726728
kv_pair: 726727
slot: 726727
726
search
update
search
jump in
kv_pair: 727728
slot: 727729
kv_pair: 727728
slot: 727728
727
search
update
search
jump in
kv_pair: 728729
slot: 728730
kv_pair: 728729
slot: 728729
728
search
update
search
jump in
kv_pair: 729730
slot: 729731
kv_pair: 729730
slot: 729730
729
search
update
search
jump in
kv_pair: 730731
slot: 730732
kv_pair: 730731
slot: 730731
730
search
update
search
jump in
kv_pair: 731732
slot: 731733
kv_pair: 731732
slot: 731732
731
search
update
search
jump in
kv_pair: 732733
slot: 732734
kv_pair: 732733
slot: 732733
732
search
update
search
jump in
kv_pair: 733734
slot: 733735
kv_pair: 733734
slot: 733734
733
search
update
search
jump in
kv_pair: 734735
slot: 734736
kv_pair: 734735
slot: 734735
734
search
update
search
jump in
kv_pair: 735736
slot: 735737
kv_pair: 735736
slot: 735736
735
search
update
search
jump in
kv_pair: 736737
slot: 736738
kv_pair: 736737
slot: 736737
736
search
update
search
jump in
kv_pair: 737738
slot: 737739
kv_pair: 737738
slot: 737738
737
search
update
search
jump in
kv_pair: 738739
slot: 738740
kv_pair: 738739
slot: 738739
738
search
update
search
jump in
kv_pair: 739740
slot: 739741
kv_pair: 739740
slot: 739740
739
search
update
search
jump in
kv_pair: 740741
slot: 740742
kv_pair: 740741
slot: 740741
740
search
update
search
jump in
kv_pair: 741742
slot: 741743
kv_pair: 741742
slot: 741742
741
search
update
search
jump in
kv_pair: 742743
slot: 742744
kv_pair: 742743
slot: 742743
742
search
update
search
jump in
kv_pair: 743744
slot: 743745
kv_pair: 743744
slot: 743744
743
search
update
search
jump in
kv_pair: 744745
slot: 744746
kv_pair: 744745
slot: 744745
744
search
update
search
jump in
kv_pair: 745746
slot: 745747
kv_pair: 745746
slot: 745746
745
search
update
search
jump in
kv_pair: 746747
slot: 746748
kv_pair: 746747
slot: 746747
746
search
update
search
jump in
kv_pair: 747748
slot: 747749
kv_pair: 747748
slot: 747748
747
search
update
search
jump in
kv_pair: 748749
slot: 748750
kv_pair: 748749
slot: 748749
748
search
update
search
jump in
kv_pair: 749750
slot: 749751
kv_pair: 749750
slot: 749750
749
search
update
search
jump in
kv_pair: 750751
slot: 750752
kv_pair: 750751
slot: 750751
750
search
update
search
jump in
kv_pair: 751752
slot: 751753
kv_pair: 751752
slot: 751752
751
search
update
search
jump in
kv_pair: 752753
slot: 752754
kv_pair: 752753
slot: 752753
752
search
update
search
jump in
kv_pair: 753754
slot: 753755
kv_pair: 753754
slot: 753754
753
search
update
search
jump in
kv_pair: 754755
slot: 754756
kv_pair: 754755
slot: 754755
754
search
update
search
jump in
kv_pair: 755756
slot: 755757
kv_pair: 755756
slot: 755756
755
search
update
search
jump in
kv_pair: 756757
slot: 756758
kv_pair: 756757
slot: 756757
756
search
update
search
jump in
kv_pair: 757758
slot: 757759
kv_pair: 757758
slot: 757758
757
search
update
search
jump in
kv_pair: 758759
slot: 758760
kv_pair: 758759
slot: 758759
758
search
update
search
jump in
kv_pair: 759760
slot: 759761
kv_pair: 759760
slot: 759760
759
search
update
search
jump in
kv_pair: 760761
slot: 760762
kv_pair: 760761
slot: 760761
760
search
update
search
jump in
kv_pair: 761762
slot: 761763
kv_pair: 761762
slot: 761762
761
search
update
search
jump in
kv_pair: 762763
slot: 762764
kv_pair: 762763
slot: 762763
762
search
update
search
jump in
kv_pair: 763764
slot: 763765
kv_pair: 763764
slot: 763764
763
search
update
search
jump in
kv_pair: 764765
slot: 764766
kv_pair: 764765
slot: 764765
764
search
update
search
jump in
kv_pair: 765766
slot: 765767
kv_pair: 765766
slot: 765766
765
search
update
search
jump in
kv_pair: 766767
slot: 766768
kv_pair: 766767
slot: 766767
766
search
update
search
jump in
kv_pair: 767768
slot: 767769
kv_pair: 767768
slot: 767768
767
search
update
search
jump in
kv_pair: 768769
slot: 768770
kv_pair: 768769
slot: 768769
768
search
update
search
jump in
kv_pair: 769770
slot: 769771
kv_pair: 769770
slot: 769770
769
search
update
search
jump in
kv_pair: 770771
slot: 770772
kv_pair: 770771
slot: 770771
770
search
update
search
jump in
kv_pair: 771772
slot: 771773
kv_pair: 771772
slot: 771772
771
search
update
search
jump in
kv_pair: 772773
slot: 772774
kv_pair: 772773
slot: 772773
772
search
update
search
jump in
kv_pair: 773774
slot: 773775
kv_pair: 773774
slot: 773774
773
search
update
search
jump in
kv_pair: 774775
slot: 774776
kv_pair: 774775
slot: 774775
774
search
update
search
jump in
kv_pair: 775776
slot: 775777
kv_pair: 775776
slot: 775776
775
search
update
search
jump in
kv_pair: 776777
slot: 776778
kv_pair: 776777
slot: 776777
776
search
update
search
jump in
kv_pair: 777778
slot: 777779
kv_pair: 777778
slot: 777778
777
search
update
search
jump in
kv_pair: 778779
slot: 778780
kv_pair: 778779
slot: 778779
778
search
update
search
jump in
kv_pair: 779780
slot: 779781
kv_pair: 779780
slot: 779780
779
search
update
search
jump in
kv_pair: 780781
slot: 780782
kv_pair: 780781
slot: 780781
780
search
update
search
jump in
kv_pair: 781782
slot: 781783
kv_pair: 781782
slot: 781782
781
search
update
search
jump in
kv_pair: 782783
slot: 782784
kv_pair: 782783
slot: 782783
782
search
update
search
jump in
kv_pair: 783784
slot: 783785
kv_pair: 783784
slot: 783784
783
search
update
search
jump in
kv_pair: 784785
slot: 784786
kv_pair: 784785
slot: 784785
784
search
update
search
jump in
kv_pair: 785786
slot: 785787
kv_pair: 785786
slot: 785786
785
search
update
search
jump in
kv_pair: 786787
slot: 786788
kv_pair: 786787
slot: 786787
786
search
update
search
jump in
kv_pair: 787788
slot: 787789
kv_pair: 787788
slot: 787788
787
search
update
search
jump in
kv_pair: 788789
slot: 788790
kv_pair: 788789
slot: 788789
788
search
update
search
jump in
kv_pair: 789790
slot: 789791
kv_pair: 789790
slot: 789790
789
search
update
search
jump in
kv_pair: 790791
slot: 790792
kv_pair: 790791
slot: 790791
790
search
update
search
jump in
kv_pair: 791792
slot: 791793
kv_pair: 791792
slot: 791792
791
search
update
search
jump in
kv_pair: 792793
slot: 792794
kv_pair: 792793
slot: 792793
792
search
update
search
jump in
kv_pair: 793794
slot: 793795
kv_pair: 793794
slot: 793794
793
search
update
search
jump in
kv_pair: 794795
slot: 794796
kv_pair: 794795
slot: 794795
794
search
update
search
jump in
kv_pair: 795796
slot: 795797
kv_pair: 795796
slot: 795796
795
search
update
search
jump in
kv_pair: 796797
slot: 796798
kv_pair: 796797
slot: 796797
796
search
update
search
jump in
kv_pair: 797798
slot: 797799
kv_pair: 797798
slot: 797798
797
search
update
search
jump in
kv_pair: 798799
slot: 798800
kv_pair: 798799
slot: 798799
798
search
update
search
jump in
kv_pair: 799800
slot: 799801
kv_pair: 799800
slot: 799800
799
search
update
search
jump in
kv_pair: 800801
slot: 800802
kv_pair: 800801
slot: 800801
800
search
update
search
jump in
kv_pair: 801802
slot: 801803
kv_pair: 801802
slot: 801802
801
search
update
search
jump in
kv_pair: 802803
slot: 802804
kv_pair: 802803
slot: 802803
802
search
update
search
jump in
kv_pair: 803804
slot: 803805
kv_pair: 803804
slot: 803804
803
search
update
search
jump in
kv_pair: 804805
slot: 804806
kv_pair: 804805
slot: 804805
804
search
update
search
jump in
kv_pair: 805806
slot: 805807
kv_pair: 805806
slot: 805806
805
search
update
search
jump in
kv_pair: 806807
slot: 806808
kv_pair: 806807
slot: 806807
806
search
update
search
jump in
kv_pair: 807808
slot: 807809
kv_pair: 807808
slot: 807808
807
search
update
search
jump in
kv_pair: 808809
slot: 808810
kv_pair: 808809
slot: 808809
808
search
update
search
jump in
kv_pair: 809810
slot: 809811
kv_pair: 809810
slot: 809810
809
search
update
search
jump in
kv_pair: 810811
slot: 810812
kv_pair: 810811
slot: 810811
810
search
update
search
jump in
kv_pair: 811812
slot: 811813
kv_pair: 811812
slot: 811812
811
search
update
search
jump in
kv_pair: 812813
slot: 812814
kv_pair: 812813
slot: 812813
812
search
update
search
jump in
kv_pair: 813814
slot: 813815
kv_pair: 813814
slot: 813814
813
search
update
search
jump in
kv_pair: 814815
slot: 814816
kv_pair: 814815
slot: 814815
814
search
update
search
jump in
kv_pair: 815816
slot: 815817
kv_pair: 815816
slot: 815816
815
search
update
search
jump in
kv_pair: 816817
slot: 816818
kv_pair: 816817
slot: 816817
816
search
update
search
jump in
kv_pair: 817818
slot: 817819
kv_pair: 817818
slot: 817818
817
search
update
search
jump in
kv_pair: 818819
slot: 818820
kv_pair: 818819
slot: 818819
818
search
update
search
jump in
kv_pair: 819820
slot: 819821
kv_pair: 819820
slot: 819820
819
search
update
search
jump in
kv_pair: 820821
slot: 820822
kv_pair: 820821
slot: 820821
820
search
update
search
jump in
kv_pair: 821822
slot: 821823
kv_pair: 821822
slot: 821822
821
search
update
search
jump in
kv_pair: 822823
slot: 822824
kv_pair: 822823
slot: 822823
822
search
update
search
jump in
kv_pair: 823824
slot: 823825
kv_pair: 823824
slot: 823824
823
search
update
search
jump in
kv_pair: 824825
slot: 824826
kv_pair: 824825
slot: 824825
824
search
update
search
jump in
kv_pair: 825826
slot: 825827
kv_pair: 825826
slot: 825826
825
search
update
search
jump in
kv_pair: 826827
slot: 826828
kv_pair: 826827
slot: 826827
826
search
update
search
jump in
kv_pair: 827828
slot: 827829
kv_pair: 827828
slot: 827828
827
search
update
search
jump in
kv_pair: 828829
slot: 828830
kv_pair: 828829
slot: 828829
828
search
update
search
jump in
kv_pair: 829830
slot: 829831
kv_pair: 829830
slot: 829830
829
search
update
search
jump in
kv_pair: 830831
slot: 830832
kv_pair: 830831
slot: 830831
830
search
update
search
jump in
kv_pair: 831832
slot: 831833
kv_pair: 831832
slot: 831832
831
search
update
search
jump in
kv_pair: 832833
slot: 832834
kv_pair: 832833
slot: 832833
832
search
update
search
jump in
kv_pair: 833834
slot: 833835
kv_pair: 833834
slot: 833834
833
search
update
search
jump in
kv_pair: 834835
slot: 834836
kv_pair: 834835
slot: 834835
834
search
update
search
jump in
kv_pair: 835836
slot: 835837
kv_pair: 835836
slot: 835836
835
search
update
search
jump in
kv_pair: 836837
slot: 836838
kv_pair: 836837
slot: 836837
836
search
update
search
jump in
kv_pair: 837838
slot: 837839
kv_pair: 837838
slot: 837838
837
search
update
search
jump in
kv_pair: 838839
slot: 838840
kv_pair: 838839
slot: 838839
838
search
update
search
jump in
kv_pair: 839840
slot: 839841
kv_pair: 839840
slot: 839840
839
search
update
search
jump in
kv_pair: 840841
slot: 840842
kv_pair: 840841
slot: 840841
840
search
update
search
jump in
kv_pair: 841842
slot: 841843
kv_pair: 841842
slot: 841842
841
search
update
search
jump in
kv_pair: 842843
slot: 842844
kv_pair: 842843
slot: 842843
842
search
update
search
jump in
kv_pair: 843844
slot: 843845
kv_pair: 843844
slot: 843844
843
search
update
search
jump in
kv_pair: 844845
slot: 844846
kv_pair: 844845
slot: 844845
844
search
update
search
jump in
kv_pair: 845846
slot: 845847
kv_pair: 845846
slot: 845846
845
search
update
search
jump in
kv_pair: 846847
slot: 846848
kv_pair: 846847
slot: 846847
846
search
update
search
jump in
kv_pair: 847848
slot: 847849
kv_pair: 847848
slot: 847848
847
search
update
search
jump in
kv_pair: 848849
slot: 848850
kv_pair: 848849
slot: 848849
848
search
update
search
jump in
kv_pair: 849850
slot: 849851
kv_pair: 849850
slot: 849850
849
search
update
search
jump in
kv_pair: 850851
slot: 850852
kv_pair: 850851
slot: 850851
850
search
update
search
jump in
kv_pair: 851852
slot: 851853
kv_pair: 851852
slot: 851852
851
search
update
search
jump in
kv_pair: 852853
slot: 852854
kv_pair: 852853
slot: 852853
852
search
update
search
jump in
kv_pair: 853854
slot: 853855
kv_pair: 853854
slot: 853854
853
search
update
search
jump in
kv_pair: 854855
slot: 854856
kv_pair: 854855
slot: 854855
854
search
update
search
jump in
kv_pair: 855856
slot: 855857
kv_pair: 855856
slot: 855856
855
search
update
search
jump in
kv_pair: 856857
slot: 856858
kv_pair: 856857
slot: 856857
856
search
update
search
jump in
kv_pair: 857858
slot: 857859
kv_pair: 857858
slot: 857858
857
search
update
search
jump in
kv_pair: 858859
slot: 858860
kv_pair: 858859
slot: 858859
858
search
update
search
jump in
kv_pair: 859860
slot: 859861
kv_pair: 859860
slot: 859860
859
search
update
search
jump in
kv_pair: 860861
slot: 860862
kv_pair: 860861
slot: 860861
860
search
update
search
jump in
kv_pair: 861862
slot: 861863
kv_pair: 861862
slot: 861862
861
search
update
search
jump in
kv_pair: 862863
slot: 862864
kv_pair: 862863
slot: 862863
862
search
update
search
jump in
kv_pair: 863864
slot: 863865
kv_pair: 863864
slot: 863864
863
search
update
search
jump in
kv_pair: 864865
slot: 864866
kv_pair: 864865
slot: 864865
864
search
update
search
jump in
kv_pair: 865866
slot: 865867
kv_pair: 865866
slot: 865866
865
search
update
search
jump in
kv_pair: 866867
slot: 866868
kv_pair: 866867
slot: 866867
866
search
update
search
jump in
kv_pair: 867868
slot: 867869
kv_pair: 867868
slot: 867868
867
search
update
search
jump in
kv_pair: 868869
slot: 868870
kv_pair: 868869
slot: 868869
868
search
update
search
jump in
kv_pair: 869870
slot: 869871
kv_pair: 869870
slot: 869870
869
search
update
search
jump in
kv_pair: 870871
slot: 870872
kv_pair: 870871
slot: 870871
870
search
update
search
jump in
kv_pair: 871872
slot: 871873
kv_pair: 871872
slot: 871872
871
search
update
search
jump in
kv_pair: 872873
slot: 872874
kv_pair: 872873
slot: 872873
872
search
update
search
jump in
kv_pair: 873874
slot: 873875
kv_pair: 873874
slot: 873874
873
search
update
search
jump in
kv_pair: 874875
slot: 874876
kv_pair: 874875
slot: 874875
874
search
update
search
jump in
kv_pair: 875876
slot: 875877
kv_pair: 875876
slot: 875876
875
search
update
search
jump in
kv_pair: 876877
slot: 876878
kv_pair: 876877
slot: 876877
876
search
update
search
jump in
kv_pair: 877878
slot: 877879
kv_pair: 877878
slot: 877878
877
search
update
search
jump in
kv_pair: 878879
slot: 878880
kv_pair: 878879
slot: 878879
878
search
update
search
jump in
kv_pair: 879880
slot: 879881
kv_pair: 879880
slot: 879880
879
search
update
search
jump in
kv_pair: 880881
slot: 880882
kv_pair: 880881
slot: 880881
880
search
update
search
jump in
kv_pair: 881882
slot: 881883
kv_pair: 881882
slot: 881882
881
search
update
search
jump in
kv_pair: 882883
slot: 882884
kv_pair: 882883
slot: 882883
882
search
update
search
jump in
kv_pair: 883884
slot: 883885
kv_pair: 883884
slot: 883884
883
search
update
search
jump in
kv_pair: 884885
slot: 884886
kv_pair: 884885
slot: 884885
884
search
update
search
jump in
kv_pair: 885886
slot: 885887
kv_pair: 885886
slot: 885886
885
search
update
search
jump in
kv_pair: 886887
slot: 886888
kv_pair: 886887
slot: 886887
886
search
update
search
jump in
kv_pair: 887888
slot: 887889
kv_pair: 887888
slot: 887888
887
search
update
search
jump in
kv_pair: 888889
slot: 888890
kv_pair: 888889
slot: 888889
888
search
update
search
jump in
kv_pair: 889890
slot: 889891
kv_pair: 889890
slot: 889890
889
search
update
search
jump in
kv_pair: 890891
slot: 890892
kv_pair: 890891
slot: 890891
890
search
update
search
jump in
kv_pair: 891892
slot: 891893
kv_pair: 891892
slot: 891892
891
search
update
search
jump in
kv_pair: 892893
slot: 892894
kv_pair: 892893
slot: 892893
892
search
update
search
jump in
kv_pair: 893894
slot: 893895
kv_pair: 893894
slot: 893894
893
search
update
search
jump in
kv_pair: 894895
slot: 894896
kv_pair: 894895
slot: 894895
894
search
update
search
jump in
kv_pair: 895896
slot: 895897
kv_pair: 895896
slot: 895896
895
search
update
search
jump in
kv_pair: 896897
slot: 896898
kv_pair: 896897
slot: 896897
896
search
update
search
jump in
kv_pair: 897898
slot: 897899
kv_pair: 897898
slot: 897898
897
search
update
search
jump in
kv_pair: 898899
slot: 898900
kv_pair: 898899
slot: 898899
898
search
update
search
jump in
kv_pair: 899900
slot: 899901
kv_pair: 899900
slot: 899900
899
search
update
search
jump in
kv_pair: 900901
slot: 900902
kv_pair: 900901
slot: 900901
900
search
update
search
jump in
kv_pair: 901902
slot: 901903
kv_pair: 901902
slot: 901902
901
search
update
search
jump in
kv_pair: 902903
slot: 902904
kv_pair: 902903
slot: 902903
902
search
update
search
jump in
kv_pair: 903904
slot: 903905
kv_pair: 903904
slot: 903904
903
search
update
search
jump in
kv_pair: 904905
slot: 904906
kv_pair: 904905
slot: 904905
904
search
update
search
jump in
kv_pair: 905906
slot: 905907
kv_pair: 905906
slot: 905906
905
search
update
search
jump in
kv_pair: 906907
slot: 906908
kv_pair: 906907
slot: 906907
906
search
update
search
jump in
kv_pair: 907908
slot: 907909
kv_pair: 907908
slot: 907908
907
search
update
search
jump in
kv_pair: 908909
slot: 908910
kv_pair: 908909
slot: 908909
908
search
update
search
jump in
kv_pair: 909910
slot: 909911
kv_pair: 909910
slot: 909910
909
search
update
search
jump in
kv_pair: 910911
slot: 910912
kv_pair: 910911
slot: 910911
910
search
update
search
jump in
kv_pair: 911912
slot: 911913
kv_pair: 911912
slot: 911912
911
search
update
search
jump in
kv_pair: 912913
slot: 912914
kv_pair: 912913
slot: 912913
912
search
update
search
jump in
kv_pair: 913914
slot: 913915
kv_pair: 913914
slot: 913914
913
search
update
search
jump in
kv_pair: 914915
slot: 914916
kv_pair: 914915
slot: 914915
914
search
update
search
jump in
kv_pair: 915916
slot: 915917
kv_pair: 915916
slot: 915916
915
search
update
search
jump in
kv_pair: 916917
slot: 916918
kv_pair: 916917
slot: 916917
916
search
update
search
jump in
kv_pair: 917918
slot: 917919
kv_pair: 917918
slot: 917918
917
search
update
search
jump in
kv_pair: 918919
slot: 918920
kv_pair: 918919
slot: 918919
918
search
update
search
jump in
kv_pair: 919920
slot: 919921
kv_pair: 919920
slot: 919920
919
search
update
search
jump in
kv_pair: 920921
slot: 920922
kv_pair: 920921
slot: 920921
920
search
update
search
jump in
kv_pair: 921922
slot: 921923
kv_pair: 921922
slot: 921922
921
search
update
search
jump in
kv_pair: 922923
slot: 922924
kv_pair: 922923
slot: 922923
922
search
update
search
jump in
kv_pair: 923924
slot: 923925
kv_pair: 923924
slot: 923924
923
search
update
search
jump in
kv_pair: 924925
slot: 924926
kv_pair: 924925
slot: 924925
924
search
update
search
jump in
kv_pair: 925926
slot: 925927
kv_pair: 925926
slot: 925926
925
search
update
search
jump in
kv_pair: 926927
slot: 926928
kv_pair: 926927
slot: 926927
926
search
update
search
jump in
kv_pair: 927928
slot: 927929
kv_pair: 927928
slot: 927928
927
search
update
search
jump in
kv_pair: 928929
slot: 928930
kv_pair: 928929
slot: 928929
928
search
update
search
jump in
kv_pair: 929930
slot: 929931
kv_pair: 929930
slot: 929930
929
search
update
search
jump in
kv_pair: 930931
slot: 930932
kv_pair: 930931
slot: 930931
930
search
update
search
jump in
kv_pair: 931932
slot: 931933
kv_pair: 931932
slot: 931932
931
search
update
search
jump in
kv_pair: 932933
slot: 932934
kv_pair: 932933
slot: 932933
932
search
update
search
jump in
kv_pair: 933934
slot: 933935
kv_pair: 933934
slot: 933934
933
search
update
search
jump in
kv_pair: 934935
slot: 934936
kv_pair: 934935
slot: 934935
934
search
update
search
jump in
kv_pair: 935936
slot: 935937
kv_pair: 935936
slot: 935936
935
search
update
search
jump in
kv_pair: 936937
slot: 936938
kv_pair: 936937
slot: 936937
936
search
update
search
jump in
kv_pair: 937938
slot: 937939
kv_pair: 937938
slot: 937938
937
search
update
search
jump in
kv_pair: 938939
slot: 938940
kv_pair: 938939
slot: 938939
938
search
update
search
jump in
kv_pair: 939940
slot: 939941
kv_pair: 939940
slot: 939940
939
search
update
search
jump in
kv_pair: 940941
slot: 940942
kv_pair: 940941
slot: 940941
940
search
update
search
jump in
kv_pair: 941942
slot: 941943
kv_pair: 941942
slot: 941942
941
search
update
search
jump in
kv_pair: 942943
slot: 942944
kv_pair: 942943
slot: 942943
942
search
update
search
jump in
kv_pair: 943944
slot: 943945
kv_pair: 943944
slot: 943944
943
search
update
search
jump in
kv_pair: 944945
slot: 944946
kv_pair: 944945
slot: 944945
944
search
update
search
jump in
kv_pair: 945946
slot: 945947
kv_pair: 945946
slot: 945946
945
search
update
search
jump in
kv_pair: 946947
slot: 946948
kv_pair: 946947
slot: 946947
946
search
update
search
jump in
kv_pair: 947948
slot: 947949
kv_pair: 947948
slot: 947948
947
search
update
search
jump in
kv_pair: 948949
slot: 948950
kv_pair: 948949
slot: 948949
948
search
update
search
jump in
kv_pair: 949950
slot: 949951
kv_pair: 949950
slot: 949950
949
search
update
search
jump in
kv_pair: 950951
slot: 950952
kv_pair: 950951
slot: 950951
950
search
update
search
jump in
kv_pair: 951952
slot: 951953
kv_pair: 951952
slot: 951952
951
search
update
search
jump in
kv_pair: 952953
slot: 952954
kv_pair: 952953
slot: 952953
952
search
update
search
jump in
kv_pair: 953954
slot: 953955
kv_pair: 953954
slot: 953954
953
search
update
search
jump in
kv_pair: 954955
slot: 954956
kv_pair: 954955
slot: 954955
954
search
update
search
jump in
kv_pair: 955956
slot: 955957
kv_pair: 955956
slot: 955956
955
search
update
search
jump in
kv_pair: 956957
slot: 956958
kv_pair: 956957
slot: 956957
956
search
update
search
jump in
kv_pair: 957958
slot: 957959
kv_pair: 957958
slot: 957958
957
search
update
search
jump in
kv_pair: 958959
slot: 958960
kv_pair: 958959
slot: 958959
958
search
update
search
jump in
kv_pair: 959960
slot: 959961
kv_pair: 959960
slot: 959960
959
search
update
search
jump in
kv_pair: 960961
slot: 960962
kv_pair: 960961
slot: 960961
960
search
update
search
jump in
kv_pair: 961962
slot: 961963
kv_pair: 961962
slot: 961962
961
search
update
search
jump in
kv_pair: 962963
slot: 962964
kv_pair: 962963
slot: 962963
962
search
update
search
jump in
kv_pair: 963964
slot: 963965
kv_pair: 963964
slot: 963964
963
search
update
search
jump in
kv_pair: 964965
slot: 964966
kv_pair: 964965
slot: 964965
964
search
update
search
jump in
kv_pair: 965966
slot: 965967
kv_pair: 965966
slot: 965966
965
search
update
search
jump in
kv_pair: 966967
slot: 966968
kv_pair: 966967
slot: 966967
966
search
update
search
jump in
kv_pair: 967968
slot: 967969
kv_pair: 967968
slot: 967968
967
search
update
search
jump in
kv_pair: 968969
slot: 968970
kv_pair: 968969
slot: 968969
968
search
update
search
jump in
kv_pair: 969970
slot: 969971
kv_pair: 969970
slot: 969970
969
search
update
search
jump in
kv_pair: 970971
slot: 970972
kv_pair: 970971
slot: 970971
970
search
update
search
jump in
kv_pair: 971972
slot: 971973
kv_pair: 971972
slot: 971972
971
search
update
search
jump in
kv_pair: 972973
slot: 972974
kv_pair: 972973
slot: 972973
972
search
update
search
jump in
kv_pair: 973974
slot: 973975
kv_pair: 973974
slot: 973974
973
search
update
search
jump in
kv_pair: 974975
slot: 974976
kv_pair: 974975
slot: 974975
974
search
update
search
jump in
kv_pair: 975976
slot: 975977
kv_pair: 975976
slot: 975976
975
search
update
search
jump in
kv_pair: 976977
slot: 976978
kv_pair: 976977
slot: 976977
976
search
update
search
jump in
kv_pair: 977978
slot: 977979
kv_pair: 977978
slot: 977978
977
search
update
search
jump in
kv_pair: 978979
slot: 978980
kv_pair: 978979
slot: 978979
978
search
update
search
jump in
kv_pair: 979980
slot: 979981
kv_pair: 979980
slot: 979980
979
search
update
search
jump in
kv_pair: 980981
slot: 980982
kv_pair: 980981
slot: 980981
980
search
update
search
jump in
kv_pair: 981982
slot: 981983
kv_pair: 981982
slot: 981982
981
search
update
search
jump in
kv_pair: 982983
slot: 982984
kv_pair: 982983
slot: 982983
982
search
update
search
jump in
kv_pair: 983984
slot: 983985
kv_pair: 983984
slot: 983984
983
search
update
search
jump in
kv_pair: 984985
slot: 984986
kv_pair: 984985
slot: 984985
984
search
update
search
jump in
kv_pair: 985986
slot: 985987
kv_pair: 985986
slot: 985986
985
search
update
search
jump in
kv_pair: 986987
slot: 986988
kv_pair: 986987
slot: 986987
986
search
update
search
jump in
kv_pair: 987988
slot: 987989
kv_pair: 987988
slot: 987988
987
search
update
search
jump in
kv_pair: 988989
slot: 988990
kv_pair: 988989
slot: 988989
988
search
update
search
jump in
kv_pair: 989990
slot: 989991
kv_pair: 989990
slot: 989990
989
search
update
search
jump in
kv_pair: 990991
slot: 990992
kv_pair: 990991
slot: 990991
990
search
update
search
jump in
kv_pair: 991992
slot: 991993
kv_pair: 991992
slot: 991992
991
search
update
search
jump in
kv_pair: 992993
slot: 992994
kv_pair: 992993
slot: 992993
992
search
update
search
jump in
kv_pair: 993994
slot: 993995
kv_pair: 993994
slot: 993994
993
search
update
search
jump in
kv_pair: 994995
slot: 994996
kv_pair: 994995
slot: 994995
994
search
update
search
jump in
kv_pair: 995996
slot: 995997
kv_pair: 995996
slot: 995996
995
search
update
search
jump in
kv_pair: 996997
slot: 996998
kv_pair: 996997
slot: 996997
996
search
update
search
jump in
kv_pair: 997998
slot: 997999
kv_pair: 997998
slot: 997998
997
search
update
search
jump in
kv_pair: 998999
slot: 9981000
kv_pair: 998999
slot: 998999
998
search
update
search
jump in
kv_pair: 9991000
slot: 9991001
kv_pair: 9991000
slot: 9991000
999
search
search
search
search
search
search
search
search
search
search
search
search
search
search
search
search
search
search
search
search
search
search
search
search
search
search
search
search
search
search
search
search
search
search
search
search
search
search
search
search
search
search
search
search
search
search
search
search
search
search
search
search
search
search
search
search
search
search
search
search
search
search
search
search
search
search
search
search
search
search
search
search
search
search
search
search
search
search
search
search
search
search
search
search
search
search
search
search
search
search
search
search
search
search
search
search
search
search
search
search
search
search
search
search
search
search
search
search
search
search
search
search
search
search
search
search
search
search
search
search
search
search
search
search
search
search
search
search
search
search
search
search
search
search
search
search
search
search
search
search
search
search
search
search
search
search
search
search
search
search
search
search
search
search
search
search
search
search
search
search
search
search
search
search
search
search
search
search
search
search
search
search
search
search
search
search
search
search
search
search
search
search
search
search
search
search
search
search
search
search
search
search
search
search
search
search
search
search
search
search
search
search
search
search
search
search
search
search
search
search
search
search
search
search
search
search
search
search
search
search
search
search
search
search
search
search
search
search
search
search
search
search
search
search
search
search
search
search
search
search
search
search
search
search
search
search
search
search
search
search
search
search
search
search
search
search
search
search
search
search
search
search
search
search
search
search
search
search
search
search
search
search
search
search
search
search
search
search
search
search
search
search
search
search
search
search
search
search
search
search
search
search
search
search
search
search
search
search
search
search
search
search
search
search
search
search
search
search
search
search
search
search
search
search
search
search
search
search
search
search
search
search
search
search
search
search
search
search
search
search
search
search
search
search
search
search
search
search
search
search
search
search
search
search
search
search
search
search
search
search
search
search
search
search
search
search
search
search
search
search
search
search
search
search
search
search
search
search
search
search
search
search
search
search
search
search
search
search
search
search
search
search
search
search
search
search
search
search
search
search
search
search
search
search
search
search
search
search
search
search
search
search
search
search
search
search
search
search
search
search
search
search
search
search
search
search
search
search
search
search
search
search
search
search
search
search
search
search
search
search
search
search
search
search
search
search
search
search
search
search
search
search
search
search
search
search
search
search
search
search
search
search
search
search
search
search
search
search
search
search
search
search
search
search
search
search
search
search
search
search
search
search
search
search
search
search
search
search
search
search
search
search
search
search
search
search
search
search
search
search
search
search
search
search
search
search
search
search
search
search
search
search
search
search
search
search
search
search
search
search
search
search
search
search
search
search
search
search
search
search
search
search
search
search
search
search
search
search
search
search
search
search
search
search
search
search
search
search
search
search
search
search
search
search
search
search
search
search
search
search
search
search
search
search
search
search
search
search
search
search
search
search
search
search
search
search
search
search
search
search
search
search
search
search
search
search
search
search
search
search
search
search
search
search
search
search
search
search
search
search
search
search
search
search
search
search
search
search
search
search
search
search
search
search
search
search
search
search
search
search
search
search
search
search
search
search
search
search
search
search
search
search
search
search
search
search
search
search
search
search
search
search
search
search
search
search
search
search
search
search
search
search
search
search
search
search
search
search
search
search
search
search
search
search
search
search
search
search
search
search
search
search
search
search
search
search
search
search
search
search
search
search
search
search
search
search
search
search
search
search
search
search
search
search
search
search
search
search
search
search
search
search
search
search
search
search
search
search
search
search
search
search
search
search
search
search
search
search
search
search
search
search
search
search
search
search
search
search
search
search
search
search
search
search
search
search
search
search
search
search
search
search
search
search
search
search
search
search
search
search
search
search
search
search
search
search
search
search
search
search
search
search
search
search
search
search
search
search
search
search
search
search
search
search
search
search
search
search
search
search
search
search
search
search
search
search
search
search
search
search
search
search
search
search
search
search
search
search
search
search
search
search
search
search
search
search
search
search
search
search
search
search
search
search
search
search
search
search
search
search
search
search
search
search
search
search
search
search
search
search
search
search
search
search
search
search
search
search
search
search
search
search
search
search
search
search
search
search
search
search
search
search
search
search
search
search
search
search
search
search
search
search
search
search
search
search
search
search
search
search
search
search
search
search
search
search
search
search
search
search
search
search
search
search
search
search
search
search
search
search
search
search
search
search
search
search
search
search
search
search
search
search
search
search
search
search
search
search
search
search
search
search
search
search
search
search
search
search
search
search
search
search
search
search
search
search
search
search
search
search
search
search
search
search
search
search
search
search
search
search
search
search
search
search
search
search
search
search
search
search
search
search
search
search
search
search
search
search
search
search
search
search
search
search
search
search
search
search
search
search
search
search
search
search
search
search
search
search
search
search
search
search
search
search
search
search
search
search
search
search
search
search
search
search
search
search
search
search
search
search
search
search
search
search
search
search
search
search
search
search
search
[       OK ] UpdateTest.MultipleUpdate1 (67 ms)
[ RUN      ] UpdateTest.MultipleUpdate2
PmEHash
recover
mapAllPage
search
search
search
search
search
search
search
search
search
search
search
search
search
search
search
search
search
search
search
search
search
search
search
search
search
search
search
search
search
search
search
search
search
search
search
search
search
search
search
search
search
search
search
search
search
search
search
search
search
search
search
search
search
search
search
search
search
search
search
search
search
search
search
search
search
search
search
search
search
search
search
search
search
search
search
search
search
search
search
search
search
search
search
search
search
search
search
search
search
search
search
search
search
search
search
search
search
search
search
search
search
search
search
search
search
search
search
search
search
search
search
search
search
search
search
search
search
search
search
search
search
search
search
search
search
search
search
search
search
search
search
search
search
search
search
search
search
search
search
search
search
search
search
search
search
search
search
search
search
search
search
search
search
search
search
search
search
search
search
search
search
search
search
search
search
search
search
search
search
search
search
search
search
search
search
search
search
search
search
search
search
search
search
search
search
search
search
search
search
search
search
search
search
search
search
search
search
search
search
search
search
search
search
search
search
search
search
search
search
search
search
search
search
search
search
search
search
search
search
search
search
search
search
search
search
search
search
search
search
search
search
search
search
search
search
search
search
search
search
search
search
search
search
search
search
search
search
search
search
search
search
search
search
search
search
search
search
search
search
search
search
search
search
search
search
search
search
search
search
search
search
search
search
search
search
search
search
search
search
search
search
search
search
search
search
search
search
search
search
search
search
search
search
search
search
search
search
search
search
search
search
search
search
search
search
search
search
search
search
search
search
search
search
search
search
search
search
search
search
search
search
search
search
search
search
search
search
search
search
search
search
search
search
search
search
search
search
search
search
search
search
search
search
search
search
search
search
search
search
search
search
search
search
search
search
search
search
search
search
search
search
search
search
search
search
search
search
search
search
search
search
search
search
search
search
search
search
search
search
search
search
search
search
search
search
search
search
search
search
search
search
search
search
search
search
search
search
search
search
search
search
search
search
search
search
search
search
search
search
search
search
search
search
search
search
search
search
search
search
search
search
search
search
search
search
search
search
search
search
search
search
search
search
search
search
search
search
search
search
search
search
search
search
search
search
search
search
search
search
search
search
search
search
search
search
search
search
search
search
search
search
search
search
search
search
search
search
search
search
search
search
search
search
search
search
search
search
search
search
search
search
search
search
search
search
search
search
search
search
search
search
search
search
search
search
search
search
search
search
search
search
search
search
search
search
search
search
search
search
search
search
search
search
search
search
search
search
search
search
search
search
search
search
search
search
search
search
search
search
search
search
search
search
search
search
search
search
search
search
search
search
search
search
search
search
search
search
search
search
search
search
search
search
search
search
search
search
search
search
search
search
search
search
search
search
search
search
search
search
search
search
search
search
search
search
search
search
search
search
search
search
search
search
search
search
search
search
search
search
search
search
search
search
search
search
search
search
search
search
search
search
search
search
search
search
search
search
search
search
search
search
search
search
search
search
search
search
search
search
search
search
search
search
search
search
search
search
search
search
search
search
search
search
search
search
search
search
search
search
search
search
search
search
search
search
search
search
search
search
search
search
search
search
search
search
search
search
search
search
search
search
search
search
search
search
search
search
search
search
search
search
search
search
search
search
search
search
search
search
search
search
search
search
search
search
search
search
search
search
search
search
search
search
search
search
search
search
search
search
search
search
search
search
search
search
search
search
search
search
search
search
search
search
search
search
search
search
search
search
search
search
search
search
search
search
search
search
search
search
search
search
search
search
search
search
search
search
search
search
search
search
search
search
search
search
search
search
search
search
search
search
search
search
search
search
search
search
search
search
search
search
search
search
search
search
search
search
search
search
search
search
search
search
search
search
search
search
search
search
search
search
search
search
search
search
search
search
search
search
search
search
search
search
search
search
search
search
search
search
search
search
search
search
search
search
search
search
search
search
search
search
search
search
search
search
search
search
search
search
search
search
search
search
search
search
search
search
search
search
search
search
search
search
search
search
search
search
search
search
search
search
search
search
search
search
search
search
search
search
search
search
search
search
search
search
search
search
search
search
search
search
search
search
search
search
search
search
search
search
search
search
search
search
search
search
search
search
search
search
search
search
search
search
search
search
search
search
search
search
search
search
search
search
search
search
search
search
search
search
search
search
search
search
search
search
search
search
search
search
search
search
search
search
search
search
search
search
search
search
search
search
search
search
search
search
search
search
search
search
search
search
search
search
search
search
search
search
search
search
search
search
search
search
search
search
search
search
search
search
search
search
search
search
search
search
search
search
search
search
search
search
search
search
search
search
search
search
search
search
search
search
search
search
search
search
search
search
search
search
search
search
search
search
search
search
search
search
search
search
search
search
search
search
search
search
search
search
search
search
search
insert
search
insert
search
insert
search
insert
search
insert
search
insert
search
insert
search
insert
search
insert
search
insert
search
insert
search
insert
search
insert
search
insert
search
insert
search
insert
search
insert
search
insert
search
insert
search
insert
search
insert
search
insert
search
insert
search
insert
search
insert
search
insert
search
insert
search
insert
search
insert
search
insert
search
insert
search
insert
search
insert
search
insert
search
insert
search
insert
search
insert
search
insert
search
insert
search
insert
search
insert
search
insert
search
insert
search
insert
search
insert
search
insert
search
insert
search
insert
search
insert
search
insert
search
insert
search
insert
search
insert
search
insert
search
insert
search
insert
search
insert
search
insert
search
insert
search
insert
search
insert
search
insert
search
insert
search
insert
search
insert
search
insert
search
insert
search
insert
search
insert
search
insert
search
insert
search
insert
search
insert
search
insert
search
insert
search
insert
search
insert
search
insert
search
insert
search
insert
search
insert
search
insert
search
insert
search
insert
search
insert
search
insert
search
insert
search
insert
search
insert
search
insert
search
insert
search
insert
search
insert
search
insert
search
insert
search
insert
search
insert
search
insert
search
insert
search
insert
search
insert
search
insert
search
insert
search
insert
search
insert
search
insert
search
insert
search
insert
search
insert
search
insert
search
insert
search
insert
search
insert
search
insert
search
insert
search
insert
search
insert
search
insert
search
insert
search
insert
search
insert
search
insert
search
insert
search
insert
search
insert
search
insert
search
insert
search
insert
search
insert
search
insert
search
insert
search
insert
search
insert
search
insert
search
insert
search
insert
search
insert
search
insert
search
insert
search
insert
search
insert
search
insert
search
insert
search
insert
search
insert
search
insert
search
insert
search
insert
search
insert
search
insert
search
insert
search
insert
search
insert
search
insert
search
insert
search
insert
search
insert
search
insert
search
insert
search
insert
search
insert
search
insert
search
insert
search
insert
search
insert
search
insert
search
insert
search
insert
search
insert
search
insert
search
insert
search
insert
search
insert
search
insert
search
insert
search
insert
search
insert
search
insert
search
insert
search
insert
search
insert
search
insert
search
insert
search
insert
search
insert
search
insert
search
insert
search
insert
search
insert
search
insert
search
insert
search
insert
search
insert
search
insert
search
insert
search
insert
search
insert
search
insert
search
insert
search
insert
search
insert
search
insert
search
insert
search
insert
search
insert
search
insert
search
insert
search
insert
search
insert
search
insert
search
insert
search
insert
search
insert
search
insert
search
insert
search
insert
search
insert
search
insert
search
insert
search
insert
search
insert
search
insert
search
insert
search
insert
search
insert
search
insert
search
insert
search
insert
search
insert
search
insert
search
insert
search
insert
search
insert
search
insert
search
insert
search
insert
search
insert
search
insert
search
insert
search
insert
search
insert
search
insert
search
insert
search
insert
search
insert
search
insert
search
insert
search
insert
search
insert
search
insert
search
insert
search
insert
search
insert
search
insert
search
insert
search
insert
search
insert
search
insert
search
insert
search
insert
search
insert
search
insert
search
insert
search
insert
search
insert
search
insert
search
insert
search
insert
search
insert
search
insert
search
insert
search
insert
search
insert
search
insert
search
insert
search
insert
search
insert
search
insert
search
insert
search
insert
search
insert
search
insert
search
insert
search
insert
search
insert
search
insert
search
insert
search
insert
search
insert
search
insert
search
insert
search
insert
search
insert
search
insert
search
insert
search
insert
search
insert
search
insert
search
insert
search
insert
search
insert
search
insert
search
insert
search
insert
search
insert
search
insert
search
insert
search
insert
search
insert
search
insert
search
insert
search
insert
search
insert
search
insert
search
insert
search
insert
search
insert
search
insert
search
insert
search
insert
search
insert
search
insert
search
insert
search
insert
search
insert
search
insert
search
insert
search
insert
search
insert
search
insert
search
insert
search
insert
search
insert
search
insert
search
insert
search
insert
search
insert
search
insert
search
insert
search
insert
search
insert
search
insert
search
insert
search
insert
search
insert
search
insert
search
insert
search
insert
search
insert
search
insert
search
insert
search
insert
search
insert
search
insert
search
insert
search
insert
search
insert
search
insert
search
insert
search
insert
search
insert
search
insert
search
insert
search
insert
search
insert
search
insert
search
insert
search
insert
search
insert
search
insert
search
insert
search
insert
search
insert
search
insert
search
insert
search
insert
search
insert
search
insert
search
insert
search
insert
search
insert
search
insert
search
insert
search
insert
search
insert
search
insert
search
insert
search
insert
search
insert
search
insert
search
insert
search
insert
search
insert
search
insert
search
insert
search
insert
search
insert
search
insert
search
insert
search
insert
search
insert
search
insert
search
insert
search
insert
search
insert
search
insert
search
insert
search
insert
search
insert
search
insert
search
insert
search
insert
search
insert
search
insert
search
insert
search
insert
search
insert
search
insert
search
insert
search
insert
search
insert
search
insert
search
insert
search
insert
search
insert
search
insert
search
insert
search
insert
search
insert
search
insert
search
insert
search
insert
search
insert
search
insert
search
insert
search
insert
search
insert
search
insert
search
insert
search
insert
search
insert
search
insert
search
insert
search
insert
search
insert
search
insert
search
insert
search
insert
search
insert
search
insert
search
insert
search
insert
search
insert
search
insert
search
insert
search
insert
search
insert
search
insert
search
insert
search
insert
search
insert
search
insert
search
insert
search
insert
search
insert
search
insert
search
insert
search
insert
search
insert
search
insert
search
insert
search
insert
search
insert
search
insert
search
insert
search
insert
search
insert
search
insert
search
insert
search
insert
search
insert
search
insert
search
insert
search
insert
search
insert
search
insert
search
insert
search
insert
search
insert
search
insert
search
insert
search
insert
search
insert
search
insert
search
insert
search
insert
search
insert
search
insert
search
insert
search
insert
search
insert
search
insert
search
insert
search
insert
search
insert
search
insert
search
insert
search
insert
search
insert
search
insert
search
insert
search
insert
search
insert
search
insert
search
insert
search
insert
search
insert
search
insert
search
insert
search
insert
search
insert
search
insert
search
insert
search
insert
search
insert
search
insert
search
insert
search
insert
search
insert
search
insert
search
insert
search
insert
search
insert
search
insert
search
insert
search
insert
search
insert
search
insert
search
insert
search
insert
search
insert
search
insert
search
insert
search
insert
search
insert
search
insert
search
insert
search
insert
search
insert
search
insert
search
insert
search
insert
search
insert
search
insert
search
insert
search
insert
search
insert
search
insert
search
insert
search
insert
search
insert
search
insert
search
insert
search
insert
search
insert
search
insert
search
insert
search
insert
search
insert
search
insert
search
insert
search
insert
search
insert
search
insert
search
insert
search
insert
search
insert
search
insert
search
insert
search
insert
search
insert
search
insert
search
insert
search
insert
search
insert
search
insert
search
insert
search
insert
search
insert
search
insert
search
insert
search
insert
search
insert
search
insert
search
insert
search
insert
search
insert
search
insert
search
insert
search
insert
search
insert
search
insert
search
insert
search
insert
search
insert
search
insert
search
insert
search
insert
search
insert
search
insert
search
insert
search
insert
search
insert
search
insert
search
insert
search
insert
search
insert
search
insert
search
insert
search
insert
search
insert
search
insert
search
insert
search
insert
search
insert
search
insert
search
insert
search
insert
search
insert
search
insert
search
insert
search
insert
search
insert
search
insert
search
insert
search
insert
search
insert
search
insert
search
insert
search
insert
search
insert
search
insert
search
insert
search
insert
search
insert
search
insert
search
insert
search
insert
search
insert
search
insert
search
insert
search
insert
search
insert
search
insert
search
insert
search
insert
search
insert
search
insert
search
insert
search
insert
search
insert
search
insert
search
insert
search
insert
search
insert
search
insert
search
insert
search
insert
search
insert
search
insert
search
insert
search
insert
search
insert
search
insert
search
insert
search
insert
search
insert
search
insert
search
insert
search
insert
search
insert
search
insert
search
insert
search
insert
search
insert
search
insert
search
insert
search
insert
search
insert
search
insert
search
insert
search
insert
search
insert
search
insert
search
insert
search
insert
search
insert
search
insert
search
insert
search
insert
search
insert
search
insert
search
insert
search
insert
search
insert
search
insert
search
insert
search
insert
search
insert
search
insert
search
insert
search
insert
search
insert
search
insert
search
insert
search
insert
search
insert
search
insert
search
insert
search
insert
search
insert
search
insert
search
insert
search
insert
search
insert
search
insert
search
insert
search
insert
search
insert
search
insert
search
insert
search
insert
search
insert
search
insert
search
insert
search
insert
search
insert
search
insert
search
insert
search
insert
search
insert
search
insert
search
insert
search
insert
search
insert
search
insert
search
insert
search
insert
search
insert
search
insert
search
insert
search
insert
search
insert
search
insert
search
insert
search
insert
search
insert
search
insert
search
insert
search
insert
search
insert
search
insert
search
insert
search
insert
search
insert
search
insert
search
insert
search
insert
search
insert
search
insert
search
insert
search
insert
search
insert
search
insert
search
insert
search
insert
search
insert
search
insert
search
insert
search
insert
search
insert
search
insert
search
insert
search
insert
search
insert
search
insert
search
insert
search
insert
search
insert
search
insert
search
insert
search
insert
search
insert
search
insert
search
insert
search
insert
search
insert
search
insert
search
insert
search
insert
search
insert
search
insert
search
insert
search
insert
search
insert
search
insert
search
insert
search
insert
search
insert
search
insert
search
insert
search
insert
search
insert
search
insert
search
insert
search
insert
search
insert
search
insert
search
insert
search
insert
search
insert
search
insert
search
insert
search
insert
search
insert
search
insert
search
insert
search
insert
search
insert
search
insert
search
insert
search
insert
search
insert
search
insert
search
insert
search
insert
search
insert
search
insert
search
insert
search
insert
search
insert
search
insert
search
insert
search
insert
search
insert
search
insert
search
insert
search
insert
search
insert
search
insert
search
insert
search
insert
search
insert
search
insert
search
insert
search
insert
search
insert
search
insert
search
insert
search
insert
search
insert
search
insert
search
insert
search
insert
search
insert
search
insert
search
insert
search
insert
search
insert
search
insert
search
insert
search
insert
search
insert
search
insert
search
insert
search
insert
search
insert
search
insert
search
insert
search
insert
search
insert
search
insert
search
insert
search
insert
search
insert
search
insert
search
insert
search
insert
search
insert
search
insert
search
insert
search
insert
search
insert
search
insert
search
insert
search
insert
search
insert
search
insert
search
insert
search
insert
search
insert
search
insert
search
insert
search
insert
search
insert
search
insert
search
insert
search
insert
search
insert
search
insert
search
insert
search
insert
search
insert
search
insert
search
insert
search
insert
search
insert
search
insert
search
insert
search
insert
search
insert
search
insert
search
insert
search
insert
search
insert
search
insert
search
insert
search
insert
search
insert
search
insert
search
insert
search
insert
search
insert
search
insert
search
insert
search
insert
search
insert
search
insert
search
insert
search
insert
search
insert
search
insert
search
insert
search
insert
search
insert
search
insert
search
insert
search
insert
search
insert
search
insert
search
insert
search
insert
search
insert
search
insert
search
insert
search
insert
search
insert
search
insert
search
insert
search
insert
search
insert
search
insert
search
insert
search
insert
search
insert
search
insert
search
insert
search
insert
search
insert
search
insert
search
insert
search
insert
search
insert
search
insert
search
insert
search
insert
search
insert
search
insert
search
insert
search
insert
search
insert
search
insert
search
insert
search
insert
search
insert
search
insert
search
insert
search
insert
search
insert
search
insert
search
insert
search
insert
search
insert
search
insert
search
insert
search
insert
search
insert
search
insert
search
insert
search
insert
search
selfDestory
[       OK ] UpdateTest.MultipleUpdate2 (11 ms)
[----------] 3 tests from UpdateTest (81 ms total)

[----------] 2 tests from SearchTest
[ RUN      ] SearchTest.SingleSearch
PmEHash
getNewBucket
allocNewPage
2564104
newbucket: 000000000000000
getNewBucket
newbucket: 000000000000000
insert
search
getFreeBucket
bucket_id: 1
000000000000000getFreeKvSlot
search
selfDestory
[       OK ] SearchTest.SingleSearch (3 ms)
[ RUN      ] SearchTest.MultipleSearch
PmEHash
getNewBucket
allocNewPage
2564104
newbucket: 000000000000000
getNewBucket
newbucket: 000000000000000
insert
search
getFreeBucket
bucket_id: 0
000000000000000getFreeKvSlot
search
insert
search
getFreeBucket
bucket_id: 1
000000000000000getFreeKvSlot
search
insert
search
getFreeBucket
bucket_id: 2
100000000000000getFreeKvSlot
search
insert
search
getFreeBucket
bucket_id: 3
100000000000000getFreeKvSlot
search
insert
search
getFreeBucket
bucket_id: 4
110000000000000getFreeKvSlot
search
insert
search
getFreeBucket
bucket_id: 5
110000000000000getFreeKvSlot
search
insert
search
getFreeBucket
bucket_id: 6
111000000000000getFreeKvSlot
search
insert
search
getFreeBucket
bucket_id: 7
111000000000000getFreeKvSlot
search
insert
search
getFreeBucket
bucket_id: 8
111100000000000getFreeKvSlot
search
insert
search
getFreeBucket
bucket_id: 9
111100000000000getFreeKvSlot
search
insert
search
getFreeBucket
bucket_id: 10
111110000000000getFreeKvSlot
search
insert
search
getFreeBucket
bucket_id: 11
111110000000000getFreeKvSlot
search
insert
search
getFreeBucket
bucket_id: 12
111111000000000getFreeKvSlot
search
insert
search
getFreeBucket
bucket_id: 13
111111000000000getFreeKvSlot
search
insert
search
getFreeBucket
bucket_id: 14
111111100000000getFreeKvSlot
search
insert
search
getFreeBucket
bucket_id: 15
111111100000000getFreeKvSlot
search
insert
search
getFreeBucket
bucket_id: 0
111111110000000getFreeKvSlot
search
insert
search
getFreeBucket
bucket_id: 1
111111110000000getFreeKvSlot
search
insert
search
getFreeBucket
bucket_id: 2
111111111000000getFreeKvSlot
search
insert
search
getFreeBucket
bucket_id: 3
111111111000000getFreeKvSlot
search
insert
search
getFreeBucket
bucket_id: 4
111111111100000getFreeKvSlot
search
insert
search
getFreeBucket
bucket_id: 5
111111111100000getFreeKvSlot
search
insert
search
getFreeBucket
bucket_id: 6
111111111110000getFreeKvSlot
search
insert
search
getFreeBucket
bucket_id: 7
111111111110000getFreeKvSlot
search
insert
search
getFreeBucket
bucket_id: 8
111111111111000getFreeKvSlot
search
insert
search
getFreeBucket
bucket_id: 9
111111111111000getFreeKvSlot
search
insert
search
getFreeBucket
bucket_id: 10
111111111111100getFreeKvSlot
search
insert
search
getFreeBucket
bucket_id: 11
111111111111100getFreeKvSlot
search
insert
search
getFreeBucket
bucket_id: 12
111111111111110getFreeKvSlot
search
insert
search
getFreeBucket
bucket_id: 13
111111111111110getFreeKvSlot
search
insert
search
getFreeBucket
bucket_id: 14
111111111111111splitBucket
local_depth1: 1
getFreeSlot
getNewBucket
newbucket: 000000000000000
111111111111111
000000000000000
a1 :0  b1: 2 bucket_id: 0 local_depth1: 2
a1 :2  b1: 2 bucket_id: 0 local_depth1: 2
jump in
a1 :0  b1: 2 bucket_id: 0 local_depth1: 2
a1 :2  b1: 2 bucket_id: 0 local_depth1: 2
jump in
a1 :0  b1: 2 bucket_id: 0 local_depth1: 2
a1 :2  b1: 2 bucket_id: 0 local_depth1: 2
jump in
a1 :0  b1: 2 bucket_id: 0 local_depth1: 2
a1 :2  b1: 2 bucket_id: 0 local_depth1: 2
jump in
a1 :0  b1: 2 bucket_id: 0 local_depth1: 2
a1 :2  b1: 2 bucket_id: 0 local_depth1: 2
jump in
a1 :0  b1: 2 bucket_id: 0 local_depth1: 2
a1 :2  b1: 2 bucket_id: 0 local_depth1: 2
jump in
a1 :0  b1: 2 bucket_id: 0 local_depth1: 2
a1 :2  b1: 2 bucket_id: 0 local_depth1: 2
jump in
a1 :0  b1: 2 bucket_id: 0 local_depth1: 2
101010101010101
111111100000000
getFreeBucket
bucket_id: 14
111111100000000getFreeKvSlot
search
insert
search
getFreeBucket
bucket_id: 15
111111111111111splitBucket
local_depth1: 1
getFreeSlot
getNewBucket
newbucket: 000000000000000
111111111111111
000000000000000
a1 :1  b1: 3 bucket_id: 1 local_depth1: 2
a1 :3  b1: 3 bucket_id: 1 local_depth1: 2
jump in
a1 :1  b1: 3 bucket_id: 1 local_depth1: 2
a1 :3  b1: 3 bucket_id: 1 local_depth1: 2
jump in
a1 :1  b1: 3 bucket_id: 1 local_depth1: 2
a1 :3  b1: 3 bucket_id: 1 local_depth1: 2
jump in
a1 :1  b1: 3 bucket_id: 1 local_depth1: 2
a1 :3  b1: 3 bucket_id: 1 local_depth1: 2
jump in
a1 :1  b1: 3 bucket_id: 1 local_depth1: 2
a1 :3  b1: 3 bucket_id: 1 local_depth1: 2
jump in
a1 :1  b1: 3 bucket_id: 1 local_depth1: 2
a1 :3  b1: 3 bucket_id: 1 local_depth1: 2
jump in
a1 :1  b1: 3 bucket_id: 1 local_depth1: 2
a1 :3  b1: 3 bucket_id: 1 local_depth1: 2
jump in
a1 :1  b1: 3 bucket_id: 1 local_depth1: 2
101010101010101
111111100000000
getFreeBucket
bucket_id: 15
111111100000000getFreeKvSlot
search
insert
search
getFreeBucket
bucket_id: 0
101010101010101getFreeKvSlot
search
insert
search
getFreeBucket
bucket_id: 1
101010101010101getFreeKvSlot
search
insert
search
getFreeBucket
bucket_id: 2
111111110000000getFreeKvSlot
search
insert
search
getFreeBucket
bucket_id: 3
111111110000000getFreeKvSlot
search
insert
search
getFreeBucket
bucket_id: 4
111010101010101getFreeKvSlot
search
insert
search
getFreeBucket
bucket_id: 5
111010101010101getFreeKvSlot
search
insert
search
getFreeBucket
bucket_id: 6
111111111000000getFreeKvSlot
search
insert
search
getFreeBucket
bucket_id: 7
111111111000000getFreeKvSlot
search
insert
search
getFreeBucket
bucket_id: 8
111110101010101getFreeKvSlot
search
insert
search
getFreeBucket
bucket_id: 9
111110101010101getFreeKvSlot
search
insert
search
getFreeBucket
bucket_id: 10
111111111100000getFreeKvSlot
search
insert
search
getFreeBucket
bucket_id: 11
111111111100000getFreeKvSlot
search
insert
search
getFreeBucket
bucket_id: 12
111111101010101getFreeKvSlot
search
insert
search
getFreeBucket
bucket_id: 13
111111101010101getFreeKvSlot
search
insert
search
getFreeBucket
bucket_id: 14
111111111110000getFreeKvSlot
search
insert
search
getFreeBucket
bucket_id: 15
111111111110000getFreeKvSlot
search
insert
search
getFreeBucket
bucket_id: 0
111111111010101getFreeKvSlot
search
insert
search
getFreeBucket
bucket_id: 1
111111111010101getFreeKvSlot
search
insert
search
getFreeBucket
bucket_id: 2
111111111111000getFreeKvSlot
search
insert
search
getFreeBucket
bucket_id: 3
111111111111000getFreeKvSlot
search
insert
search
getFreeBucket
bucket_id: 4
111111111110101getFreeKvSlot
search
insert
search
getFreeBucket
bucket_id: 5
111111111110101getFreeKvSlot
search
insert
search
getFreeBucket
bucket_id: 6
111111111111100getFreeKvSlot
search
insert
search
getFreeBucket
bucket_id: 7
111111111111100getFreeKvSlot
search
insert
search
getFreeBucket
bucket_id: 8
111111111111101getFreeKvSlot
search
insert
search
getFreeBucket
bucket_id: 9
111111111111101getFreeKvSlot
search
insert
search
getFreeBucket
bucket_id: 10
111111111111110getFreeKvSlot
search
insert
search
getFreeBucket
bucket_id: 11
111111111111110getFreeKvSlot
search
insert
search
getFreeBucket
bucket_id: 12
111111111111111splitBucket
local_depth1: 2
getFreeSlot
getNewBucket
newbucket: 000000000000000
111111111111111
000000000000000
a1 :0  b1: 4 bucket_id: 0 local_depth1: 3
a1 :0  b1: 4 bucket_id: 0 local_depth1: 3
a1 :4  b1: 4 bucket_id: 0 local_depth1: 3
jump in
a1 :4  b1: 4 bucket_id: 0 local_depth1: 3
jump in
a1 :0  b1: 4 bucket_id: 0 local_depth1: 3
a1 :0  b1: 4 bucket_id: 0 local_depth1: 3
a1 :4  b1: 4 bucket_id: 0 local_depth1: 3
jump in
a1 :4  b1: 4 bucket_id: 0 local_depth1: 3
jump in
a1 :0  b1: 4 bucket_id: 0 local_depth1: 3
a1 :0  b1: 4 bucket_id: 0 local_depth1: 3
a1 :4  b1: 4 bucket_id: 0 local_depth1: 3
jump in
a1 :4  b1: 4 bucket_id: 0 local_depth1: 3
jump in
a1 :0  b1: 4 bucket_id: 0 local_depth1: 3
a1 :0  b1: 4 bucket_id: 0 local_depth1: 3
a1 :4  b1: 4 bucket_id: 0 local_depth1: 3
jump in
110011001100110
111111100000000
getFreeBucket
bucket_id: 12
111111100000000getFreeKvSlot
search
insert
search
getFreeBucket
bucket_id: 13
111111111111111splitBucket
local_depth1: 2
getFreeSlot
getNewBucket
newbucket: 000000000000000
111111111111111
000000000000000
a1 :1  b1: 5 bucket_id: 1 local_depth1: 3
a1 :1  b1: 5 bucket_id: 1 local_depth1: 3
a1 :5  b1: 5 bucket_id: 1 local_depth1: 3
jump in
a1 :5  b1: 5 bucket_id: 1 local_depth1: 3
jump in
a1 :1  b1: 5 bucket_id: 1 local_depth1: 3
a1 :1  b1: 5 bucket_id: 1 local_depth1: 3
a1 :5  b1: 5 bucket_id: 1 local_depth1: 3
jump in
a1 :5  b1: 5 bucket_id: 1 local_depth1: 3
jump in
a1 :1  b1: 5 bucket_id: 1 local_depth1: 3
a1 :1  b1: 5 bucket_id: 1 local_depth1: 3
a1 :5  b1: 5 bucket_id: 1 local_depth1: 3
jump in
a1 :5  b1: 5 bucket_id: 1 local_depth1: 3
jump in
a1 :1  b1: 5 bucket_id: 1 local_depth1: 3
a1 :1  b1: 5 bucket_id: 1 local_depth1: 3
a1 :5  b1: 5 bucket_id: 1 local_depth1: 3
jump in
110011001100110
111111100000000
getFreeBucket
bucket_id: 13
111111100000000getFreeKvSlot
search
insert
search
getFreeBucket
bucket_id: 14
111111111111111splitBucket
local_depth1: 2
getFreeSlot
getNewBucket
newbucket: 000000000000000
111111111111111
000000000000000
a1 :2  b1: 6 bucket_id: 2 local_depth1: 3
a1 :6  b1: 6 bucket_id: 2 local_depth1: 3
jump in
a1 :2  b1: 6 bucket_id: 2 local_depth1: 3
a1 :6  b1: 6 bucket_id: 2 local_depth1: 3
jump in
a1 :2  b1: 6 bucket_id: 2 local_depth1: 3
a1 :6  b1: 6 bucket_id: 2 local_depth1: 3
jump in
a1 :2  b1: 6 bucket_id: 2 local_depth1: 3
a1 :6  b1: 6 bucket_id: 2 local_depth1: 3
jump in
a1 :2  b1: 6 bucket_id: 2 local_depth1: 3
a1 :6  b1: 6 bucket_id: 2 local_depth1: 3
jump in
a1 :2  b1: 6 bucket_id: 2 local_depth1: 3
a1 :6  b1: 6 bucket_id: 2 local_depth1: 3
jump in
a1 :2  b1: 6 bucket_id: 2 local_depth1: 3
a1 :6  b1: 6 bucket_id: 2 local_depth1: 3
jump in
a1 :2  b1: 6 bucket_id: 2 local_depth1: 3
101010101010101
111111100000000
getFreeBucket
bucket_id: 14
111111100000000getFreeKvSlot
search
insert
search
getFreeBucket
bucket_id: 15
111111111111111splitBucket
local_depth1: 2
getFreeSlot
getNewBucket
newbucket: 000000000000000
111111111111111
000000000000000
a1 :3  b1: 7 bucket_id: 3 local_depth1: 3
a1 :7  b1: 7 bucket_id: 3 local_depth1: 3
jump in
a1 :3  b1: 7 bucket_id: 3 local_depth1: 3
a1 :7  b1: 7 bucket_id: 3 local_depth1: 3
jump in
a1 :3  b1: 7 bucket_id: 3 local_depth1: 3
a1 :7  b1: 7 bucket_id: 3 local_depth1: 3
jump in
a1 :3  b1: 7 bucket_id: 3 local_depth1: 3
a1 :7  b1: 7 bucket_id: 3 local_depth1: 3
jump in
a1 :3  b1: 7 bucket_id: 3 local_depth1: 3
a1 :7  b1: 7 bucket_id: 3 local_depth1: 3
jump in
a1 :3  b1: 7 bucket_id: 3 local_depth1: 3
a1 :7  b1: 7 bucket_id: 3 local_depth1: 3
jump in
a1 :3  b1: 7 bucket_id: 3 local_depth1: 3
a1 :7  b1: 7 bucket_id: 3 local_depth1: 3
jump in
a1 :3  b1: 7 bucket_id: 3 local_depth1: 3
101010101010101
111111100000000
getFreeBucket
bucket_id: 15
111111100000000getFreeKvSlot
search
insert
search
getFreeBucket
bucket_id: 0
110011001100110getFreeKvSlot
search
insert
search
getFreeBucket
bucket_id: 1
110011001100110getFreeKvSlot
search
insert
search
getFreeBucket
bucket_id: 2
101010101010101getFreeKvSlot
search
insert
search
getFreeBucket
bucket_id: 3
101010101010101getFreeKvSlot
search
insert
search
getFreeBucket
bucket_id: 4
111111110000000getFreeKvSlot
search
insert
search
getFreeBucket
bucket_id: 5
111111110000000getFreeKvSlot
search
insert
search
getFreeBucket
bucket_id: 6
111111110000000getFreeKvSlot
search
insert
search
getFreeBucket
bucket_id: 7
111111110000000getFreeKvSlot
search
insert
search
getFreeBucket
bucket_id: 8
111011001100110getFreeKvSlot
search
insert
search
getFreeBucket
bucket_id: 9
111011001100110getFreeKvSlot
search
insert
search
getFreeBucket
bucket_id: 10
111010101010101getFreeKvSlot
search
insert
search
getFreeBucket
bucket_id: 11
111010101010101getFreeKvSlot
search
insert
search
getFreeBucket
bucket_id: 12
111111111000000getFreeKvSlot
search
insert
search
getFreeBucket
bucket_id: 13
111111111000000getFreeKvSlot
search
insert
search
getFreeBucket
bucket_id: 14
111111111000000getFreeKvSlot
search
insert
search
getFreeBucket
bucket_id: 15
111111111000000getFreeKvSlot
search
insert
search
getFreeBucket
bucket_id: 0
111111001100110getFreeKvSlot
search
insert
search
getFreeBucket
bucket_id: 1
111111001100110getFreeKvSlot
search
insert
search
getFreeBucket
bucket_id: 2
111110101010101getFreeKvSlot
search
insert
search
getFreeBucket
bucket_id: 3
111110101010101getFreeKvSlot
search
insert
search
getFreeBucket
bucket_id: 4
111111111100000getFreeKvSlot
search
insert
search
getFreeBucket
bucket_id: 5
111111111100000getFreeKvSlot
search
insert
search
getFreeBucket
bucket_id: 6
111111111100000getFreeKvSlot
search
insert
search
getFreeBucket
bucket_id: 7
111111111100000getFreeKvSlot
search
insert
search
getFreeBucket
bucket_id: 8
111111101100110getFreeKvSlot
search
insert
search
getFreeBucket
bucket_id: 9
111111101100110getFreeKvSlot
search
insert
search
getFreeBucket
bucket_id: 10
111111101010101getFreeKvSlot
search
insert
search
getFreeBucket
bucket_id: 11
111111101010101getFreeKvSlot
search
insert
search
getFreeBucket
bucket_id: 12
111111111110000getFreeKvSlot
search
insert
search
getFreeBucket
bucket_id: 13
111111111110000getFreeKvSlot
search
insert
search
getFreeBucket
bucket_id: 14
111111111110000getFreeKvSlot
search
insert
search
getFreeBucket
bucket_id: 15
111111111110000getFreeKvSlot
search
insert
search
getFreeBucket
bucket_id: 0
111111111100110getFreeKvSlot
search
insert
search
getFreeBucket
bucket_id: 1
111111111100110getFreeKvSlot
search
insert
search
getFreeBucket
bucket_id: 2
111111111010101getFreeKvSlot
search
insert
search
getFreeBucket
bucket_id: 3
111111111010101getFreeKvSlot
search
insert
search
getFreeBucket
bucket_id: 4
111111111111000getFreeKvSlot
search
insert
search
getFreeBucket
bucket_id: 5
111111111111000getFreeKvSlot
search
insert
search
getFreeBucket
bucket_id: 6
111111111111000getFreeKvSlot
search
insert
search
getFreeBucket
bucket_id: 7
111111111111000getFreeKvSlot
search
insert
search
getFreeBucket
bucket_id: 8
111111111110110getFreeKvSlot
search
insert
search
getFreeBucket
bucket_id: 9
111111111110110getFreeKvSlot
search
insert
search
getFreeBucket
bucket_id: 10
111111111110101getFreeKvSlot
search
insert
search
getFreeBucket
bucket_id: 11
111111111110101getFreeKvSlot
search
insert
search
getFreeBucket
bucket_id: 12
111111111111100getFreeKvSlot
search
insert
search
getFreeBucket
bucket_id: 13
111111111111100getFreeKvSlot
search
insert
search
getFreeBucket
bucket_id: 14
111111111111100getFreeKvSlot
search
insert
search
getFreeBucket
bucket_id: 15
111111111111100getFreeKvSlot
search
insert
search
getFreeBucket
bucket_id: 0
111111111111110getFreeKvSlot
search
insert
search
getFreeBucket
bucket_id: 1
111111111111110getFreeKvSlot
search
insert
search
getFreeBucket
bucket_id: 2
111111111111101getFreeKvSlot
search
insert
search
getFreeBucket
bucket_id: 3
111111111111101getFreeKvSlot
search
insert
search
getFreeBucket
bucket_id: 4
111111111111110getFreeKvSlot
search
insert
search
getFreeBucket
bucket_id: 5
111111111111110getFreeKvSlot
search
insert
search
getFreeBucket
bucket_id: 6
111111111111110getFreeKvSlot
search
insert
search
getFreeBucket
bucket_id: 7
111111111111110getFreeKvSlot
search
insert
search
getFreeBucket
bucket_id: 8
111111111111111splitBucket
local_depth1: 3
getFreeSlot
getNewBucket
newbucket: 000000000000000
111111111111111
000000000000000
a1 :0  b1: 8 bucket_id: 0 local_depth1: 4
a1 :0  b1: 8 bucket_id: 0 local_depth1: 4
a1 :0  b1: 8 bucket_id: 0 local_depth1: 4
a1 :8  b1: 8 bucket_id: 0 local_depth1: 4
jump in
a1 :8  b1: 8 bucket_id: 0 local_depth1: 4
jump in
a1 :8  b1: 8 bucket_id: 0 local_depth1: 4
jump in
a1 :0  b1: 8 bucket_id: 0 local_depth1: 4
a1 :8  b1: 8 bucket_id: 0 local_depth1: 4
jump in
a1 :0  b1: 8 bucket_id: 0 local_depth1: 4
a1 :0  b1: 8 bucket_id: 0 local_depth1: 4
a1 :0  b1: 8 bucket_id: 0 local_depth1: 4
a1 :8  b1: 8 bucket_id: 0 local_depth1: 4
jump in
a1 :8  b1: 8 bucket_id: 0 local_depth1: 4
jump in
a1 :8  b1: 8 bucket_id: 0 local_depth1: 4
jump in
a1 :0  b1: 8 bucket_id: 0 local_depth1: 4
111000101110001
111111100000000
getFreeBucket
bucket_id: 8
111111100000000getFreeKvSlot
search
insert
search
getFreeBucket
bucket_id: 9
111111111111111splitBucket
local_depth1: 3
getFreeSlot
getNewBucket
newbucket: 000000000000000
111111111111111
000000000000000
a1 :1  b1: 9 bucket_id: 1 local_depth1: 4
a1 :1  b1: 9 bucket_id: 1 local_depth1: 4
a1 :1  b1: 9 bucket_id: 1 local_depth1: 4
a1 :9  b1: 9 bucket_id: 1 local_depth1: 4
jump in
a1 :9  b1: 9 bucket_id: 1 local_depth1: 4
jump in
a1 :9  b1: 9 bucket_id: 1 local_depth1: 4
jump in
a1 :1  b1: 9 bucket_id: 1 local_depth1: 4
a1 :9  b1: 9 bucket_id: 1 local_depth1: 4
jump in
a1 :1  b1: 9 bucket_id: 1 local_depth1: 4
a1 :1  b1: 9 bucket_id: 1 local_depth1: 4
a1 :1  b1: 9 bucket_id: 1 local_depth1: 4
a1 :9  b1: 9 bucket_id: 1 local_depth1: 4
jump in
a1 :9  b1: 9 bucket_id: 1 local_depth1: 4
jump in
a1 :9  b1: 9 bucket_id: 1 local_depth1: 4
jump in
a1 :1  b1: 9 bucket_id: 1 local_depth1: 4
111000101110001
111111100000000
getFreeBucket
bucket_id: 9
111111100000000getFreeKvSlot
search
insert
search
getFreeBucket
bucket_id: 10
111111111111111splitBucket
local_depth1: 3
getFreeSlot
getNewBucket
newbucket: 000000000000000
111111111111111
000000000000000
a1 :2  b1: 10 bucket_id: 2 local_depth1: 4
a1 :2  b1: 10 bucket_id: 2 local_depth1: 4
a1 :10  b1: 10 bucket_id: 2 local_depth1: 4
jump in
a1 :10  b1: 10 bucket_id: 2 local_depth1: 4
jump in
a1 :2  b1: 10 bucket_id: 2 local_depth1: 4
a1 :2  b1: 10 bucket_id: 2 local_depth1: 4
a1 :10  b1: 10 bucket_id: 2 local_depth1: 4
jump in
a1 :10  b1: 10 bucket_id: 2 local_depth1: 4
jump in
a1 :2  b1: 10 bucket_id: 2 local_depth1: 4
a1 :2  b1: 10 bucket_id: 2 local_depth1: 4
a1 :10  b1: 10 bucket_id: 2 local_depth1: 4
jump in
a1 :10  b1: 10 bucket_id: 2 local_depth1: 4
jump in
a1 :2  b1: 10 bucket_id: 2 local_depth1: 4
a1 :2  b1: 10 bucket_id: 2 local_depth1: 4
a1 :10  b1: 10 bucket_id: 2 local_depth1: 4
jump in
110011001100110
111111100000000
getFreeBucket
bucket_id: 10
111111100000000getFreeKvSlot
search
insert
search
getFreeBucket
bucket_id: 11
111111111111111splitBucket
local_depth1: 3
getFreeSlot
getNewBucket
newbucket: 000000000000000
111111111111111
000000000000000
a1 :3  b1: 11 bucket_id: 3 local_depth1: 4
a1 :3  b1: 11 bucket_id: 3 local_depth1: 4
a1 :11  b1: 11 bucket_id: 3 local_depth1: 4
jump in
a1 :11  b1: 11 bucket_id: 3 local_depth1: 4
jump in
a1 :3  b1: 11 bucket_id: 3 local_depth1: 4
a1 :3  b1: 11 bucket_id: 3 local_depth1: 4
a1 :11  b1: 11 bucket_id: 3 local_depth1: 4
jump in
a1 :11  b1: 11 bucket_id: 3 local_depth1: 4
jump in
a1 :3  b1: 11 bucket_id: 3 local_depth1: 4
a1 :3  b1: 11 bucket_id: 3 local_depth1: 4
a1 :11  b1: 11 bucket_id: 3 local_depth1: 4
jump in
a1 :11  b1: 11 bucket_id: 3 local_depth1: 4
jump in
a1 :3  b1: 11 bucket_id: 3 local_depth1: 4
a1 :3  b1: 11 bucket_id: 3 local_depth1: 4
a1 :11  b1: 11 bucket_id: 3 local_depth1: 4
jump in
110011001100110
111111100000000
getFreeBucket
bucket_id: 11
111111100000000getFreeKvSlot
search
insert
search
getFreeBucket
bucket_id: 12
111111111111111splitBucket
local_depth1: 3
getFreeSlot
getNewBucket
newbucket: 000000000000000
111111111111111
000000000000000
a1 :4  b1: 12 bucket_id: 4 local_depth1: 4
a1 :4  b1: 12 bucket_id: 4 local_depth1: 4
a1 :12  b1: 12 bucket_id: 4 local_depth1: 4
jump in
a1 :12  b1: 12 bucket_id: 4 local_depth1: 4
jump in
a1 :4  b1: 12 bucket_id: 4 local_depth1: 4
a1 :4  b1: 12 bucket_id: 4 local_depth1: 4
a1 :12  b1: 12 bucket_id: 4 local_depth1: 4
jump in
a1 :12  b1: 12 bucket_id: 4 local_depth1: 4
jump in
a1 :4  b1: 12 bucket_id: 4 local_depth1: 4
a1 :12  b1: 12 bucket_id: 4 local_depth1: 4
jump in
a1 :4  b1: 12 bucket_id: 4 local_depth1: 4
a1 :12  b1: 12 bucket_id: 4 local_depth1: 4
jump in
a1 :4  b1: 12 bucket_id: 4 local_depth1: 4
a1 :12  b1: 12 bucket_id: 4 local_depth1: 4
jump in
a1 :4  b1: 12 bucket_id: 4 local_depth1: 4
110011001010101
111111100000000
getFreeBucket
bucket_id: 12
111111100000000getFreeKvSlot
search
insert
search
getFreeBucket
bucket_id: 13
111111111111111splitBucket
local_depth1: 3
getFreeSlot
getNewBucket
newbucket: 000000000000000
111111111111111
000000000000000
a1 :5  b1: 13 bucket_id: 5 local_depth1: 4
a1 :5  b1: 13 bucket_id: 5 local_depth1: 4
a1 :13  b1: 13 bucket_id: 5 local_depth1: 4
jump in
a1 :13  b1: 13 bucket_id: 5 local_depth1: 4
jump in
a1 :5  b1: 13 bucket_id: 5 local_depth1: 4
a1 :5  b1: 13 bucket_id: 5 local_depth1: 4
a1 :13  b1: 13 bucket_id: 5 local_depth1: 4
jump in
a1 :13  b1: 13 bucket_id: 5 local_depth1: 4
jump in
a1 :5  b1: 13 bucket_id: 5 local_depth1: 4
a1 :13  b1: 13 bucket_id: 5 local_depth1: 4
jump in
a1 :5  b1: 13 bucket_id: 5 local_depth1: 4
a1 :13  b1: 13 bucket_id: 5 local_depth1: 4
jump in
a1 :5  b1: 13 bucket_id: 5 local_depth1: 4
a1 :13  b1: 13 bucket_id: 5 local_depth1: 4
jump in
a1 :5  b1: 13 bucket_id: 5 local_depth1: 4
110011001010101
111111100000000
getFreeBucket
bucket_id: 13
111111100000000getFreeKvSlot
search
insert
search
getFreeBucket
bucket_id: 14
111111111111111splitBucket
local_depth1: 3
getFreeSlot
getNewBucket
newbucket: 000000000000000
111111111111111
000000000000000
a1 :6  b1: 14 bucket_id: 6 local_depth1: 4
a1 :14  b1: 14 bucket_id: 6 local_depth1: 4
jump in
a1 :6  b1: 14 bucket_id: 6 local_depth1: 4
a1 :14  b1: 14 bucket_id: 6 local_depth1: 4
jump in
a1 :6  b1: 14 bucket_id: 6 local_depth1: 4
a1 :14  b1: 14 bucket_id: 6 local_depth1: 4
jump in
a1 :6  b1: 14 bucket_id: 6 local_depth1: 4
a1 :14  b1: 14 bucket_id: 6 local_depth1: 4
jump in
a1 :6  b1: 14 bucket_id: 6 local_depth1: 4
a1 :14  b1: 14 bucket_id: 6 local_depth1: 4
jump in
a1 :6  b1: 14 bucket_id: 6 local_depth1: 4
a1 :14  b1: 14 bucket_id: 6 local_depth1: 4
jump in
a1 :6  b1: 14 bucket_id: 6 local_depth1: 4
a1 :14  b1: 14 bucket_id: 6 local_depth1: 4
jump in
a1 :6  b1: 14 bucket_id: 6 local_depth1: 4
101010101010101
111111100000000
getFreeBucket
bucket_id: 14
111111100000000getFreeKvSlot
search
insert
search
getFreeBucket
bucket_id: 15
111111111111111splitBucket
local_depth1: 3
getFreeSlot
getNewBucket
newbucket: 000000000000000
111111111111111
000000000000000
a1 :7  b1: 15 bucket_id: 7 local_depth1: 4
a1 :15  b1: 15 bucket_id: 7 local_depth1: 4
jump in
a1 :7  b1: 15 bucket_id: 7 local_depth1: 4
a1 :15  b1: 15 bucket_id: 7 local_depth1: 4
jump in
a1 :7  b1: 15 bucket_id: 7 local_depth1: 4
a1 :15  b1: 15 bucket_id: 7 local_depth1: 4
jump in
a1 :7  b1: 15 bucket_id: 7 local_depth1: 4
a1 :15  b1: 15 bucket_id: 7 local_depth1: 4
jump in
a1 :7  b1: 15 bucket_id: 7 local_depth1: 4
a1 :15  b1: 15 bucket_id: 7 local_depth1: 4
jump in
a1 :7  b1: 15 bucket_id: 7 local_depth1: 4
a1 :15  b1: 15 bucket_id: 7 local_depth1: 4
jump in
a1 :7  b1: 15 bucket_id: 7 local_depth1: 4
a1 :15  b1: 15 bucket_id: 7 local_depth1: 4
jump in
a1 :7  b1: 15 bucket_id: 7 local_depth1: 4
101010101010101
111111100000000
getFreeBucket
bucket_id: 15
111111100000000getFreeKvSlot
search
insert
search
getFreeBucket
bucket_id: 0
111000101110001getFreeKvSlot
search
insert
search
getFreeBucket
bucket_id: 1
111000101110001getFreeKvSlot
search
insert
search
getFreeBucket
bucket_id: 2
110011001100110getFreeKvSlot
search
insert
search
getFreeBucket
bucket_id: 3
110011001100110getFreeKvSlot
search
insert
search
getFreeBucket
bucket_id: 4
110011001010101getFreeKvSlot
search
insert
search
getFreeBucket
bucket_id: 5
110011001010101getFreeKvSlot
search
insert
search
getFreeBucket
bucket_id: 6
101010101010101getFreeKvSlot
search
insert
search
getFreeBucket
bucket_id: 7
101010101010101getFreeKvSlot
search
insert
search
getFreeBucket
bucket_id: 8
111111110000000getFreeKvSlot
search
insert
search
getFreeBucket
bucket_id: 9
111111110000000getFreeKvSlot
search
insert
search
getFreeBucket
bucket_id: 10
111111110000000getFreeKvSlot
search
insert
search
getFreeBucket
bucket_id: 11
111111110000000getFreeKvSlot
search
insert
search
getFreeBucket
bucket_id: 12
111111110000000getFreeKvSlot
search
insert
search
getFreeBucket
bucket_id: 13
111111110000000getFreeKvSlot
search
insert
search
getFreeBucket
bucket_id: 14
111111110000000getFreeKvSlot
search
insert
search
getFreeBucket
bucket_id: 15
111111110000000getFreeKvSlot
search
insert
search
getFreeBucket
bucket_id: 0
111100101110001getFreeKvSlot
search
insert
search
getFreeBucket
bucket_id: 1
111100101110001getFreeKvSlot
search
insert
search
getFreeBucket
bucket_id: 2
111011001100110getFreeKvSlot
search
insert
search
getFreeBucket
bucket_id: 3
111011001100110getFreeKvSlot
search
insert
search
getFreeBucket
bucket_id: 4
111011001010101getFreeKvSlot
search
insert
search
getFreeBucket
bucket_id: 5
111011001010101getFreeKvSlot
search
insert
search
getFreeBucket
bucket_id: 6
111010101010101getFreeKvSlot
search
insert
search
getFreeBucket
bucket_id: 7
111010101010101getFreeKvSlot
search
insert
search
getFreeBucket
bucket_id: 8
111111111000000getFreeKvSlot
search
insert
search
getFreeBucket
bucket_id: 9
111111111000000getFreeKvSlot
search
insert
search
getFreeBucket
bucket_id: 10
111111111000000getFreeKvSlot
search
insert
search
getFreeBucket
bucket_id: 11
111111111000000getFreeKvSlot
search
insert
search
getFreeBucket
bucket_id: 12
111111111000000getFreeKvSlot
search
insert
search
getFreeBucket
bucket_id: 13
111111111000000getFreeKvSlot
search
insert
search
getFreeBucket
bucket_id: 14
111111111000000getFreeKvSlot
search
insert
search
getFreeBucket
bucket_id: 15
111111111000000getFreeKvSlot
search
insert
search
getFreeBucket
bucket_id: 0
111110101110001getFreeKvSlot
search
insert
search
getFreeBucket
bucket_id: 1
111110101110001getFreeKvSlot
search
insert
search
getFreeBucket
bucket_id: 2
111111001100110getFreeKvSlot
search
insert
search
getFreeBucket
bucket_id: 3
111111001100110getFreeKvSlot
search
insert
search
getFreeBucket
bucket_id: 4
111111001010101getFreeKvSlot
search
insert
search
getFreeBucket
bucket_id: 5
111111001010101getFreeKvSlot
search
insert
search
getFreeBucket
bucket_id: 6
111110101010101getFreeKvSlot
search
insert
search
getFreeBucket
bucket_id: 7
111110101010101getFreeKvSlot
search
insert
search
getFreeBucket
bucket_id: 8
111111111100000getFreeKvSlot
search
insert
search
getFreeBucket
bucket_id: 9
111111111100000getFreeKvSlot
search
insert
search
getFreeBucket
bucket_id: 10
111111111100000getFreeKvSlot
search
insert
search
getFreeBucket
bucket_id: 11
111111111100000getFreeKvSlot
search
insert
search
getFreeBucket
bucket_id: 12
111111111100000getFreeKvSlot
search
insert
search
getFreeBucket
bucket_id: 13
111111111100000getFreeKvSlot
search
insert
search
getFreeBucket
bucket_id: 14
111111111100000getFreeKvSlot
search
insert
search
getFreeBucket
bucket_id: 15
111111111100000getFreeKvSlot
search
insert
search
getFreeBucket
bucket_id: 0
111111101110001getFreeKvSlot
search
insert
search
getFreeBucket
bucket_id: 1
111111101110001getFreeKvSlot
search
insert
search
getFreeBucket
bucket_id: 2
111111101100110getFreeKvSlot
search
insert
search
getFreeBucket
bucket_id: 3
111111101100110getFreeKvSlot
search
insert
search
getFreeBucket
bucket_id: 4
111111101010101getFreeKvSlot
search
insert
search
getFreeBucket
bucket_id: 5
111111101010101getFreeKvSlot
search
insert
search
getFreeBucket
bucket_id: 6
111111101010101getFreeKvSlot
search
insert
search
getFreeBucket
bucket_id: 7
111111101010101getFreeKvSlot
search
insert
search
getFreeBucket
bucket_id: 8
111111111110000getFreeKvSlot
search
insert
search
getFreeBucket
bucket_id: 9
111111111110000getFreeKvSlot
search
insert
search
getFreeBucket
bucket_id: 10
111111111110000getFreeKvSlot
search
insert
search
getFreeBucket
bucket_id: 11
111111111110000getFreeKvSlot
search
insert
search
getFreeBucket
bucket_id: 12
111111111110000getFreeKvSlot
search
insert
search
getFreeBucket
bucket_id: 13
111111111110000getFreeKvSlot
search
insert
search
getFreeBucket
bucket_id: 14
111111111110000getFreeKvSlot
search
insert
search
getFreeBucket
bucket_id: 15
111111111110000getFreeKvSlot
search
insert
search
getFreeBucket
bucket_id: 0
111111111110001getFreeKvSlot
search
insert
search
getFreeBucket
bucket_id: 1
111111111110001getFreeKvSlot
search
insert
search
getFreeBucket
bucket_id: 2
111111111100110getFreeKvSlot
search
insert
search
getFreeBucket
bucket_id: 3
111111111100110getFreeKvSlot
search
insert
search
getFreeBucket
bucket_id: 4
111111111010101getFreeKvSlot
search
insert
search
getFreeBucket
bucket_id: 5
111111111010101getFreeKvSlot
search
insert
search
getFreeBucket
bucket_id: 6
111111111010101getFreeKvSlot
search
insert
search
getFreeBucket
bucket_id: 7
111111111010101getFreeKvSlot
search
insert
search
getFreeBucket
bucket_id: 8
111111111111000getFreeKvSlot
search
insert
search
getFreeBucket
bucket_id: 9
111111111111000getFreeKvSlot
search
insert
search
getFreeBucket
bucket_id: 10
111111111111000getFreeKvSlot
search
insert
search
getFreeBucket
bucket_id: 11
111111111111000getFreeKvSlot
search
insert
search
getFreeBucket
bucket_id: 12
111111111111000getFreeKvSlot
search
insert
search
getFreeBucket
bucket_id: 13
111111111111000getFreeKvSlot
search
insert
search
getFreeBucket
bucket_id: 14
111111111111000getFreeKvSlot
search
insert
search
getFreeBucket
bucket_id: 15
111111111111000getFreeKvSlot
search
insert
search
getFreeBucket
bucket_id: 0
111111111111001getFreeKvSlot
search
insert
search
getFreeBucket
bucket_id: 1
111111111111001getFreeKvSlot
search
insert
search
getFreeBucket
bucket_id: 2
111111111110110getFreeKvSlot
search
insert
search
getFreeBucket
bucket_id: 3
111111111110110getFreeKvSlot
search
insert
search
getFreeBucket
bucket_id: 4
111111111110101getFreeKvSlot
search
insert
search
getFreeBucket
bucket_id: 5
111111111110101getFreeKvSlot
search
insert
search
getFreeBucket
bucket_id: 6
111111111110101getFreeKvSlot
search
insert
search
getFreeBucket
bucket_id: 7
111111111110101getFreeKvSlot
search
insert
search
getFreeBucket
bucket_id: 8
111111111111100getFreeKvSlot
search
insert
search
getFreeBucket
bucket_id: 9
111111111111100getFreeKvSlot
search
insert
search
getFreeBucket
bucket_id: 10
111111111111100getFreeKvSlot
search
insert
search
getFreeBucket
bucket_id: 11
111111111111100getFreeKvSlot
search
insert
search
getFreeBucket
bucket_id: 12
111111111111100getFreeKvSlot
search
insert
search
getFreeBucket
bucket_id: 13
111111111111100getFreeKvSlot
search
insert
search
getFreeBucket
bucket_id: 14
111111111111100getFreeKvSlot
search
insert
search
getFreeBucket
bucket_id: 15
111111111111100getFreeKvSlot
search
insert
search
getFreeBucket
bucket_id: 0
111111111111101getFreeKvSlot
search
insert
search
getFreeBucket
bucket_id: 1
111111111111101getFreeKvSlot
search
insert
search
getFreeBucket
bucket_id: 2
111111111111110getFreeKvSlot
search
insert
search
getFreeBucket
bucket_id: 3
111111111111110getFreeKvSlot
search
insert
search
getFreeBucket
bucket_id: 4
111111111111101getFreeKvSlot
search
insert
search
getFreeBucket
bucket_id: 5
111111111111101getFreeKvSlot
search
insert
search
getFreeBucket
bucket_id: 6
111111111111101getFreeKvSlot
search
insert
search
getFreeBucket
bucket_id: 7
111111111111101getFreeKvSlot
search
insert
search
getFreeBucket
bucket_id: 8
111111111111110getFreeKvSlot
search
insert
search
getFreeBucket
bucket_id: 9
111111111111110getFreeKvSlot
search
insert
search
getFreeBucket
bucket_id: 10
111111111111110getFreeKvSlot
search
insert
search
getFreeBucket
bucket_id: 11
111111111111110getFreeKvSlot
search
insert
search
getFreeBucket
bucket_id: 12
111111111111110getFreeKvSlot
search
insert
search
getFreeBucket
bucket_id: 13
111111111111110getFreeKvSlot
search
insert
search
getFreeBucket
bucket_id: 14
111111111111110getFreeKvSlot
search
insert
search
getFreeBucket
bucket_id: 15
111111111111110getFreeKvSlot
search
insert
search
getFreeBucket
bucket_id: 0
111111111111111splitBucket
local_depth1: 4
extendCatalog
extendCatalog bp1
extendCatalog bp2
extendCatalog bp3
extendCatalog bp4
getFreeSlot
getNewBucket
allocNewPage
2564104
newbucket: 000000000000000
111111111111111
000000000000000
a1 :0  b1: 16 bucket_id: 0 local_depth1: 5
a1 :0  b1: 16 bucket_id: 0 local_depth1: 5
a1 :0  b1: 16 bucket_id: 0 local_depth1: 5
a1 :0  b1: 16 bucket_id: 0 local_depth1: 5
a1 :16  b1: 16 bucket_id: 0 local_depth1: 5
jump in
a1 :0  b1: 16 bucket_id: 0 local_depth1: 5
a1 :16  b1: 16 bucket_id: 0 local_depth1: 5
jump in
a1 :16  b1: 16 bucket_id: 0 local_depth1: 5
jump in
a1 :16  b1: 16 bucket_id: 0 local_depth1: 5
jump in
a1 :16  b1: 16 bucket_id: 0 local_depth1: 5
jump in
a1 :0  b1: 16 bucket_id: 0 local_depth1: 5
a1 :0  b1: 16 bucket_id: 0 local_depth1: 5
a1 :16  b1: 16 bucket_id: 0 local_depth1: 5
jump in
a1 :0  b1: 16 bucket_id: 0 local_depth1: 5
a1 :16  b1: 16 bucket_id: 0 local_depth1: 5
jump in
111101000011010
111111100000000
getFreeBucket
bucket_id: 16
111111100000000getFreeKvSlot
search
insert
search
getFreeBucket
bucket_id: 17
111111111111111splitBucket
local_depth1: 4
getFreeSlot
getNewBucket
newbucket: 000000000000000
111111111111111
000000000000000
a1 :1  b1: 17 bucket_id: 1 local_depth1: 5
a1 :1  b1: 17 bucket_id: 1 local_depth1: 5
a1 :1  b1: 17 bucket_id: 1 local_depth1: 5
a1 :1  b1: 17 bucket_id: 1 local_depth1: 5
a1 :17  b1: 17 bucket_id: 1 local_depth1: 5
jump in
a1 :1  b1: 17 bucket_id: 1 local_depth1: 5
a1 :17  b1: 17 bucket_id: 1 local_depth1: 5
jump in
a1 :17  b1: 17 bucket_id: 1 local_depth1: 5
jump in
a1 :17  b1: 17 bucket_id: 1 local_depth1: 5
jump in
a1 :17  b1: 17 bucket_id: 1 local_depth1: 5
jump in
a1 :1  b1: 17 bucket_id: 1 local_depth1: 5
a1 :1  b1: 17 bucket_id: 1 local_depth1: 5
a1 :17  b1: 17 bucket_id: 1 local_depth1: 5
jump in
a1 :1  b1: 17 bucket_id: 1 local_depth1: 5
a1 :17  b1: 17 bucket_id: 1 local_depth1: 5
jump in
111101000011010
111111100000000
getFreeBucket
bucket_id: 17
111111100000000getFreeKvSlot
search
insert
search
getFreeBucket
bucket_id: 18
111111111111111splitBucket
local_depth1: 4
getFreeSlot
getNewBucket
newbucket: 000000000000000
111111111111111
000000000000000
a1 :2  b1: 18 bucket_id: 2 local_depth1: 5
a1 :2  b1: 18 bucket_id: 2 local_depth1: 5
a1 :2  b1: 18 bucket_id: 2 local_depth1: 5
a1 :18  b1: 18 bucket_id: 2 local_depth1: 5
jump in
a1 :18  b1: 18 bucket_id: 2 local_depth1: 5
jump in
a1 :18  b1: 18 bucket_id: 2 local_depth1: 5
jump in
a1 :2  b1: 18 bucket_id: 2 local_depth1: 5
a1 :18  b1: 18 bucket_id: 2 local_depth1: 5
jump in
a1 :2  b1: 18 bucket_id: 2 local_depth1: 5
a1 :2  b1: 18 bucket_id: 2 local_depth1: 5
a1 :2  b1: 18 bucket_id: 2 local_depth1: 5
a1 :18  b1: 18 bucket_id: 2 local_depth1: 5
jump in
a1 :18  b1: 18 bucket_id: 2 local_depth1: 5
jump in
a1 :18  b1: 18 bucket_id: 2 local_depth1: 5
jump in
a1 :2  b1: 18 bucket_id: 2 local_depth1: 5
111000101110001
111111100000000
getFreeBucket
bucket_id: 18
111111100000000getFreeKvSlot
search
insert
search
getFreeBucket
bucket_id: 19
111111111111111splitBucket
local_depth1: 4
getFreeSlot
getNewBucket
newbucket: 000000000000000
111111111111111
000000000000000
a1 :3  b1: 19 bucket_id: 3 local_depth1: 5
a1 :3  b1: 19 bucket_id: 3 local_depth1: 5
a1 :3  b1: 19 bucket_id: 3 local_depth1: 5
a1 :19  b1: 19 bucket_id: 3 local_depth1: 5
jump in
a1 :19  b1: 19 bucket_id: 3 local_depth1: 5
jump in
a1 :19  b1: 19 bucket_id: 3 local_depth1: 5
jump in
a1 :3  b1: 19 bucket_id: 3 local_depth1: 5
a1 :19  b1: 19 bucket_id: 3 local_depth1: 5
jump in
a1 :3  b1: 19 bucket_id: 3 local_depth1: 5
a1 :3  b1: 19 bucket_id: 3 local_depth1: 5
a1 :3  b1: 19 bucket_id: 3 local_depth1: 5
a1 :19  b1: 19 bucket_id: 3 local_depth1: 5
jump in
a1 :19  b1: 19 bucket_id: 3 local_depth1: 5
jump in
a1 :19  b1: 19 bucket_id: 3 local_depth1: 5
jump in
a1 :3  b1: 19 bucket_id: 3 local_depth1: 5
111000101110001
111111100000000
getFreeBucket
bucket_id: 19
111111100000000getFreeKvSlot
search
insert
search
getFreeBucket
bucket_id: 20
111111111111111splitBucket
local_depth1: 4
getFreeSlot
getNewBucket
newbucket: 000000000000000
111111111111111
000000000000000
a1 :4  b1: 20 bucket_id: 4 local_depth1: 5
a1 :4  b1: 20 bucket_id: 4 local_depth1: 5
a1 :4  b1: 20 bucket_id: 4 local_depth1: 5
a1 :20  b1: 20 bucket_id: 4 local_depth1: 5
jump in
a1 :20  b1: 20 bucket_id: 4 local_depth1: 5
jump in
a1 :20  b1: 20 bucket_id: 4 local_depth1: 5
jump in
a1 :4  b1: 20 bucket_id: 4 local_depth1: 5
a1 :20  b1: 20 bucket_id: 4 local_depth1: 5
jump in
a1 :4  b1: 20 bucket_id: 4 local_depth1: 5
a1 :4  b1: 20 bucket_id: 4 local_depth1: 5
a1 :20  b1: 20 bucket_id: 4 local_depth1: 5
jump in
a1 :20  b1: 20 bucket_id: 4 local_depth1: 5
jump in
a1 :4  b1: 20 bucket_id: 4 local_depth1: 5
a1 :4  b1: 20 bucket_id: 4 local_depth1: 5
a1 :20  b1: 20 bucket_id: 4 local_depth1: 5
jump in
111000101100110
111111100000000
getFreeBucket
bucket_id: 20
111111100000000getFreeKvSlot
search
insert
search
getFreeBucket
bucket_id: 21
111111111111111splitBucket
local_depth1: 4
getFreeSlot
getNewBucket
newbucket: 000000000000000
111111111111111
000000000000000
a1 :5  b1: 21 bucket_id: 5 local_depth1: 5
a1 :5  b1: 21 bucket_id: 5 local_depth1: 5
a1 :5  b1: 21 bucket_id: 5 local_depth1: 5
a1 :21  b1: 21 bucket_id: 5 local_depth1: 5
jump in
a1 :21  b1: 21 bucket_id: 5 local_depth1: 5
jump in
a1 :21  b1: 21 bucket_id: 5 local_depth1: 5
jump in
a1 :5  b1: 21 bucket_id: 5 local_depth1: 5
a1 :21  b1: 21 bucket_id: 5 local_depth1: 5
jump in
a1 :5  b1: 21 bucket_id: 5 local_depth1: 5
a1 :5  b1: 21 bucket_id: 5 local_depth1: 5
a1 :21  b1: 21 bucket_id: 5 local_depth1: 5
jump in
a1 :21  b1: 21 bucket_id: 5 local_depth1: 5
jump in
a1 :5  b1: 21 bucket_id: 5 local_depth1: 5
a1 :5  b1: 21 bucket_id: 5 local_depth1: 5
a1 :21  b1: 21 bucket_id: 5 local_depth1: 5
jump in
111000101100110
111111100000000
getFreeBucket
bucket_id: 21
111111100000000getFreeKvSlot
search
insert
search
getFreeBucket
bucket_id: 22
111111111111111splitBucket
local_depth1: 4
getFreeSlot
getNewBucket
newbucket: 000000000000000
111111111111111
000000000000000
a1 :6  b1: 22 bucket_id: 6 local_depth1: 5
a1 :6  b1: 22 bucket_id: 6 local_depth1: 5
a1 :22  b1: 22 bucket_id: 6 local_depth1: 5
jump in
a1 :22  b1: 22 bucket_id: 6 local_depth1: 5
jump in
a1 :6  b1: 22 bucket_id: 6 local_depth1: 5
a1 :6  b1: 22 bucket_id: 6 local_depth1: 5
a1 :22  b1: 22 bucket_id: 6 local_depth1: 5
jump in
a1 :22  b1: 22 bucket_id: 6 local_depth1: 5
jump in
a1 :6  b1: 22 bucket_id: 6 local_depth1: 5
a1 :6  b1: 22 bucket_id: 6 local_depth1: 5
a1 :22  b1: 22 bucket_id: 6 local_depth1: 5
jump in
a1 :22  b1: 22 bucket_id: 6 local_depth1: 5
jump in
a1 :6  b1: 22 bucket_id: 6 local_depth1: 5
a1 :6  b1: 22 bucket_id: 6 local_depth1: 5
a1 :22  b1: 22 bucket_id: 6 local_depth1: 5
jump in
110011001100110
111111100000000
getFreeBucket
bucket_id: 22
111111100000000getFreeKvSlot
search
insert
search
getFreeBucket
bucket_id: 23
111111111111111splitBucket
local_depth1: 4
getFreeSlot
getNewBucket
newbucket: 000000000000000
111111111111111
000000000000000
a1 :7  b1: 23 bucket_id: 7 local_depth1: 5
a1 :7  b1: 23 bucket_id: 7 local_depth1: 5
a1 :23  b1: 23 bucket_id: 7 local_depth1: 5
jump in
a1 :23  b1: 23 bucket_id: 7 local_depth1: 5
jump in
a1 :7  b1: 23 bucket_id: 7 local_depth1: 5
a1 :7  b1: 23 bucket_id: 7 local_depth1: 5
a1 :23  b1: 23 bucket_id: 7 local_depth1: 5
jump in
a1 :23  b1: 23 bucket_id: 7 local_depth1: 5
jump in
a1 :7  b1: 23 bucket_id: 7 local_depth1: 5
a1 :7  b1: 23 bucket_id: 7 local_depth1: 5
a1 :23  b1: 23 bucket_id: 7 local_depth1: 5
jump in
a1 :23  b1: 23 bucket_id: 7 local_depth1: 5
jump in
a1 :7  b1: 23 bucket_id: 7 local_depth1: 5
a1 :7  b1: 23 bucket_id: 7 local_depth1: 5
a1 :23  b1: 23 bucket_id: 7 local_depth1: 5
jump in
110011001100110
111111100000000
getFreeBucket
bucket_id: 23
111111100000000getFreeKvSlot
search
insert
search
getFreeBucket
bucket_id: 24
111111111111111splitBucket
local_depth1: 4
getFreeSlot
getNewBucket
newbucket: 000000000000000
111111111111111
000000000000000
a1 :8  b1: 24 bucket_id: 8 local_depth1: 5
a1 :8  b1: 24 bucket_id: 8 local_depth1: 5
a1 :8  b1: 24 bucket_id: 8 local_depth1: 5
a1 :24  b1: 24 bucket_id: 8 local_depth1: 5
jump in
a1 :8  b1: 24 bucket_id: 8 local_depth1: 5
a1 :24  b1: 24 bucket_id: 8 local_depth1: 5
jump in
a1 :24  b1: 24 bucket_id: 8 local_depth1: 5
jump in
a1 :24  b1: 24 bucket_id: 8 local_depth1: 5
jump in
a1 :8  b1: 24 bucket_id: 8 local_depth1: 5
a1 :24  b1: 24 bucket_id: 8 local_depth1: 5
jump in
a1 :8  b1: 24 bucket_id: 8 local_depth1: 5
a1 :24  b1: 24 bucket_id: 8 local_depth1: 5
jump in
a1 :8  b1: 24 bucket_id: 8 local_depth1: 5
a1 :24  b1: 24 bucket_id: 8 local_depth1: 5
jump in
a1 :8  b1: 24 bucket_id: 8 local_depth1: 5
111010001010101
111111100000000
getFreeBucket
bucket_id: 24
111111100000000getFreeKvSlot
search
insert
search
getFreeBucket
bucket_id: 25
111111111111111splitBucket
local_depth1: 4
getFreeSlot
getNewBucket
newbucket: 000000000000000
111111111111111
000000000000000
a1 :9  b1: 25 bucket_id: 9 local_depth1: 5
a1 :9  b1: 25 bucket_id: 9 local_depth1: 5
a1 :9  b1: 25 bucket_id: 9 local_depth1: 5
a1 :25  b1: 25 bucket_id: 9 local_depth1: 5
jump in
a1 :9  b1: 25 bucket_id: 9 local_depth1: 5
a1 :25  b1: 25 bucket_id: 9 local_depth1: 5
jump in
a1 :25  b1: 25 bucket_id: 9 local_depth1: 5
jump in
a1 :25  b1: 25 bucket_id: 9 local_depth1: 5
jump in
a1 :9  b1: 25 bucket_id: 9 local_depth1: 5
a1 :25  b1: 25 bucket_id: 9 local_depth1: 5
jump in
a1 :9  b1: 25 bucket_id: 9 local_depth1: 5
a1 :25  b1: 25 bucket_id: 9 local_depth1: 5
jump in
a1 :9  b1: 25 bucket_id: 9 local_depth1: 5
a1 :25  b1: 25 bucket_id: 9 local_depth1: 5
jump in
a1 :9  b1: 25 bucket_id: 9 local_depth1: 5
111010001010101
111111100000000
getFreeBucket
bucket_id: 25
111111100000000getFreeKvSlot
search
insert
search
getFreeBucket
bucket_id: 26
111111111111111splitBucket
local_depth1: 4
getFreeSlot
getNewBucket
newbucket: 000000000000000
111111111111111
000000000000000
a1 :10  b1: 26 bucket_id: 10 local_depth1: 5
a1 :10  b1: 26 bucket_id: 10 local_depth1: 5
a1 :26  b1: 26 bucket_id: 10 local_depth1: 5
jump in
a1 :26  b1: 26 bucket_id: 10 local_depth1: 5
jump in
a1 :10  b1: 26 bucket_id: 10 local_depth1: 5
a1 :10  b1: 26 bucket_id: 10 local_depth1: 5
a1 :26  b1: 26 bucket_id: 10 local_depth1: 5
jump in
a1 :26  b1: 26 bucket_id: 10 local_depth1: 5
jump in
a1 :10  b1: 26 bucket_id: 10 local_depth1: 5
a1 :26  b1: 26 bucket_id: 10 local_depth1: 5
jump in
a1 :10  b1: 26 bucket_id: 10 local_depth1: 5
a1 :26  b1: 26 bucket_id: 10 local_depth1: 5
jump in
a1 :10  b1: 26 bucket_id: 10 local_depth1: 5
a1 :26  b1: 26 bucket_id: 10 local_depth1: 5
jump in
a1 :10  b1: 26 bucket_id: 10 local_depth1: 5
110011001010101
111111100000000
getFreeBucket
bucket_id: 26
111111100000000getFreeKvSlot
search
insert
search
getFreeBucket
bucket_id: 27
111111111111111splitBucket
local_depth1: 4
getFreeSlot
getNewBucket
newbucket: 000000000000000
111111111111111
000000000000000
a1 :11  b1: 27 bucket_id: 11 local_depth1: 5
a1 :11  b1: 27 bucket_id: 11 local_depth1: 5
a1 :27  b1: 27 bucket_id: 11 local_depth1: 5
jump in
a1 :27  b1: 27 bucket_id: 11 local_depth1: 5
jump in
a1 :11  b1: 27 bucket_id: 11 local_depth1: 5
a1 :11  b1: 27 bucket_id: 11 local_depth1: 5
a1 :27  b1: 27 bucket_id: 11 local_depth1: 5
jump in
a1 :27  b1: 27 bucket_id: 11 local_depth1: 5
jump in
a1 :11  b1: 27 bucket_id: 11 local_depth1: 5
a1 :27  b1: 27 bucket_id: 11 local_depth1: 5
jump in
a1 :11  b1: 27 bucket_id: 11 local_depth1: 5
a1 :27  b1: 27 bucket_id: 11 local_depth1: 5
jump in
a1 :11  b1: 27 bucket_id: 11 local_depth1: 5
a1 :27  b1: 27 bucket_id: 11 local_depth1: 5
jump in
a1 :11  b1: 27 bucket_id: 11 local_depth1: 5
110011001010101
111111100000000
getFreeBucket
bucket_id: 27
111111100000000getFreeKvSlot
search
insert
search
getFreeBucket
bucket_id: 28
111111111111111splitBucket
local_depth1: 4
getFreeSlot
getNewBucket
newbucket: 000000000000000
111111111111111
000000000000000
a1 :12  b1: 28 bucket_id: 12 local_depth1: 5
a1 :12  b1: 28 bucket_id: 12 local_depth1: 5
a1 :28  b1: 28 bucket_id: 12 local_depth1: 5
jump in
a1 :28  b1: 28 bucket_id: 12 local_depth1: 5
jump in
a1 :12  b1: 28 bucket_id: 12 local_depth1: 5
a1 :28  b1: 28 bucket_id: 12 local_depth1: 5
jump in
a1 :12  b1: 28 bucket_id: 12 local_depth1: 5
a1 :28  b1: 28 bucket_id: 12 local_depth1: 5
jump in
a1 :12  b1: 28 bucket_id: 12 local_depth1: 5
a1 :28  b1: 28 bucket_id: 12 local_depth1: 5
jump in
a1 :12  b1: 28 bucket_id: 12 local_depth1: 5
a1 :28  b1: 28 bucket_id: 12 local_depth1: 5
jump in
a1 :12  b1: 28 bucket_id: 12 local_depth1: 5
a1 :28  b1: 28 bucket_id: 12 local_depth1: 5
jump in
a1 :12  b1: 28 bucket_id: 12 local_depth1: 5
110010101010101
111111100000000
getFreeBucket
bucket_id: 28
111111100000000getFreeKvSlot
search
insert
search
getFreeBucket
bucket_id: 29
111111111111111splitBucket
local_depth1: 4
getFreeSlot
getNewBucket
newbucket: 000000000000000
111111111111111
000000000000000
a1 :13  b1: 29 bucket_id: 13 local_depth1: 5
a1 :13  b1: 29 bucket_id: 13 local_depth1: 5
a1 :29  b1: 29 bucket_id: 13 local_depth1: 5
jump in
a1 :29  b1: 29 bucket_id: 13 local_depth1: 5
jump in
a1 :13  b1: 29 bucket_id: 13 local_depth1: 5
a1 :29  b1: 29 bucket_id: 13 local_depth1: 5
jump in
a1 :13  b1: 29 bucket_id: 13 local_depth1: 5
a1 :29  b1: 29 bucket_id: 13 local_depth1: 5
jump in
a1 :13  b1: 29 bucket_id: 13 local_depth1: 5
a1 :29  b1: 29 bucket_id: 13 local_depth1: 5
jump in
a1 :13  b1: 29 bucket_id: 13 local_depth1: 5
a1 :29  b1: 29 bucket_id: 13 local_depth1: 5
jump in
a1 :13  b1: 29 bucket_id: 13 local_depth1: 5
a1 :29  b1: 29 bucket_id: 13 local_depth1: 5
jump in
a1 :13  b1: 29 bucket_id: 13 local_depth1: 5
110010101010101
111111100000000
getFreeBucket
bucket_id: 29
111111100000000getFreeKvSlot
search
insert
search
getFreeBucket
bucket_id: 30
111111111111111splitBucket
local_depth1: 4
getFreeSlot
getNewBucket
newbucket: 000000000000000
111111111111111
000000000000000
a1 :14  b1: 30 bucket_id: 14 local_depth1: 5
a1 :30  b1: 30 bucket_id: 14 local_depth1: 5
jump in
a1 :14  b1: 30 bucket_id: 14 local_depth1: 5
a1 :30  b1: 30 bucket_id: 14 local_depth1: 5
jump in
a1 :14  b1: 30 bucket_id: 14 local_depth1: 5
a1 :30  b1: 30 bucket_id: 14 local_depth1: 5
jump in
a1 :14  b1: 30 bucket_id: 14 local_depth1: 5
a1 :30  b1: 30 bucket_id: 14 local_depth1: 5
jump in
a1 :14  b1: 30 bucket_id: 14 local_depth1: 5
a1 :30  b1: 30 bucket_id: 14 local_depth1: 5
jump in
a1 :14  b1: 30 bucket_id: 14 local_depth1: 5
a1 :30  b1: 30 bucket_id: 14 local_depth1: 5
jump in
a1 :14  b1: 30 bucket_id: 14 local_depth1: 5
a1 :30  b1: 30 bucket_id: 14 local_depth1: 5
jump in
a1 :14  b1: 30 bucket_id: 14 local_depth1: 5
101010101010101
111111100000000
getFreeBucket
bucket_id: 30
111111100000000getFreeKvSlot
search
insert
search
getFreeBucket
bucket_id: 31
111111111111111splitBucket
local_depth1: 4
getFreeSlot
getNewBucket
newbucket: 000000000000000
111111111111111
000000000000000
a1 :15  b1: 31 bucket_id: 15 local_depth1: 5
a1 :31  b1: 31 bucket_id: 15 local_depth1: 5
jump in
a1 :15  b1: 31 bucket_id: 15 local_depth1: 5
a1 :31  b1: 31 bucket_id: 15 local_depth1: 5
jump in
a1 :15  b1: 31 bucket_id: 15 local_depth1: 5
a1 :31  b1: 31 bucket_id: 15 local_depth1: 5
jump in
a1 :15  b1: 31 bucket_id: 15 local_depth1: 5
a1 :31  b1: 31 bucket_id: 15 local_depth1: 5
jump in
a1 :15  b1: 31 bucket_id: 15 local_depth1: 5
a1 :31  b1: 31 bucket_id: 15 local_depth1: 5
jump in
a1 :15  b1: 31 bucket_id: 15 local_depth1: 5
a1 :31  b1: 31 bucket_id: 15 local_depth1: 5
jump in
a1 :15  b1: 31 bucket_id: 15 local_depth1: 5
a1 :31  b1: 31 bucket_id: 15 local_depth1: 5
jump in
a1 :15  b1: 31 bucket_id: 15 local_depth1: 5
101010101010101
111111100000000
getFreeBucket
bucket_id: 31
111111100000000getFreeKvSlot
search
insert
search
getFreeBucket
bucket_id: 0
111101000011010getFreeKvSlot
search
insert
search
getFreeBucket
bucket_id: 1
111101000011010getFreeKvSlot
search
insert
search
getFreeBucket
bucket_id: 2
111000101110001getFreeKvSlot
search
insert
search
getFreeBucket
bucket_id: 3
111000101110001getFreeKvSlot
search
insert
search
getFreeBucket
bucket_id: 4
111000101100110getFreeKvSlot
search
insert
search
getFreeBucket
bucket_id: 5
111000101100110getFreeKvSlot
search
insert
search
getFreeBucket
bucket_id: 6
110011001100110getFreeKvSlot
search
insert
search
getFreeBucket
bucket_id: 7
110011001100110getFreeKvSlot
search
insert
search
getFreeBucket
bucket_id: 8
111010001010101getFreeKvSlot
search
insert
search
getFreeBucket
bucket_id: 9
111010001010101getFreeKvSlot
search
insert
search
getFreeBucket
bucket_id: 10
110011001010101getFreeKvSlot
search
insert
search
getFreeBucket
bucket_id: 11
110011001010101getFreeKvSlot
search
insert
search
getFreeBucket
bucket_id: 12
110010101010101getFreeKvSlot
search
insert
search
getFreeBucket
bucket_id: 13
110010101010101getFreeKvSlot
search
insert
search
getFreeBucket
bucket_id: 14
101010101010101getFreeKvSlot
search
insert
search
getFreeBucket
bucket_id: 15
101010101010101getFreeKvSlot
search
insert
search
getFreeBucket
bucket_id: 16
111111110000000getFreeKvSlot
search
insert
search
getFreeBucket
bucket_id: 17
111111110000000getFreeKvSlot
search
insert
search
getFreeBucket
bucket_id: 18
111111110000000getFreeKvSlot
search
insert
search
getFreeBucket
bucket_id: 19
111111110000000getFreeKvSlot
search
insert
search
getFreeBucket
bucket_id: 20
111111110000000getFreeKvSlot
search
insert
search
getFreeBucket
bucket_id: 21
111111110000000getFreeKvSlot
search
insert
search
getFreeBucket
bucket_id: 22
111111110000000getFreeKvSlot
search
insert
search
getFreeBucket
bucket_id: 23
111111110000000getFreeKvSlot
search
insert
search
getFreeBucket
bucket_id: 24
111111110000000getFreeKvSlot
search
insert
search
getFreeBucket
bucket_id: 25
111111110000000getFreeKvSlot
search
insert
search
getFreeBucket
bucket_id: 26
111111110000000getFreeKvSlot
search
insert
search
getFreeBucket
bucket_id: 27
111111110000000getFreeKvSlot
search
insert
search
getFreeBucket
bucket_id: 28
111111110000000getFreeKvSlot
search
insert
search
getFreeBucket
bucket_id: 29
111111110000000getFreeKvSlot
search
insert
search
getFreeBucket
bucket_id: 30
111111110000000getFreeKvSlot
search
insert
search
getFreeBucket
bucket_id: 31
111111110000000getFreeKvSlot
search
insert
search
getFreeBucket
bucket_id: 0
111111000011010getFreeKvSlot
search
insert
search
getFreeBucket
bucket_id: 1
111111000011010getFreeKvSlot
search
insert
search
getFreeBucket
bucket_id: 2
111100101110001getFreeKvSlot
search
insert
search
getFreeBucket
bucket_id: 3
111100101110001getFreeKvSlot
search
insert
search
getFreeBucket
bucket_id: 4
111100101100110getFreeKvSlot
search
insert
search
getFreeBucket
bucket_id: 5
111100101100110getFreeKvSlot
search
insert
search
getFreeBucket
bucket_id: 6
111011001100110getFreeKvSlot
search
insert
search
getFreeBucket
bucket_id: 7
111011001100110getFreeKvSlot
search
insert
search
getFreeBucket
bucket_id: 8
111110001010101getFreeKvSlot
search
insert
search
getFreeBucket
bucket_id: 9
111110001010101getFreeKvSlot
search
insert
search
getFreeBucket
bucket_id: 10
111011001010101getFreeKvSlot
search
insert
search
getFreeBucket
bucket_id: 11
111011001010101getFreeKvSlot
search
insert
search
getFreeBucket
bucket_id: 12
111010101010101getFreeKvSlot
search
insert
search
getFreeBucket
bucket_id: 13
111010101010101getFreeKvSlot
search
insert
search
getFreeBucket
bucket_id: 14
111010101010101getFreeKvSlot
search
insert
search
getFreeBucket
bucket_id: 15
111010101010101getFreeKvSlot
search
insert
search
getFreeBucket
bucket_id: 16
111111111000000getFreeKvSlot
search
insert
search
getFreeBucket
bucket_id: 17
111111111000000getFreeKvSlot
search
insert
search
getFreeBucket
bucket_id: 18
111111111000000getFreeKvSlot
search
insert
search
getFreeBucket
bucket_id: 19
111111111000000getFreeKvSlot
search
insert
search
getFreeBucket
bucket_id: 20
111111111000000getFreeKvSlot
search
insert
search
getFreeBucket
bucket_id: 21
111111111000000getFreeKvSlot
search
insert
search
getFreeBucket
bucket_id: 22
111111111000000getFreeKvSlot
search
insert
search
getFreeBucket
bucket_id: 23
111111111000000getFreeKvSlot
search
insert
search
getFreeBucket
bucket_id: 24
111111111000000getFreeKvSlot
search
insert
search
getFreeBucket
bucket_id: 25
111111111000000getFreeKvSlot
search
insert
search
getFreeBucket
bucket_id: 26
111111111000000getFreeKvSlot
search
insert
search
getFreeBucket
bucket_id: 27
111111111000000getFreeKvSlot
search
insert
search
getFreeBucket
bucket_id: 28
111111111000000getFreeKvSlot
search
insert
search
getFreeBucket
bucket_id: 29
111111111000000getFreeKvSlot
search
insert
search
getFreeBucket
bucket_id: 30
111111111000000getFreeKvSlot
search
insert
search
getFreeBucket
bucket_id: 31
111111111000000getFreeKvSlot
search
insert
search
getFreeBucket
bucket_id: 0
111111100011010getFreeKvSlot
search
insert
search
getFreeBucket
bucket_id: 1
111111100011010getFreeKvSlot
search
insert
search
getFreeBucket
bucket_id: 2
111110101110001getFreeKvSlot
search
insert
search
getFreeBucket
bucket_id: 3
111110101110001getFreeKvSlot
search
insert
search
getFreeBucket
bucket_id: 4
111110101100110getFreeKvSlot
search
insert
search
getFreeBucket
bucket_id: 5
111110101100110getFreeKvSlot
search
insert
search
getFreeBucket
bucket_id: 6
111111001100110getFreeKvSlot
search
insert
search
getFreeBucket
bucket_id: 7
111111001100110getFreeKvSlot
search
insert
search
getFreeBucket
bucket_id: 8
111111001010101getFreeKvSlot
search
insert
search
getFreeBucket
bucket_id: 9
111111001010101getFreeKvSlot
search
insert
search
getFreeBucket
bucket_id: 10
111111001010101getFreeKvSlot
search
insert
search
getFreeBucket
bucket_id: 11
111111001010101getFreeKvSlot
search
insert
search
getFreeBucket
bucket_id: 12
111110101010101getFreeKvSlot
search
insert
search
getFreeBucket
bucket_id: 13
111110101010101getFreeKvSlot
search
insert
search
getFreeBucket
bucket_id: 14
111110101010101getFreeKvSlot
search
insert
search
getFreeBucket
bucket_id: 15
111110101010101getFreeKvSlot
search
insert
search
getFreeBucket
bucket_id: 16
111111111100000getFreeKvSlot
search
insert
search
getFreeBucket
bucket_id: 17
111111111100000getFreeKvSlot
search
insert
search
getFreeBucket
bucket_id: 18
111111111100000getFreeKvSlot
search
insert
search
getFreeBucket
bucket_id: 19
111111111100000getFreeKvSlot
search
insert
search
getFreeBucket
bucket_id: 20
111111111100000getFreeKvSlot
search
insert
search
getFreeBucket
bucket_id: 21
111111111100000getFreeKvSlot
search
insert
search
getFreeBucket
bucket_id: 22
111111111100000getFreeKvSlot
search
insert
search
getFreeBucket
bucket_id: 23
111111111100000getFreeKvSlot
search
insert
search
getFreeBucket
bucket_id: 24
111111111100000getFreeKvSlot
search
insert
search
getFreeBucket
bucket_id: 25
111111111100000getFreeKvSlot
search
insert
search
getFreeBucket
bucket_id: 26
111111111100000getFreeKvSlot
search
insert
search
getFreeBucket
bucket_id: 27
111111111100000getFreeKvSlot
search
insert
search
getFreeBucket
bucket_id: 28
111111111100000getFreeKvSlot
search
insert
search
getFreeBucket
bucket_id: 29
111111111100000getFreeKvSlot
search
insert
search
getFreeBucket
bucket_id: 30
111111111100000getFreeKvSlot
search
insert
search
getFreeBucket
bucket_id: 31
111111111100000getFreeKvSlot
search
insert
search
getFreeBucket
bucket_id: 0
111111110011010getFreeKvSlot
search
insert
search
getFreeBucket
bucket_id: 1
111111110011010getFreeKvSlot
search
insert
search
getFreeBucket
bucket_id: 2
111111101110001getFreeKvSlot
search
insert
search
getFreeBucket
bucket_id: 3
111111101110001getFreeKvSlot
search
insert
search
getFreeBucket
bucket_id: 4
111111101100110getFreeKvSlot
search
insert
search
getFreeBucket
bucket_id: 5
111111101100110getFreeKvSlot
search
insert
search
getFreeBucket
bucket_id: 6
111111101100110getFreeKvSlot
search
insert
search
getFreeBucket
bucket_id: 7
111111101100110getFreeKvSlot
search
insert
search
getFreeBucket
bucket_id: 8
111111101010101getFreeKvSlot
search
insert
search
getFreeBucket
bucket_id: 9
111111101010101getFreeKvSlot
search
insert
search
getFreeBucket
bucket_id: 10
111111101010101getFreeKvSlot
search
insert
search
getFreeBucket
bucket_id: 11
111111101010101getFreeKvSlot
search
insert
search
getFreeBucket
bucket_id: 12
111111101010101getFreeKvSlot
search
insert
search
getFreeBucket
bucket_id: 13
111111101010101getFreeKvSlot
search
insert
search
getFreeBucket
bucket_id: 14
111111101010101getFreeKvSlot
search
insert
search
getFreeBucket
bucket_id: 15
111111101010101getFreeKvSlot
search
insert
search
getFreeBucket
bucket_id: 16
111111111110000getFreeKvSlot
search
insert
search
getFreeBucket
bucket_id: 17
111111111110000getFreeKvSlot
search
insert
search
getFreeBucket
bucket_id: 18
111111111110000getFreeKvSlot
search
insert
search
getFreeBucket
bucket_id: 19
111111111110000getFreeKvSlot
search
insert
search
getFreeBucket
bucket_id: 20
111111111110000getFreeKvSlot
search
insert
search
getFreeBucket
bucket_id: 21
111111111110000getFreeKvSlot
search
insert
search
getFreeBucket
bucket_id: 22
111111111110000getFreeKvSlot
search
insert
search
getFreeBucket
bucket_id: 23
111111111110000getFreeKvSlot
search
insert
search
getFreeBucket
bucket_id: 24
111111111110000getFreeKvSlot
search
insert
search
getFreeBucket
bucket_id: 25
111111111110000getFreeKvSlot
search
insert
search
getFreeBucket
bucket_id: 26
111111111110000getFreeKvSlot
search
insert
search
getFreeBucket
bucket_id: 27
111111111110000getFreeKvSlot
search
insert
search
getFreeBucket
bucket_id: 28
111111111110000getFreeKvSlot
search
insert
search
getFreeBucket
bucket_id: 29
111111111110000getFreeKvSlot
search
insert
search
getFreeBucket
bucket_id: 30
111111111110000getFreeKvSlot
search
insert
search
getFreeBucket
bucket_id: 31
111111111110000getFreeKvSlot
search
insert
search
getFreeBucket
bucket_id: 0
111111111011010getFreeKvSlot
search
insert
search
getFreeBucket
bucket_id: 1
111111111011010getFreeKvSlot
search
insert
search
getFreeBucket
bucket_id: 2
111111111110001getFreeKvSlot
search
insert
search
getFreeBucket
bucket_id: 3
111111111110001getFreeKvSlot
search
insert
search
getFreeBucket
bucket_id: 4
111111111100110getFreeKvSlot
search
insert
search
getFreeBucket
bucket_id: 5
111111111100110getFreeKvSlot
search
insert
search
getFreeBucket
bucket_id: 6
111111111100110getFreeKvSlot
search
insert
search
getFreeBucket
bucket_id: 7
111111111100110getFreeKvSlot
search
insert
search
getFreeBucket
bucket_id: 8
111111111010101getFreeKvSlot
search
insert
search
getFreeBucket
bucket_id: 9
111111111010101getFreeKvSlot
search
insert
search
getFreeBucket
bucket_id: 10
111111111010101getFreeKvSlot
search
insert
search
getFreeBucket
bucket_id: 11
111111111010101getFreeKvSlot
search
insert
search
getFreeBucket
bucket_id: 12
111111111010101getFreeKvSlot
search
insert
search
getFreeBucket
bucket_id: 13
111111111010101getFreeKvSlot
search
insert
search
getFreeBucket
bucket_id: 14
111111111010101getFreeKvSlot
search
insert
search
getFreeBucket
bucket_id: 15
111111111010101getFreeKvSlot
search
insert
search
getFreeBucket
bucket_id: 16
111111111111000getFreeKvSlot
search
insert
search
getFreeBucket
bucket_id: 17
111111111111000getFreeKvSlot
search
insert
search
getFreeBucket
bucket_id: 18
111111111111000getFreeKvSlot
search
insert
search
getFreeBucket
bucket_id: 19
111111111111000getFreeKvSlot
search
insert
search
getFreeBucket
bucket_id: 20
111111111111000getFreeKvSlot
search
insert
search
getFreeBucket
bucket_id: 21
111111111111000getFreeKvSlot
search
insert
search
getFreeBucket
bucket_id: 22
111111111111000getFreeKvSlot
search
insert
search
getFreeBucket
bucket_id: 23
111111111111000getFreeKvSlot
search
insert
search
getFreeBucket
bucket_id: 24
111111111111000getFreeKvSlot
search
insert
search
getFreeBucket
bucket_id: 25
111111111111000getFreeKvSlot
search
insert
search
getFreeBucket
bucket_id: 26
111111111111000getFreeKvSlot
search
insert
search
getFreeBucket
bucket_id: 27
111111111111000getFreeKvSlot
search
insert
search
getFreeBucket
bucket_id: 28
111111111111000getFreeKvSlot
search
insert
search
getFreeBucket
bucket_id: 29
111111111111000getFreeKvSlot
search
insert
search
getFreeBucket
bucket_id: 30
111111111111000getFreeKvSlot
search
insert
search
getFreeBucket
bucket_id: 31
111111111111000getFreeKvSlot
search
insert
search
getFreeBucket
bucket_id: 0
111111111111010getFreeKvSlot
search
insert
search
getFreeBucket
bucket_id: 1
111111111111010getFreeKvSlot
search
insert
search
getFreeBucket
bucket_id: 2
111111111111001getFreeKvSlot
search
insert
search
getFreeBucket
bucket_id: 3
111111111111001getFreeKvSlot
search
insert
search
getFreeBucket
bucket_id: 4
111111111110110getFreeKvSlot
search
insert
search
getFreeBucket
bucket_id: 5
111111111110110getFreeKvSlot
search
insert
search
getFreeBucket
bucket_id: 6
111111111110110getFreeKvSlot
search
insert
search
getFreeBucket
bucket_id: 7
111111111110110getFreeKvSlot
search
insert
search
getFreeBucket
bucket_id: 8
111111111110101getFreeKvSlot
search
insert
search
getFreeBucket
bucket_id: 9
111111111110101getFreeKvSlot
search
insert
search
getFreeBucket
bucket_id: 10
111111111110101getFreeKvSlot
search
insert
search
getFreeBucket
bucket_id: 11
111111111110101getFreeKvSlot
search
insert
search
getFreeBucket
bucket_id: 12
111111111110101getFreeKvSlot
search
insert
search
getFreeBucket
bucket_id: 13
111111111110101getFreeKvSlot
search
insert
search
getFreeBucket
bucket_id: 14
111111111110101getFreeKvSlot
search
insert
search
getFreeBucket
bucket_id: 15
111111111110101getFreeKvSlot
search
insert
search
getFreeBucket
bucket_id: 16
111111111111100getFreeKvSlot
search
insert
search
getFreeBucket
bucket_id: 17
111111111111100getFreeKvSlot
search
insert
search
getFreeBucket
bucket_id: 18
111111111111100getFreeKvSlot
search
insert
search
getFreeBucket
bucket_id: 19
111111111111100getFreeKvSlot
search
insert
search
getFreeBucket
bucket_id: 20
111111111111100getFreeKvSlot
search
insert
search
getFreeBucket
bucket_id: 21
111111111111100getFreeKvSlot
search
insert
search
getFreeBucket
bucket_id: 22
111111111111100getFreeKvSlot
search
insert
search
getFreeBucket
bucket_id: 23
111111111111100getFreeKvSlot
search
insert
search
getFreeBucket
bucket_id: 24
111111111111100getFreeKvSlot
search
insert
search
getFreeBucket
bucket_id: 25
111111111111100getFreeKvSlot
search
insert
search
getFreeBucket
bucket_id: 26
111111111111100getFreeKvSlot
search
insert
search
getFreeBucket
bucket_id: 27
111111111111100getFreeKvSlot
search
insert
search
getFreeBucket
bucket_id: 28
111111111111100getFreeKvSlot
search
insert
search
getFreeBucket
bucket_id: 29
111111111111100getFreeKvSlot
search
insert
search
getFreeBucket
bucket_id: 30
111111111111100getFreeKvSlot
search
insert
search
getFreeBucket
bucket_id: 31
111111111111100getFreeKvSlot
search
insert
search
getFreeBucket
bucket_id: 0
111111111111110getFreeKvSlot
search
insert
search
getFreeBucket
bucket_id: 1
111111111111110getFreeKvSlot
search
insert
search
getFreeBucket
bucket_id: 2
111111111111101getFreeKvSlot
search
insert
search
getFreeBucket
bucket_id: 3
111111111111101getFreeKvSlot
search
insert
search
getFreeBucket
bucket_id: 4
111111111111110getFreeKvSlot
search
insert
search
getFreeBucket
bucket_id: 5
111111111111110getFreeKvSlot
search
insert
search
getFreeBucket
bucket_id: 6
111111111111110getFreeKvSlot
search
insert
search
getFreeBucket
bucket_id: 7
111111111111110getFreeKvSlot
search
insert
search
getFreeBucket
bucket_id: 8
111111111111101getFreeKvSlot
search
insert
search
getFreeBucket
bucket_id: 9
111111111111101getFreeKvSlot
search
insert
search
getFreeBucket
bucket_id: 10
111111111111101getFreeKvSlot
search
insert
search
getFreeBucket
bucket_id: 11
111111111111101getFreeKvSlot
search
insert
search
getFreeBucket
bucket_id: 12
111111111111101getFreeKvSlot
search
insert
search
getFreeBucket
bucket_id: 13
111111111111101getFreeKvSlot
search
insert
search
getFreeBucket
bucket_id: 14
111111111111101getFreeKvSlot
search
insert
search
getFreeBucket
bucket_id: 15
111111111111101getFreeKvSlot
search
insert
search
getFreeBucket
bucket_id: 16
111111111111110getFreeKvSlot
search
insert
search
getFreeBucket
bucket_id: 17
111111111111110getFreeKvSlot
search
insert
search
getFreeBucket
bucket_id: 18
111111111111110getFreeKvSlot
search
insert
search
getFreeBucket
bucket_id: 19
111111111111110getFreeKvSlot
search
insert
search
getFreeBucket
bucket_id: 20
111111111111110getFreeKvSlot
search
insert
search
getFreeBucket
bucket_id: 21
111111111111110getFreeKvSlot
search
insert
search
getFreeBucket
bucket_id: 22
111111111111110getFreeKvSlot
search
insert
search
getFreeBucket
bucket_id: 23
111111111111110getFreeKvSlot
search
insert
search
getFreeBucket
bucket_id: 24
111111111111110getFreeKvSlot
search
insert
search
getFreeBucket
bucket_id: 25
111111111111110getFreeKvSlot
search
insert
search
getFreeBucket
bucket_id: 26
111111111111110getFreeKvSlot
search
insert
search
getFreeBucket
bucket_id: 27
111111111111110getFreeKvSlot
search
insert
search
getFreeBucket
bucket_id: 28
111111111111110getFreeKvSlot
search
insert
search
getFreeBucket
bucket_id: 29
111111111111110getFreeKvSlot
search
insert
search
getFreeBucket
bucket_id: 30
111111111111110getFreeKvSlot
search
insert
search
getFreeBucket
bucket_id: 31
111111111111110getFreeKvSlot
search
insert
search
getFreeBucket
bucket_id: 0
111111111111111splitBucket
local_depth1: 5
extendCatalog
extendCatalog bp1
extendCatalog bp2
extendCatalog bp3
extendCatalog bp4
getFreeSlot
getNewBucket
allocNewPage
2564104
newbucket: 000000000000000
111111111111111
000000000000000
a1 :0  b1: 32 bucket_id: 0 local_depth1: 6
a1 :32  b1: 32 bucket_id: 0 local_depth1: 6
jump in
a1 :0  b1: 32 bucket_id: 0 local_depth1: 6
a1 :0  b1: 32 bucket_id: 0 local_depth1: 6
a1 :0  b1: 32 bucket_id: 0 local_depth1: 6
a1 :32  b1: 32 bucket_id: 0 local_depth1: 6
jump in
a1 :32  b1: 32 bucket_id: 0 local_depth1: 6
jump in
a1 :0  b1: 32 bucket_id: 0 local_depth1: 6
a1 :32  b1: 32 bucket_id: 0 local_depth1: 6
jump in
a1 :0  b1: 32 bucket_id: 0 local_depth1: 6
a1 :32  b1: 32 bucket_id: 0 local_depth1: 6
jump in
a1 :0  b1: 32 bucket_id: 0 local_depth1: 6
a1 :32  b1: 32 bucket_id: 0 local_depth1: 6
jump in
a1 :32  b1: 32 bucket_id: 0 local_depth1: 6
jump in
a1 :0  b1: 32 bucket_id: 0 local_depth1: 6
101110010101001
111111100000000
getFreeBucket
bucket_id: 32
111111100000000getFreeKvSlot
search
insert
search
getFreeBucket
bucket_id: 33
111111111111111splitBucket
local_depth1: 5
getFreeSlot
getNewBucket
newbucket: 000000000000000
111111111111111
000000000000000
a1 :1  b1: 33 bucket_id: 1 local_depth1: 6
a1 :33  b1: 33 bucket_id: 1 local_depth1: 6
jump in
a1 :1  b1: 33 bucket_id: 1 local_depth1: 6
a1 :1  b1: 33 bucket_id: 1 local_depth1: 6
a1 :1  b1: 33 bucket_id: 1 local_depth1: 6
a1 :33  b1: 33 bucket_id: 1 local_depth1: 6
jump in
a1 :33  b1: 33 bucket_id: 1 local_depth1: 6
jump in
a1 :1  b1: 33 bucket_id: 1 local_depth1: 6
a1 :33  b1: 33 bucket_id: 1 local_depth1: 6
jump in
a1 :1  b1: 33 bucket_id: 1 local_depth1: 6
a1 :33  b1: 33 bucket_id: 1 local_depth1: 6
jump in
a1 :1  b1: 33 bucket_id: 1 local_depth1: 6
a1 :33  b1: 33 bucket_id: 1 local_depth1: 6
jump in
a1 :33  b1: 33 bucket_id: 1 local_depth1: 6
jump in
a1 :1  b1: 33 bucket_id: 1 local_depth1: 6
101110010101001
111111100000000
getFreeBucket
bucket_id: 33
111111100000000getFreeKvSlot
search
insert
search
getFreeBucket
bucket_id: 34
111111111111111splitBucket
local_depth1: 5
getFreeSlot
getNewBucket
newbucket: 000000000000000
111111111111111
000000000000000
a1 :2  b1: 34 bucket_id: 2 local_depth1: 6
a1 :2  b1: 34 bucket_id: 2 local_depth1: 6
a1 :2  b1: 34 bucket_id: 2 local_depth1: 6
a1 :2  b1: 34 bucket_id: 2 local_depth1: 6
a1 :34  b1: 34 bucket_id: 2 local_depth1: 6
jump in
a1 :2  b1: 34 bucket_id: 2 local_depth1: 6
a1 :34  b1: 34 bucket_id: 2 local_depth1: 6
jump in
a1 :34  b1: 34 bucket_id: 2 local_depth1: 6
jump in
a1 :34  b1: 34 bucket_id: 2 local_depth1: 6
jump in
a1 :34  b1: 34 bucket_id: 2 local_depth1: 6
jump in
a1 :2  b1: 34 bucket_id: 2 local_depth1: 6
a1 :2  b1: 34 bucket_id: 2 local_depth1: 6
a1 :34  b1: 34 bucket_id: 2 local_depth1: 6
jump in
a1 :2  b1: 34 bucket_id: 2 local_depth1: 6
a1 :34  b1: 34 bucket_id: 2 local_depth1: 6
jump in
111101000011010
111111100000000
getFreeBucket
bucket_id: 34
111111100000000getFreeKvSlot
search
insert
search
getFreeBucket
bucket_id: 35
111111111111111splitBucket
local_depth1: 5
getFreeSlot
getNewBucket
newbucket: 000000000000000
111111111111111
000000000000000
a1 :3  b1: 35 bucket_id: 3 local_depth1: 6
a1 :3  b1: 35 bucket_id: 3 local_depth1: 6
a1 :3  b1: 35 bucket_id: 3 local_depth1: 6
a1 :3  b1: 35 bucket_id: 3 local_depth1: 6
a1 :35  b1: 35 bucket_id: 3 local_depth1: 6
jump in
a1 :3  b1: 35 bucket_id: 3 local_depth1: 6
a1 :35  b1: 35 bucket_id: 3 local_depth1: 6
jump in
a1 :35  b1: 35 bucket_id: 3 local_depth1: 6
jump in
a1 :35  b1: 35 bucket_id: 3 local_depth1: 6
jump in
a1 :35  b1: 35 bucket_id: 3 local_depth1: 6
jump in
a1 :3  b1: 35 bucket_id: 3 local_depth1: 6
a1 :3  b1: 35 bucket_id: 3 local_depth1: 6
a1 :35  b1: 35 bucket_id: 3 local_depth1: 6
jump in
a1 :3  b1: 35 bucket_id: 3 local_depth1: 6
a1 :35  b1: 35 bucket_id: 3 local_depth1: 6
jump in
111101000011010
111111100000000
getFreeBucket
bucket_id: 35
111111100000000getFreeKvSlot
search
insert
search
getFreeBucket
bucket_id: 36
111111111111111splitBucket
local_depth1: 5
getFreeSlot
getNewBucket
newbucket: 000000000000000
111111111111111
000000000000000
a1 :4  b1: 36 bucket_id: 4 local_depth1: 6
a1 :36  b1: 36 bucket_id: 4 local_depth1: 6
jump in
a1 :4  b1: 36 bucket_id: 4 local_depth1: 6
a1 :4  b1: 36 bucket_id: 4 local_depth1: 6
a1 :36  b1: 36 bucket_id: 4 local_depth1: 6
jump in
a1 :4  b1: 36 bucket_id: 4 local_depth1: 6
a1 :36  b1: 36 bucket_id: 4 local_depth1: 6
jump in
a1 :36  b1: 36 bucket_id: 4 local_depth1: 6
jump in
a1 :4  b1: 36 bucket_id: 4 local_depth1: 6
a1 :4  b1: 36 bucket_id: 4 local_depth1: 6
a1 :4  b1: 36 bucket_id: 4 local_depth1: 6
a1 :36  b1: 36 bucket_id: 4 local_depth1: 6
jump in
a1 :36  b1: 36 bucket_id: 4 local_depth1: 6
jump in
a1 :36  b1: 36 bucket_id: 4 local_depth1: 6
jump in
a1 :4  b1: 36 bucket_id: 4 local_depth1: 6
101101001110001
111111100000000
getFreeBucket
bucket_id: 36
111111100000000getFreeKvSlot
search
insert
search
getFreeBucket
bucket_id: 37
111111111111111splitBucket
local_depth1: 5
getFreeSlot
getNewBucket
newbucket: 000000000000000
111111111111111
000000000000000
a1 :5  b1: 37 bucket_id: 5 local_depth1: 6
a1 :37  b1: 37 bucket_id: 5 local_depth1: 6
jump in
a1 :5  b1: 37 bucket_id: 5 local_depth1: 6
a1 :5  b1: 37 bucket_id: 5 local_depth1: 6
a1 :37  b1: 37 bucket_id: 5 local_depth1: 6
jump in
a1 :5  b1: 37 bucket_id: 5 local_depth1: 6
a1 :37  b1: 37 bucket_id: 5 local_depth1: 6
jump in
a1 :37  b1: 37 bucket_id: 5 local_depth1: 6
jump in
a1 :5  b1: 37 bucket_id: 5 local_depth1: 6
a1 :5  b1: 37 bucket_id: 5 local_depth1: 6
a1 :5  b1: 37 bucket_id: 5 local_depth1: 6
a1 :37  b1: 37 bucket_id: 5 local_depth1: 6
jump in
a1 :37  b1: 37 bucket_id: 5 local_depth1: 6
jump in
a1 :37  b1: 37 bucket_id: 5 local_depth1: 6
jump in
a1 :5  b1: 37 bucket_id: 5 local_depth1: 6
101101001110001
111111100000000
getFreeBucket
bucket_id: 37
111111100000000getFreeKvSlot
search
insert
search
getFreeBucket
bucket_id: 38
111111111111111splitBucket
local_depth1: 5
getFreeSlot
getNewBucket
newbucket: 000000000000000
111111111111111
000000000000000
a1 :6  b1: 38 bucket_id: 6 local_depth1: 6
a1 :6  b1: 38 bucket_id: 6 local_depth1: 6
a1 :6  b1: 38 bucket_id: 6 local_depth1: 6
a1 :38  b1: 38 bucket_id: 6 local_depth1: 6
jump in
a1 :38  b1: 38 bucket_id: 6 local_depth1: 6
jump in
a1 :38  b1: 38 bucket_id: 6 local_depth1: 6
jump in
a1 :6  b1: 38 bucket_id: 6 local_depth1: 6
a1 :38  b1: 38 bucket_id: 6 local_depth1: 6
jump in
a1 :6  b1: 38 bucket_id: 6 local_depth1: 6
a1 :6  b1: 38 bucket_id: 6 local_depth1: 6
a1 :6  b1: 38 bucket_id: 6 local_depth1: 6
a1 :38  b1: 38 bucket_id: 6 local_depth1: 6
jump in
a1 :38  b1: 38 bucket_id: 6 local_depth1: 6
jump in
a1 :38  b1: 38 bucket_id: 6 local_depth1: 6
jump in
a1 :6  b1: 38 bucket_id: 6 local_depth1: 6
111000101110001
111111100000000
getFreeBucket
bucket_id: 38
111111100000000getFreeKvSlot
search
insert
search
getFreeBucket
bucket_id: 39
111111111111111splitBucket
local_depth1: 5
getFreeSlot
getNewBucket
newbucket: 000000000000000
111111111111111
000000000000000
a1 :7  b1: 39 bucket_id: 7 local_depth1: 6
a1 :7  b1: 39 bucket_id: 7 local_depth1: 6
a1 :7  b1: 39 bucket_id: 7 local_depth1: 6
a1 :39  b1: 39 bucket_id: 7 local_depth1: 6
jump in
a1 :39  b1: 39 bucket_id: 7 local_depth1: 6
jump in
a1 :39  b1: 39 bucket_id: 7 local_depth1: 6
jump in
a1 :7  b1: 39 bucket_id: 7 local_depth1: 6
a1 :39  b1: 39 bucket_id: 7 local_depth1: 6
jump in
a1 :7  b1: 39 bucket_id: 7 local_depth1: 6
a1 :7  b1: 39 bucket_id: 7 local_depth1: 6
a1 :7  b1: 39 bucket_id: 7 local_depth1: 6
a1 :39  b1: 39 bucket_id: 7 local_depth1: 6
jump in
a1 :39  b1: 39 bucket_id: 7 local_depth1: 6
jump in
a1 :39  b1: 39 bucket_id: 7 local_depth1: 6
jump in
a1 :7  b1: 39 bucket_id: 7 local_depth1: 6
111000101110001
111111100000000
getFreeBucket
bucket_id: 39
111111100000000getFreeKvSlot
search
insert
search
getFreeBucket
bucket_id: 40
111111111111111splitBucket
local_depth1: 5
getFreeSlot
getNewBucket
newbucket: 000000000000000
111111111111111
000000000000000
a1 :8  b1: 40 bucket_id: 8 local_depth1: 6
a1 :8  b1: 40 bucket_id: 8 local_depth1: 6
a1 :40  b1: 40 bucket_id: 8 local_depth1: 6
jump in
a1 :8  b1: 40 bucket_id: 8 local_depth1: 6
a1 :40  b1: 40 bucket_id: 8 local_depth1: 6
jump in
a1 :40  b1: 40 bucket_id: 8 local_depth1: 6
jump in
a1 :8  b1: 40 bucket_id: 8 local_depth1: 6
a1 :40  b1: 40 bucket_id: 8 local_depth1: 6
jump in
a1 :8  b1: 40 bucket_id: 8 local_depth1: 6
a1 :8  b1: 40 bucket_id: 8 local_depth1: 6
a1 :40  b1: 40 bucket_id: 8 local_depth1: 6
jump in
a1 :40  b1: 40 bucket_id: 8 local_depth1: 6
jump in
a1 :8  b1: 40 bucket_id: 8 local_depth1: 6
a1 :8  b1: 40 bucket_id: 8 local_depth1: 6
a1 :40  b1: 40 bucket_id: 8 local_depth1: 6
jump in
110100101100110
111111100000000
getFreeBucket
bucket_id: 40
111111100000000getFreeKvSlot
search
insert
search
getFreeBucket
bucket_id: 41
111111111111111splitBucket
local_depth1: 5
getFreeSlot
getNewBucket
newbucket: 000000000000000
111111111111111
000000000000000
a1 :9  b1: 41 bucket_id: 9 local_depth1: 6
a1 :9  b1: 41 bucket_id: 9 local_depth1: 6
a1 :41  b1: 41 bucket_id: 9 local_depth1: 6
jump in
a1 :9  b1: 41 bucket_id: 9 local_depth1: 6
a1 :41  b1: 41 bucket_id: 9 local_depth1: 6
jump in
a1 :41  b1: 41 bucket_id: 9 local_depth1: 6
jump in
a1 :9  b1: 41 bucket_id: 9 local_depth1: 6
a1 :41  b1: 41 bucket_id: 9 local_depth1: 6
jump in
a1 :9  b1: 41 bucket_id: 9 local_depth1: 6
a1 :9  b1: 41 bucket_id: 9 local_depth1: 6
a1 :41  b1: 41 bucket_id: 9 local_depth1: 6
jump in
a1 :41  b1: 41 bucket_id: 9 local_depth1: 6
jump in
a1 :9  b1: 41 bucket_id: 9 local_depth1: 6
a1 :9  b1: 41 bucket_id: 9 local_depth1: 6
a1 :41  b1: 41 bucket_id: 9 local_depth1: 6
jump in
110100101100110
111111100000000
getFreeBucket
bucket_id: 41
111111100000000getFreeKvSlot
search
insert
search
getFreeBucket
bucket_id: 42
111111111111111splitBucket
local_depth1: 5
getFreeSlot
getNewBucket
newbucket: 000000000000000
111111111111111
000000000000000
a1 :10  b1: 42 bucket_id: 10 local_depth1: 6
a1 :10  b1: 42 bucket_id: 10 local_depth1: 6
a1 :10  b1: 42 bucket_id: 10 local_depth1: 6
a1 :42  b1: 42 bucket_id: 10 local_depth1: 6
jump in
a1 :42  b1: 42 bucket_id: 10 local_depth1: 6
jump in
a1 :42  b1: 42 bucket_id: 10 local_depth1: 6
jump in
a1 :10  b1: 42 bucket_id: 10 local_depth1: 6
a1 :42  b1: 42 bucket_id: 10 local_depth1: 6
jump in
a1 :10  b1: 42 bucket_id: 10 local_depth1: 6
a1 :10  b1: 42 bucket_id: 10 local_depth1: 6
a1 :42  b1: 42 bucket_id: 10 local_depth1: 6
jump in
a1 :42  b1: 42 bucket_id: 10 local_depth1: 6
jump in
a1 :10  b1: 42 bucket_id: 10 local_depth1: 6
a1 :10  b1: 42 bucket_id: 10 local_depth1: 6
a1 :42  b1: 42 bucket_id: 10 local_depth1: 6
jump in
111000101100110
111111100000000
getFreeBucket
bucket_id: 42
111111100000000getFreeKvSlot
search
insert
search
getFreeBucket
bucket_id: 43
111111111111111splitBucket
local_depth1: 5
getFreeSlot
getNewBucket
newbucket: 000000000000000
111111111111111
000000000000000
a1 :11  b1: 43 bucket_id: 11 local_depth1: 6
a1 :11  b1: 43 bucket_id: 11 local_depth1: 6
a1 :11  b1: 43 bucket_id: 11 local_depth1: 6
a1 :43  b1: 43 bucket_id: 11 local_depth1: 6
jump in
a1 :43  b1: 43 bucket_id: 11 local_depth1: 6
jump in
a1 :43  b1: 43 bucket_id: 11 local_depth1: 6
jump in
a1 :11  b1: 43 bucket_id: 11 local_depth1: 6
a1 :43  b1: 43 bucket_id: 11 local_depth1: 6
jump in
a1 :11  b1: 43 bucket_id: 11 local_depth1: 6
a1 :11  b1: 43 bucket_id: 11 local_depth1: 6
a1 :43  b1: 43 bucket_id: 11 local_depth1: 6
jump in
a1 :43  b1: 43 bucket_id: 11 local_depth1: 6
jump in
a1 :11  b1: 43 bucket_id: 11 local_depth1: 6
a1 :11  b1: 43 bucket_id: 11 local_depth1: 6
a1 :43  b1: 43 bucket_id: 11 local_depth1: 6
jump in
111000101100110
111111100000000
getFreeBucket
bucket_id: 43
111111100000000getFreeKvSlot
search
insert
search
getFreeBucket
bucket_id: 44
111111111111111splitBucket
local_depth1: 5
getFreeSlot
getNewBucket
newbucket: 000000000000000
111111111111111
000000000000000
a1 :12  b1: 44 bucket_id: 12 local_depth1: 6
a1 :44  b1: 44 bucket_id: 12 local_depth1: 6
jump in
a1 :12  b1: 44 bucket_id: 12 local_depth1: 6
a1 :44  b1: 44 bucket_id: 12 local_depth1: 6
jump in
a1 :12  b1: 44 bucket_id: 12 local_depth1: 6
a1 :12  b1: 44 bucket_id: 12 local_depth1: 6
a1 :44  b1: 44 bucket_id: 12 local_depth1: 6
jump in
a1 :44  b1: 44 bucket_id: 12 local_depth1: 6
jump in
a1 :12  b1: 44 bucket_id: 12 local_depth1: 6
a1 :12  b1: 44 bucket_id: 12 local_depth1: 6
a1 :44  b1: 44 bucket_id: 12 local_depth1: 6
jump in
a1 :44  b1: 44 bucket_id: 12 local_depth1: 6
jump in
a1 :12  b1: 44 bucket_id: 12 local_depth1: 6
a1 :12  b1: 44 bucket_id: 12 local_depth1: 6
a1 :44  b1: 44 bucket_id: 12 local_depth1: 6
jump in
101011001100110
111111100000000
getFreeBucket
bucket_id: 44
111111100000000getFreeKvSlot
search
insert
search
getFreeBucket
bucket_id: 45
111111111111111splitBucket
local_depth1: 5
getFreeSlot
getNewBucket
newbucket: 000000000000000
111111111111111
000000000000000
a1 :13  b1: 45 bucket_id: 13 local_depth1: 6
a1 :45  b1: 45 bucket_id: 13 local_depth1: 6
jump in
a1 :13  b1: 45 bucket_id: 13 local_depth1: 6
a1 :45  b1: 45 bucket_id: 13 local_depth1: 6
jump in
a1 :13  b1: 45 bucket_id: 13 local_depth1: 6
a1 :13  b1: 45 bucket_id: 13 local_depth1: 6
a1 :45  b1: 45 bucket_id: 13 local_depth1: 6
jump in
a1 :45  b1: 45 bucket_id: 13 local_depth1: 6
jump in
a1 :13  b1: 45 bucket_id: 13 local_depth1: 6
a1 :13  b1: 45 bucket_id: 13 local_depth1: 6
a1 :45  b1: 45 bucket_id: 13 local_depth1: 6
jump in
a1 :45  b1: 45 bucket_id: 13 local_depth1: 6
jump in
a1 :13  b1: 45 bucket_id: 13 local_depth1: 6
a1 :13  b1: 45 bucket_id: 13 local_depth1: 6
a1 :45  b1: 45 bucket_id: 13 local_depth1: 6
jump in
101011001100110
111111100000000
getFreeBucket
bucket_id: 45
111111100000000getFreeKvSlot
search
insert
search
getFreeBucket
bucket_id: 46
111111111111111splitBucket
local_depth1: 5
getFreeSlot
getNewBucket
newbucket: 000000000000000
111111111111111
000000000000000
a1 :14  b1: 46 bucket_id: 14 local_depth1: 6
a1 :14  b1: 46 bucket_id: 14 local_depth1: 6
a1 :46  b1: 46 bucket_id: 14 local_depth1: 6
jump in
a1 :46  b1: 46 bucket_id: 14 local_depth1: 6
jump in
a1 :14  b1: 46 bucket_id: 14 local_depth1: 6
a1 :14  b1: 46 bucket_id: 14 local_depth1: 6
a1 :46  b1: 46 bucket_id: 14 local_depth1: 6
jump in
a1 :46  b1: 46 bucket_id: 14 local_depth1: 6
jump in
a1 :14  b1: 46 bucket_id: 14 local_depth1: 6
a1 :14  b1: 46 bucket_id: 14 local_depth1: 6
a1 :46  b1: 46 bucket_id: 14 local_depth1: 6
jump in
a1 :46  b1: 46 bucket_id: 14 local_depth1: 6
jump in
a1 :14  b1: 46 bucket_id: 14 local_depth1: 6
a1 :14  b1: 46 bucket_id: 14 local_depth1: 6
a1 :46  b1: 46 bucket_id: 14 local_depth1: 6
jump in
110011001100110
111111100000000
getFreeBucket
bucket_id: 46
111111100000000getFreeKvSlot
search
insert
search
getFreeBucket
bucket_id: 47
111111111111111splitBucket
local_depth1: 5
getFreeSlot
getNewBucket
newbucket: 000000000000000
111111111111111
000000000000000
a1 :15  b1: 47 bucket_id: 15 local_depth1: 6
a1 :15  b1: 47 bucket_id: 15 local_depth1: 6
a1 :47  b1: 47 bucket_id: 15 local_depth1: 6
jump in
a1 :47  b1: 47 bucket_id: 15 local_depth1: 6
jump in
a1 :15  b1: 47 bucket_id: 15 local_depth1: 6
a1 :15  b1: 47 bucket_id: 15 local_depth1: 6
a1 :47  b1: 47 bucket_id: 15 local_depth1: 6
jump in
a1 :47  b1: 47 bucket_id: 15 local_depth1: 6
jump in
a1 :15  b1: 47 bucket_id: 15 local_depth1: 6
a1 :15  b1: 47 bucket_id: 15 local_depth1: 6
a1 :47  b1: 47 bucket_id: 15 local_depth1: 6
jump in
a1 :47  b1: 47 bucket_id: 15 local_depth1: 6
jump in
a1 :15  b1: 47 bucket_id: 15 local_depth1: 6
a1 :15  b1: 47 bucket_id: 15 local_depth1: 6
a1 :47  b1: 47 bucket_id: 15 local_depth1: 6
jump in
110011001100110
111111100000000
getFreeBucket
bucket_id: 47
111111100000000getFreeKvSlot
search
insert
search
getFreeBucket
bucket_id: 48
111111111111111splitBucket
local_depth1: 5
getFreeSlot
getNewBucket
allocNewPage
2564104
newbucket: 000000000000000
111111111111111
000000000000000
a1 :16  b1: 48 bucket_id: 16 local_depth1: 6
a1 :16  b1: 48 bucket_id: 16 local_depth1: 6
a1 :48  b1: 48 bucket_id: 16 local_depth1: 6
jump in
a1 :16  b1: 48 bucket_id: 16 local_depth1: 6
a1 :48  b1: 48 bucket_id: 16 local_depth1: 6
jump in
a1 :16  b1: 48 bucket_id: 16 local_depth1: 6
a1 :48  b1: 48 bucket_id: 16 local_depth1: 6
jump in
a1 :48  b1: 48 bucket_id: 16 local_depth1: 6
jump in
a1 :16  b1: 48 bucket_id: 16 local_depth1: 6
a1 :48  b1: 48 bucket_id: 16 local_depth1: 6
jump in
a1 :16  b1: 48 bucket_id: 16 local_depth1: 6
a1 :48  b1: 48 bucket_id: 16 local_depth1: 6
jump in
a1 :16  b1: 48 bucket_id: 16 local_depth1: 6
a1 :48  b1: 48 bucket_id: 16 local_depth1: 6
jump in
a1 :16  b1: 48 bucket_id: 16 local_depth1: 6
110101001010101
111111100000000
getFreeBucket
bucket_id: 48
111111100000000getFreeKvSlot
search
insert
search
getFreeBucket
bucket_id: 49
111111111111111splitBucket
local_depth1: 5
getFreeSlot
getNewBucket
newbucket: 000000000000000
111111111111111
000000000000000
a1 :17  b1: 49 bucket_id: 17 local_depth1: 6
a1 :17  b1: 49 bucket_id: 17 local_depth1: 6
a1 :49  b1: 49 bucket_id: 17 local_depth1: 6
jump in
a1 :17  b1: 49 bucket_id: 17 local_depth1: 6
a1 :49  b1: 49 bucket_id: 17 local_depth1: 6
jump in
a1 :17  b1: 49 bucket_id: 17 local_depth1: 6
a1 :49  b1: 49 bucket_id: 17 local_depth1: 6
jump in
a1 :49  b1: 49 bucket_id: 17 local_depth1: 6
jump in
a1 :17  b1: 49 bucket_id: 17 local_depth1: 6
a1 :49  b1: 49 bucket_id: 17 local_depth1: 6
jump in
a1 :17  b1: 49 bucket_id: 17 local_depth1: 6
a1 :49  b1: 49 bucket_id: 17 local_depth1: 6
jump in
a1 :17  b1: 49 bucket_id: 17 local_depth1: 6
a1 :49  b1: 49 bucket_id: 17 local_depth1: 6
jump in
a1 :17  b1: 49 bucket_id: 17 local_depth1: 6
110101001010101
111111100000000
getFreeBucket
bucket_id: 49
111111100000000getFreeKvSlot
search
insert
search
getFreeBucket
bucket_id: 50
111111111111111splitBucket
local_depth1: 5
getFreeSlot
getNewBucket
newbucket: 000000000000000
111111111111111
000000000000000
a1 :18  b1: 50 bucket_id: 18 local_depth1: 6
a1 :18  b1: 50 bucket_id: 18 local_depth1: 6
a1 :18  b1: 50 bucket_id: 18 local_depth1: 6
a1 :50  b1: 50 bucket_id: 18 local_depth1: 6
jump in
a1 :18  b1: 50 bucket_id: 18 local_depth1: 6
a1 :50  b1: 50 bucket_id: 18 local_depth1: 6
jump in
a1 :50  b1: 50 bucket_id: 18 local_depth1: 6
jump in
a1 :50  b1: 50 bucket_id: 18 local_depth1: 6
jump in
a1 :18  b1: 50 bucket_id: 18 local_depth1: 6
a1 :50  b1: 50 bucket_id: 18 local_depth1: 6
jump in
a1 :18  b1: 50 bucket_id: 18 local_depth1: 6
a1 :50  b1: 50 bucket_id: 18 local_depth1: 6
jump in
a1 :18  b1: 50 bucket_id: 18 local_depth1: 6
a1 :50  b1: 50 bucket_id: 18 local_depth1: 6
jump in
a1 :18  b1: 50 bucket_id: 18 local_depth1: 6
111010001010101
111111100000000
getFreeBucket
bucket_id: 50
111111100000000getFreeKvSlot
search
insert
search
getFreeBucket
bucket_id: 51
111111111111111splitBucket
local_depth1: 5
getFreeSlot
getNewBucket
newbucket: 000000000000000
111111111111111
000000000000000
a1 :19  b1: 51 bucket_id: 19 local_depth1: 6
a1 :19  b1: 51 bucket_id: 19 local_depth1: 6
a1 :19  b1: 51 bucket_id: 19 local_depth1: 6
a1 :51  b1: 51 bucket_id: 19 local_depth1: 6
jump in
a1 :19  b1: 51 bucket_id: 19 local_depth1: 6
a1 :51  b1: 51 bucket_id: 19 local_depth1: 6
jump in
a1 :51  b1: 51 bucket_id: 19 local_depth1: 6
jump in
a1 :51  b1: 51 bucket_id: 19 local_depth1: 6
jump in
a1 :19  b1: 51 bucket_id: 19 local_depth1: 6
a1 :51  b1: 51 bucket_id: 19 local_depth1: 6
jump in
a1 :19  b1: 51 bucket_id: 19 local_depth1: 6
a1 :51  b1: 51 bucket_id: 19 local_depth1: 6
jump in
a1 :19  b1: 51 bucket_id: 19 local_depth1: 6
a1 :51  b1: 51 bucket_id: 19 local_depth1: 6
jump in
a1 :19  b1: 51 bucket_id: 19 local_depth1: 6
111010001010101
111111100000000
getFreeBucket
bucket_id: 51
111111100000000getFreeKvSlot
search
insert
search
getFreeBucket
bucket_id: 52
111111111111111splitBucket
local_depth1: 5
getFreeSlot
getNewBucket
newbucket: 000000000000000
111111111111111
000000000000000
a1 :20  b1: 52 bucket_id: 20 local_depth1: 6
a1 :20  b1: 52 bucket_id: 20 local_depth1: 6
a1 :52  b1: 52 bucket_id: 20 local_depth1: 6
jump in
a1 :52  b1: 52 bucket_id: 20 local_depth1: 6
jump in
a1 :20  b1: 52 bucket_id: 20 local_depth1: 6
a1 :20  b1: 52 bucket_id: 20 local_depth1: 6
a1 :52  b1: 52 bucket_id: 20 local_depth1: 6
jump in
a1 :52  b1: 52 bucket_id: 20 local_depth1: 6
jump in
a1 :20  b1: 52 bucket_id: 20 local_depth1: 6
a1 :52  b1: 52 bucket_id: 20 local_depth1: 6
jump in
a1 :20  b1: 52 bucket_id: 20 local_depth1: 6
a1 :52  b1: 52 bucket_id: 20 local_depth1: 6
jump in
a1 :20  b1: 52 bucket_id: 20 local_depth1: 6
a1 :52  b1: 52 bucket_id: 20 local_depth1: 6
jump in
a1 :20  b1: 52 bucket_id: 20 local_depth1: 6
110011001010101
111111100000000
getFreeBucket
bucket_id: 52
111111100000000getFreeKvSlot
search
insert
search
getFreeBucket
bucket_id: 53
111111111111111splitBucket
local_depth1: 5
getFreeSlot
getNewBucket
newbucket: 000000000000000
111111111111111
000000000000000
a1 :21  b1: 53 bucket_id: 21 local_depth1: 6
a1 :21  b1: 53 bucket_id: 21 local_depth1: 6
a1 :53  b1: 53 bucket_id: 21 local_depth1: 6
jump in
a1 :53  b1: 53 bucket_id: 21 local_depth1: 6
jump in
a1 :21  b1: 53 bucket_id: 21 local_depth1: 6
a1 :21  b1: 53 bucket_id: 21 local_depth1: 6
a1 :53  b1: 53 bucket_id: 21 local_depth1: 6
jump in
a1 :53  b1: 53 bucket_id: 21 local_depth1: 6
jump in
a1 :21  b1: 53 bucket_id: 21 local_depth1: 6
a1 :53  b1: 53 bucket_id: 21 local_depth1: 6
jump in
a1 :21  b1: 53 bucket_id: 21 local_depth1: 6
a1 :53  b1: 53 bucket_id: 21 local_depth1: 6
jump in
a1 :21  b1: 53 bucket_id: 21 local_depth1: 6
a1 :53  b1: 53 bucket_id: 21 local_depth1: 6
jump in
a1 :21  b1: 53 bucket_id: 21 local_depth1: 6
110011001010101
111111100000000
getFreeBucket
bucket_id: 53
111111100000000getFreeKvSlot
search
insert
search
getFreeBucket
bucket_id: 54
111111111111111splitBucket
local_depth1: 5
getFreeSlot
getNewBucket
newbucket: 000000000000000
111111111111111
000000000000000
a1 :22  b1: 54 bucket_id: 22 local_depth1: 6
a1 :22  b1: 54 bucket_id: 22 local_depth1: 6
a1 :54  b1: 54 bucket_id: 22 local_depth1: 6
jump in
a1 :54  b1: 54 bucket_id: 22 local_depth1: 6
jump in
a1 :22  b1: 54 bucket_id: 22 local_depth1: 6
a1 :22  b1: 54 bucket_id: 22 local_depth1: 6
a1 :54  b1: 54 bucket_id: 22 local_depth1: 6
jump in
a1 :54  b1: 54 bucket_id: 22 local_depth1: 6
jump in
a1 :22  b1: 54 bucket_id: 22 local_depth1: 6
a1 :54  b1: 54 bucket_id: 22 local_depth1: 6
jump in
a1 :22  b1: 54 bucket_id: 22 local_depth1: 6
a1 :54  b1: 54 bucket_id: 22 local_depth1: 6
jump in
a1 :22  b1: 54 bucket_id: 22 local_depth1: 6
a1 :54  b1: 54 bucket_id: 22 local_depth1: 6
jump in
a1 :22  b1: 54 bucket_id: 22 local_depth1: 6
110011001010101
111111100000000
getFreeBucket
bucket_id: 54
111111100000000getFreeKvSlot
search
insert
search
getFreeBucket
bucket_id: 55
111111111111111splitBucket
local_depth1: 5
getFreeSlot
getNewBucket
newbucket: 000000000000000
111111111111111
000000000000000
a1 :23  b1: 55 bucket_id: 23 local_depth1: 6
a1 :23  b1: 55 bucket_id: 23 local_depth1: 6
a1 :55  b1: 55 bucket_id: 23 local_depth1: 6
jump in
a1 :55  b1: 55 bucket_id: 23 local_depth1: 6
jump in
a1 :23  b1: 55 bucket_id: 23 local_depth1: 6
a1 :23  b1: 55 bucket_id: 23 local_depth1: 6
a1 :55  b1: 55 bucket_id: 23 local_depth1: 6
jump in
a1 :55  b1: 55 bucket_id: 23 local_depth1: 6
jump in
a1 :23  b1: 55 bucket_id: 23 local_depth1: 6
a1 :55  b1: 55 bucket_id: 23 local_depth1: 6
jump in
a1 :23  b1: 55 bucket_id: 23 local_depth1: 6
a1 :55  b1: 55 bucket_id: 23 local_depth1: 6
jump in
a1 :23  b1: 55 bucket_id: 23 local_depth1: 6
a1 :55  b1: 55 bucket_id: 23 local_depth1: 6
jump in
a1 :23  b1: 55 bucket_id: 23 local_depth1: 6
110011001010101
111111100000000
getFreeBucket
bucket_id: 55
111111100000000getFreeKvSlot
search
insert
search
getFreeBucket
bucket_id: 56
111111111111111splitBucket
local_depth1: 5
getFreeSlot
getNewBucket
newbucket: 000000000000000
111111111111111
000000000000000
a1 :24  b1: 56 bucket_id: 24 local_depth1: 6
a1 :24  b1: 56 bucket_id: 24 local_depth1: 6
a1 :56  b1: 56 bucket_id: 24 local_depth1: 6
jump in
a1 :56  b1: 56 bucket_id: 24 local_depth1: 6
jump in
a1 :24  b1: 56 bucket_id: 24 local_depth1: 6
a1 :56  b1: 56 bucket_id: 24 local_depth1: 6
jump in
a1 :24  b1: 56 bucket_id: 24 local_depth1: 6
a1 :56  b1: 56 bucket_id: 24 local_depth1: 6
jump in
a1 :24  b1: 56 bucket_id: 24 local_depth1: 6
a1 :56  b1: 56 bucket_id: 24 local_depth1: 6
jump in
a1 :24  b1: 56 bucket_id: 24 local_depth1: 6
a1 :56  b1: 56 bucket_id: 24 local_depth1: 6
jump in
a1 :24  b1: 56 bucket_id: 24 local_depth1: 6
a1 :56  b1: 56 bucket_id: 24 local_depth1: 6
jump in
a1 :24  b1: 56 bucket_id: 24 local_depth1: 6
110010101010101
111111100000000
getFreeBucket
bucket_id: 56
111111100000000getFreeKvSlot
search
insert
search
getFreeBucket
bucket_id: 57
111111111111111splitBucket
local_depth1: 5
getFreeSlot
getNewBucket
newbucket: 000000000000000
111111111111111
000000000000000
a1 :25  b1: 57 bucket_id: 25 local_depth1: 6
a1 :25  b1: 57 bucket_id: 25 local_depth1: 6
a1 :57  b1: 57 bucket_id: 25 local_depth1: 6
jump in
a1 :57  b1: 57 bucket_id: 25 local_depth1: 6
jump in
a1 :25  b1: 57 bucket_id: 25 local_depth1: 6
a1 :57  b1: 57 bucket_id: 25 local_depth1: 6
jump in
a1 :25  b1: 57 bucket_id: 25 local_depth1: 6
a1 :57  b1: 57 bucket_id: 25 local_depth1: 6
jump in
a1 :25  b1: 57 bucket_id: 25 local_depth1: 6
a1 :57  b1: 57 bucket_id: 25 local_depth1: 6
jump in
a1 :25  b1: 57 bucket_id: 25 local_depth1: 6
a1 :57  b1: 57 bucket_id: 25 local_depth1: 6
jump in
a1 :25  b1: 57 bucket_id: 25 local_depth1: 6
a1 :57  b1: 57 bucket_id: 25 local_depth1: 6
jump in
a1 :25  b1: 57 bucket_id: 25 local_depth1: 6
110010101010101
111111100000000
getFreeBucket
bucket_id: 57
111111100000000getFreeKvSlot
search
insert
search
getFreeBucket
bucket_id: 58
111111111111111splitBucket
local_depth1: 5
getFreeSlot
getNewBucket
newbucket: 000000000000000
111111111111111
000000000000000
a1 :26  b1: 58 bucket_id: 26 local_depth1: 6
a1 :26  b1: 58 bucket_id: 26 local_depth1: 6
a1 :58  b1: 58 bucket_id: 26 local_depth1: 6
jump in
a1 :58  b1: 58 bucket_id: 26 local_depth1: 6
jump in
a1 :26  b1: 58 bucket_id: 26 local_depth1: 6
a1 :58  b1: 58 bucket_id: 26 local_depth1: 6
jump in
a1 :26  b1: 58 bucket_id: 26 local_depth1: 6
a1 :58  b1: 58 bucket_id: 26 local_depth1: 6
jump in
a1 :26  b1: 58 bucket_id: 26 local_depth1: 6
a1 :58  b1: 58 bucket_id: 26 local_depth1: 6
jump in
a1 :26  b1: 58 bucket_id: 26 local_depth1: 6
a1 :58  b1: 58 bucket_id: 26 local_depth1: 6
jump in
a1 :26  b1: 58 bucket_id: 26 local_depth1: 6
a1 :58  b1: 58 bucket_id: 26 local_depth1: 6
jump in
a1 :26  b1: 58 bucket_id: 26 local_depth1: 6
110010101010101
111111100000000
getFreeBucket
bucket_id: 58
111111100000000getFreeKvSlot
search
insert
search
getFreeBucket
bucket_id: 59
111111111111111splitBucket
local_depth1: 5
getFreeSlot
getNewBucket
newbucket: 000000000000000
111111111111111
000000000000000
a1 :27  b1: 59 bucket_id: 27 local_depth1: 6
a1 :27  b1: 59 bucket_id: 27 local_depth1: 6
a1 :59  b1: 59 bucket_id: 27 local_depth1: 6
jump in
a1 :59  b1: 59 bucket_id: 27 local_depth1: 6
jump in
a1 :27  b1: 59 bucket_id: 27 local_depth1: 6
a1 :59  b1: 59 bucket_id: 27 local_depth1: 6
jump in
a1 :27  b1: 59 bucket_id: 27 local_depth1: 6
a1 :59  b1: 59 bucket_id: 27 local_depth1: 6
jump in
a1 :27  b1: 59 bucket_id: 27 local_depth1: 6
a1 :59  b1: 59 bucket_id: 27 local_depth1: 6
jump in
a1 :27  b1: 59 bucket_id: 27 local_depth1: 6
a1 :59  b1: 59 bucket_id: 27 local_depth1: 6
jump in
a1 :27  b1: 59 bucket_id: 27 local_depth1: 6
a1 :59  b1: 59 bucket_id: 27 local_depth1: 6
jump in
a1 :27  b1: 59 bucket_id: 27 local_depth1: 6
110010101010101
111111100000000
getFreeBucket
bucket_id: 59
111111100000000getFreeKvSlot
search
insert
search
getFreeBucket
bucket_id: 60
111111111111111splitBucket
local_depth1: 5
getFreeSlot
getNewBucket
newbucket: 000000000000000
111111111111111
000000000000000
a1 :28  b1: 60 bucket_id: 28 local_depth1: 6
a1 :60  b1: 60 bucket_id: 28 local_depth1: 6
jump in
a1 :28  b1: 60 bucket_id: 28 local_depth1: 6
a1 :60  b1: 60 bucket_id: 28 local_depth1: 6
jump in
a1 :28  b1: 60 bucket_id: 28 local_depth1: 6
a1 :60  b1: 60 bucket_id: 28 local_depth1: 6
jump in
a1 :28  b1: 60 bucket_id: 28 local_depth1: 6
a1 :60  b1: 60 bucket_id: 28 local_depth1: 6
jump in
a1 :28  b1: 60 bucket_id: 28 local_depth1: 6
a1 :60  b1: 60 bucket_id: 28 local_depth1: 6
jump in
a1 :28  b1: 60 bucket_id: 28 local_depth1: 6
a1 :60  b1: 60 bucket_id: 28 local_depth1: 6
jump in
a1 :28  b1: 60 bucket_id: 28 local_depth1: 6
a1 :60  b1: 60 bucket_id: 28 local_depth1: 6
jump in
a1 :28  b1: 60 bucket_id: 28 local_depth1: 6
101010101010101
111111100000000
getFreeBucket
bucket_id: 60
111111100000000getFreeKvSlot
search
insert
search
getFreeBucket
bucket_id: 61
111111111111111splitBucket
local_depth1: 5
getFreeSlot
getNewBucket
newbucket: 000000000000000
111111111111111
000000000000000
a1 :29  b1: 61 bucket_id: 29 local_depth1: 6
a1 :61  b1: 61 bucket_id: 29 local_depth1: 6
jump in
a1 :29  b1: 61 bucket_id: 29 local_depth1: 6
a1 :61  b1: 61 bucket_id: 29 local_depth1: 6
jump in
a1 :29  b1: 61 bucket_id: 29 local_depth1: 6
a1 :61  b1: 61 bucket_id: 29 local_depth1: 6
jump in
a1 :29  b1: 61 bucket_id: 29 local_depth1: 6
a1 :61  b1: 61 bucket_id: 29 local_depth1: 6
jump in
a1 :29  b1: 61 bucket_id: 29 local_depth1: 6
a1 :61  b1: 61 bucket_id: 29 local_depth1: 6
jump in
a1 :29  b1: 61 bucket_id: 29 local_depth1: 6
a1 :61  b1: 61 bucket_id: 29 local_depth1: 6
jump in
a1 :29  b1: 61 bucket_id: 29 local_depth1: 6
a1 :61  b1: 61 bucket_id: 29 local_depth1: 6
jump in
a1 :29  b1: 61 bucket_id: 29 local_depth1: 6
101010101010101
111111100000000
getFreeBucket
bucket_id: 61
111111100000000getFreeKvSlot
search
insert
search
getFreeBucket
bucket_id: 62
111111111111111splitBucket
local_depth1: 5
getFreeSlot
getNewBucket
newbucket: 000000000000000
111111111111111
000000000000000
a1 :30  b1: 62 bucket_id: 30 local_depth1: 6
a1 :62  b1: 62 bucket_id: 30 local_depth1: 6
jump in
a1 :30  b1: 62 bucket_id: 30 local_depth1: 6
a1 :62  b1: 62 bucket_id: 30 local_depth1: 6
jump in
a1 :30  b1: 62 bucket_id: 30 local_depth1: 6
a1 :62  b1: 62 bucket_id: 30 local_depth1: 6
jump in
a1 :30  b1: 62 bucket_id: 30 local_depth1: 6
a1 :62  b1: 62 bucket_id: 30 local_depth1: 6
jump in
a1 :30  b1: 62 bucket_id: 30 local_depth1: 6
a1 :62  b1: 62 bucket_id: 30 local_depth1: 6
jump in
a1 :30  b1: 62 bucket_id: 30 local_depth1: 6
a1 :62  b1: 62 bucket_id: 30 local_depth1: 6
jump in
a1 :30  b1: 62 bucket_id: 30 local_depth1: 6
a1 :62  b1: 62 bucket_id: 30 local_depth1: 6
jump in
a1 :30  b1: 62 bucket_id: 30 local_depth1: 6
101010101010101
111111100000000
getFreeBucket
bucket_id: 62
111111100000000getFreeKvSlot
search
insert
search
getFreeBucket
bucket_id: 63
111111111111111splitBucket
local_depth1: 5
getFreeSlot
getNewBucket
newbucket: 000000000000000
111111111111111
000000000000000
a1 :31  b1: 63 bucket_id: 31 local_depth1: 6
a1 :63  b1: 63 bucket_id: 31 local_depth1: 6
jump in
a1 :31  b1: 63 bucket_id: 31 local_depth1: 6
a1 :63  b1: 63 bucket_id: 31 local_depth1: 6
jump in
a1 :31  b1: 63 bucket_id: 31 local_depth1: 6
a1 :63  b1: 63 bucket_id: 31 local_depth1: 6
jump in
a1 :31  b1: 63 bucket_id: 31 local_depth1: 6
a1 :63  b1: 63 bucket_id: 31 local_depth1: 6
jump in
a1 :31  b1: 63 bucket_id: 31 local_depth1: 6
a1 :63  b1: 63 bucket_id: 31 local_depth1: 6
jump in
a1 :31  b1: 63 bucket_id: 31 local_depth1: 6
a1 :63  b1: 63 bucket_id: 31 local_depth1: 6
jump in
a1 :31  b1: 63 bucket_id: 31 local_depth1: 6
a1 :63  b1: 63 bucket_id: 31 local_depth1: 6
jump in
a1 :31  b1: 63 bucket_id: 31 local_depth1: 6
101010101010101
111111100000000
getFreeBucket
bucket_id: 63
111111100000000getFreeKvSlot
search
insert
search
getFreeBucket
bucket_id: 0
101110010101001getFreeKvSlot
search
insert
search
getFreeBucket
bucket_id: 1
101110010101001getFreeKvSlot
search
insert
search
getFreeBucket
bucket_id: 2
111101000011010getFreeKvSlot
search
insert
search
getFreeBucket
bucket_id: 3
111101000011010getFreeKvSlot
search
insert
search
getFreeBucket
bucket_id: 4
101101001110001getFreeKvSlot
search
insert
search
getFreeBucket
bucket_id: 5
101101001110001getFreeKvSlot
search
insert
search
getFreeBucket
bucket_id: 6
111000101110001getFreeKvSlot
search
insert
search
getFreeBucket
bucket_id: 7
111000101110001getFreeKvSlot
search
insert
search
getFreeBucket
bucket_id: 8
110100101100110getFreeKvSlot
search
insert
search
getFreeBucket
bucket_id: 9
110100101100110getFreeKvSlot
search
insert
search
getFreeBucket
bucket_id: 10
111000101100110getFreeKvSlot
search
insert
search
getFreeBucket
bucket_id: 11
111000101100110getFreeKvSlot
search
insert
search
getFreeBucket
bucket_id: 12
101011001100110getFreeKvSlot
search
insert
search
getFreeBucket
bucket_id: 13
101011001100110getFreeKvSlot
search
insert
search
getFreeBucket
bucket_id: 14
110011001100110getFreeKvSlot
search
insert
search
getFreeBucket
bucket_id: 15
110011001100110getFreeKvSlot
search
insert
search
getFreeBucket
bucket_id: 16
110101001010101getFreeKvSlot
search
insert
search
getFreeBucket
bucket_id: 17
110101001010101getFreeKvSlot
search
insert
search
getFreeBucket
bucket_id: 18
111010001010101getFreeKvSlot
search
insert
search
getFreeBucket
bucket_id: 19
111010001010101getFreeKvSlot
search
insert
search
getFreeBucket
bucket_id: 20
110011001010101getFreeKvSlot
search
insert
search
getFreeBucket
bucket_id: 21
110011001010101getFreeKvSlot
search
insert
search
getFreeBucket
bucket_id: 22
110011001010101getFreeKvSlot
search
insert
search
getFreeBucket
bucket_id: 23
110011001010101getFreeKvSlot
search
insert
search
getFreeBucket
bucket_id: 24
110010101010101getFreeKvSlot
search
insert
search
getFreeBucket
bucket_id: 25
110010101010101getFreeKvSlot
search
insert
search
getFreeBucket
bucket_id: 26
110010101010101getFreeKvSlot
search
insert
search
getFreeBucket
bucket_id: 27
110010101010101getFreeKvSlot
search
insert
search
getFreeBucket
bucket_id: 28
101010101010101getFreeKvSlot
search
insert
search
getFreeBucket
bucket_id: 29
101010101010101getFreeKvSlot
search
insert
search
getFreeBucket
bucket_id: 30
101010101010101getFreeKvSlot
search
insert
search
getFreeBucket
bucket_id: 31
101010101010101getFreeKvSlot
search
insert
search
getFreeBucket
bucket_id: 32
111111110000000getFreeKvSlot
search
insert
search
getFreeBucket
bucket_id: 33
111111110000000getFreeKvSlot
search
insert
search
getFreeBucket
bucket_id: 34
111111110000000getFreeKvSlot
search
insert
search
getFreeBucket
bucket_id: 35
111111110000000getFreeKvSlot
search
insert
search
getFreeBucket
bucket_id: 36
111111110000000getFreeKvSlot
search
insert
search
getFreeBucket
bucket_id: 37
111111110000000getFreeKvSlot
search
insert
search
getFreeBucket
bucket_id: 38
111111110000000getFreeKvSlot
search
insert
search
getFreeBucket
bucket_id: 39
111111110000000getFreeKvSlot
search
insert
search
getFreeBucket
bucket_id: 40
111111110000000getFreeKvSlot
search
insert
search
getFreeBucket
bucket_id: 41
111111110000000getFreeKvSlot
search
insert
search
getFreeBucket
bucket_id: 42
111111110000000getFreeKvSlot
search
insert
search
getFreeBucket
bucket_id: 43
111111110000000getFreeKvSlot
search
insert
search
getFreeBucket
bucket_id: 44
111111110000000getFreeKvSlot
search
insert
search
getFreeBucket
bucket_id: 45
111111110000000getFreeKvSlot
search
insert
search
getFreeBucket
bucket_id: 46
111111110000000getFreeKvSlot
search
insert
search
getFreeBucket
bucket_id: 47
111111110000000getFreeKvSlot
search
insert
search
getFreeBucket
bucket_id: 48
111111110000000getFreeKvSlot
search
insert
search
getFreeBucket
bucket_id: 49
111111110000000getFreeKvSlot
search
insert
search
getFreeBucket
bucket_id: 50
111111110000000getFreeKvSlot
search
insert
search
getFreeBucket
bucket_id: 51
111111110000000getFreeKvSlot
search
insert
search
getFreeBucket
bucket_id: 52
111111110000000getFreeKvSlot
search
insert
search
getFreeBucket
bucket_id: 53
111111110000000getFreeKvSlot
search
insert
search
getFreeBucket
bucket_id: 54
111111110000000getFreeKvSlot
search
insert
search
getFreeBucket
bucket_id: 55
111111110000000getFreeKvSlot
search
insert
search
getFreeBucket
bucket_id: 56
111111110000000getFreeKvSlot
search
insert
search
getFreeBucket
bucket_id: 57
111111110000000getFreeKvSlot
search
insert
search
getFreeBucket
bucket_id: 58
111111110000000getFreeKvSlot
search
insert
search
getFreeBucket
bucket_id: 59
111111110000000getFreeKvSlot
search
insert
search
getFreeBucket
bucket_id: 60
111111110000000getFreeKvSlot
search
insert
search
getFreeBucket
bucket_id: 61
111111110000000getFreeKvSlot
search
insert
search
getFreeBucket
bucket_id: 62
111111110000000getFreeKvSlot
search
insert
search
getFreeBucket
bucket_id: 63
111111110000000getFreeKvSlot
search
insert
search
getFreeBucket
bucket_id: 0
111110010101001getFreeKvSlot
search
insert
search
getFreeBucket
bucket_id: 1
111110010101001getFreeKvSlot
search
insert
search
getFreeBucket
bucket_id: 2
111111000011010getFreeKvSlot
search
insert
search
getFreeBucket
bucket_id: 3
111111000011010getFreeKvSlot
search
insert
search
getFreeBucket
bucket_id: 4
111101001110001getFreeKvSlot
search
insert
search
getFreeBucket
bucket_id: 5
111101001110001getFreeKvSlot
search
insert
search
getFreeBucket
bucket_id: 6
111100101110001getFreeKvSlot
search
insert
search
getFreeBucket
bucket_id: 7
111100101110001getFreeKvSlot
search
insert
search
getFreeBucket
bucket_id: 8
111100101100110getFreeKvSlot
search
insert
search
getFreeBucket
bucket_id: 9
111100101100110getFreeKvSlot
search
insert
search
getFreeBucket
bucket_id: 10
111100101100110getFreeKvSlot
search
insert
search
getFreeBucket
bucket_id: 11
111100101100110getFreeKvSlot
search
insert
search
getFreeBucket
bucket_id: 12
111011001100110getFreeKvSlot
search
insert
search
getFreeBucket
bucket_id: 13
111011001100110getFreeKvSlot
search
insert
search
getFreeBucket
bucket_id: 14
111011001100110getFreeKvSlot
search
insert
search
getFreeBucket
bucket_id: 15
111011001100110getFreeKvSlot
search
insert
search
getFreeBucket
bucket_id: 16
111101001010101getFreeKvSlot
search
insert
search
getFreeBucket
bucket_id: 17
111101001010101getFreeKvSlot
search
insert
search
getFreeBucket
bucket_id: 18
111110001010101getFreeKvSlot
search
insert
search
getFreeBucket
bucket_id: 19
111110001010101getFreeKvSlot
search
insert
search
getFreeBucket
bucket_id: 20
111011001010101getFreeKvSlot
search
insert
search
getFreeBucket
bucket_id: 21
111011001010101getFreeKvSlot
search
insert
search
getFreeBucket
bucket_id: 22
111011001010101getFreeKvSlot
search
insert
search
getFreeBucket
bucket_id: 23
111011001010101getFreeKvSlot
search
insert
search
getFreeBucket
bucket_id: 24
111010101010101getFreeKvSlot
search
insert
search
getFreeBucket
bucket_id: 25
111010101010101getFreeKvSlot
search
insert
search
getFreeBucket
bucket_id: 26
111010101010101getFreeKvSlot
search
insert
search
getFreeBucket
bucket_id: 27
111010101010101getFreeKvSlot
search
insert
search
getFreeBucket
bucket_id: 28
111010101010101getFreeKvSlot
search
insert
search
getFreeBucket
bucket_id: 29
111010101010101getFreeKvSlot
search
insert
search
getFreeBucket
bucket_id: 30
111010101010101getFreeKvSlot
search
insert
search
getFreeBucket
bucket_id: 31
111010101010101getFreeKvSlot
search
insert
search
getFreeBucket
bucket_id: 32
111111111000000getFreeKvSlot
search
insert
search
getFreeBucket
bucket_id: 33
111111111000000getFreeKvSlot
search
insert
search
getFreeBucket
bucket_id: 34
111111111000000getFreeKvSlot
search
insert
search
getFreeBucket
bucket_id: 35
111111111000000getFreeKvSlot
search
insert
search
getFreeBucket
bucket_id: 36
111111111000000getFreeKvSlot
search
insert
search
getFreeBucket
bucket_id: 37
111111111000000getFreeKvSlot
search
insert
search
getFreeBucket
bucket_id: 38
111111111000000getFreeKvSlot
search
insert
search
getFreeBucket
bucket_id: 39
111111111000000getFreeKvSlot
search
insert
search
getFreeBucket
bucket_id: 40
111111111000000getFreeKvSlot
search
insert
search
getFreeBucket
bucket_id: 41
111111111000000getFreeKvSlot
search
insert
search
getFreeBucket
bucket_id: 42
111111111000000getFreeKvSlot
search
insert
search
getFreeBucket
bucket_id: 43
111111111000000getFreeKvSlot
search
insert
search
getFreeBucket
bucket_id: 44
111111111000000getFreeKvSlot
search
insert
search
getFreeBucket
bucket_id: 45
111111111000000getFreeKvSlot
search
insert
search
getFreeBucket
bucket_id: 46
111111111000000getFreeKvSlot
search
insert
search
getFreeBucket
bucket_id: 47
111111111000000getFreeKvSlot
search
insert
search
getFreeBucket
bucket_id: 48
111111111000000getFreeKvSlot
search
insert
search
getFreeBucket
bucket_id: 49
111111111000000getFreeKvSlot
search
insert
search
getFreeBucket
bucket_id: 50
111111111000000getFreeKvSlot
search
insert
search
getFreeBucket
bucket_id: 51
111111111000000getFreeKvSlot
search
insert
search
getFreeBucket
bucket_id: 52
111111111000000getFreeKvSlot
search
insert
search
getFreeBucket
bucket_id: 53
111111111000000getFreeKvSlot
search
insert
search
getFreeBucket
bucket_id: 54
111111111000000getFreeKvSlot
search
insert
search
getFreeBucket
bucket_id: 55
111111111000000getFreeKvSlot
search
insert
search
getFreeBucket
bucket_id: 56
111111111000000getFreeKvSlot
search
insert
search
getFreeBucket
bucket_id: 57
111111111000000getFreeKvSlot
search
insert
search
getFreeBucket
bucket_id: 58
111111111000000getFreeKvSlot
search
insert
search
getFreeBucket
bucket_id: 59
111111111000000getFreeKvSlot
search
insert
search
getFreeBucket
bucket_id: 60
111111111000000getFreeKvSlot
search
insert
search
getFreeBucket
bucket_id: 61
111111111000000getFreeKvSlot
search
insert
search
getFreeBucket
bucket_id: 62
111111111000000getFreeKvSlot
search
insert
search
getFreeBucket
bucket_id: 63
111111111000000getFreeKvSlot
search
insert
search
getFreeBucket
bucket_id: 0
111111010101001getFreeKvSlot
search
insert
search
getFreeBucket
bucket_id: 1
111111010101001getFreeKvSlot
search
insert
search
getFreeBucket
bucket_id: 2
111111100011010getFreeKvSlot
search
insert
search
getFreeBucket
bucket_id: 3
111111100011010getFreeKvSlot
search
insert
search
getFreeBucket
bucket_id: 4
111111001110001getFreeKvSlot
search
insert
search
getFreeBucket
bucket_id: 5
111111001110001getFreeKvSlot
search
insert
search
getFreeBucket
bucket_id: 6
111110101110001getFreeKvSlot
search
insert
search
getFreeBucket
bucket_id: 7
111110101110001getFreeKvSlot
search
insert
search
getFreeBucket
bucket_id: 8
111110101100110getFreeKvSlot
search
insert
search
getFreeBucket
bucket_id: 9
111110101100110getFreeKvSlot
search
insert
search
getFreeBucket
bucket_id: 10
111110101100110getFreeKvSlot
search
insert
search
getFreeBucket
bucket_id: 11
111110101100110getFreeKvSlot
search
insert
search
getFreeBucket
bucket_id: 12
111111001100110getFreeKvSlot
search
insert
search
getFreeBucket
bucket_id: 13
111111001100110getFreeKvSlot
search
insert
search
getFreeBucket
bucket_id: 14
111111001100110getFreeKvSlot
search
insert
search
getFreeBucket
bucket_id: 15
111111001100110getFreeKvSlot
search
insert
search
getFreeBucket
bucket_id: 16
111111001010101getFreeKvSlot
search
insert
search
getFreeBucket
bucket_id: 17
111111001010101getFreeKvSlot
search
insert
search
getFreeBucket
bucket_id: 18
111111001010101getFreeKvSlot
search
insert
search
getFreeBucket
bucket_id: 19
111111001010101getFreeKvSlot
search
insert
search
getFreeBucket
bucket_id: 20
111111001010101getFreeKvSlot
search
insert
search
getFreeBucket
bucket_id: 21
111111001010101getFreeKvSlot
search
insert
search
getFreeBucket
bucket_id: 22
111111001010101getFreeKvSlot
search
insert
search
getFreeBucket
bucket_id: 23
111111001010101getFreeKvSlot
search
insert
search
getFreeBucket
bucket_id: 24
111110101010101getFreeKvSlot
search
insert
search
getFreeBucket
bucket_id: 25
111110101010101getFreeKvSlot
search
insert
search
getFreeBucket
bucket_id: 26
111110101010101getFreeKvSlot
search
insert
search
getFreeBucket
bucket_id: 27
111110101010101getFreeKvSlot
search
insert
search
getFreeBucket
bucket_id: 28
111110101010101getFreeKvSlot
search
insert
search
getFreeBucket
bucket_id: 29
111110101010101getFreeKvSlot
search
insert
search
getFreeBucket
bucket_id: 30
111110101010101getFreeKvSlot
search
insert
search
getFreeBucket
bucket_id: 31
111110101010101getFreeKvSlot
search
insert
search
getFreeBucket
bucket_id: 32
111111111100000getFreeKvSlot
search
insert
search
getFreeBucket
bucket_id: 33
111111111100000getFreeKvSlot
search
insert
search
getFreeBucket
bucket_id: 34
111111111100000getFreeKvSlot
search
insert
search
getFreeBucket
bucket_id: 35
111111111100000getFreeKvSlot
search
insert
search
getFreeBucket
bucket_id: 36
111111111100000getFreeKvSlot
search
insert
search
getFreeBucket
bucket_id: 37
111111111100000getFreeKvSlot
search
insert
search
getFreeBucket
bucket_id: 38
111111111100000getFreeKvSlot
search
insert
search
getFreeBucket
bucket_id: 39
111111111100000getFreeKvSlot
search
insert
search
getFreeBucket
bucket_id: 40
111111111100000getFreeKvSlot
search
insert
search
getFreeBucket
bucket_id: 41
111111111100000getFreeKvSlot
search
insert
search
getFreeBucket
bucket_id: 42
111111111100000getFreeKvSlot
search
insert
search
getFreeBucket
bucket_id: 43
111111111100000getFreeKvSlot
search
insert
search
getFreeBucket
bucket_id: 44
111111111100000getFreeKvSlot
search
insert
search
getFreeBucket
bucket_id: 45
111111111100000getFreeKvSlot
search
insert
search
getFreeBucket
bucket_id: 46
111111111100000getFreeKvSlot
search
insert
search
getFreeBucket
bucket_id: 47
111111111100000getFreeKvSlot
search
insert
search
getFreeBucket
bucket_id: 48
111111111100000getFreeKvSlot
search
insert
search
getFreeBucket
bucket_id: 49
111111111100000getFreeKvSlot
search
insert
search
getFreeBucket
bucket_id: 50
111111111100000getFreeKvSlot
search
insert
search
getFreeBucket
bucket_id: 51
111111111100000getFreeKvSlot
search
insert
search
getFreeBucket
bucket_id: 52
111111111100000getFreeKvSlot
search
insert
search
getFreeBucket
bucket_id: 53
111111111100000getFreeKvSlot
search
insert
search
getFreeBucket
bucket_id: 54
111111111100000getFreeKvSlot
search
insert
search
getFreeBucket
bucket_id: 55
111111111100000getFreeKvSlot
search
insert
search
getFreeBucket
bucket_id: 56
111111111100000getFreeKvSlot
search
insert
search
getFreeBucket
bucket_id: 57
111111111100000getFreeKvSlot
search
insert
search
getFreeBucket
bucket_id: 58
111111111100000getFreeKvSlot
search
insert
search
getFreeBucket
bucket_id: 59
111111111100000getFreeKvSlot
search
insert
search
getFreeBucket
bucket_id: 60
111111111100000getFreeKvSlot
search
insert
search
getFreeBucket
bucket_id: 61
111111111100000getFreeKvSlot
search
insert
search
getFreeBucket
bucket_id: 62
111111111100000getFreeKvSlot
search
insert
search
getFreeBucket
bucket_id: 63
111111111100000getFreeKvSlot
search
insert
search
getFreeBucket
bucket_id: 0
111111110101001getFreeKvSlot
search
insert
search
getFreeBucket
bucket_id: 1
111111110101001getFreeKvSlot
search
insert
search
getFreeBucket
bucket_id: 2
111111110011010getFreeKvSlot
search
insert
search
getFreeBucket
bucket_id: 3
111111110011010getFreeKvSlot
search
insert
search
getFreeBucket
bucket_id: 4
111111101110001getFreeKvSlot
search
insert
search
getFreeBucket
bucket_id: 5
111111101110001getFreeKvSlot
search
insert
search
getFreeBucket
bucket_id: 6
111111101110001getFreeKvSlot
search
insert
search
getFreeBucket
bucket_id: 7
111111101110001getFreeKvSlot
search
insert
search
getFreeBucket
bucket_id: 8
111111101100110getFreeKvSlot
search
insert
search
getFreeBucket
bucket_id: 9
111111101100110getFreeKvSlot
search
insert
search
getFreeBucket
bucket_id: 10
111111101100110getFreeKvSlot
search
insert
search
getFreeBucket
bucket_id: 11
111111101100110getFreeKvSlot
search
insert
search
getFreeBucket
bucket_id: 12
111111101100110getFreeKvSlot
search
insert
search
getFreeBucket
bucket_id: 13
111111101100110getFreeKvSlot
search
insert
search
getFreeBucket
bucket_id: 14
111111101100110getFreeKvSlot
search
insert
search
getFreeBucket
bucket_id: 15
111111101100110getFreeKvSlot
search
insert
search
getFreeBucket
bucket_id: 16
111111101010101getFreeKvSlot
search
insert
search
getFreeBucket
bucket_id: 17
111111101010101getFreeKvSlot
search
insert
search
getFreeBucket
bucket_id: 18
111111101010101getFreeKvSlot
search
insert
search
getFreeBucket
bucket_id: 19
111111101010101getFreeKvSlot
search
insert
search
getFreeBucket
bucket_id: 20
111111101010101getFreeKvSlot
search
insert
search
getFreeBucket
bucket_id: 21
111111101010101getFreeKvSlot
search
insert
search
getFreeBucket
bucket_id: 22
111111101010101getFreeKvSlot
search
insert
search
getFreeBucket
bucket_id: 23
111111101010101getFreeKvSlot
search
insert
search
getFreeBucket
bucket_id: 24
111111101010101getFreeKvSlot
search
insert
search
getFreeBucket
bucket_id: 25
111111101010101getFreeKvSlot
search
insert
search
getFreeBucket
bucket_id: 26
111111101010101getFreeKvSlot
search
insert
search
getFreeBucket
bucket_id: 27
111111101010101getFreeKvSlot
search
insert
search
getFreeBucket
bucket_id: 28
111111101010101getFreeKvSlot
search
insert
search
getFreeBucket
bucket_id: 29
111111101010101getFreeKvSlot
search
insert
search
getFreeBucket
bucket_id: 30
111111101010101getFreeKvSlot
search
insert
search
getFreeBucket
bucket_id: 31
111111101010101getFreeKvSlot
search
insert
search
getFreeBucket
bucket_id: 32
111111111110000getFreeKvSlot
search
insert
search
getFreeBucket
bucket_id: 33
111111111110000getFreeKvSlot
search
insert
search
getFreeBucket
bucket_id: 34
111111111110000getFreeKvSlot
search
insert
search
getFreeBucket
bucket_id: 35
111111111110000getFreeKvSlot
search
insert
search
getFreeBucket
bucket_id: 36
111111111110000getFreeKvSlot
search
insert
search
getFreeBucket
bucket_id: 37
111111111110000getFreeKvSlot
search
insert
search
getFreeBucket
bucket_id: 38
111111111110000getFreeKvSlot
search
insert
search
getFreeBucket
bucket_id: 39
111111111110000getFreeKvSlot
search
insert
search
getFreeBucket
bucket_id: 40
111111111110000getFreeKvSlot
search
insert
search
getFreeBucket
bucket_id: 41
111111111110000getFreeKvSlot
search
insert
search
getFreeBucket
bucket_id: 42
111111111110000getFreeKvSlot
search
insert
search
getFreeBucket
bucket_id: 43
111111111110000getFreeKvSlot
search
insert
search
getFreeBucket
bucket_id: 44
111111111110000getFreeKvSlot
search
insert
search
getFreeBucket
bucket_id: 45
111111111110000getFreeKvSlot
search
insert
search
getFreeBucket
bucket_id: 46
111111111110000getFreeKvSlot
search
insert
search
getFreeBucket
bucket_id: 47
111111111110000getFreeKvSlot
search
insert
search
getFreeBucket
bucket_id: 48
111111111110000getFreeKvSlot
search
insert
search
getFreeBucket
bucket_id: 49
111111111110000getFreeKvSlot
search
insert
search
getFreeBucket
bucket_id: 50
111111111110000getFreeKvSlot
search
insert
search
getFreeBucket
bucket_id: 51
111111111110000getFreeKvSlot
search
insert
search
getFreeBucket
bucket_id: 52
111111111110000getFreeKvSlot
search
insert
search
getFreeBucket
bucket_id: 53
111111111110000getFreeKvSlot
search
insert
search
getFreeBucket
bucket_id: 54
111111111110000getFreeKvSlot
search
insert
search
getFreeBucket
bucket_id: 55
111111111110000getFreeKvSlot
search
insert
search
getFreeBucket
bucket_id: 56
111111111110000getFreeKvSlot
search
insert
search
getFreeBucket
bucket_id: 57
111111111110000getFreeKvSlot
search
insert
search
getFreeBucket
bucket_id: 58
111111111110000getFreeKvSlot
search
insert
search
getFreeBucket
bucket_id: 59
111111111110000getFreeKvSlot
search
insert
search
getFreeBucket
bucket_id: 60
111111111110000getFreeKvSlot
search
insert
search
getFreeBucket
bucket_id: 61
111111111110000getFreeKvSlot
search
insert
search
getFreeBucket
bucket_id: 62
111111111110000getFreeKvSlot
search
insert
search
getFreeBucket
bucket_id: 63
111111111110000getFreeKvSlot
search
insert
search
getFreeBucket
bucket_id: 0
111111111101001getFreeKvSlot
search
insert
search
getFreeBucket
bucket_id: 1
111111111101001getFreeKvSlot
search
insert
search
getFreeBucket
bucket_id: 2
111111111011010getFreeKvSlot
search
insert
search
getFreeBucket
bucket_id: 3
111111111011010getFreeKvSlot
search
insert
search
getFreeBucket
bucket_id: 4
111111111110001getFreeKvSlot
search
insert
search
getFreeBucket
bucket_id: 5
111111111110001getFreeKvSlot
search
insert
search
getFreeBucket
bucket_id: 6
111111111110001getFreeKvSlot
search
insert
search
getFreeBucket
bucket_id: 7
111111111110001getFreeKvSlot
search
insert
search
getFreeBucket
bucket_id: 8
111111111100110getFreeKvSlot
search
insert
search
getFreeBucket
bucket_id: 9
111111111100110getFreeKvSlot
search
insert
search
getFreeBucket
bucket_id: 10
111111111100110getFreeKvSlot
search
insert
search
getFreeBucket
bucket_id: 11
111111111100110getFreeKvSlot
search
insert
search
getFreeBucket
bucket_id: 12
111111111100110getFreeKvSlot
search
insert
search
getFreeBucket
bucket_id: 13
111111111100110getFreeKvSlot
search
insert
search
getFreeBucket
bucket_id: 14
111111111100110getFreeKvSlot
search
insert
search
getFreeBucket
bucket_id: 15
111111111100110getFreeKvSlot
search
insert
search
getFreeBucket
bucket_id: 16
111111111010101getFreeKvSlot
search
insert
search
getFreeBucket
bucket_id: 17
111111111010101getFreeKvSlot
search
insert
search
getFreeBucket
bucket_id: 18
111111111010101getFreeKvSlot
search
insert
search
getFreeBucket
bucket_id: 19
111111111010101getFreeKvSlot
search
insert
search
getFreeBucket
bucket_id: 20
111111111010101getFreeKvSlot
search
insert
search
getFreeBucket
bucket_id: 21
111111111010101getFreeKvSlot
search
insert
search
getFreeBucket
bucket_id: 22
111111111010101getFreeKvSlot
search
insert
search
getFreeBucket
bucket_id: 23
111111111010101getFreeKvSlot
search
insert
search
getFreeBucket
bucket_id: 24
111111111010101getFreeKvSlot
search
insert
search
getFreeBucket
bucket_id: 25
111111111010101getFreeKvSlot
search
insert
search
getFreeBucket
bucket_id: 26
111111111010101getFreeKvSlot
search
insert
search
getFreeBucket
bucket_id: 27
111111111010101getFreeKvSlot
search
insert
search
getFreeBucket
bucket_id: 28
111111111010101getFreeKvSlot
search
insert
search
getFreeBucket
bucket_id: 29
111111111010101getFreeKvSlot
search
insert
search
getFreeBucket
bucket_id: 30
111111111010101getFreeKvSlot
search
insert
search
getFreeBucket
bucket_id: 31
111111111010101getFreeKvSlot
search
insert
search
getFreeBucket
bucket_id: 32
111111111111000getFreeKvSlot
search
insert
search
getFreeBucket
bucket_id: 33
111111111111000getFreeKvSlot
search
insert
search
getFreeBucket
bucket_id: 34
111111111111000getFreeKvSlot
search
insert
search
getFreeBucket
bucket_id: 35
111111111111000getFreeKvSlot
search
insert
search
getFreeBucket
bucket_id: 36
111111111111000getFreeKvSlot
search
insert
search
getFreeBucket
bucket_id: 37
111111111111000getFreeKvSlot
search
insert
search
getFreeBucket
bucket_id: 38
111111111111000getFreeKvSlot
search
insert
search
getFreeBucket
bucket_id: 39
111111111111000getFreeKvSlot
search
insert
search
getFreeBucket
bucket_id: 40
111111111111000getFreeKvSlot
search
insert
search
getFreeBucket
bucket_id: 41
111111111111000getFreeKvSlot
search
insert
search
getFreeBucket
bucket_id: 42
111111111111000getFreeKvSlot
search
insert
search
getFreeBucket
bucket_id: 43
111111111111000getFreeKvSlot
search
insert
search
getFreeBucket
bucket_id: 44
111111111111000getFreeKvSlot
search
insert
search
getFreeBucket
bucket_id: 45
111111111111000getFreeKvSlot
search
insert
search
getFreeBucket
bucket_id: 46
111111111111000getFreeKvSlot
search
insert
search
getFreeBucket
bucket_id: 47
111111111111000getFreeKvSlot
search
insert
search
getFreeBucket
bucket_id: 48
111111111111000getFreeKvSlot
search
insert
search
getFreeBucket
bucket_id: 49
111111111111000getFreeKvSlot
search
insert
search
getFreeBucket
bucket_id: 50
111111111111000getFreeKvSlot
search
insert
search
getFreeBucket
bucket_id: 51
111111111111000getFreeKvSlot
search
insert
search
getFreeBucket
bucket_id: 52
111111111111000getFreeKvSlot
search
insert
search
getFreeBucket
bucket_id: 53
111111111111000getFreeKvSlot
search
insert
search
getFreeBucket
bucket_id: 54
111111111111000getFreeKvSlot
search
insert
search
getFreeBucket
bucket_id: 55
111111111111000getFreeKvSlot
search
insert
search
getFreeBucket
bucket_id: 56
111111111111000getFreeKvSlot
search
insert
search
getFreeBucket
bucket_id: 57
111111111111000getFreeKvSlot
search
insert
search
getFreeBucket
bucket_id: 58
111111111111000getFreeKvSlot
search
insert
search
getFreeBucket
bucket_id: 59
111111111111000getFreeKvSlot
search
insert
search
getFreeBucket
bucket_id: 60
111111111111000getFreeKvSlot
search
insert
search
getFreeBucket
bucket_id: 61
111111111111000getFreeKvSlot
search
insert
search
getFreeBucket
bucket_id: 62
111111111111000getFreeKvSlot
search
insert
search
getFreeBucket
bucket_id: 63
111111111111000getFreeKvSlot
search
insert
search
getFreeBucket
bucket_id: 0
111111111111001getFreeKvSlot
search
insert
search
getFreeBucket
bucket_id: 1
111111111111001getFreeKvSlot
search
insert
search
getFreeBucket
bucket_id: 2
111111111111010getFreeKvSlot
search
insert
search
getFreeBucket
bucket_id: 3
111111111111010getFreeKvSlot
search
insert
search
getFreeBucket
bucket_id: 4
111111111111001getFreeKvSlot
search
insert
search
getFreeBucket
bucket_id: 5
111111111111001getFreeKvSlot
search
insert
search
getFreeBucket
bucket_id: 6
111111111111001getFreeKvSlot
search
insert
search
getFreeBucket
bucket_id: 7
111111111111001getFreeKvSlot
search
insert
search
getFreeBucket
bucket_id: 8
111111111110110getFreeKvSlot
search
insert
search
getFreeBucket
bucket_id: 9
111111111110110getFreeKvSlot
search
insert
search
getFreeBucket
bucket_id: 10
111111111110110getFreeKvSlot
search
insert
search
getFreeBucket
bucket_id: 11
111111111110110getFreeKvSlot
search
insert
search
getFreeBucket
bucket_id: 12
111111111110110getFreeKvSlot
search
insert
search
getFreeBucket
bucket_id: 13
111111111110110getFreeKvSlot
search
insert
search
getFreeBucket
bucket_id: 14
111111111110110getFreeKvSlot
search
insert
search
getFreeBucket
bucket_id: 15
111111111110110getFreeKvSlot
search
insert
search
getFreeBucket
bucket_id: 16
111111111110101getFreeKvSlot
search
insert
search
getFreeBucket
bucket_id: 17
111111111110101getFreeKvSlot
search
insert
search
getFreeBucket
bucket_id: 18
111111111110101getFreeKvSlot
search
insert
search
getFreeBucket
bucket_id: 19
111111111110101getFreeKvSlot
search
insert
search
getFreeBucket
bucket_id: 20
111111111110101getFreeKvSlot
search
insert
search
getFreeBucket
bucket_id: 21
111111111110101getFreeKvSlot
search
insert
search
getFreeBucket
bucket_id: 22
111111111110101getFreeKvSlot
search
insert
search
getFreeBucket
bucket_id: 23
111111111110101getFreeKvSlot
search
insert
search
getFreeBucket
bucket_id: 24
111111111110101getFreeKvSlot
search
insert
search
getFreeBucket
bucket_id: 25
111111111110101getFreeKvSlot
search
insert
search
getFreeBucket
bucket_id: 26
111111111110101getFreeKvSlot
search
insert
search
getFreeBucket
bucket_id: 27
111111111110101getFreeKvSlot
search
insert
search
getFreeBucket
bucket_id: 28
111111111110101getFreeKvSlot
search
insert
search
getFreeBucket
bucket_id: 29
111111111110101getFreeKvSlot
search
insert
search
getFreeBucket
bucket_id: 30
111111111110101getFreeKvSlot
search
insert
search
getFreeBucket
bucket_id: 31
111111111110101getFreeKvSlot
search
insert
search
getFreeBucket
bucket_id: 32
111111111111100getFreeKvSlot
search
insert
search
getFreeBucket
bucket_id: 33
111111111111100getFreeKvSlot
search
insert
search
getFreeBucket
bucket_id: 34
111111111111100getFreeKvSlot
search
insert
search
getFreeBucket
bucket_id: 35
111111111111100getFreeKvSlot
search
insert
search
getFreeBucket
bucket_id: 36
111111111111100getFreeKvSlot
search
insert
search
getFreeBucket
bucket_id: 37
111111111111100getFreeKvSlot
search
insert
search
getFreeBucket
bucket_id: 38
111111111111100getFreeKvSlot
search
insert
search
getFreeBucket
bucket_id: 39
111111111111100getFreeKvSlot
search
insert
search
getFreeBucket
bucket_id: 40
111111111111100getFreeKvSlot
search
insert
search
getFreeBucket
bucket_id: 41
111111111111100getFreeKvSlot
search
insert
search
getFreeBucket
bucket_id: 42
111111111111100getFreeKvSlot
search
insert
search
getFreeBucket
bucket_id: 43
111111111111100getFreeKvSlot
search
insert
search
getFreeBucket
bucket_id: 44
111111111111100getFreeKvSlot
search
insert
search
getFreeBucket
bucket_id: 45
111111111111100getFreeKvSlot
search
insert
search
getFreeBucket
bucket_id: 46
111111111111100getFreeKvSlot
search
insert
search
getFreeBucket
bucket_id: 47
111111111111100getFreeKvSlot
search
insert
search
getFreeBucket
bucket_id: 48
111111111111100getFreeKvSlot
search
insert
search
getFreeBucket
bucket_id: 49
111111111111100getFreeKvSlot
search
insert
search
getFreeBucket
bucket_id: 50
111111111111100getFreeKvSlot
search
insert
search
getFreeBucket
bucket_id: 51
111111111111100getFreeKvSlot
search
insert
search
getFreeBucket
bucket_id: 52
111111111111100getFreeKvSlot
search
insert
search
getFreeBucket
bucket_id: 53
111111111111100getFreeKvSlot
search
insert
search
getFreeBucket
bucket_id: 54
111111111111100getFreeKvSlot
search
insert
search
getFreeBucket
bucket_id: 55
111111111111100getFreeKvSlot
search
insert
search
getFreeBucket
bucket_id: 56
111111111111100getFreeKvSlot
search
insert
search
getFreeBucket
bucket_id: 57
111111111111100getFreeKvSlot
search
insert
search
getFreeBucket
bucket_id: 58
111111111111100getFreeKvSlot
search
insert
search
getFreeBucket
bucket_id: 59
111111111111100getFreeKvSlot
search
insert
search
getFreeBucket
bucket_id: 60
111111111111100getFreeKvSlot
search
insert
search
getFreeBucket
bucket_id: 61
111111111111100getFreeKvSlot
search
insert
search
getFreeBucket
bucket_id: 62
111111111111100getFreeKvSlot
search
insert
search
getFreeBucket
bucket_id: 63
111111111111100getFreeKvSlot
search
insert
search
getFreeBucket
bucket_id: 0
111111111111101getFreeKvSlot
search
insert
search
getFreeBucket
bucket_id: 1
111111111111101getFreeKvSlot
search
insert
search
getFreeBucket
bucket_id: 2
111111111111110getFreeKvSlot
search
insert
search
getFreeBucket
bucket_id: 3
111111111111110getFreeKvSlot
search
insert
search
getFreeBucket
bucket_id: 4
111111111111101getFreeKvSlot
search
insert
search
getFreeBucket
bucket_id: 5
111111111111101getFreeKvSlot
search
insert
search
getFreeBucket
bucket_id: 6
111111111111101getFreeKvSlot
search
insert
search
getFreeBucket
bucket_id: 7
111111111111101getFreeKvSlot
search
insert
search
getFreeBucket
bucket_id: 8
111111111111110getFreeKvSlot
search
insert
search
getFreeBucket
bucket_id: 9
111111111111110getFreeKvSlot
search
insert
search
getFreeBucket
bucket_id: 10
111111111111110getFreeKvSlot
search
insert
search
getFreeBucket
bucket_id: 11
111111111111110getFreeKvSlot
search
insert
search
getFreeBucket
bucket_id: 12
111111111111110getFreeKvSlot
search
insert
search
getFreeBucket
bucket_id: 13
111111111111110getFreeKvSlot
search
insert
search
getFreeBucket
bucket_id: 14
111111111111110getFreeKvSlot
search
insert
search
getFreeBucket
bucket_id: 15
111111111111110getFreeKvSlot
search
insert
search
getFreeBucket
bucket_id: 16
111111111111101getFreeKvSlot
search
insert
search
getFreeBucket
bucket_id: 17
111111111111101getFreeKvSlot
search
insert
search
getFreeBucket
bucket_id: 18
111111111111101getFreeKvSlot
search
insert
search
getFreeBucket
bucket_id: 19
111111111111101getFreeKvSlot
search
insert
search
getFreeBucket
bucket_id: 20
111111111111101getFreeKvSlot
search
insert
search
getFreeBucket
bucket_id: 21
111111111111101getFreeKvSlot
search
insert
search
getFreeBucket
bucket_id: 22
111111111111101getFreeKvSlot
search
insert
search
getFreeBucket
bucket_id: 23
111111111111101getFreeKvSlot
search
insert
search
getFreeBucket
bucket_id: 24
111111111111101getFreeKvSlot
search
insert
search
getFreeBucket
bucket_id: 25
111111111111101getFreeKvSlot
search
insert
search
getFreeBucket
bucket_id: 26
111111111111101getFreeKvSlot
search
insert
search
getFreeBucket
bucket_id: 27
111111111111101getFreeKvSlot
search
insert
search
getFreeBucket
bucket_id: 28
111111111111101getFreeKvSlot
search
insert
search
getFreeBucket
bucket_id: 29
111111111111101getFreeKvSlot
search
insert
search
getFreeBucket
bucket_id: 30
111111111111101getFreeKvSlot
search
insert
search
getFreeBucket
bucket_id: 31
111111111111101getFreeKvSlot
search
insert
search
getFreeBucket
bucket_id: 32
111111111111110getFreeKvSlot
search
insert
search
getFreeBucket
bucket_id: 33
111111111111110getFreeKvSlot
search
insert
search
getFreeBucket
bucket_id: 34
111111111111110getFreeKvSlot
search
insert
search
getFreeBucket
bucket_id: 35
111111111111110getFreeKvSlot
search
insert
search
getFreeBucket
bucket_id: 36
111111111111110getFreeKvSlot
search
insert
search
getFreeBucket
bucket_id: 37
111111111111110getFreeKvSlot
search
insert
search
getFreeBucket
bucket_id: 38
111111111111110getFreeKvSlot
search
insert
search
getFreeBucket
bucket_id: 39
111111111111110getFreeKvSlot
search
insert
search
getFreeBucket
bucket_id: 40
111111111111110getFreeKvSlot
search
insert
search
getFreeBucket
bucket_id: 41
111111111111110getFreeKvSlot
search
insert
search
getFreeBucket
bucket_id: 42
111111111111110getFreeKvSlot
search
insert
search
getFreeBucket
bucket_id: 43
111111111111110getFreeKvSlot
search
insert
search
getFreeBucket
bucket_id: 44
111111111111110getFreeKvSlot
search
insert
search
getFreeBucket
bucket_id: 45
111111111111110getFreeKvSlot
search
insert
search
getFreeBucket
bucket_id: 46
111111111111110getFreeKvSlot
search
insert
search
getFreeBucket
bucket_id: 47
111111111111110getFreeKvSlot
search
insert
search
getFreeBucket
bucket_id: 48
111111111111110getFreeKvSlot
search
insert
search
getFreeBucket
bucket_id: 49
111111111111110getFreeKvSlot
search
insert
search
getFreeBucket
bucket_id: 50
111111111111110getFreeKvSlot
search
insert
search
getFreeBucket
bucket_id: 51
111111111111110getFreeKvSlot
search
insert
search
getFreeBucket
bucket_id: 52
111111111111110getFreeKvSlot
search
insert
search
getFreeBucket
bucket_id: 53
111111111111110getFreeKvSlot
search
insert
search
getFreeBucket
bucket_id: 54
111111111111110getFreeKvSlot
search
insert
search
getFreeBucket
bucket_id: 55
111111111111110getFreeKvSlot
search
insert
search
getFreeBucket
bucket_id: 56
111111111111110getFreeKvSlot
search
insert
search
getFreeBucket
bucket_id: 57
111111111111110getFreeKvSlot
search
insert
search
getFreeBucket
bucket_id: 58
111111111111110getFreeKvSlot
search
insert
search
getFreeBucket
bucket_id: 59
111111111111110getFreeKvSlot
search
insert
search
getFreeBucket
bucket_id: 60
111111111111110getFreeKvSlot
search
insert
search
getFreeBucket
bucket_id: 61
111111111111110getFreeKvSlot
search
insert
search
getFreeBucket
bucket_id: 62
111111111111110getFreeKvSlot
search
insert
search
getFreeBucket
bucket_id: 63
111111111111110getFreeKvSlot
search
insert
search
getFreeBucket
bucket_id: 0
111111111111111splitBucket
local_depth1: 6
extendCatalog
extendCatalog bp1
extendCatalog bp2
extendCatalog bp3
extendCatalog bp4
getFreeSlot
getNewBucket
allocNewPage
2564104
newbucket: 000000000000000
111111111111111
000000000000000
a1 :0  b1: 64 bucket_id: 0 local_depth1: 7
a1 :0  b1: 64 bucket_id: 0 local_depth1: 7
a1 :64  b1: 64 bucket_id: 0 local_depth1: 7
jump in
a1 :0  b1: 64 bucket_id: 0 local_depth1: 7
a1 :0  b1: 64 bucket_id: 0 local_depth1: 7
a1 :64  b1: 64 bucket_id: 0 local_depth1: 7
jump in
a1 :0  b1: 64 bucket_id: 0 local_depth1: 7
a1 :64  b1: 64 bucket_id: 0 local_depth1: 7
jump in
a1 :64  b1: 64 bucket_id: 0 local_depth1: 7
jump in
a1 :0  b1: 64 bucket_id: 0 local_depth1: 7
a1 :0  b1: 64 bucket_id: 0 local_depth1: 7
a1 :64  b1: 64 bucket_id: 0 local_depth1: 7
jump in
a1 :64  b1: 64 bucket_id: 0 local_depth1: 7
jump in
a1 :0  b1: 64 bucket_id: 0 local_depth1: 7
a1 :64  b1: 64 bucket_id: 0 local_depth1: 7
jump in
110110100110010
111111100000000
getFreeBucket
bucket_id: 64
111111100000000getFreeKvSlot
search
insert
search
getFreeBucket
bucket_id: 65
111111111111111splitBucket
local_depth1: 6
getFreeSlot
getNewBucket
newbucket: 000000000000000
111111111111111
000000000000000
a1 :1  b1: 65 bucket_id: 1 local_depth1: 7
a1 :1  b1: 65 bucket_id: 1 local_depth1: 7
a1 :65  b1: 65 bucket_id: 1 local_depth1: 7
jump in
a1 :1  b1: 65 bucket_id: 1 local_depth1: 7
a1 :1  b1: 65 bucket_id: 1 local_depth1: 7
a1 :65  b1: 65 bucket_id: 1 local_depth1: 7
jump in
a1 :1  b1: 65 bucket_id: 1 local_depth1: 7
a1 :65  b1: 65 bucket_id: 1 local_depth1: 7
jump in
a1 :65  b1: 65 bucket_id: 1 local_depth1: 7
jump in
a1 :1  b1: 65 bucket_id: 1 local_depth1: 7
a1 :1  b1: 65 bucket_id: 1 local_depth1: 7
a1 :65  b1: 65 bucket_id: 1 local_depth1: 7
jump in
a1 :65  b1: 65 bucket_id: 1 local_depth1: 7
jump in
a1 :1  b1: 65 bucket_id: 1 local_depth1: 7
a1 :65  b1: 65 bucket_id: 1 local_depth1: 7
jump in
110110100110010
111111100000000
getFreeBucket
bucket_id: 65
111111100000000getFreeKvSlot
search
insert
search
getFreeBucket
bucket_id: 66
111111111111111splitBucket
local_depth1: 6
getFreeSlot
getNewBucket
newbucket: 000000000000000
111111111111111
000000000000000
a1 :2  b1: 66 bucket_id: 2 local_depth1: 7
a1 :66  b1: 66 bucket_id: 2 local_depth1: 7
jump in
a1 :2  b1: 66 bucket_id: 2 local_depth1: 7
a1 :2  b1: 66 bucket_id: 2 local_depth1: 7
a1 :2  b1: 66 bucket_id: 2 local_depth1: 7
a1 :66  b1: 66 bucket_id: 2 local_depth1: 7
jump in
a1 :66  b1: 66 bucket_id: 2 local_depth1: 7
jump in
a1 :2  b1: 66 bucket_id: 2 local_depth1: 7
a1 :66  b1: 66 bucket_id: 2 local_depth1: 7
jump in
a1 :2  b1: 66 bucket_id: 2 local_depth1: 7
a1 :66  b1: 66 bucket_id: 2 local_depth1: 7
jump in
a1 :2  b1: 66 bucket_id: 2 local_depth1: 7
a1 :66  b1: 66 bucket_id: 2 local_depth1: 7
jump in
a1 :66  b1: 66 bucket_id: 2 local_depth1: 7
jump in
a1 :2  b1: 66 bucket_id: 2 local_depth1: 7
101110010101001
111111100000000
getFreeBucket
bucket_id: 66
111111100000000getFreeKvSlot
search
insert
search
getFreeBucket
bucket_id: 67
111111111111111splitBucket
local_depth1: 6
getFreeSlot
getNewBucket
newbucket: 000000000000000
111111111111111
000000000000000
a1 :3  b1: 67 bucket_id: 3 local_depth1: 7
a1 :67  b1: 67 bucket_id: 3 local_depth1: 7
jump in
a1 :3  b1: 67 bucket_id: 3 local_depth1: 7
a1 :3  b1: 67 bucket_id: 3 local_depth1: 7
a1 :3  b1: 67 bucket_id: 3 local_depth1: 7
a1 :67  b1: 67 bucket_id: 3 local_depth1: 7
jump in
a1 :67  b1: 67 bucket_id: 3 local_depth1: 7
jump in
a1 :3  b1: 67 bucket_id: 3 local_depth1: 7
a1 :67  b1: 67 bucket_id: 3 local_depth1: 7
jump in
a1 :3  b1: 67 bucket_id: 3 local_depth1: 7
a1 :67  b1: 67 bucket_id: 3 local_depth1: 7
jump in
a1 :3  b1: 67 bucket_id: 3 local_depth1: 7
a1 :67  b1: 67 bucket_id: 3 local_depth1: 7
jump in
a1 :67  b1: 67 bucket_id: 3 local_depth1: 7
jump in
a1 :3  b1: 67 bucket_id: 3 local_depth1: 7
101110010101001
111111100000000
getFreeBucket
bucket_id: 67
111111100000000getFreeKvSlot
search
insert
search
getFreeBucket
bucket_id: 68
111111111111111splitBucket
local_depth1: 6
getFreeSlot
getNewBucket
newbucket: 000000000000000
111111111111111
000000000000000
a1 :4  b1: 68 bucket_id: 4 local_depth1: 7
a1 :4  b1: 68 bucket_id: 4 local_depth1: 7
a1 :4  b1: 68 bucket_id: 4 local_depth1: 7
a1 :4  b1: 68 bucket_id: 4 local_depth1: 7
a1 :68  b1: 68 bucket_id: 4 local_depth1: 7
jump in
a1 :68  b1: 68 bucket_id: 4 local_depth1: 7
jump in
a1 :4  b1: 68 bucket_id: 4 local_depth1: 7
a1 :68  b1: 68 bucket_id: 4 local_depth1: 7
jump in
a1 :68  b1: 68 bucket_id: 4 local_depth1: 7
jump in
a1 :68  b1: 68 bucket_id: 4 local_depth1: 7
jump in
a1 :4  b1: 68 bucket_id: 4 local_depth1: 7
a1 :4  b1: 68 bucket_id: 4 local_depth1: 7
a1 :68  b1: 68 bucket_id: 4 local_depth1: 7
jump in
a1 :4  b1: 68 bucket_id: 4 local_depth1: 7
a1 :68  b1: 68 bucket_id: 4 local_depth1: 7
jump in
111100100011010
111111100000000
getFreeBucket
bucket_id: 68
111111100000000getFreeKvSlot
search
insert
search
getFreeBucket
bucket_id: 69
111111111111111splitBucket
local_depth1: 6
getFreeSlot
getNewBucket
newbucket: 000000000000000
111111111111111
000000000000000
a1 :5  b1: 69 bucket_id: 5 local_depth1: 7
a1 :5  b1: 69 bucket_id: 5 local_depth1: 7
a1 :5  b1: 69 bucket_id: 5 local_depth1: 7
a1 :5  b1: 69 bucket_id: 5 local_depth1: 7
a1 :69  b1: 69 bucket_id: 5 local_depth1: 7
jump in
a1 :69  b1: 69 bucket_id: 5 local_depth1: 7
jump in
a1 :5  b1: 69 bucket_id: 5 local_depth1: 7
a1 :69  b1: 69 bucket_id: 5 local_depth1: 7
jump in
a1 :69  b1: 69 bucket_id: 5 local_depth1: 7
jump in
a1 :69  b1: 69 bucket_id: 5 local_depth1: 7
jump in
a1 :5  b1: 69 bucket_id: 5 local_depth1: 7
a1 :5  b1: 69 bucket_id: 5 local_depth1: 7
a1 :69  b1: 69 bucket_id: 5 local_depth1: 7
jump in
a1 :5  b1: 69 bucket_id: 5 local_depth1: 7
a1 :69  b1: 69 bucket_id: 5 local_depth1: 7
jump in
111100100011010
111111100000000
getFreeBucket
bucket_id: 69
111111100000000getFreeKvSlot
search
insert
search
getFreeBucket
bucket_id: 70
111111111111111splitBucket
local_depth1: 6
getFreeSlot
getNewBucket
newbucket: 000000000000000
111111111111111
000000000000000
a1 :6  b1: 70 bucket_id: 6 local_depth1: 7
a1 :6  b1: 70 bucket_id: 6 local_depth1: 7
a1 :6  b1: 70 bucket_id: 6 local_depth1: 7
a1 :6  b1: 70 bucket_id: 6 local_depth1: 7
a1 :70  b1: 70 bucket_id: 6 local_depth1: 7
jump in
a1 :6  b1: 70 bucket_id: 6 local_depth1: 7
a1 :70  b1: 70 bucket_id: 6 local_depth1: 7
jump in
a1 :70  b1: 70 bucket_id: 6 local_depth1: 7
jump in
a1 :70  b1: 70 bucket_id: 6 local_depth1: 7
jump in
a1 :70  b1: 70 bucket_id: 6 local_depth1: 7
jump in
a1 :6  b1: 70 bucket_id: 6 local_depth1: 7
a1 :6  b1: 70 bucket_id: 6 local_depth1: 7
a1 :70  b1: 70 bucket_id: 6 local_depth1: 7
jump in
a1 :6  b1: 70 bucket_id: 6 local_depth1: 7
a1 :70  b1: 70 bucket_id: 6 local_depth1: 7
jump in
111101000011010
111111100000000
getFreeBucket
bucket_id: 70
111111100000000getFreeKvSlot
search
insert
search
getFreeBucket
bucket_id: 71
111111111111111splitBucket
local_depth1: 6
getFreeSlot
getNewBucket
newbucket: 000000000000000
111111111111111
000000000000000
a1 :7  b1: 71 bucket_id: 7 local_depth1: 7
a1 :7  b1: 71 bucket_id: 7 local_depth1: 7
a1 :7  b1: 71 bucket_id: 7 local_depth1: 7
a1 :7  b1: 71 bucket_id: 7 local_depth1: 7
a1 :71  b1: 71 bucket_id: 7 local_depth1: 7
jump in
a1 :7  b1: 71 bucket_id: 7 local_depth1: 7
a1 :71  b1: 71 bucket_id: 7 local_depth1: 7
jump in
a1 :71  b1: 71 bucket_id: 7 local_depth1: 7
jump in
a1 :71  b1: 71 bucket_id: 7 local_depth1: 7
jump in
a1 :71  b1: 71 bucket_id: 7 local_depth1: 7
jump in
a1 :7  b1: 71 bucket_id: 7 local_depth1: 7
a1 :7  b1: 71 bucket_id: 7 local_depth1: 7
a1 :71  b1: 71 bucket_id: 7 local_depth1: 7
jump in
a1 :7  b1: 71 bucket_id: 7 local_depth1: 7
a1 :71  b1: 71 bucket_id: 7 local_depth1: 7
jump in
111101000011010
111111100000000
getFreeBucket
bucket_id: 71
111111100000000getFreeKvSlot
search
insert
search
getFreeBucket
bucket_id: 72
111111111111111splitBucket
local_depth1: 6
getFreeSlot
getNewBucket
newbucket: 000000000000000
111111111111111
000000000000000
a1 :72  b1: 72 bucket_id: 8 local_depth1: 7
jump in
a1 :8  b1: 72 bucket_id: 8 local_depth1: 7
a1 :8  b1: 72 bucket_id: 8 local_depth1: 7
a1 :8  b1: 72 bucket_id: 8 local_depth1: 7
a1 :72  b1: 72 bucket_id: 8 local_depth1: 7
jump in
a1 :8  b1: 72 bucket_id: 8 local_depth1: 7
a1 :72  b1: 72 bucket_id: 8 local_depth1: 7
jump in
a1 :72  b1: 72 bucket_id: 8 local_depth1: 7
jump in
a1 :8  b1: 72 bucket_id: 8 local_depth1: 7
a1 :8  b1: 72 bucket_id: 8 local_depth1: 7
a1 :8  b1: 72 bucket_id: 8 local_depth1: 7
a1 :72  b1: 72 bucket_id: 8 local_depth1: 7
jump in
a1 :72  b1: 72 bucket_id: 8 local_depth1: 7
jump in
a1 :72  b1: 72 bucket_id: 8 local_depth1: 7
jump in
a1 :8  b1: 72 bucket_id: 8 local_depth1: 7
011101001110001
111111100000000
getFreeBucket
bucket_id: 72
111111100000000getFreeKvSlot
search
insert
search
getFreeBucket
bucket_id: 73
111111111111111splitBucket
local_depth1: 6
getFreeSlot
getNewBucket
newbucket: 000000000000000
111111111111111
000000000000000
a1 :73  b1: 73 bucket_id: 9 local_depth1: 7
jump in
a1 :9  b1: 73 bucket_id: 9 local_depth1: 7
a1 :9  b1: 73 bucket_id: 9 local_depth1: 7
a1 :9  b1: 73 bucket_id: 9 local_depth1: 7
a1 :73  b1: 73 bucket_id: 9 local_depth1: 7
jump in
a1 :9  b1: 73 bucket_id: 9 local_depth1: 7
a1 :73  b1: 73 bucket_id: 9 local_depth1: 7
jump in
a1 :73  b1: 73 bucket_id: 9 local_depth1: 7
jump in
a1 :9  b1: 73 bucket_id: 9 local_depth1: 7
a1 :9  b1: 73 bucket_id: 9 local_depth1: 7
a1 :9  b1: 73 bucket_id: 9 local_depth1: 7
a1 :73  b1: 73 bucket_id: 9 local_depth1: 7
jump in
a1 :73  b1: 73 bucket_id: 9 local_depth1: 7
jump in
a1 :73  b1: 73 bucket_id: 9 local_depth1: 7
jump in
a1 :9  b1: 73 bucket_id: 9 local_depth1: 7
011101001110001
111111100000000
getFreeBucket
bucket_id: 73
111111100000000getFreeKvSlot
search
insert
search
getFreeBucket
bucket_id: 74
111111111111111splitBucket
local_depth1: 6
getFreeSlot
getNewBucket
newbucket: 000000000000000
111111111111111
000000000000000
a1 :10  b1: 74 bucket_id: 10 local_depth1: 7
a1 :74  b1: 74 bucket_id: 10 local_depth1: 7
jump in
a1 :10  b1: 74 bucket_id: 10 local_depth1: 7
a1 :10  b1: 74 bucket_id: 10 local_depth1: 7
a1 :74  b1: 74 bucket_id: 10 local_depth1: 7
jump in
a1 :10  b1: 74 bucket_id: 10 local_depth1: 7
a1 :74  b1: 74 bucket_id: 10 local_depth1: 7
jump in
a1 :74  b1: 74 bucket_id: 10 local_depth1: 7
jump in
a1 :10  b1: 74 bucket_id: 10 local_depth1: 7
a1 :10  b1: 74 bucket_id: 10 local_depth1: 7
a1 :10  b1: 74 bucket_id: 10 local_depth1: 7
a1 :74  b1: 74 bucket_id: 10 local_depth1: 7
jump in
a1 :74  b1: 74 bucket_id: 10 local_depth1: 7
jump in
a1 :74  b1: 74 bucket_id: 10 local_depth1: 7
jump in
a1 :10  b1: 74 bucket_id: 10 local_depth1: 7
101101001110001
111111100000000
getFreeBucket
bucket_id: 74
111111100000000getFreeKvSlot
search
insert
search
getFreeBucket
bucket_id: 75
111111111111111splitBucket
local_depth1: 6
getFreeSlot
getNewBucket
newbucket: 000000000000000
111111111111111
000000000000000
a1 :11  b1: 75 bucket_id: 11 local_depth1: 7
a1 :75  b1: 75 bucket_id: 11 local_depth1: 7
jump in
a1 :11  b1: 75 bucket_id: 11 local_depth1: 7
a1 :11  b1: 75 bucket_id: 11 local_depth1: 7
a1 :75  b1: 75 bucket_id: 11 local_depth1: 7
jump in
a1 :11  b1: 75 bucket_id: 11 local_depth1: 7
a1 :75  b1: 75 bucket_id: 11 local_depth1: 7
jump in
a1 :75  b1: 75 bucket_id: 11 local_depth1: 7
jump in
a1 :11  b1: 75 bucket_id: 11 local_depth1: 7
a1 :11  b1: 75 bucket_id: 11 local_depth1: 7
a1 :11  b1: 75 bucket_id: 11 local_depth1: 7
a1 :75  b1: 75 bucket_id: 11 local_depth1: 7
jump in
a1 :75  b1: 75 bucket_id: 11 local_depth1: 7
jump in
a1 :75  b1: 75 bucket_id: 11 local_depth1: 7
jump in
a1 :11  b1: 75 bucket_id: 11 local_depth1: 7
101101001110001
111111100000000
getFreeBucket
bucket_id: 75
111111100000000getFreeKvSlot
search
insert
search
getFreeBucket
bucket_id: 76
111111111111111splitBucket
local_depth1: 6
getFreeSlot
getNewBucket
newbucket: 000000000000000
111111111111111
000000000000000
a1 :12  b1: 76 bucket_id: 12 local_depth1: 7
a1 :12  b1: 76 bucket_id: 12 local_depth1: 7
a1 :12  b1: 76 bucket_id: 12 local_depth1: 7
a1 :76  b1: 76 bucket_id: 12 local_depth1: 7
jump in
a1 :76  b1: 76 bucket_id: 12 local_depth1: 7
jump in
a1 :76  b1: 76 bucket_id: 12 local_depth1: 7
jump in
a1 :12  b1: 76 bucket_id: 12 local_depth1: 7
a1 :76  b1: 76 bucket_id: 12 local_depth1: 7
jump in
a1 :12  b1: 76 bucket_id: 12 local_depth1: 7
a1 :12  b1: 76 bucket_id: 12 local_depth1: 7
a1 :12  b1: 76 bucket_id: 12 local_depth1: 7
a1 :76  b1: 76 bucket_id: 12 local_depth1: 7
jump in
a1 :76  b1: 76 bucket_id: 12 local_depth1: 7
jump in
a1 :76  b1: 76 bucket_id: 12 local_depth1: 7
jump in
a1 :12  b1: 76 bucket_id: 12 local_depth1: 7
111000101110001
111111100000000
getFreeBucket
bucket_id: 76
111111100000000getFreeKvSlot
search
insert
search
getFreeBucket
bucket_id: 77
111111111111111splitBucket
local_depth1: 6
getFreeSlot
getNewBucket
newbucket: 000000000000000
111111111111111
000000000000000
a1 :13  b1: 77 bucket_id: 13 local_depth1: 7
a1 :13  b1: 77 bucket_id: 13 local_depth1: 7
a1 :13  b1: 77 bucket_id: 13 local_depth1: 7
a1 :77  b1: 77 bucket_id: 13 local_depth1: 7
jump in
a1 :77  b1: 77 bucket_id: 13 local_depth1: 7
jump in
a1 :77  b1: 77 bucket_id: 13 local_depth1: 7
jump in
a1 :13  b1: 77 bucket_id: 13 local_depth1: 7
a1 :77  b1: 77 bucket_id: 13 local_depth1: 7
jump in
a1 :13  b1: 77 bucket_id: 13 local_depth1: 7
a1 :13  b1: 77 bucket_id: 13 local_depth1: 7
a1 :13  b1: 77 bucket_id: 13 local_depth1: 7
a1 :77  b1: 77 bucket_id: 13 local_depth1: 7
jump in
a1 :77  b1: 77 bucket_id: 13 local_depth1: 7
jump in
a1 :77  b1: 77 bucket_id: 13 local_depth1: 7
jump in
a1 :13  b1: 77 bucket_id: 13 local_depth1: 7
111000101110001
111111100000000
getFreeBucket
bucket_id: 77
111111100000000getFreeKvSlot
search
insert
search
getFreeBucket
bucket_id: 78
111111111111111splitBucket
local_depth1: 6
getFreeSlot
getNewBucket
newbucket: 000000000000000
111111111111111
000000000000000
a1 :14  b1: 78 bucket_id: 14 local_depth1: 7
a1 :14  b1: 78 bucket_id: 14 local_depth1: 7
a1 :14  b1: 78 bucket_id: 14 local_depth1: 7
a1 :78  b1: 78 bucket_id: 14 local_depth1: 7
jump in
a1 :78  b1: 78 bucket_id: 14 local_depth1: 7
jump in
a1 :78  b1: 78 bucket_id: 14 local_depth1: 7
jump in
a1 :14  b1: 78 bucket_id: 14 local_depth1: 7
a1 :78  b1: 78 bucket_id: 14 local_depth1: 7
jump in
a1 :14  b1: 78 bucket_id: 14 local_depth1: 7
a1 :14  b1: 78 bucket_id: 14 local_depth1: 7
a1 :14  b1: 78 bucket_id: 14 local_depth1: 7
a1 :78  b1: 78 bucket_id: 14 local_depth1: 7
jump in
a1 :78  b1: 78 bucket_id: 14 local_depth1: 7
jump in
a1 :78  b1: 78 bucket_id: 14 local_depth1: 7
jump in
a1 :14  b1: 78 bucket_id: 14 local_depth1: 7
111000101110001
111111100000000
getFreeBucket
bucket_id: 78
111111100000000getFreeKvSlot
search
insert
search
getFreeBucket
bucket_id: 79
111111111111111splitBucket
local_depth1: 6
getFreeSlot
getNewBucket
newbucket: 000000000000000
111111111111111
000000000000000
a1 :15  b1: 79 bucket_id: 15 local_depth1: 7
a1 :15  b1: 79 bucket_id: 15 local_depth1: 7
a1 :15  b1: 79 bucket_id: 15 local_depth1: 7
a1 :79  b1: 79 bucket_id: 15 local_depth1: 7
jump in
a1 :79  b1: 79 bucket_id: 15 local_depth1: 7
jump in
a1 :79  b1: 79 bucket_id: 15 local_depth1: 7
jump in
a1 :15  b1: 79 bucket_id: 15 local_depth1: 7
a1 :79  b1: 79 bucket_id: 15 local_depth1: 7
jump in
a1 :15  b1: 79 bucket_id: 15 local_depth1: 7
a1 :15  b1: 79 bucket_id: 15 local_depth1: 7
a1 :15  b1: 79 bucket_id: 15 local_depth1: 7
a1 :79  b1: 79 bucket_id: 15 local_depth1: 7
jump in
a1 :79  b1: 79 bucket_id: 15 local_depth1: 7
jump in
a1 :79  b1: 79 bucket_id: 15 local_depth1: 7
jump in
a1 :15  b1: 79 bucket_id: 15 local_depth1: 7
111000101110001
111111100000000
getFreeBucket
bucket_id: 79
111111100000000getFreeKvSlot
search
insert
search
getFreeBucket
bucket_id: 80
111111111111111splitBucket
local_depth1: 6
getFreeSlot
getNewBucket
allocNewPage
2564104
newbucket: 000000000000000
111111111111111
000000000000000
a1 :16  b1: 80 bucket_id: 16 local_depth1: 7
a1 :80  b1: 80 bucket_id: 16 local_depth1: 7
jump in
a1 :16  b1: 80 bucket_id: 16 local_depth1: 7
a1 :16  b1: 80 bucket_id: 16 local_depth1: 7
a1 :80  b1: 80 bucket_id: 16 local_depth1: 7
jump in
a1 :80  b1: 80 bucket_id: 16 local_depth1: 7
jump in
a1 :16  b1: 80 bucket_id: 16 local_depth1: 7
a1 :80  b1: 80 bucket_id: 16 local_depth1: 7
jump in
a1 :16  b1: 80 bucket_id: 16 local_depth1: 7
a1 :16  b1: 80 bucket_id: 16 local_depth1: 7
a1 :80  b1: 80 bucket_id: 16 local_depth1: 7
jump in
a1 :80  b1: 80 bucket_id: 16 local_depth1: 7
jump in
a1 :16  b1: 80 bucket_id: 16 local_depth1: 7
a1 :16  b1: 80 bucket_id: 16 local_depth1: 7
a1 :80  b1: 80 bucket_id: 16 local_depth1: 7
jump in
101100101100110
111111100000000
getFreeBucket
bucket_id: 80
111111100000000getFreeKvSlot
search
insert
search
getFreeBucket
bucket_id: 81
111111111111111splitBucket
local_depth1: 6
getFreeSlot
getNewBucket
newbucket: 000000000000000
111111111111111
000000000000000
a1 :17  b1: 81 bucket_id: 17 local_depth1: 7
a1 :81  b1: 81 bucket_id: 17 local_depth1: 7
jump in
a1 :17  b1: 81 bucket_id: 17 local_depth1: 7
a1 :17  b1: 81 bucket_id: 17 local_depth1: 7
a1 :81  b1: 81 bucket_id: 17 local_depth1: 7
jump in
a1 :81  b1: 81 bucket_id: 17 local_depth1: 7
jump in
a1 :17  b1: 81 bucket_id: 17 local_depth1: 7
a1 :81  b1: 81 bucket_id: 17 local_depth1: 7
jump in
a1 :17  b1: 81 bucket_id: 17 local_depth1: 7
a1 :17  b1: 81 bucket_id: 17 local_depth1: 7
a1 :81  b1: 81 bucket_id: 17 local_depth1: 7
jump in
a1 :81  b1: 81 bucket_id: 17 local_depth1: 7
jump in
a1 :17  b1: 81 bucket_id: 17 local_depth1: 7
a1 :17  b1: 81 bucket_id: 17 local_depth1: 7
a1 :81  b1: 81 bucket_id: 17 local_depth1: 7
jump in
101100101100110
111111100000000
getFreeBucket
bucket_id: 81
111111100000000getFreeKvSlot
search
insert
search
getFreeBucket
bucket_id: 82
111111111111111splitBucket
local_depth1: 6
getFreeSlot
getNewBucket
newbucket: 000000000000000
111111111111111
000000000000000
a1 :18  b1: 82 bucket_id: 18 local_depth1: 7
a1 :18  b1: 82 bucket_id: 18 local_depth1: 7
a1 :82  b1: 82 bucket_id: 18 local_depth1: 7
jump in
a1 :18  b1: 82 bucket_id: 18 local_depth1: 7
a1 :82  b1: 82 bucket_id: 18 local_depth1: 7
jump in
a1 :82  b1: 82 bucket_id: 18 local_depth1: 7
jump in
a1 :18  b1: 82 bucket_id: 18 local_depth1: 7
a1 :82  b1: 82 bucket_id: 18 local_depth1: 7
jump in
a1 :18  b1: 82 bucket_id: 18 local_depth1: 7
a1 :18  b1: 82 bucket_id: 18 local_depth1: 7
a1 :82  b1: 82 bucket_id: 18 local_depth1: 7
jump in
a1 :82  b1: 82 bucket_id: 18 local_depth1: 7
jump in
a1 :18  b1: 82 bucket_id: 18 local_depth1: 7
a1 :18  b1: 82 bucket_id: 18 local_depth1: 7
a1 :82  b1: 82 bucket_id: 18 local_depth1: 7
jump in
110100101100110
111111100000000
getFreeBucket
bucket_id: 82
111111100000000getFreeKvSlot
search
insert
search
getFreeBucket
bucket_id: 83
111111111111111splitBucket
local_depth1: 6
getFreeSlot
getNewBucket
newbucket: 000000000000000
111111111111111
000000000000000
a1 :19  b1: 83 bucket_id: 19 local_depth1: 7
a1 :19  b1: 83 bucket_id: 19 local_depth1: 7
a1 :83  b1: 83 bucket_id: 19 local_depth1: 7
jump in
a1 :19  b1: 83 bucket_id: 19 local_depth1: 7
a1 :83  b1: 83 bucket_id: 19 local_depth1: 7
jump in
a1 :83  b1: 83 bucket_id: 19 local_depth1: 7
jump in
a1 :19  b1: 83 bucket_id: 19 local_depth1: 7
a1 :83  b1: 83 bucket_id: 19 local_depth1: 7
jump in
a1 :19  b1: 83 bucket_id: 19 local_depth1: 7
a1 :19  b1: 83 bucket_id: 19 local_depth1: 7
a1 :83  b1: 83 bucket_id: 19 local_depth1: 7
jump in
a1 :83  b1: 83 bucket_id: 19 local_depth1: 7
jump in
a1 :19  b1: 83 bucket_id: 19 local_depth1: 7
a1 :19  b1: 83 bucket_id: 19 local_depth1: 7
a1 :83  b1: 83 bucket_id: 19 local_depth1: 7
jump in
110100101100110
111111100000000
getFreeBucket
bucket_id: 83
111111100000000getFreeKvSlot
search
insert
search
getFreeBucket
bucket_id: 84
111111111111111splitBucket
local_depth1: 6
getFreeSlot
getNewBucket
newbucket: 000000000000000
111111111111111
000000000000000
a1 :20  b1: 84 bucket_id: 20 local_depth1: 7
a1 :20  b1: 84 bucket_id: 20 local_depth1: 7
a1 :20  b1: 84 bucket_id: 20 local_depth1: 7
a1 :84  b1: 84 bucket_id: 20 local_depth1: 7
jump in
a1 :84  b1: 84 bucket_id: 20 local_depth1: 7
jump in
a1 :84  b1: 84 bucket_id: 20 local_depth1: 7
jump in
a1 :20  b1: 84 bucket_id: 20 local_depth1: 7
a1 :84  b1: 84 bucket_id: 20 local_depth1: 7
jump in
a1 :20  b1: 84 bucket_id: 20 local_depth1: 7
a1 :20  b1: 84 bucket_id: 20 local_depth1: 7
a1 :84  b1: 84 bucket_id: 20 local_depth1: 7
jump in
a1 :84  b1: 84 bucket_id: 20 local_depth1: 7
jump in
a1 :20  b1: 84 bucket_id: 20 local_depth1: 7
a1 :20  b1: 84 bucket_id: 20 local_depth1: 7
a1 :84  b1: 84 bucket_id: 20 local_depth1: 7
jump in
111000101100110
111111100000000
getFreeBucket
bucket_id: 84
111111100000000getFreeKvSlot
search
insert
search
getFreeBucket
bucket_id: 85
111111111111111splitBucket
local_depth1: 6
getFreeSlot
getNewBucket
newbucket: 000000000000000
111111111111111
000000000000000
a1 :21  b1: 85 bucket_id: 21 local_depth1: 7
a1 :21  b1: 85 bucket_id: 21 local_depth1: 7
a1 :21  b1: 85 bucket_id: 21 local_depth1: 7
a1 :85  b1: 85 bucket_id: 21 local_depth1: 7
jump in
a1 :85  b1: 85 bucket_id: 21 local_depth1: 7
jump in
a1 :85  b1: 85 bucket_id: 21 local_depth1: 7
jump in
a1 :21  b1: 85 bucket_id: 21 local_depth1: 7
a1 :85  b1: 85 bucket_id: 21 local_depth1: 7
jump in
a1 :21  b1: 85 bucket_id: 21 local_depth1: 7
a1 :21  b1: 85 bucket_id: 21 local_depth1: 7
a1 :85  b1: 85 bucket_id: 21 local_depth1: 7
jump in
a1 :85  b1: 85 bucket_id: 21 local_depth1: 7
jump in
a1 :21  b1: 85 bucket_id: 21 local_depth1: 7
a1 :21  b1: 85 bucket_id: 21 local_depth1: 7
a1 :85  b1: 85 bucket_id: 21 local_depth1: 7
jump in
111000101100110
111111100000000
getFreeBucket
bucket_id: 85
111111100000000getFreeKvSlot
search
insert
search
getFreeBucket
bucket_id: 86
111111111111111splitBucket
local_depth1: 6
getFreeSlot
getNewBucket
newbucket: 000000000000000
111111111111111
000000000000000
a1 :22  b1: 86 bucket_id: 22 local_depth1: 7
a1 :22  b1: 86 bucket_id: 22 local_depth1: 7
a1 :22  b1: 86 bucket_id: 22 local_depth1: 7
a1 :86  b1: 86 bucket_id: 22 local_depth1: 7
jump in
a1 :86  b1: 86 bucket_id: 22 local_depth1: 7
jump in
a1 :86  b1: 86 bucket_id: 22 local_depth1: 7
jump in
a1 :22  b1: 86 bucket_id: 22 local_depth1: 7
a1 :86  b1: 86 bucket_id: 22 local_depth1: 7
jump in
a1 :22  b1: 86 bucket_id: 22 local_depth1: 7
a1 :22  b1: 86 bucket_id: 22 local_depth1: 7
a1 :86  b1: 86 bucket_id: 22 local_depth1: 7
jump in
a1 :86  b1: 86 bucket_id: 22 local_depth1: 7
jump in
a1 :22  b1: 86 bucket_id: 22 local_depth1: 7
a1 :22  b1: 86 bucket_id: 22 local_depth1: 7
a1 :86  b1: 86 bucket_id: 22 local_depth1: 7
jump in
111000101100110
111111100000000
getFreeBucket
bucket_id: 86
111111100000000getFreeKvSlot
search
insert
search
getFreeBucket
bucket_id: 87
111111111111111splitBucket
local_depth1: 6
getFreeSlot
getNewBucket
newbucket: 000000000000000
111111111111111
000000000000000
a1 :23  b1: 87 bucket_id: 23 local_depth1: 7
a1 :23  b1: 87 bucket_id: 23 local_depth1: 7
a1 :23  b1: 87 bucket_id: 23 local_depth1: 7
a1 :87  b1: 87 bucket_id: 23 local_depth1: 7
jump in
a1 :87  b1: 87 bucket_id: 23 local_depth1: 7
jump in
a1 :87  b1: 87 bucket_id: 23 local_depth1: 7
jump in
a1 :23  b1: 87 bucket_id: 23 local_depth1: 7
a1 :87  b1: 87 bucket_id: 23 local_depth1: 7
jump in
a1 :23  b1: 87 bucket_id: 23 local_depth1: 7
a1 :23  b1: 87 bucket_id: 23 local_depth1: 7
a1 :87  b1: 87 bucket_id: 23 local_depth1: 7
jump in
a1 :87  b1: 87 bucket_id: 23 local_depth1: 7
jump in
a1 :23  b1: 87 bucket_id: 23 local_depth1: 7
a1 :23  b1: 87 bucket_id: 23 local_depth1: 7
a1 :87  b1: 87 bucket_id: 23 local_depth1: 7
jump in
111000101100110
111111100000000
getFreeBucket
bucket_id: 87
111111100000000getFreeKvSlot
search
insert
search
getFreeBucket
bucket_id: 88
111111111111111splitBucket
local_depth1: 6
getFreeSlot
getNewBucket
newbucket: 000000000000000
111111111111111
000000000000000
a1 :88  b1: 88 bucket_id: 24 local_depth1: 7
jump in
a1 :24  b1: 88 bucket_id: 24 local_depth1: 7
a1 :24  b1: 88 bucket_id: 24 local_depth1: 7
a1 :88  b1: 88 bucket_id: 24 local_depth1: 7
jump in
a1 :24  b1: 88 bucket_id: 24 local_depth1: 7
a1 :24  b1: 88 bucket_id: 24 local_depth1: 7
a1 :88  b1: 88 bucket_id: 24 local_depth1: 7
jump in
a1 :88  b1: 88 bucket_id: 24 local_depth1: 7
jump in
a1 :24  b1: 88 bucket_id: 24 local_depth1: 7
a1 :24  b1: 88 bucket_id: 24 local_depth1: 7
a1 :88  b1: 88 bucket_id: 24 local_depth1: 7
jump in
a1 :88  b1: 88 bucket_id: 24 local_depth1: 7
jump in
a1 :24  b1: 88 bucket_id: 24 local_depth1: 7
a1 :24  b1: 88 bucket_id: 24 local_depth1: 7
a1 :88  b1: 88 bucket_id: 24 local_depth1: 7
jump in
011011001100110
111111100000000
getFreeBucket
bucket_id: 88
111111100000000getFreeKvSlot
search
insert
search
getFreeBucket
bucket_id: 89
111111111111111splitBucket
local_depth1: 6
getFreeSlot
getNewBucket
newbucket: 000000000000000
111111111111111
000000000000000
a1 :89  b1: 89 bucket_id: 25 local_depth1: 7
jump in
a1 :25  b1: 89 bucket_id: 25 local_depth1: 7
a1 :25  b1: 89 bucket_id: 25 local_depth1: 7
a1 :89  b1: 89 bucket_id: 25 local_depth1: 7
jump in
a1 :25  b1: 89 bucket_id: 25 local_depth1: 7
a1 :25  b1: 89 bucket_id: 25 local_depth1: 7
a1 :89  b1: 89 bucket_id: 25 local_depth1: 7
jump in
a1 :89  b1: 89 bucket_id: 25 local_depth1: 7
jump in
a1 :25  b1: 89 bucket_id: 25 local_depth1: 7
a1 :25  b1: 89 bucket_id: 25 local_depth1: 7
a1 :89  b1: 89 bucket_id: 25 local_depth1: 7
jump in
a1 :89  b1: 89 bucket_id: 25 local_depth1: 7
jump in
a1 :25  b1: 89 bucket_id: 25 local_depth1: 7
a1 :25  b1: 89 bucket_id: 25 local_depth1: 7
a1 :89  b1: 89 bucket_id: 25 local_depth1: 7
jump in
011011001100110
111111100000000
getFreeBucket
bucket_id: 89
111111100000000getFreeKvSlot
search
insert
search
getFreeBucket
bucket_id: 90
111111111111111splitBucket
local_depth1: 6
getFreeSlot
getNewBucket
newbucket: 000000000000000
111111111111111
000000000000000
a1 :26  b1: 90 bucket_id: 26 local_depth1: 7
a1 :90  b1: 90 bucket_id: 26 local_depth1: 7
jump in
a1 :26  b1: 90 bucket_id: 26 local_depth1: 7
a1 :90  b1: 90 bucket_id: 26 local_depth1: 7
jump in
a1 :26  b1: 90 bucket_id: 26 local_depth1: 7
a1 :26  b1: 90 bucket_id: 26 local_depth1: 7
a1 :90  b1: 90 bucket_id: 26 local_depth1: 7
jump in
a1 :90  b1: 90 bucket_id: 26 local_depth1: 7
jump in
a1 :26  b1: 90 bucket_id: 26 local_depth1: 7
a1 :26  b1: 90 bucket_id: 26 local_depth1: 7
a1 :90  b1: 90 bucket_id: 26 local_depth1: 7
jump in
a1 :90  b1: 90 bucket_id: 26 local_depth1: 7
jump in
a1 :26  b1: 90 bucket_id: 26 local_depth1: 7
a1 :26  b1: 90 bucket_id: 26 local_depth1: 7
a1 :90  b1: 90 bucket_id: 26 local_depth1: 7
jump in
101011001100110
111111100000000
getFreeBucket
bucket_id: 90
111111100000000getFreeKvSlot
search
insert
search
getFreeBucket
bucket_id: 91
111111111111111splitBucket
local_depth1: 6
getFreeSlot
getNewBucket
newbucket: 000000000000000
111111111111111
000000000000000
a1 :27  b1: 91 bucket_id: 27 local_depth1: 7
a1 :91  b1: 91 bucket_id: 27 local_depth1: 7
jump in
a1 :27  b1: 91 bucket_id: 27 local_depth1: 7
a1 :91  b1: 91 bucket_id: 27 local_depth1: 7
jump in
a1 :27  b1: 91 bucket_id: 27 local_depth1: 7
a1 :27  b1: 91 bucket_id: 27 local_depth1: 7
a1 :91  b1: 91 bucket_id: 27 local_depth1: 7
jump in
a1 :91  b1: 91 bucket_id: 27 local_depth1: 7
jump in
a1 :27  b1: 91 bucket_id: 27 local_depth1: 7
a1 :27  b1: 91 bucket_id: 27 local_depth1: 7
a1 :91  b1: 91 bucket_id: 27 local_depth1: 7
jump in
a1 :91  b1: 91 bucket_id: 27 local_depth1: 7
jump in
a1 :27  b1: 91 bucket_id: 27 local_depth1: 7
a1 :27  b1: 91 bucket_id: 27 local_depth1: 7
a1 :91  b1: 91 bucket_id: 27 local_depth1: 7
jump in
101011001100110
111111100000000
getFreeBucket
bucket_id: 91
111111100000000getFreeKvSlot
search
insert
search
getFreeBucket
bucket_id: 92
111111111111111splitBucket
local_depth1: 6
getFreeSlot
getNewBucket
newbucket: 000000000000000
111111111111111
000000000000000
a1 :28  b1: 92 bucket_id: 28 local_depth1: 7
a1 :28  b1: 92 bucket_id: 28 local_depth1: 7
a1 :92  b1: 92 bucket_id: 28 local_depth1: 7
jump in
a1 :92  b1: 92 bucket_id: 28 local_depth1: 7
jump in
a1 :28  b1: 92 bucket_id: 28 local_depth1: 7
a1 :28  b1: 92 bucket_id: 28 local_depth1: 7
a1 :92  b1: 92 bucket_id: 28 local_depth1: 7
jump in
a1 :92  b1: 92 bucket_id: 28 local_depth1: 7
jump in
a1 :28  b1: 92 bucket_id: 28 local_depth1: 7
a1 :28  b1: 92 bucket_id: 28 local_depth1: 7
a1 :92  b1: 92 bucket_id: 28 local_depth1: 7
jump in
a1 :92  b1: 92 bucket_id: 28 local_depth1: 7
jump in
a1 :28  b1: 92 bucket_id: 28 local_depth1: 7
a1 :28  b1: 92 bucket_id: 28 local_depth1: 7
a1 :92  b1: 92 bucket_id: 28 local_depth1: 7
jump in
110011001100110
111111100000000
getFreeBucket
bucket_id: 92
111111100000000getFreeKvSlot
search
insert
search
getFreeBucket
bucket_id: 93
111111111111111splitBucket
local_depth1: 6
getFreeSlot
getNewBucket
newbucket: 000000000000000
111111111111111
000000000000000
a1 :29  b1: 93 bucket_id: 29 local_depth1: 7
a1 :29  b1: 93 bucket_id: 29 local_depth1: 7
a1 :93  b1: 93 bucket_id: 29 local_depth1: 7
jump in
a1 :93  b1: 93 bucket_id: 29 local_depth1: 7
jump in
a1 :29  b1: 93 bucket_id: 29 local_depth1: 7
a1 :29  b1: 93 bucket_id: 29 local_depth1: 7
a1 :93  b1: 93 bucket_id: 29 local_depth1: 7
jump in
a1 :93  b1: 93 bucket_id: 29 local_depth1: 7
jump in
a1 :29  b1: 93 bucket_id: 29 local_depth1: 7
a1 :29  b1: 93 bucket_id: 29 local_depth1: 7
a1 :93  b1: 93 bucket_id: 29 local_depth1: 7
jump in
a1 :93  b1: 93 bucket_id: 29 local_depth1: 7
jump in
a1 :29  b1: 93 bucket_id: 29 local_depth1: 7
a1 :29  b1: 93 bucket_id: 29 local_depth1: 7
a1 :93  b1: 93 bucket_id: 29 local_depth1: 7
jump in
110011001100110
111111100000000
getFreeBucket
bucket_id: 93
111111100000000getFreeKvSlot
search
insert
search
getFreeBucket
bucket_id: 94
111111111111111splitBucket
local_depth1: 6
getFreeSlot
getNewBucket
newbucket: 000000000000000
111111111111111
000000000000000
a1 :30  b1: 94 bucket_id: 30 local_depth1: 7
a1 :30  b1: 94 bucket_id: 30 local_depth1: 7
a1 :94  b1: 94 bucket_id: 30 local_depth1: 7
jump in
a1 :94  b1: 94 bucket_id: 30 local_depth1: 7
jump in
a1 :30  b1: 94 bucket_id: 30 local_depth1: 7
a1 :30  b1: 94 bucket_id: 30 local_depth1: 7
a1 :94  b1: 94 bucket_id: 30 local_depth1: 7
jump in
a1 :94  b1: 94 bucket_id: 30 local_depth1: 7
jump in
a1 :30  b1: 94 bucket_id: 30 local_depth1: 7
a1 :30  b1: 94 bucket_id: 30 local_depth1: 7
a1 :94  b1: 94 bucket_id: 30 local_depth1: 7
jump in
a1 :94  b1: 94 bucket_id: 30 local_depth1: 7
jump in
a1 :30  b1: 94 bucket_id: 30 local_depth1: 7
a1 :30  b1: 94 bucket_id: 30 local_depth1: 7
a1 :94  b1: 94 bucket_id: 30 local_depth1: 7
jump in
110011001100110
111111100000000
getFreeBucket
bucket_id: 94
111111100000000getFreeKvSlot
search
insert
search
getFreeBucket
bucket_id: 95
111111111111111splitBucket
local_depth1: 6
getFreeSlot
getNewBucket
newbucket: 000000000000000
111111111111111
000000000000000
a1 :31  b1: 95 bucket_id: 31 local_depth1: 7
a1 :31  b1: 95 bucket_id: 31 local_depth1: 7
a1 :95  b1: 95 bucket_id: 31 local_depth1: 7
jump in
a1 :95  b1: 95 bucket_id: 31 local_depth1: 7
jump in
a1 :31  b1: 95 bucket_id: 31 local_depth1: 7
a1 :31  b1: 95 bucket_id: 31 local_depth1: 7
a1 :95  b1: 95 bucket_id: 31 local_depth1: 7
jump in
a1 :95  b1: 95 bucket_id: 31 local_depth1: 7
jump in
a1 :31  b1: 95 bucket_id: 31 local_depth1: 7
a1 :31  b1: 95 bucket_id: 31 local_depth1: 7
a1 :95  b1: 95 bucket_id: 31 local_depth1: 7
jump in
a1 :95  b1: 95 bucket_id: 31 local_depth1: 7
jump in
a1 :31  b1: 95 bucket_id: 31 local_depth1: 7
a1 :31  b1: 95 bucket_id: 31 local_depth1: 7
a1 :95  b1: 95 bucket_id: 31 local_depth1: 7
jump in
110011001100110
111111100000000
getFreeBucket
bucket_id: 95
111111100000000getFreeKvSlot
search
insert
search
getFreeBucket
bucket_id: 96
111111111111111splitBucket
local_depth1: 6
getFreeSlot
getNewBucket
allocNewPage
2564104
newbucket: 000000000000000
111111111111111
000000000000000
a1 :32  b1: 96 bucket_id: 32 local_depth1: 7
a1 :32  b1: 96 bucket_id: 32 local_depth1: 7
a1 :32  b1: 96 bucket_id: 32 local_depth1: 7
a1 :96  b1: 96 bucket_id: 32 local_depth1: 7
jump in
a1 :96  b1: 96 bucket_id: 32 local_depth1: 7
jump in
a1 :32  b1: 96 bucket_id: 32 local_depth1: 7
a1 :96  b1: 96 bucket_id: 32 local_depth1: 7
jump in
a1 :96  b1: 96 bucket_id: 32 local_depth1: 7
jump in
a1 :32  b1: 96 bucket_id: 32 local_depth1: 7
a1 :96  b1: 96 bucket_id: 32 local_depth1: 7
jump in
a1 :32  b1: 96 bucket_id: 32 local_depth1: 7
a1 :96  b1: 96 bucket_id: 32 local_depth1: 7
jump in
a1 :32  b1: 96 bucket_id: 32 local_depth1: 7
a1 :96  b1: 96 bucket_id: 32 local_depth1: 7
jump in
a1 :32  b1: 96 bucket_id: 32 local_depth1: 7
111001001010101
111111100000000
getFreeBucket
bucket_id: 96
111111100000000getFreeKvSlot
search
insert
search
getFreeBucket
bucket_id: 97
111111111111111splitBucket
local_depth1: 6
getFreeSlot
getNewBucket
newbucket: 000000000000000
111111111111111
000000000000000
a1 :33  b1: 97 bucket_id: 33 local_depth1: 7
a1 :33  b1: 97 bucket_id: 33 local_depth1: 7
a1 :33  b1: 97 bucket_id: 33 local_depth1: 7
a1 :97  b1: 97 bucket_id: 33 local_depth1: 7
jump in
a1 :97  b1: 97 bucket_id: 33 local_depth1: 7
jump in
a1 :33  b1: 97 bucket_id: 33 local_depth1: 7
a1 :97  b1: 97 bucket_id: 33 local_depth1: 7
jump in
a1 :97  b1: 97 bucket_id: 33 local_depth1: 7
jump in
a1 :33  b1: 97 bucket_id: 33 local_depth1: 7
a1 :97  b1: 97 bucket_id: 33 local_depth1: 7
jump in
a1 :33  b1: 97 bucket_id: 33 local_depth1: 7
a1 :97  b1: 97 bucket_id: 33 local_depth1: 7
jump in
a1 :33  b1: 97 bucket_id: 33 local_depth1: 7
a1 :97  b1: 97 bucket_id: 33 local_depth1: 7
jump in
a1 :33  b1: 97 bucket_id: 33 local_depth1: 7
111001001010101
111111100000000
getFreeBucket
bucket_id: 97
111111100000000getFreeKvSlot
search
insert
search
getFreeBucket
bucket_id: 98
111111111111111splitBucket
local_depth1: 6
getFreeSlot
getNewBucket
newbucket: 000000000000000
111111111111111
000000000000000
a1 :34  b1: 98 bucket_id: 34 local_depth1: 7
a1 :34  b1: 98 bucket_id: 34 local_depth1: 7
a1 :98  b1: 98 bucket_id: 34 local_depth1: 7
jump in
a1 :34  b1: 98 bucket_id: 34 local_depth1: 7
a1 :98  b1: 98 bucket_id: 34 local_depth1: 7
jump in
a1 :34  b1: 98 bucket_id: 34 local_depth1: 7
a1 :98  b1: 98 bucket_id: 34 local_depth1: 7
jump in
a1 :98  b1: 98 bucket_id: 34 local_depth1: 7
jump in
a1 :34  b1: 98 bucket_id: 34 local_depth1: 7
a1 :98  b1: 98 bucket_id: 34 local_depth1: 7
jump in
a1 :34  b1: 98 bucket_id: 34 local_depth1: 7
a1 :98  b1: 98 bucket_id: 34 local_depth1: 7
jump in
a1 :34  b1: 98 bucket_id: 34 local_depth1: 7
a1 :98  b1: 98 bucket_id: 34 local_depth1: 7
jump in
a1 :34  b1: 98 bucket_id: 34 local_depth1: 7
110101001010101
111111100000000
getFreeBucket
bucket_id: 98
111111100000000getFreeKvSlot
search
insert
search
getFreeBucket
bucket_id: 99
111111111111111splitBucket
local_depth1: 6
getFreeSlot
getNewBucket
newbucket: 000000000000000
111111111111111
000000000000000
a1 :35  b1: 99 bucket_id: 35 local_depth1: 7
a1 :35  b1: 99 bucket_id: 35 local_depth1: 7
a1 :99  b1: 99 bucket_id: 35 local_depth1: 7
jump in
a1 :35  b1: 99 bucket_id: 35 local_depth1: 7
a1 :99  b1: 99 bucket_id: 35 local_depth1: 7
jump in
a1 :35  b1: 99 bucket_id: 35 local_depth1: 7
a1 :99  b1: 99 bucket_id: 35 local_depth1: 7
jump in
a1 :99  b1: 99 bucket_id: 35 local_depth1: 7
jump in
a1 :35  b1: 99 bucket_id: 35 local_depth1: 7
a1 :99  b1: 99 bucket_id: 35 local_depth1: 7
jump in
a1 :35  b1: 99 bucket_id: 35 local_depth1: 7
a1 :99  b1: 99 bucket_id: 35 local_depth1: 7
jump in
a1 :35  b1: 99 bucket_id: 35 local_depth1: 7
a1 :99  b1: 99 bucket_id: 35 local_depth1: 7
jump in
a1 :35  b1: 99 bucket_id: 35 local_depth1: 7
110101001010101
111111100000000
getFreeBucket
bucket_id: 99
111111100000000getFreeKvSlot
search
insert
search
getFreeBucket
bucket_id: 100
111111111111111splitBucket
local_depth1: 6
getFreeSlot
getNewBucket
newbucket: 000000000000000
111111111111111
000000000000000
a1 :36  b1: 100 bucket_id: 36 local_depth1: 7
a1 :36  b1: 100 bucket_id: 36 local_depth1: 7
a1 :36  b1: 100 bucket_id: 36 local_depth1: 7
a1 :100  b1: 100 bucket_id: 36 local_depth1: 7
jump in
a1 :36  b1: 100 bucket_id: 36 local_depth1: 7
a1 :100  b1: 100 bucket_id: 36 local_depth1: 7
jump in
a1 :100  b1: 100 bucket_id: 36 local_depth1: 7
jump in
a1 :100  b1: 100 bucket_id: 36 local_depth1: 7
jump in
a1 :36  b1: 100 bucket_id: 36 local_depth1: 7
a1 :100  b1: 100 bucket_id: 36 local_depth1: 7
jump in
a1 :36  b1: 100 bucket_id: 36 local_depth1: 7
a1 :100  b1: 100 bucket_id: 36 local_depth1: 7
jump in
a1 :36  b1: 100 bucket_id: 36 local_depth1: 7
a1 :100  b1: 100 bucket_id: 36 local_depth1: 7
jump in
a1 :36  b1: 100 bucket_id: 36 local_depth1: 7
111010001010101
111111100000000
getFreeBucket
bucket_id: 100
111111100000000getFreeKvSlot
search
insert
search
getFreeBucket
bucket_id: 101
111111111111111splitBucket
local_depth1: 6
getFreeSlot
getNewBucket
newbucket: 000000000000000
111111111111111
000000000000000
a1 :37  b1: 101 bucket_id: 37 local_depth1: 7
a1 :37  b1: 101 bucket_id: 37 local_depth1: 7
a1 :37  b1: 101 bucket_id: 37 local_depth1: 7
a1 :101  b1: 101 bucket_id: 37 local_depth1: 7
jump in
a1 :37  b1: 101 bucket_id: 37 local_depth1: 7
a1 :101  b1: 101 bucket_id: 37 local_depth1: 7
jump in
a1 :101  b1: 101 bucket_id: 37 local_depth1: 7
jump in
a1 :101  b1: 101 bucket_id: 37 local_depth1: 7
jump in
a1 :37  b1: 101 bucket_id: 37 local_depth1: 7
a1 :101  b1: 101 bucket_id: 37 local_depth1: 7
jump in
a1 :37  b1: 101 bucket_id: 37 local_depth1: 7
a1 :101  b1: 101 bucket_id: 37 local_depth1: 7
jump in
a1 :37  b1: 101 bucket_id: 37 local_depth1: 7
a1 :101  b1: 101 bucket_id: 37 local_depth1: 7
jump in
a1 :37  b1: 101 bucket_id: 37 local_depth1: 7
111010001010101
111111100000000
getFreeBucket
bucket_id: 101
111111100000000getFreeKvSlot
search
insert
search
getFreeBucket
bucket_id: 102
111111111111111splitBucket
local_depth1: 6
getFreeSlot
getNewBucket
newbucket: 000000000000000
111111111111111
000000000000000
a1 :38  b1: 102 bucket_id: 38 local_depth1: 7
a1 :38  b1: 102 bucket_id: 38 local_depth1: 7
a1 :38  b1: 102 bucket_id: 38 local_depth1: 7
a1 :102  b1: 102 bucket_id: 38 local_depth1: 7
jump in
a1 :38  b1: 102 bucket_id: 38 local_depth1: 7
a1 :102  b1: 102 bucket_id: 38 local_depth1: 7
jump in
a1 :102  b1: 102 bucket_id: 38 local_depth1: 7
jump in
a1 :102  b1: 102 bucket_id: 38 local_depth1: 7
jump in
a1 :38  b1: 102 bucket_id: 38 local_depth1: 7
a1 :102  b1: 102 bucket_id: 38 local_depth1: 7
jump in
a1 :38  b1: 102 bucket_id: 38 local_depth1: 7
a1 :102  b1: 102 bucket_id: 38 local_depth1: 7
jump in
a1 :38  b1: 102 bucket_id: 38 local_depth1: 7
a1 :102  b1: 102 bucket_id: 38 local_depth1: 7
jump in
a1 :38  b1: 102 bucket_id: 38 local_depth1: 7
111010001010101
111111100000000
getFreeBucket
bucket_id: 102
111111100000000getFreeKvSlot
search
insert
search
getFreeBucket
bucket_id: 103
111111111111111splitBucket
local_depth1: 6
getFreeSlot
getNewBucket
newbucket: 000000000000000
111111111111111
000000000000000
a1 :39  b1: 103 bucket_id: 39 local_depth1: 7
a1 :39  b1: 103 bucket_id: 39 local_depth1: 7
a1 :39  b1: 103 bucket_id: 39 local_depth1: 7
a1 :103  b1: 103 bucket_id: 39 local_depth1: 7
jump in
a1 :39  b1: 103 bucket_id: 39 local_depth1: 7
a1 :103  b1: 103 bucket_id: 39 local_depth1: 7
jump in
a1 :103  b1: 103 bucket_id: 39 local_depth1: 7
jump in
a1 :103  b1: 103 bucket_id: 39 local_depth1: 7
jump in
a1 :39  b1: 103 bucket_id: 39 local_depth1: 7
a1 :103  b1: 103 bucket_id: 39 local_depth1: 7
jump in
a1 :39  b1: 103 bucket_id: 39 local_depth1: 7
a1 :103  b1: 103 bucket_id: 39 local_depth1: 7
jump in
a1 :39  b1: 103 bucket_id: 39 local_depth1: 7
a1 :103  b1: 103 bucket_id: 39 local_depth1: 7
jump in
a1 :39  b1: 103 bucket_id: 39 local_depth1: 7
111010001010101
111111100000000
getFreeBucket
bucket_id: 103
111111100000000getFreeKvSlot
search
selfDestory
[       OK ] SearchTest.MultipleSearch (36 ms)
[----------] 2 tests from SearchTest (39 ms total)

[----------] 2 tests from RemoveTest
[ RUN      ] RemoveTest.SingleRemove
PmEHash
getNewBucket
allocNewPage
2564104
newbucket: 000000000000000
getNewBucket
newbucket: 000000000000000
insert
search
getFreeBucket
bucket_id: 1
000000000000000getFreeKvSlot
insert
search
getFreeBucket
bucket_id: 2
000000000000000getFreeKvSlot
remove
mergeBucket
remove
search
selfDestory
[       OK ] RemoveTest.SingleRemove (2 ms)
[ RUN      ] RemoveTest.MultipleRemove
PmEHash
getNewBucket
allocNewPage
2564104
newbucket: 000000000000000
getNewBucket
newbucket: 000000000000000
insert
search
getFreeBucket
bucket_id: 0
000000000000000getFreeKvSlot
insert
search
getFreeBucket
bucket_id: 1
000000000000000getFreeKvSlot
insert
search
getFreeBucket
bucket_id: 2
100000000000000getFreeKvSlot
insert
search
getFreeBucket
bucket_id: 3
100000000000000getFreeKvSlot
insert
search
getFreeBucket
bucket_id: 4
110000000000000getFreeKvSlot
insert
search
getFreeBucket
bucket_id: 5
110000000000000getFreeKvSlot
insert
search
getFreeBucket
bucket_id: 6
111000000000000getFreeKvSlot
insert
search
getFreeBucket
bucket_id: 7
111000000000000getFreeKvSlot
insert
search
getFreeBucket
bucket_id: 8
111100000000000getFreeKvSlot
insert
search
getFreeBucket
bucket_id: 9
111100000000000getFreeKvSlot
insert
search
getFreeBucket
bucket_id: 10
111110000000000getFreeKvSlot
insert
search
getFreeBucket
bucket_id: 11
111110000000000getFreeKvSlot
insert
search
getFreeBucket
bucket_id: 12
111111000000000getFreeKvSlot
insert
search
getFreeBucket
bucket_id: 13
111111000000000getFreeKvSlot
insert
search
getFreeBucket
bucket_id: 14
111111100000000getFreeKvSlot
insert
search
getFreeBucket
bucket_id: 15
111111100000000getFreeKvSlot
insert
search
getFreeBucket
bucket_id: 0
111111110000000getFreeKvSlot
insert
search
getFreeBucket
bucket_id: 1
111111110000000getFreeKvSlot
insert
search
getFreeBucket
bucket_id: 2
111111111000000getFreeKvSlot
insert
search
getFreeBucket
bucket_id: 3
111111111000000getFreeKvSlot
insert
search
getFreeBucket
bucket_id: 4
111111111100000getFreeKvSlot
insert
search
getFreeBucket
bucket_id: 5
111111111100000getFreeKvSlot
insert
search
getFreeBucket
bucket_id: 6
111111111110000getFreeKvSlot
insert
search
getFreeBucket
bucket_id: 7
111111111110000getFreeKvSlot
insert
search
getFreeBucket
bucket_id: 8
111111111111000getFreeKvSlot
insert
search
getFreeBucket
bucket_id: 9
111111111111000getFreeKvSlot
insert
search
getFreeBucket
bucket_id: 10
111111111111100getFreeKvSlot
insert
search
getFreeBucket
bucket_id: 11
111111111111100getFreeKvSlot
insert
search
getFreeBucket
bucket_id: 12
111111111111110getFreeKvSlot
insert
search
getFreeBucket
bucket_id: 13
111111111111110getFreeKvSlot
insert
search
getFreeBucket
bucket_id: 14
111111111111111splitBucket
local_depth1: 1
getFreeSlot
getNewBucket
newbucket: 000000000000000
111111111111111
000000000000000
a1 :0  b1: 2 bucket_id: 0 local_depth1: 2
a1 :2  b1: 2 bucket_id: 0 local_depth1: 2
jump in
a1 :0  b1: 2 bucket_id: 0 local_depth1: 2
a1 :2  b1: 2 bucket_id: 0 local_depth1: 2
jump in
a1 :0  b1: 2 bucket_id: 0 local_depth1: 2
a1 :2  b1: 2 bucket_id: 0 local_depth1: 2
jump in
a1 :0  b1: 2 bucket_id: 0 local_depth1: 2
a1 :2  b1: 2 bucket_id: 0 local_depth1: 2
jump in
a1 :0  b1: 2 bucket_id: 0 local_depth1: 2
a1 :2  b1: 2 bucket_id: 0 local_depth1: 2
jump in
a1 :0  b1: 2 bucket_id: 0 local_depth1: 2
a1 :2  b1: 2 bucket_id: 0 local_depth1: 2
jump in
a1 :0  b1: 2 bucket_id: 0 local_depth1: 2
a1 :2  b1: 2 bucket_id: 0 local_depth1: 2
jump in
a1 :0  b1: 2 bucket_id: 0 local_depth1: 2
101010101010101
111111100000000
getFreeBucket
bucket_id: 14
111111100000000getFreeKvSlot
insert
search
getFreeBucket
bucket_id: 15
111111111111111splitBucket
local_depth1: 1
getFreeSlot
getNewBucket
newbucket: 000000000000000
111111111111111
000000000000000
a1 :1  b1: 3 bucket_id: 1 local_depth1: 2
a1 :3  b1: 3 bucket_id: 1 local_depth1: 2
jump in
a1 :1  b1: 3 bucket_id: 1 local_depth1: 2
a1 :3  b1: 3 bucket_id: 1 local_depth1: 2
jump in
a1 :1  b1: 3 bucket_id: 1 local_depth1: 2
a1 :3  b1: 3 bucket_id: 1 local_depth1: 2
jump in
a1 :1  b1: 3 bucket_id: 1 local_depth1: 2
a1 :3  b1: 3 bucket_id: 1 local_depth1: 2
jump in
a1 :1  b1: 3 bucket_id: 1 local_depth1: 2
a1 :3  b1: 3 bucket_id: 1 local_depth1: 2
jump in
a1 :1  b1: 3 bucket_id: 1 local_depth1: 2
a1 :3  b1: 3 bucket_id: 1 local_depth1: 2
jump in
a1 :1  b1: 3 bucket_id: 1 local_depth1: 2
a1 :3  b1: 3 bucket_id: 1 local_depth1: 2
jump in
a1 :1  b1: 3 bucket_id: 1 local_depth1: 2
101010101010101
111111100000000
getFreeBucket
bucket_id: 15
111111100000000getFreeKvSlot
insert
search
getFreeBucket
bucket_id: 0
101010101010101getFreeKvSlot
insert
search
getFreeBucket
bucket_id: 1
101010101010101getFreeKvSlot
insert
search
getFreeBucket
bucket_id: 2
111111110000000getFreeKvSlot
insert
search
getFreeBucket
bucket_id: 3
111111110000000getFreeKvSlot
insert
search
getFreeBucket
bucket_id: 4
111010101010101getFreeKvSlot
insert
search
getFreeBucket
bucket_id: 5
111010101010101getFreeKvSlot
insert
search
getFreeBucket
bucket_id: 6
111111111000000getFreeKvSlot
insert
search
getFreeBucket
bucket_id: 7
111111111000000getFreeKvSlot
insert
search
getFreeBucket
bucket_id: 8
111110101010101getFreeKvSlot
insert
search
getFreeBucket
bucket_id: 9
111110101010101getFreeKvSlot
insert
search
getFreeBucket
bucket_id: 10
111111111100000getFreeKvSlot
insert
search
getFreeBucket
bucket_id: 11
111111111100000getFreeKvSlot
insert
search
getFreeBucket
bucket_id: 12
111111101010101getFreeKvSlot
insert
search
getFreeBucket
bucket_id: 13
111111101010101getFreeKvSlot
insert
search
getFreeBucket
bucket_id: 14
111111111110000getFreeKvSlot
insert
search
getFreeBucket
bucket_id: 15
111111111110000getFreeKvSlot
insert
search
getFreeBucket
bucket_id: 0
111111111010101getFreeKvSlot
insert
search
getFreeBucket
bucket_id: 1
111111111010101getFreeKvSlot
insert
search
getFreeBucket
bucket_id: 2
111111111111000getFreeKvSlot
insert
search
getFreeBucket
bucket_id: 3
111111111111000getFreeKvSlot
insert
search
getFreeBucket
bucket_id: 4
111111111110101getFreeKvSlot
insert
search
getFreeBucket
bucket_id: 5
111111111110101getFreeKvSlot
insert
search
getFreeBucket
bucket_id: 6
111111111111100getFreeKvSlot
insert
search
getFreeBucket
bucket_id: 7
111111111111100getFreeKvSlot
insert
search
getFreeBucket
bucket_id: 8
111111111111101getFreeKvSlot
insert
search
getFreeBucket
bucket_id: 9
111111111111101getFreeKvSlot
insert
search
getFreeBucket
bucket_id: 10
111111111111110getFreeKvSlot
insert
search
getFreeBucket
bucket_id: 11
111111111111110getFreeKvSlot
insert
search
getFreeBucket
bucket_id: 12
111111111111111splitBucket
local_depth1: 2
getFreeSlot
getNewBucket
newbucket: 000000000000000
111111111111111
000000000000000
a1 :0  b1: 4 bucket_id: 0 local_depth1: 3
a1 :0  b1: 4 bucket_id: 0 local_depth1: 3
a1 :4  b1: 4 bucket_id: 0 local_depth1: 3
jump in
a1 :4  b1: 4 bucket_id: 0 local_depth1: 3
jump in
a1 :0  b1: 4 bucket_id: 0 local_depth1: 3
a1 :0  b1: 4 bucket_id: 0 local_depth1: 3
a1 :4  b1: 4 bucket_id: 0 local_depth1: 3
jump in
a1 :4  b1: 4 bucket_id: 0 local_depth1: 3
jump in
a1 :0  b1: 4 bucket_id: 0 local_depth1: 3
a1 :0  b1: 4 bucket_id: 0 local_depth1: 3
a1 :4  b1: 4 bucket_id: 0 local_depth1: 3
jump in
a1 :4  b1: 4 bucket_id: 0 local_depth1: 3
jump in
a1 :0  b1: 4 bucket_id: 0 local_depth1: 3
a1 :0  b1: 4 bucket_id: 0 local_depth1: 3
a1 :4  b1: 4 bucket_id: 0 local_depth1: 3
jump in
110011001100110
111111100000000
getFreeBucket
bucket_id: 12
111111100000000getFreeKvSlot
insert
search
getFreeBucket
bucket_id: 13
111111111111111splitBucket
local_depth1: 2
getFreeSlot
getNewBucket
newbucket: 000000000000000
111111111111111
000000000000000
a1 :1  b1: 5 bucket_id: 1 local_depth1: 3
a1 :1  b1: 5 bucket_id: 1 local_depth1: 3
a1 :5  b1: 5 bucket_id: 1 local_depth1: 3
jump in
a1 :5  b1: 5 bucket_id: 1 local_depth1: 3
jump in
a1 :1  b1: 5 bucket_id: 1 local_depth1: 3
a1 :1  b1: 5 bucket_id: 1 local_depth1: 3
a1 :5  b1: 5 bucket_id: 1 local_depth1: 3
jump in
a1 :5  b1: 5 bucket_id: 1 local_depth1: 3
jump in
a1 :1  b1: 5 bucket_id: 1 local_depth1: 3
a1 :1  b1: 5 bucket_id: 1 local_depth1: 3
a1 :5  b1: 5 bucket_id: 1 local_depth1: 3
jump in
a1 :5  b1: 5 bucket_id: 1 local_depth1: 3
jump in
a1 :1  b1: 5 bucket_id: 1 local_depth1: 3
a1 :1  b1: 5 bucket_id: 1 local_depth1: 3
a1 :5  b1: 5 bucket_id: 1 local_depth1: 3
jump in
110011001100110
111111100000000
getFreeBucket
bucket_id: 13
111111100000000getFreeKvSlot
insert
search
getFreeBucket
bucket_id: 14
111111111111111splitBucket
local_depth1: 2
getFreeSlot
getNewBucket
newbucket: 000000000000000
111111111111111
000000000000000
a1 :2  b1: 6 bucket_id: 2 local_depth1: 3
a1 :6  b1: 6 bucket_id: 2 local_depth1: 3
jump in
a1 :2  b1: 6 bucket_id: 2 local_depth1: 3
a1 :6  b1: 6 bucket_id: 2 local_depth1: 3
jump in
a1 :2  b1: 6 bucket_id: 2 local_depth1: 3
a1 :6  b1: 6 bucket_id: 2 local_depth1: 3
jump in
a1 :2  b1: 6 bucket_id: 2 local_depth1: 3
a1 :6  b1: 6 bucket_id: 2 local_depth1: 3
jump in
a1 :2  b1: 6 bucket_id: 2 local_depth1: 3
a1 :6  b1: 6 bucket_id: 2 local_depth1: 3
jump in
a1 :2  b1: 6 bucket_id: 2 local_depth1: 3
a1 :6  b1: 6 bucket_id: 2 local_depth1: 3
jump in
a1 :2  b1: 6 bucket_id: 2 local_depth1: 3
a1 :6  b1: 6 bucket_id: 2 local_depth1: 3
jump in
a1 :2  b1: 6 bucket_id: 2 local_depth1: 3
101010101010101
111111100000000
getFreeBucket
bucket_id: 14
111111100000000getFreeKvSlot
insert
search
getFreeBucket
bucket_id: 15
111111111111111splitBucket
local_depth1: 2
getFreeSlot
getNewBucket
newbucket: 000000000000000
111111111111111
000000000000000
a1 :3  b1: 7 bucket_id: 3 local_depth1: 3
a1 :7  b1: 7 bucket_id: 3 local_depth1: 3
jump in
a1 :3  b1: 7 bucket_id: 3 local_depth1: 3
a1 :7  b1: 7 bucket_id: 3 local_depth1: 3
jump in
a1 :3  b1: 7 bucket_id: 3 local_depth1: 3
a1 :7  b1: 7 bucket_id: 3 local_depth1: 3
jump in
a1 :3  b1: 7 bucket_id: 3 local_depth1: 3
a1 :7  b1: 7 bucket_id: 3 local_depth1: 3
jump in
a1 :3  b1: 7 bucket_id: 3 local_depth1: 3
a1 :7  b1: 7 bucket_id: 3 local_depth1: 3
jump in
a1 :3  b1: 7 bucket_id: 3 local_depth1: 3
a1 :7  b1: 7 bucket_id: 3 local_depth1: 3
jump in
a1 :3  b1: 7 bucket_id: 3 local_depth1: 3
a1 :7  b1: 7 bucket_id: 3 local_depth1: 3
jump in
a1 :3  b1: 7 bucket_id: 3 local_depth1: 3
101010101010101
111111100000000
getFreeBucket
bucket_id: 15
111111100000000getFreeKvSlot
insert
search
getFreeBucket
bucket_id: 0
110011001100110getFreeKvSlot
insert
search
getFreeBucket
bucket_id: 1
110011001100110getFreeKvSlot
insert
search
getFreeBucket
bucket_id: 2
101010101010101getFreeKvSlot
insert
search
getFreeBucket
bucket_id: 3
101010101010101getFreeKvSlot
insert
search
getFreeBucket
bucket_id: 4
111111110000000getFreeKvSlot
insert
search
getFreeBucket
bucket_id: 5
111111110000000getFreeKvSlot
insert
search
getFreeBucket
bucket_id: 6
111111110000000getFreeKvSlot
insert
search
getFreeBucket
bucket_id: 7
111111110000000getFreeKvSlot
insert
search
getFreeBucket
bucket_id: 8
111011001100110getFreeKvSlot
insert
search
getFreeBucket
bucket_id: 9
111011001100110getFreeKvSlot
insert
search
getFreeBucket
bucket_id: 10
111010101010101getFreeKvSlot
insert
search
getFreeBucket
bucket_id: 11
111010101010101getFreeKvSlot
insert
search
getFreeBucket
bucket_id: 12
111111111000000getFreeKvSlot
insert
search
getFreeBucket
bucket_id: 13
111111111000000getFreeKvSlot
insert
search
getFreeBucket
bucket_id: 14
111111111000000getFreeKvSlot
insert
search
getFreeBucket
bucket_id: 15
111111111000000getFreeKvSlot
insert
search
getFreeBucket
bucket_id: 0
111111001100110getFreeKvSlot
insert
search
getFreeBucket
bucket_id: 1
111111001100110getFreeKvSlot
insert
search
getFreeBucket
bucket_id: 2
111110101010101getFreeKvSlot
insert
search
getFreeBucket
bucket_id: 3
111110101010101getFreeKvSlot
insert
search
getFreeBucket
bucket_id: 4
111111111100000getFreeKvSlot
insert
search
getFreeBucket
bucket_id: 5
111111111100000getFreeKvSlot
insert
search
getFreeBucket
bucket_id: 6
111111111100000getFreeKvSlot
insert
search
getFreeBucket
bucket_id: 7
111111111100000getFreeKvSlot
insert
search
getFreeBucket
bucket_id: 8
111111101100110getFreeKvSlot
insert
search
getFreeBucket
bucket_id: 9
111111101100110getFreeKvSlot
insert
search
getFreeBucket
bucket_id: 10
111111101010101getFreeKvSlot
insert
search
getFreeBucket
bucket_id: 11
111111101010101getFreeKvSlot
insert
search
getFreeBucket
bucket_id: 12
111111111110000getFreeKvSlot
insert
search
getFreeBucket
bucket_id: 13
111111111110000getFreeKvSlot
insert
search
getFreeBucket
bucket_id: 14
111111111110000getFreeKvSlot
insert
search
getFreeBucket
bucket_id: 15
111111111110000getFreeKvSlot
insert
search
getFreeBucket
bucket_id: 0
111111111100110getFreeKvSlot
insert
search
getFreeBucket
bucket_id: 1
111111111100110getFreeKvSlot
insert
search
getFreeBucket
bucket_id: 2
111111111010101getFreeKvSlot
insert
search
getFreeBucket
bucket_id: 3
111111111010101getFreeKvSlot
insert
search
getFreeBucket
bucket_id: 4
111111111111000getFreeKvSlot
insert
search
getFreeBucket
bucket_id: 5
111111111111000getFreeKvSlot
insert
search
getFreeBucket
bucket_id: 6
111111111111000getFreeKvSlot
insert
search
getFreeBucket
bucket_id: 7
111111111111000getFreeKvSlot
insert
search
getFreeBucket
bucket_id: 8
111111111110110getFreeKvSlot
insert
search
getFreeBucket
bucket_id: 9
111111111110110getFreeKvSlot
insert
search
getFreeBucket
bucket_id: 10
111111111110101getFreeKvSlot
insert
search
getFreeBucket
bucket_id: 11
111111111110101getFreeKvSlot
insert
search
getFreeBucket
bucket_id: 12
111111111111100getFreeKvSlot
insert
search
getFreeBucket
bucket_id: 13
111111111111100getFreeKvSlot
insert
search
getFreeBucket
bucket_id: 14
111111111111100getFreeKvSlot
insert
search
getFreeBucket
bucket_id: 15
111111111111100getFreeKvSlot
insert
search
getFreeBucket
bucket_id: 0
111111111111110getFreeKvSlot
insert
search
getFreeBucket
bucket_id: 1
111111111111110getFreeKvSlot
insert
search
getFreeBucket
bucket_id: 2
111111111111101getFreeKvSlot
insert
search
getFreeBucket
bucket_id: 3
111111111111101getFreeKvSlot
insert
search
getFreeBucket
bucket_id: 4
111111111111110getFreeKvSlot
insert
search
getFreeBucket
bucket_id: 5
111111111111110getFreeKvSlot
insert
search
getFreeBucket
bucket_id: 6
111111111111110getFreeKvSlot
insert
search
getFreeBucket
bucket_id: 7
111111111111110getFreeKvSlot
insert
search
getFreeBucket
bucket_id: 8
111111111111111splitBucket
local_depth1: 3
getFreeSlot
getNewBucket
newbucket: 000000000000000
111111111111111
000000000000000
a1 :0  b1: 8 bucket_id: 0 local_depth1: 4
a1 :0  b1: 8 bucket_id: 0 local_depth1: 4
a1 :0  b1: 8 bucket_id: 0 local_depth1: 4
a1 :8  b1: 8 bucket_id: 0 local_depth1: 4
jump in
a1 :8  b1: 8 bucket_id: 0 local_depth1: 4
jump in
a1 :8  b1: 8 bucket_id: 0 local_depth1: 4
jump in
a1 :0  b1: 8 bucket_id: 0 local_depth1: 4
a1 :8  b1: 8 bucket_id: 0 local_depth1: 4
jump in
a1 :0  b1: 8 bucket_id: 0 local_depth1: 4
a1 :0  b1: 8 bucket_id: 0 local_depth1: 4
a1 :0  b1: 8 bucket_id: 0 local_depth1: 4
a1 :8  b1: 8 bucket_id: 0 local_depth1: 4
jump in
a1 :8  b1: 8 bucket_id: 0 local_depth1: 4
jump in
a1 :8  b1: 8 bucket_id: 0 local_depth1: 4
jump in
a1 :0  b1: 8 bucket_id: 0 local_depth1: 4
111000101110001
111111100000000
getFreeBucket
bucket_id: 8
111111100000000getFreeKvSlot
insert
search
getFreeBucket
bucket_id: 9
111111111111111splitBucket
local_depth1: 3
getFreeSlot
getNewBucket
newbucket: 000000000000000
111111111111111
000000000000000
a1 :1  b1: 9 bucket_id: 1 local_depth1: 4
a1 :1  b1: 9 bucket_id: 1 local_depth1: 4
a1 :1  b1: 9 bucket_id: 1 local_depth1: 4
a1 :9  b1: 9 bucket_id: 1 local_depth1: 4
jump in
a1 :9  b1: 9 bucket_id: 1 local_depth1: 4
jump in
a1 :9  b1: 9 bucket_id: 1 local_depth1: 4
jump in
a1 :1  b1: 9 bucket_id: 1 local_depth1: 4
a1 :9  b1: 9 bucket_id: 1 local_depth1: 4
jump in
a1 :1  b1: 9 bucket_id: 1 local_depth1: 4
a1 :1  b1: 9 bucket_id: 1 local_depth1: 4
a1 :1  b1: 9 bucket_id: 1 local_depth1: 4
a1 :9  b1: 9 bucket_id: 1 local_depth1: 4
jump in
a1 :9  b1: 9 bucket_id: 1 local_depth1: 4
jump in
a1 :9  b1: 9 bucket_id: 1 local_depth1: 4
jump in
a1 :1  b1: 9 bucket_id: 1 local_depth1: 4
111000101110001
111111100000000
getFreeBucket
bucket_id: 9
111111100000000getFreeKvSlot
insert
search
getFreeBucket
bucket_id: 10
111111111111111splitBucket
local_depth1: 3
getFreeSlot
getNewBucket
newbucket: 000000000000000
111111111111111
000000000000000
a1 :2  b1: 10 bucket_id: 2 local_depth1: 4
a1 :2  b1: 10 bucket_id: 2 local_depth1: 4
a1 :10  b1: 10 bucket_id: 2 local_depth1: 4
jump in
a1 :10  b1: 10 bucket_id: 2 local_depth1: 4
jump in
a1 :2  b1: 10 bucket_id: 2 local_depth1: 4
a1 :2  b1: 10 bucket_id: 2 local_depth1: 4
a1 :10  b1: 10 bucket_id: 2 local_depth1: 4
jump in
a1 :10  b1: 10 bucket_id: 2 local_depth1: 4
jump in
a1 :2  b1: 10 bucket_id: 2 local_depth1: 4
a1 :2  b1: 10 bucket_id: 2 local_depth1: 4
a1 :10  b1: 10 bucket_id: 2 local_depth1: 4
jump in
a1 :10  b1: 10 bucket_id: 2 local_depth1: 4
jump in
a1 :2  b1: 10 bucket_id: 2 local_depth1: 4
a1 :2  b1: 10 bucket_id: 2 local_depth1: 4
a1 :10  b1: 10 bucket_id: 2 local_depth1: 4
jump in
110011001100110
111111100000000
getFreeBucket
bucket_id: 10
111111100000000getFreeKvSlot
insert
search
getFreeBucket
bucket_id: 11
111111111111111splitBucket
local_depth1: 3
getFreeSlot
getNewBucket
newbucket: 000000000000000
111111111111111
000000000000000
a1 :3  b1: 11 bucket_id: 3 local_depth1: 4
a1 :3  b1: 11 bucket_id: 3 local_depth1: 4
a1 :11  b1: 11 bucket_id: 3 local_depth1: 4
jump in
a1 :11  b1: 11 bucket_id: 3 local_depth1: 4
jump in
a1 :3  b1: 11 bucket_id: 3 local_depth1: 4
a1 :3  b1: 11 bucket_id: 3 local_depth1: 4
a1 :11  b1: 11 bucket_id: 3 local_depth1: 4
jump in
a1 :11  b1: 11 bucket_id: 3 local_depth1: 4
jump in
a1 :3  b1: 11 bucket_id: 3 local_depth1: 4
a1 :3  b1: 11 bucket_id: 3 local_depth1: 4
a1 :11  b1: 11 bucket_id: 3 local_depth1: 4
jump in
a1 :11  b1: 11 bucket_id: 3 local_depth1: 4
jump in
a1 :3  b1: 11 bucket_id: 3 local_depth1: 4
a1 :3  b1: 11 bucket_id: 3 local_depth1: 4
a1 :11  b1: 11 bucket_id: 3 local_depth1: 4
jump in
110011001100110
111111100000000
getFreeBucket
bucket_id: 11
111111100000000getFreeKvSlot
insert
search
getFreeBucket
bucket_id: 12
111111111111111splitBucket
local_depth1: 3
getFreeSlot
getNewBucket
newbucket: 000000000000000
111111111111111
000000000000000
a1 :4  b1: 12 bucket_id: 4 local_depth1: 4
a1 :4  b1: 12 bucket_id: 4 local_depth1: 4
a1 :12  b1: 12 bucket_id: 4 local_depth1: 4
jump in
a1 :12  b1: 12 bucket_id: 4 local_depth1: 4
jump in
a1 :4  b1: 12 bucket_id: 4 local_depth1: 4
a1 :4  b1: 12 bucket_id: 4 local_depth1: 4
a1 :12  b1: 12 bucket_id: 4 local_depth1: 4
jump in
a1 :12  b1: 12 bucket_id: 4 local_depth1: 4
jump in
a1 :4  b1: 12 bucket_id: 4 local_depth1: 4
a1 :12  b1: 12 bucket_id: 4 local_depth1: 4
jump in
a1 :4  b1: 12 bucket_id: 4 local_depth1: 4
a1 :12  b1: 12 bucket_id: 4 local_depth1: 4
jump in
a1 :4  b1: 12 bucket_id: 4 local_depth1: 4
a1 :12  b1: 12 bucket_id: 4 local_depth1: 4
jump in
a1 :4  b1: 12 bucket_id: 4 local_depth1: 4
110011001010101
111111100000000
getFreeBucket
bucket_id: 12
111111100000000getFreeKvSlot
insert
search
getFreeBucket
bucket_id: 13
111111111111111splitBucket
local_depth1: 3
getFreeSlot
getNewBucket
newbucket: 000000000000000
111111111111111
000000000000000
a1 :5  b1: 13 bucket_id: 5 local_depth1: 4
a1 :5  b1: 13 bucket_id: 5 local_depth1: 4
a1 :13  b1: 13 bucket_id: 5 local_depth1: 4
jump in
a1 :13  b1: 13 bucket_id: 5 local_depth1: 4
jump in
a1 :5  b1: 13 bucket_id: 5 local_depth1: 4
a1 :5  b1: 13 bucket_id: 5 local_depth1: 4
a1 :13  b1: 13 bucket_id: 5 local_depth1: 4
jump in
a1 :13  b1: 13 bucket_id: 5 local_depth1: 4
jump in
a1 :5  b1: 13 bucket_id: 5 local_depth1: 4
a1 :13  b1: 13 bucket_id: 5 local_depth1: 4
jump in
a1 :5  b1: 13 bucket_id: 5 local_depth1: 4
a1 :13  b1: 13 bucket_id: 5 local_depth1: 4
jump in
a1 :5  b1: 13 bucket_id: 5 local_depth1: 4
a1 :13  b1: 13 bucket_id: 5 local_depth1: 4
jump in
a1 :5  b1: 13 bucket_id: 5 local_depth1: 4
110011001010101
111111100000000
getFreeBucket
bucket_id: 13
111111100000000getFreeKvSlot
insert
search
getFreeBucket
bucket_id: 14
111111111111111splitBucket
local_depth1: 3
getFreeSlot
getNewBucket
newbucket: 000000000000000
111111111111111
000000000000000
a1 :6  b1: 14 bucket_id: 6 local_depth1: 4
a1 :14  b1: 14 bucket_id: 6 local_depth1: 4
jump in
a1 :6  b1: 14 bucket_id: 6 local_depth1: 4
a1 :14  b1: 14 bucket_id: 6 local_depth1: 4
jump in
a1 :6  b1: 14 bucket_id: 6 local_depth1: 4
a1 :14  b1: 14 bucket_id: 6 local_depth1: 4
jump in
a1 :6  b1: 14 bucket_id: 6 local_depth1: 4
a1 :14  b1: 14 bucket_id: 6 local_depth1: 4
jump in
a1 :6  b1: 14 bucket_id: 6 local_depth1: 4
a1 :14  b1: 14 bucket_id: 6 local_depth1: 4
jump in
a1 :6  b1: 14 bucket_id: 6 local_depth1: 4
a1 :14  b1: 14 bucket_id: 6 local_depth1: 4
jump in
a1 :6  b1: 14 bucket_id: 6 local_depth1: 4
a1 :14  b1: 14 bucket_id: 6 local_depth1: 4
jump in
a1 :6  b1: 14 bucket_id: 6 local_depth1: 4
101010101010101
111111100000000
getFreeBucket
bucket_id: 14
111111100000000getFreeKvSlot
insert
search
getFreeBucket
bucket_id: 15
111111111111111splitBucket
local_depth1: 3
getFreeSlot
getNewBucket
newbucket: 000000000000000
111111111111111
000000000000000
a1 :7  b1: 15 bucket_id: 7 local_depth1: 4
a1 :15  b1: 15 bucket_id: 7 local_depth1: 4
jump in
a1 :7  b1: 15 bucket_id: 7 local_depth1: 4
a1 :15  b1: 15 bucket_id: 7 local_depth1: 4
jump in
a1 :7  b1: 15 bucket_id: 7 local_depth1: 4
a1 :15  b1: 15 bucket_id: 7 local_depth1: 4
jump in
a1 :7  b1: 15 bucket_id: 7 local_depth1: 4
a1 :15  b1: 15 bucket_id: 7 local_depth1: 4
jump in
a1 :7  b1: 15 bucket_id: 7 local_depth1: 4
a1 :15  b1: 15 bucket_id: 7 local_depth1: 4
jump in
a1 :7  b1: 15 bucket_id: 7 local_depth1: 4
a1 :15  b1: 15 bucket_id: 7 local_depth1: 4
jump in
a1 :7  b1: 15 bucket_id: 7 local_depth1: 4
a1 :15  b1: 15 bucket_id: 7 local_depth1: 4
jump in
a1 :7  b1: 15 bucket_id: 7 local_depth1: 4
101010101010101
111111100000000
getFreeBucket
bucket_id: 15
111111100000000getFreeKvSlot
insert
search
getFreeBucket
bucket_id: 0
111000101110001getFreeKvSlot
insert
search
getFreeBucket
bucket_id: 1
111000101110001getFreeKvSlot
insert
search
getFreeBucket
bucket_id: 2
110011001100110getFreeKvSlot
insert
search
getFreeBucket
bucket_id: 3
110011001100110getFreeKvSlot
insert
search
getFreeBucket
bucket_id: 4
110011001010101getFreeKvSlot
insert
search
getFreeBucket
bucket_id: 5
110011001010101getFreeKvSlot
insert
search
getFreeBucket
bucket_id: 6
101010101010101getFreeKvSlot
insert
search
getFreeBucket
bucket_id: 7
101010101010101getFreeKvSlot
insert
search
getFreeBucket
bucket_id: 8
111111110000000getFreeKvSlot
insert
search
getFreeBucket
bucket_id: 9
111111110000000getFreeKvSlot
insert
search
getFreeBucket
bucket_id: 10
111111110000000getFreeKvSlot
insert
search
getFreeBucket
bucket_id: 11
111111110000000getFreeKvSlot
insert
search
getFreeBucket
bucket_id: 12
111111110000000getFreeKvSlot
insert
search
getFreeBucket
bucket_id: 13
111111110000000getFreeKvSlot
insert
search
getFreeBucket
bucket_id: 14
111111110000000getFreeKvSlot
insert
search
getFreeBucket
bucket_id: 15
111111110000000getFreeKvSlot
insert
search
getFreeBucket
bucket_id: 0
111100101110001getFreeKvSlot
insert
search
getFreeBucket
bucket_id: 1
111100101110001getFreeKvSlot
insert
search
getFreeBucket
bucket_id: 2
111011001100110getFreeKvSlot
insert
search
getFreeBucket
bucket_id: 3
111011001100110getFreeKvSlot
insert
search
getFreeBucket
bucket_id: 4
111011001010101getFreeKvSlot
insert
search
getFreeBucket
bucket_id: 5
111011001010101getFreeKvSlot
insert
search
getFreeBucket
bucket_id: 6
111010101010101getFreeKvSlot
insert
search
getFreeBucket
bucket_id: 7
111010101010101getFreeKvSlot
insert
search
getFreeBucket
bucket_id: 8
111111111000000getFreeKvSlot
insert
search
getFreeBucket
bucket_id: 9
111111111000000getFreeKvSlot
insert
search
getFreeBucket
bucket_id: 10
111111111000000getFreeKvSlot
insert
search
getFreeBucket
bucket_id: 11
111111111000000getFreeKvSlot
insert
search
getFreeBucket
bucket_id: 12
111111111000000getFreeKvSlot
insert
search
getFreeBucket
bucket_id: 13
111111111000000getFreeKvSlot
insert
search
getFreeBucket
bucket_id: 14
111111111000000getFreeKvSlot
insert
search
getFreeBucket
bucket_id: 15
111111111000000getFreeKvSlot
insert
search
getFreeBucket
bucket_id: 0
111110101110001getFreeKvSlot
insert
search
getFreeBucket
bucket_id: 1
111110101110001getFreeKvSlot
insert
search
getFreeBucket
bucket_id: 2
111111001100110getFreeKvSlot
insert
search
getFreeBucket
bucket_id: 3
111111001100110getFreeKvSlot
insert
search
getFreeBucket
bucket_id: 4
111111001010101getFreeKvSlot
insert
search
getFreeBucket
bucket_id: 5
111111001010101getFreeKvSlot
insert
search
getFreeBucket
bucket_id: 6
111110101010101getFreeKvSlot
insert
search
getFreeBucket
bucket_id: 7
111110101010101getFreeKvSlot
insert
search
getFreeBucket
bucket_id: 8
111111111100000getFreeKvSlot
insert
search
getFreeBucket
bucket_id: 9
111111111100000getFreeKvSlot
insert
search
getFreeBucket
bucket_id: 10
111111111100000getFreeKvSlot
insert
search
getFreeBucket
bucket_id: 11
111111111100000getFreeKvSlot
insert
search
getFreeBucket
bucket_id: 12
111111111100000getFreeKvSlot
insert
search
getFreeBucket
bucket_id: 13
111111111100000getFreeKvSlot
insert
search
getFreeBucket
bucket_id: 14
111111111100000getFreeKvSlot
insert
search
getFreeBucket
bucket_id: 15
111111111100000getFreeKvSlot
insert
search
getFreeBucket
bucket_id: 0
111111101110001getFreeKvSlot
insert
search
getFreeBucket
bucket_id: 1
111111101110001getFreeKvSlot
insert
search
getFreeBucket
bucket_id: 2
111111101100110getFreeKvSlot
insert
search
getFreeBucket
bucket_id: 3
111111101100110getFreeKvSlot
insert
search
getFreeBucket
bucket_id: 4
111111101010101getFreeKvSlot
insert
search
getFreeBucket
bucket_id: 5
111111101010101getFreeKvSlot
insert
search
getFreeBucket
bucket_id: 6
111111101010101getFreeKvSlot
insert
search
getFreeBucket
bucket_id: 7
111111101010101getFreeKvSlot
insert
search
getFreeBucket
bucket_id: 8
111111111110000getFreeKvSlot
insert
search
getFreeBucket
bucket_id: 9
111111111110000getFreeKvSlot
insert
search
getFreeBucket
bucket_id: 10
111111111110000getFreeKvSlot
insert
search
getFreeBucket
bucket_id: 11
111111111110000getFreeKvSlot
insert
search
getFreeBucket
bucket_id: 12
111111111110000getFreeKvSlot
insert
search
getFreeBucket
bucket_id: 13
111111111110000getFreeKvSlot
insert
search
getFreeBucket
bucket_id: 14
111111111110000getFreeKvSlot
insert
search
getFreeBucket
bucket_id: 15
111111111110000getFreeKvSlot
insert
search
getFreeBucket
bucket_id: 0
111111111110001getFreeKvSlot
insert
search
getFreeBucket
bucket_id: 1
111111111110001getFreeKvSlot
insert
search
getFreeBucket
bucket_id: 2
111111111100110getFreeKvSlot
insert
search
getFreeBucket
bucket_id: 3
111111111100110getFreeKvSlot
insert
search
getFreeBucket
bucket_id: 4
111111111010101getFreeKvSlot
insert
search
getFreeBucket
bucket_id: 5
111111111010101getFreeKvSlot
insert
search
getFreeBucket
bucket_id: 6
111111111010101getFreeKvSlot
insert
search
getFreeBucket
bucket_id: 7
111111111010101getFreeKvSlot
insert
search
getFreeBucket
bucket_id: 8
111111111111000getFreeKvSlot
insert
search
getFreeBucket
bucket_id: 9
111111111111000getFreeKvSlot
insert
search
getFreeBucket
bucket_id: 10
111111111111000getFreeKvSlot
insert
search
getFreeBucket
bucket_id: 11
111111111111000getFreeKvSlot
insert
search
getFreeBucket
bucket_id: 12
111111111111000getFreeKvSlot
insert
search
getFreeBucket
bucket_id: 13
111111111111000getFreeKvSlot
insert
search
getFreeBucket
bucket_id: 14
111111111111000getFreeKvSlot
insert
search
getFreeBucket
bucket_id: 15
111111111111000getFreeKvSlot
insert
search
getFreeBucket
bucket_id: 0
111111111111001getFreeKvSlot
insert
search
getFreeBucket
bucket_id: 1
111111111111001getFreeKvSlot
insert
search
getFreeBucket
bucket_id: 2
111111111110110getFreeKvSlot
insert
search
getFreeBucket
bucket_id: 3
111111111110110getFreeKvSlot
insert
search
getFreeBucket
bucket_id: 4
111111111110101getFreeKvSlot
insert
search
getFreeBucket
bucket_id: 5
111111111110101getFreeKvSlot
insert
search
getFreeBucket
bucket_id: 6
111111111110101getFreeKvSlot
insert
search
getFreeBucket
bucket_id: 7
111111111110101getFreeKvSlot
insert
search
getFreeBucket
bucket_id: 8
111111111111100getFreeKvSlot
insert
search
getFreeBucket
bucket_id: 9
111111111111100getFreeKvSlot
insert
search
getFreeBucket
bucket_id: 10
111111111111100getFreeKvSlot
insert
search
getFreeBucket
bucket_id: 11
111111111111100getFreeKvSlot
insert
search
getFreeBucket
bucket_id: 12
111111111111100getFreeKvSlot
insert
search
getFreeBucket
bucket_id: 13
111111111111100getFreeKvSlot
insert
search
getFreeBucket
bucket_id: 14
111111111111100getFreeKvSlot
insert
search
getFreeBucket
bucket_id: 15
111111111111100getFreeKvSlot
insert
search
getFreeBucket
bucket_id: 0
111111111111101getFreeKvSlot
insert
search
getFreeBucket
bucket_id: 1
111111111111101getFreeKvSlot
insert
search
getFreeBucket
bucket_id: 2
111111111111110getFreeKvSlot
insert
search
getFreeBucket
bucket_id: 3
111111111111110getFreeKvSlot
insert
search
getFreeBucket
bucket_id: 4
111111111111101getFreeKvSlot
insert
search
getFreeBucket
bucket_id: 5
111111111111101getFreeKvSlot
insert
search
getFreeBucket
bucket_id: 6
111111111111101getFreeKvSlot
insert
search
getFreeBucket
bucket_id: 7
111111111111101getFreeKvSlot
insert
search
getFreeBucket
bucket_id: 8
111111111111110getFreeKvSlot
insert
search
getFreeBucket
bucket_id: 9
111111111111110getFreeKvSlot
insert
search
getFreeBucket
bucket_id: 10
111111111111110getFreeKvSlot
insert
search
getFreeBucket
bucket_id: 11
111111111111110getFreeKvSlot
insert
search
getFreeBucket
bucket_id: 12
111111111111110getFreeKvSlot
insert
search
getFreeBucket
bucket_id: 13
111111111111110getFreeKvSlot
insert
search
getFreeBucket
bucket_id: 14
111111111111110getFreeKvSlot
insert
search
getFreeBucket
bucket_id: 15
111111111111110getFreeKvSlot
insert
search
getFreeBucket
bucket_id: 0
111111111111111splitBucket
local_depth1: 4
extendCatalog
extendCatalog bp1
extendCatalog bp2
extendCatalog bp3
extendCatalog bp4
getFreeSlot
getNewBucket
allocNewPage
2564104
newbucket: 000000000000000
111111111111111
000000000000000
a1 :0  b1: 16 bucket_id: 0 local_depth1: 5
a1 :0  b1: 16 bucket_id: 0 local_depth1: 5
a1 :0  b1: 16 bucket_id: 0 local_depth1: 5
a1 :0  b1: 16 bucket_id: 0 local_depth1: 5
a1 :16  b1: 16 bucket_id: 0 local_depth1: 5
jump in
a1 :0  b1: 16 bucket_id: 0 local_depth1: 5
a1 :16  b1: 16 bucket_id: 0 local_depth1: 5
jump in
a1 :16  b1: 16 bucket_id: 0 local_depth1: 5
jump in
a1 :16  b1: 16 bucket_id: 0 local_depth1: 5
jump in
a1 :16  b1: 16 bucket_id: 0 local_depth1: 5
jump in
a1 :0  b1: 16 bucket_id: 0 local_depth1: 5
a1 :0  b1: 16 bucket_id: 0 local_depth1: 5
a1 :16  b1: 16 bucket_id: 0 local_depth1: 5
jump in
a1 :0  b1: 16 bucket_id: 0 local_depth1: 5
a1 :16  b1: 16 bucket_id: 0 local_depth1: 5
jump in
111101000011010
111111100000000
getFreeBucket
bucket_id: 16
111111100000000getFreeKvSlot
insert
search
getFreeBucket
bucket_id: 17
111111111111111splitBucket
local_depth1: 4
getFreeSlot
getNewBucket
newbucket: 000000000000000
111111111111111
000000000000000
a1 :1  b1: 17 bucket_id: 1 local_depth1: 5
a1 :1  b1: 17 bucket_id: 1 local_depth1: 5
a1 :1  b1: 17 bucket_id: 1 local_depth1: 5
a1 :1  b1: 17 bucket_id: 1 local_depth1: 5
a1 :17  b1: 17 bucket_id: 1 local_depth1: 5
jump in
a1 :1  b1: 17 bucket_id: 1 local_depth1: 5
a1 :17  b1: 17 bucket_id: 1 local_depth1: 5
jump in
a1 :17  b1: 17 bucket_id: 1 local_depth1: 5
jump in
a1 :17  b1: 17 bucket_id: 1 local_depth1: 5
jump in
a1 :17  b1: 17 bucket_id: 1 local_depth1: 5
jump in
a1 :1  b1: 17 bucket_id: 1 local_depth1: 5
a1 :1  b1: 17 bucket_id: 1 local_depth1: 5
a1 :17  b1: 17 bucket_id: 1 local_depth1: 5
jump in
a1 :1  b1: 17 bucket_id: 1 local_depth1: 5
a1 :17  b1: 17 bucket_id: 1 local_depth1: 5
jump in
111101000011010
111111100000000
getFreeBucket
bucket_id: 17
111111100000000getFreeKvSlot
insert
search
getFreeBucket
bucket_id: 18
111111111111111splitBucket
local_depth1: 4
getFreeSlot
getNewBucket
newbucket: 000000000000000
111111111111111
000000000000000
a1 :2  b1: 18 bucket_id: 2 local_depth1: 5
a1 :2  b1: 18 bucket_id: 2 local_depth1: 5
a1 :2  b1: 18 bucket_id: 2 local_depth1: 5
a1 :18  b1: 18 bucket_id: 2 local_depth1: 5
jump in
a1 :18  b1: 18 bucket_id: 2 local_depth1: 5
jump in
a1 :18  b1: 18 bucket_id: 2 local_depth1: 5
jump in
a1 :2  b1: 18 bucket_id: 2 local_depth1: 5
a1 :18  b1: 18 bucket_id: 2 local_depth1: 5
jump in
a1 :2  b1: 18 bucket_id: 2 local_depth1: 5
a1 :2  b1: 18 bucket_id: 2 local_depth1: 5
a1 :2  b1: 18 bucket_id: 2 local_depth1: 5
a1 :18  b1: 18 bucket_id: 2 local_depth1: 5
jump in
a1 :18  b1: 18 bucket_id: 2 local_depth1: 5
jump in
a1 :18  b1: 18 bucket_id: 2 local_depth1: 5
jump in
a1 :2  b1: 18 bucket_id: 2 local_depth1: 5
111000101110001
111111100000000
getFreeBucket
bucket_id: 18
111111100000000getFreeKvSlot
insert
search
getFreeBucket
bucket_id: 19
111111111111111splitBucket
local_depth1: 4
getFreeSlot
getNewBucket
newbucket: 000000000000000
111111111111111
000000000000000
a1 :3  b1: 19 bucket_id: 3 local_depth1: 5
a1 :3  b1: 19 bucket_id: 3 local_depth1: 5
a1 :3  b1: 19 bucket_id: 3 local_depth1: 5
a1 :19  b1: 19 bucket_id: 3 local_depth1: 5
jump in
a1 :19  b1: 19 bucket_id: 3 local_depth1: 5
jump in
a1 :19  b1: 19 bucket_id: 3 local_depth1: 5
jump in
a1 :3  b1: 19 bucket_id: 3 local_depth1: 5
a1 :19  b1: 19 bucket_id: 3 local_depth1: 5
jump in
a1 :3  b1: 19 bucket_id: 3 local_depth1: 5
a1 :3  b1: 19 bucket_id: 3 local_depth1: 5
a1 :3  b1: 19 bucket_id: 3 local_depth1: 5
a1 :19  b1: 19 bucket_id: 3 local_depth1: 5
jump in
a1 :19  b1: 19 bucket_id: 3 local_depth1: 5
jump in
a1 :19  b1: 19 bucket_id: 3 local_depth1: 5
jump in
a1 :3  b1: 19 bucket_id: 3 local_depth1: 5
111000101110001
111111100000000
getFreeBucket
bucket_id: 19
111111100000000getFreeKvSlot
insert
search
getFreeBucket
bucket_id: 20
111111111111111splitBucket
local_depth1: 4
getFreeSlot
getNewBucket
newbucket: 000000000000000
111111111111111
000000000000000
a1 :4  b1: 20 bucket_id: 4 local_depth1: 5
a1 :4  b1: 20 bucket_id: 4 local_depth1: 5
a1 :4  b1: 20 bucket_id: 4 local_depth1: 5
a1 :20  b1: 20 bucket_id: 4 local_depth1: 5
jump in
a1 :20  b1: 20 bucket_id: 4 local_depth1: 5
jump in
a1 :20  b1: 20 bucket_id: 4 local_depth1: 5
jump in
a1 :4  b1: 20 bucket_id: 4 local_depth1: 5
a1 :20  b1: 20 bucket_id: 4 local_depth1: 5
jump in
a1 :4  b1: 20 bucket_id: 4 local_depth1: 5
a1 :4  b1: 20 bucket_id: 4 local_depth1: 5
a1 :20  b1: 20 bucket_id: 4 local_depth1: 5
jump in
a1 :20  b1: 20 bucket_id: 4 local_depth1: 5
jump in
a1 :4  b1: 20 bucket_id: 4 local_depth1: 5
a1 :4  b1: 20 bucket_id: 4 local_depth1: 5
a1 :20  b1: 20 bucket_id: 4 local_depth1: 5
jump in
111000101100110
111111100000000
getFreeBucket
bucket_id: 20
111111100000000getFreeKvSlot
insert
search
getFreeBucket
bucket_id: 21
111111111111111splitBucket
local_depth1: 4
getFreeSlot
getNewBucket
newbucket: 000000000000000
111111111111111
000000000000000
a1 :5  b1: 21 bucket_id: 5 local_depth1: 5
a1 :5  b1: 21 bucket_id: 5 local_depth1: 5
a1 :5  b1: 21 bucket_id: 5 local_depth1: 5
a1 :21  b1: 21 bucket_id: 5 local_depth1: 5
jump in
a1 :21  b1: 21 bucket_id: 5 local_depth1: 5
jump in
a1 :21  b1: 21 bucket_id: 5 local_depth1: 5
jump in
a1 :5  b1: 21 bucket_id: 5 local_depth1: 5
a1 :21  b1: 21 bucket_id: 5 local_depth1: 5
jump in
a1 :5  b1: 21 bucket_id: 5 local_depth1: 5
a1 :5  b1: 21 bucket_id: 5 local_depth1: 5
a1 :21  b1: 21 bucket_id: 5 local_depth1: 5
jump in
a1 :21  b1: 21 bucket_id: 5 local_depth1: 5
jump in
a1 :5  b1: 21 bucket_id: 5 local_depth1: 5
a1 :5  b1: 21 bucket_id: 5 local_depth1: 5
a1 :21  b1: 21 bucket_id: 5 local_depth1: 5
jump in
111000101100110
111111100000000
getFreeBucket
bucket_id: 21
111111100000000getFreeKvSlot
insert
search
getFreeBucket
bucket_id: 22
111111111111111splitBucket
local_depth1: 4
getFreeSlot
getNewBucket
newbucket: 000000000000000
111111111111111
000000000000000
a1 :6  b1: 22 bucket_id: 6 local_depth1: 5
a1 :6  b1: 22 bucket_id: 6 local_depth1: 5
a1 :22  b1: 22 bucket_id: 6 local_depth1: 5
jump in
a1 :22  b1: 22 bucket_id: 6 local_depth1: 5
jump in
a1 :6  b1: 22 bucket_id: 6 local_depth1: 5
a1 :6  b1: 22 bucket_id: 6 local_depth1: 5
a1 :22  b1: 22 bucket_id: 6 local_depth1: 5
jump in
a1 :22  b1: 22 bucket_id: 6 local_depth1: 5
jump in
a1 :6  b1: 22 bucket_id: 6 local_depth1: 5
a1 :6  b1: 22 bucket_id: 6 local_depth1: 5
a1 :22  b1: 22 bucket_id: 6 local_depth1: 5
jump in
a1 :22  b1: 22 bucket_id: 6 local_depth1: 5
jump in
a1 :6  b1: 22 bucket_id: 6 local_depth1: 5
a1 :6  b1: 22 bucket_id: 6 local_depth1: 5
a1 :22  b1: 22 bucket_id: 6 local_depth1: 5
jump in
110011001100110
111111100000000
getFreeBucket
bucket_id: 22
111111100000000getFreeKvSlot
insert
search
getFreeBucket
bucket_id: 23
111111111111111splitBucket
local_depth1: 4
getFreeSlot
getNewBucket
newbucket: 000000000000000
111111111111111
000000000000000
a1 :7  b1: 23 bucket_id: 7 local_depth1: 5
a1 :7  b1: 23 bucket_id: 7 local_depth1: 5
a1 :23  b1: 23 bucket_id: 7 local_depth1: 5
jump in
a1 :23  b1: 23 bucket_id: 7 local_depth1: 5
jump in
a1 :7  b1: 23 bucket_id: 7 local_depth1: 5
a1 :7  b1: 23 bucket_id: 7 local_depth1: 5
a1 :23  b1: 23 bucket_id: 7 local_depth1: 5
jump in
a1 :23  b1: 23 bucket_id: 7 local_depth1: 5
jump in
a1 :7  b1: 23 bucket_id: 7 local_depth1: 5
a1 :7  b1: 23 bucket_id: 7 local_depth1: 5
a1 :23  b1: 23 bucket_id: 7 local_depth1: 5
jump in
a1 :23  b1: 23 bucket_id: 7 local_depth1: 5
jump in
a1 :7  b1: 23 bucket_id: 7 local_depth1: 5
a1 :7  b1: 23 bucket_id: 7 local_depth1: 5
a1 :23  b1: 23 bucket_id: 7 local_depth1: 5
jump in
110011001100110
111111100000000
getFreeBucket
bucket_id: 23
111111100000000getFreeKvSlot
insert
search
getFreeBucket
bucket_id: 24
111111111111111splitBucket
local_depth1: 4
getFreeSlot
getNewBucket
newbucket: 000000000000000
111111111111111
000000000000000
a1 :8  b1: 24 bucket_id: 8 local_depth1: 5
a1 :8  b1: 24 bucket_id: 8 local_depth1: 5
a1 :8  b1: 24 bucket_id: 8 local_depth1: 5
a1 :24  b1: 24 bucket_id: 8 local_depth1: 5
jump in
a1 :8  b1: 24 bucket_id: 8 local_depth1: 5
a1 :24  b1: 24 bucket_id: 8 local_depth1: 5
jump in
a1 :24  b1: 24 bucket_id: 8 local_depth1: 5
jump in
a1 :24  b1: 24 bucket_id: 8 local_depth1: 5
jump in
a1 :8  b1: 24 bucket_id: 8 local_depth1: 5
a1 :24  b1: 24 bucket_id: 8 local_depth1: 5
jump in
a1 :8  b1: 24 bucket_id: 8 local_depth1: 5
a1 :24  b1: 24 bucket_id: 8 local_depth1: 5
jump in
a1 :8  b1: 24 bucket_id: 8 local_depth1: 5
a1 :24  b1: 24 bucket_id: 8 local_depth1: 5
jump in
a1 :8  b1: 24 bucket_id: 8 local_depth1: 5
111010001010101
111111100000000
getFreeBucket
bucket_id: 24
111111100000000getFreeKvSlot
insert
search
getFreeBucket
bucket_id: 25
111111111111111splitBucket
local_depth1: 4
getFreeSlot
getNewBucket
newbucket: 000000000000000
111111111111111
000000000000000
a1 :9  b1: 25 bucket_id: 9 local_depth1: 5
a1 :9  b1: 25 bucket_id: 9 local_depth1: 5
a1 :9  b1: 25 bucket_id: 9 local_depth1: 5
a1 :25  b1: 25 bucket_id: 9 local_depth1: 5
jump in
a1 :9  b1: 25 bucket_id: 9 local_depth1: 5
a1 :25  b1: 25 bucket_id: 9 local_depth1: 5
jump in
a1 :25  b1: 25 bucket_id: 9 local_depth1: 5
jump in
a1 :25  b1: 25 bucket_id: 9 local_depth1: 5
jump in
a1 :9  b1: 25 bucket_id: 9 local_depth1: 5
a1 :25  b1: 25 bucket_id: 9 local_depth1: 5
jump in
a1 :9  b1: 25 bucket_id: 9 local_depth1: 5
a1 :25  b1: 25 bucket_id: 9 local_depth1: 5
jump in
a1 :9  b1: 25 bucket_id: 9 local_depth1: 5
a1 :25  b1: 25 bucket_id: 9 local_depth1: 5
jump in
a1 :9  b1: 25 bucket_id: 9 local_depth1: 5
111010001010101
111111100000000
getFreeBucket
bucket_id: 25
111111100000000getFreeKvSlot
insert
search
getFreeBucket
bucket_id: 26
111111111111111splitBucket
local_depth1: 4
getFreeSlot
getNewBucket
newbucket: 000000000000000
111111111111111
000000000000000
a1 :10  b1: 26 bucket_id: 10 local_depth1: 5
a1 :10  b1: 26 bucket_id: 10 local_depth1: 5
a1 :26  b1: 26 bucket_id: 10 local_depth1: 5
jump in
a1 :26  b1: 26 bucket_id: 10 local_depth1: 5
jump in
a1 :10  b1: 26 bucket_id: 10 local_depth1: 5
a1 :10  b1: 26 bucket_id: 10 local_depth1: 5
a1 :26  b1: 26 bucket_id: 10 local_depth1: 5
jump in
a1 :26  b1: 26 bucket_id: 10 local_depth1: 5
jump in
a1 :10  b1: 26 bucket_id: 10 local_depth1: 5
a1 :26  b1: 26 bucket_id: 10 local_depth1: 5
jump in
a1 :10  b1: 26 bucket_id: 10 local_depth1: 5
a1 :26  b1: 26 bucket_id: 10 local_depth1: 5
jump in
a1 :10  b1: 26 bucket_id: 10 local_depth1: 5
a1 :26  b1: 26 bucket_id: 10 local_depth1: 5
jump in
a1 :10  b1: 26 bucket_id: 10 local_depth1: 5
110011001010101
111111100000000
getFreeBucket
bucket_id: 26
111111100000000getFreeKvSlot
insert
search
getFreeBucket
bucket_id: 27
111111111111111splitBucket
local_depth1: 4
getFreeSlot
getNewBucket
newbucket: 000000000000000
111111111111111
000000000000000
a1 :11  b1: 27 bucket_id: 11 local_depth1: 5
a1 :11  b1: 27 bucket_id: 11 local_depth1: 5
a1 :27  b1: 27 bucket_id: 11 local_depth1: 5
jump in
a1 :27  b1: 27 bucket_id: 11 local_depth1: 5
jump in
a1 :11  b1: 27 bucket_id: 11 local_depth1: 5
a1 :11  b1: 27 bucket_id: 11 local_depth1: 5
a1 :27  b1: 27 bucket_id: 11 local_depth1: 5
jump in
a1 :27  b1: 27 bucket_id: 11 local_depth1: 5
jump in
a1 :11  b1: 27 bucket_id: 11 local_depth1: 5
a1 :27  b1: 27 bucket_id: 11 local_depth1: 5
jump in
a1 :11  b1: 27 bucket_id: 11 local_depth1: 5
a1 :27  b1: 27 bucket_id: 11 local_depth1: 5
jump in
a1 :11  b1: 27 bucket_id: 11 local_depth1: 5
a1 :27  b1: 27 bucket_id: 11 local_depth1: 5
jump in
a1 :11  b1: 27 bucket_id: 11 local_depth1: 5
110011001010101
111111100000000
getFreeBucket
bucket_id: 27
111111100000000getFreeKvSlot
insert
search
getFreeBucket
bucket_id: 28
111111111111111splitBucket
local_depth1: 4
getFreeSlot
getNewBucket
newbucket: 000000000000000
111111111111111
000000000000000
a1 :12  b1: 28 bucket_id: 12 local_depth1: 5
a1 :12  b1: 28 bucket_id: 12 local_depth1: 5
a1 :28  b1: 28 bucket_id: 12 local_depth1: 5
jump in
a1 :28  b1: 28 bucket_id: 12 local_depth1: 5
jump in
a1 :12  b1: 28 bucket_id: 12 local_depth1: 5
a1 :28  b1: 28 bucket_id: 12 local_depth1: 5
jump in
a1 :12  b1: 28 bucket_id: 12 local_depth1: 5
a1 :28  b1: 28 bucket_id: 12 local_depth1: 5
jump in
a1 :12  b1: 28 bucket_id: 12 local_depth1: 5
a1 :28  b1: 28 bucket_id: 12 local_depth1: 5
jump in
a1 :12  b1: 28 bucket_id: 12 local_depth1: 5
a1 :28  b1: 28 bucket_id: 12 local_depth1: 5
jump in
a1 :12  b1: 28 bucket_id: 12 local_depth1: 5
a1 :28  b1: 28 bucket_id: 12 local_depth1: 5
jump in
a1 :12  b1: 28 bucket_id: 12 local_depth1: 5
110010101010101
111111100000000
getFreeBucket
bucket_id: 28
111111100000000getFreeKvSlot
insert
search
getFreeBucket
bucket_id: 29
111111111111111splitBucket
local_depth1: 4
getFreeSlot
getNewBucket
newbucket: 000000000000000
111111111111111
000000000000000
a1 :13  b1: 29 bucket_id: 13 local_depth1: 5
a1 :13  b1: 29 bucket_id: 13 local_depth1: 5
a1 :29  b1: 29 bucket_id: 13 local_depth1: 5
jump in
a1 :29  b1: 29 bucket_id: 13 local_depth1: 5
jump in
a1 :13  b1: 29 bucket_id: 13 local_depth1: 5
a1 :29  b1: 29 bucket_id: 13 local_depth1: 5
jump in
a1 :13  b1: 29 bucket_id: 13 local_depth1: 5
a1 :29  b1: 29 bucket_id: 13 local_depth1: 5
jump in
a1 :13  b1: 29 bucket_id: 13 local_depth1: 5
a1 :29  b1: 29 bucket_id: 13 local_depth1: 5
jump in
a1 :13  b1: 29 bucket_id: 13 local_depth1: 5
a1 :29  b1: 29 bucket_id: 13 local_depth1: 5
jump in
a1 :13  b1: 29 bucket_id: 13 local_depth1: 5
a1 :29  b1: 29 bucket_id: 13 local_depth1: 5
jump in
a1 :13  b1: 29 bucket_id: 13 local_depth1: 5
110010101010101
111111100000000
getFreeBucket
bucket_id: 29
111111100000000getFreeKvSlot
insert
search
getFreeBucket
bucket_id: 30
111111111111111splitBucket
local_depth1: 4
getFreeSlot
getNewBucket
newbucket: 000000000000000
111111111111111
000000000000000
a1 :14  b1: 30 bucket_id: 14 local_depth1: 5
a1 :30  b1: 30 bucket_id: 14 local_depth1: 5
jump in
a1 :14  b1: 30 bucket_id: 14 local_depth1: 5
a1 :30  b1: 30 bucket_id: 14 local_depth1: 5
jump in
a1 :14  b1: 30 bucket_id: 14 local_depth1: 5
a1 :30  b1: 30 bucket_id: 14 local_depth1: 5
jump in
a1 :14  b1: 30 bucket_id: 14 local_depth1: 5
a1 :30  b1: 30 bucket_id: 14 local_depth1: 5
jump in
a1 :14  b1: 30 bucket_id: 14 local_depth1: 5
a1 :30  b1: 30 bucket_id: 14 local_depth1: 5
jump in
a1 :14  b1: 30 bucket_id: 14 local_depth1: 5
a1 :30  b1: 30 bucket_id: 14 local_depth1: 5
jump in
a1 :14  b1: 30 bucket_id: 14 local_depth1: 5
a1 :30  b1: 30 bucket_id: 14 local_depth1: 5
jump in
a1 :14  b1: 30 bucket_id: 14 local_depth1: 5
101010101010101
111111100000000
getFreeBucket
bucket_id: 30
111111100000000getFreeKvSlot
insert
search
getFreeBucket
bucket_id: 31
111111111111111splitBucket
local_depth1: 4
getFreeSlot
getNewBucket
newbucket: 000000000000000
111111111111111
000000000000000
a1 :15  b1: 31 bucket_id: 15 local_depth1: 5
a1 :31  b1: 31 bucket_id: 15 local_depth1: 5
jump in
a1 :15  b1: 31 bucket_id: 15 local_depth1: 5
a1 :31  b1: 31 bucket_id: 15 local_depth1: 5
jump in
a1 :15  b1: 31 bucket_id: 15 local_depth1: 5
a1 :31  b1: 31 bucket_id: 15 local_depth1: 5
jump in
a1 :15  b1: 31 bucket_id: 15 local_depth1: 5
a1 :31  b1: 31 bucket_id: 15 local_depth1: 5
jump in
a1 :15  b1: 31 bucket_id: 15 local_depth1: 5
a1 :31  b1: 31 bucket_id: 15 local_depth1: 5
jump in
a1 :15  b1: 31 bucket_id: 15 local_depth1: 5
a1 :31  b1: 31 bucket_id: 15 local_depth1: 5
jump in
a1 :15  b1: 31 bucket_id: 15 local_depth1: 5
a1 :31  b1: 31 bucket_id: 15 local_depth1: 5
jump in
a1 :15  b1: 31 bucket_id: 15 local_depth1: 5
101010101010101
111111100000000
getFreeBucket
bucket_id: 31
111111100000000getFreeKvSlot
insert
search
getFreeBucket
bucket_id: 0
111101000011010getFreeKvSlot
insert
search
getFreeBucket
bucket_id: 1
111101000011010getFreeKvSlot
insert
search
getFreeBucket
bucket_id: 2
111000101110001getFreeKvSlot
insert
search
getFreeBucket
bucket_id: 3
111000101110001getFreeKvSlot
insert
search
getFreeBucket
bucket_id: 4
111000101100110getFreeKvSlot
insert
search
getFreeBucket
bucket_id: 5
111000101100110getFreeKvSlot
insert
search
getFreeBucket
bucket_id: 6
110011001100110getFreeKvSlot
insert
search
getFreeBucket
bucket_id: 7
110011001100110getFreeKvSlot
insert
search
getFreeBucket
bucket_id: 8
111010001010101getFreeKvSlot
insert
search
getFreeBucket
bucket_id: 9
111010001010101getFreeKvSlot
insert
search
getFreeBucket
bucket_id: 10
110011001010101getFreeKvSlot
insert
search
getFreeBucket
bucket_id: 11
110011001010101getFreeKvSlot
insert
search
getFreeBucket
bucket_id: 12
110010101010101getFreeKvSlot
insert
search
getFreeBucket
bucket_id: 13
110010101010101getFreeKvSlot
insert
search
getFreeBucket
bucket_id: 14
101010101010101getFreeKvSlot
insert
search
getFreeBucket
bucket_id: 15
101010101010101getFreeKvSlot
insert
search
getFreeBucket
bucket_id: 16
111111110000000getFreeKvSlot
insert
search
getFreeBucket
bucket_id: 17
111111110000000getFreeKvSlot
insert
search
getFreeBucket
bucket_id: 18
111111110000000getFreeKvSlot
insert
search
getFreeBucket
bucket_id: 19
111111110000000getFreeKvSlot
insert
search
getFreeBucket
bucket_id: 20
111111110000000getFreeKvSlot
insert
search
getFreeBucket
bucket_id: 21
111111110000000getFreeKvSlot
insert
search
getFreeBucket
bucket_id: 22
111111110000000getFreeKvSlot
insert
search
getFreeBucket
bucket_id: 23
111111110000000getFreeKvSlot
insert
search
getFreeBucket
bucket_id: 24
111111110000000getFreeKvSlot
insert
search
getFreeBucket
bucket_id: 25
111111110000000getFreeKvSlot
insert
search
getFreeBucket
bucket_id: 26
111111110000000getFreeKvSlot
insert
search
getFreeBucket
bucket_id: 27
111111110000000getFreeKvSlot
insert
search
getFreeBucket
bucket_id: 28
111111110000000getFreeKvSlot
insert
search
getFreeBucket
bucket_id: 29
111111110000000getFreeKvSlot
insert
search
getFreeBucket
bucket_id: 30
111111110000000getFreeKvSlot
insert
search
getFreeBucket
bucket_id: 31
111111110000000getFreeKvSlot
insert
search
getFreeBucket
bucket_id: 0
111111000011010getFreeKvSlot
insert
search
getFreeBucket
bucket_id: 1
111111000011010getFreeKvSlot
insert
search
getFreeBucket
bucket_id: 2
111100101110001getFreeKvSlot
insert
search
getFreeBucket
bucket_id: 3
111100101110001getFreeKvSlot
insert
search
getFreeBucket
bucket_id: 4
111100101100110getFreeKvSlot
insert
search
getFreeBucket
bucket_id: 5
111100101100110getFreeKvSlot
insert
search
getFreeBucket
bucket_id: 6
111011001100110getFreeKvSlot
insert
search
getFreeBucket
bucket_id: 7
111011001100110getFreeKvSlot
insert
search
getFreeBucket
bucket_id: 8
111110001010101getFreeKvSlot
insert
search
getFreeBucket
bucket_id: 9
111110001010101getFreeKvSlot
insert
search
getFreeBucket
bucket_id: 10
111011001010101getFreeKvSlot
insert
search
getFreeBucket
bucket_id: 11
111011001010101getFreeKvSlot
insert
search
getFreeBucket
bucket_id: 12
111010101010101getFreeKvSlot
insert
search
getFreeBucket
bucket_id: 13
111010101010101getFreeKvSlot
insert
search
getFreeBucket
bucket_id: 14
111010101010101getFreeKvSlot
insert
search
getFreeBucket
bucket_id: 15
111010101010101getFreeKvSlot
insert
search
getFreeBucket
bucket_id: 16
111111111000000getFreeKvSlot
insert
search
getFreeBucket
bucket_id: 17
111111111000000getFreeKvSlot
insert
search
getFreeBucket
bucket_id: 18
111111111000000getFreeKvSlot
insert
search
getFreeBucket
bucket_id: 19
111111111000000getFreeKvSlot
insert
search
getFreeBucket
bucket_id: 20
111111111000000getFreeKvSlot
insert
search
getFreeBucket
bucket_id: 21
111111111000000getFreeKvSlot
insert
search
getFreeBucket
bucket_id: 22
111111111000000getFreeKvSlot
insert
search
getFreeBucket
bucket_id: 23
111111111000000getFreeKvSlot
insert
search
getFreeBucket
bucket_id: 24
111111111000000getFreeKvSlot
insert
search
getFreeBucket
bucket_id: 25
111111111000000getFreeKvSlot
insert
search
getFreeBucket
bucket_id: 26
111111111000000getFreeKvSlot
insert
search
getFreeBucket
bucket_id: 27
111111111000000getFreeKvSlot
insert
search
getFreeBucket
bucket_id: 28
111111111000000getFreeKvSlot
insert
search
getFreeBucket
bucket_id: 29
111111111000000getFreeKvSlot
insert
search
getFreeBucket
bucket_id: 30
111111111000000getFreeKvSlot
insert
search
getFreeBucket
bucket_id: 31
111111111000000getFreeKvSlot
insert
search
getFreeBucket
bucket_id: 0
111111100011010getFreeKvSlot
insert
search
getFreeBucket
bucket_id: 1
111111100011010getFreeKvSlot
insert
search
getFreeBucket
bucket_id: 2
111110101110001getFreeKvSlot
insert
search
getFreeBucket
bucket_id: 3
111110101110001getFreeKvSlot
insert
search
getFreeBucket
bucket_id: 4
111110101100110getFreeKvSlot
insert
search
getFreeBucket
bucket_id: 5
111110101100110getFreeKvSlot
insert
search
getFreeBucket
bucket_id: 6
111111001100110getFreeKvSlot
insert
search
getFreeBucket
bucket_id: 7
111111001100110getFreeKvSlot
insert
search
getFreeBucket
bucket_id: 8
111111001010101getFreeKvSlot
insert
search
getFreeBucket
bucket_id: 9
111111001010101getFreeKvSlot
insert
search
getFreeBucket
bucket_id: 10
111111001010101getFreeKvSlot
insert
search
getFreeBucket
bucket_id: 11
111111001010101getFreeKvSlot
insert
search
getFreeBucket
bucket_id: 12
111110101010101getFreeKvSlot
insert
search
getFreeBucket
bucket_id: 13
111110101010101getFreeKvSlot
insert
search
getFreeBucket
bucket_id: 14
111110101010101getFreeKvSlot
insert
search
getFreeBucket
bucket_id: 15
111110101010101getFreeKvSlot
insert
search
getFreeBucket
bucket_id: 16
111111111100000getFreeKvSlot
insert
search
getFreeBucket
bucket_id: 17
111111111100000getFreeKvSlot
insert
search
getFreeBucket
bucket_id: 18
111111111100000getFreeKvSlot
insert
search
getFreeBucket
bucket_id: 19
111111111100000getFreeKvSlot
insert
search
getFreeBucket
bucket_id: 20
111111111100000getFreeKvSlot
insert
search
getFreeBucket
bucket_id: 21
111111111100000getFreeKvSlot
insert
search
getFreeBucket
bucket_id: 22
111111111100000getFreeKvSlot
insert
search
getFreeBucket
bucket_id: 23
111111111100000getFreeKvSlot
insert
search
getFreeBucket
bucket_id: 24
111111111100000getFreeKvSlot
insert
search
getFreeBucket
bucket_id: 25
111111111100000getFreeKvSlot
insert
search
getFreeBucket
bucket_id: 26
111111111100000getFreeKvSlot
insert
search
getFreeBucket
bucket_id: 27
111111111100000getFreeKvSlot
insert
search
getFreeBucket
bucket_id: 28
111111111100000getFreeKvSlot
insert
search
getFreeBucket
bucket_id: 29
111111111100000getFreeKvSlot
insert
search
getFreeBucket
bucket_id: 30
111111111100000getFreeKvSlot
insert
search
getFreeBucket
bucket_id: 31
111111111100000getFreeKvSlot
insert
search
getFreeBucket
bucket_id: 0
111111110011010getFreeKvSlot
insert
search
getFreeBucket
bucket_id: 1
111111110011010getFreeKvSlot
insert
search
getFreeBucket
bucket_id: 2
111111101110001getFreeKvSlot
insert
search
getFreeBucket
bucket_id: 3
111111101110001getFreeKvSlot
insert
search
getFreeBucket
bucket_id: 4
111111101100110getFreeKvSlot
insert
search
getFreeBucket
bucket_id: 5
111111101100110getFreeKvSlot
insert
search
getFreeBucket
bucket_id: 6
111111101100110getFreeKvSlot
insert
search
getFreeBucket
bucket_id: 7
111111101100110getFreeKvSlot
insert
search
getFreeBucket
bucket_id: 8
111111101010101getFreeKvSlot
insert
search
getFreeBucket
bucket_id: 9
111111101010101getFreeKvSlot
insert
search
getFreeBucket
bucket_id: 10
111111101010101getFreeKvSlot
insert
search
getFreeBucket
bucket_id: 11
111111101010101getFreeKvSlot
insert
search
getFreeBucket
bucket_id: 12
111111101010101getFreeKvSlot
insert
search
getFreeBucket
bucket_id: 13
111111101010101getFreeKvSlot
insert
search
getFreeBucket
bucket_id: 14
111111101010101getFreeKvSlot
insert
search
getFreeBucket
bucket_id: 15
111111101010101getFreeKvSlot
insert
search
getFreeBucket
bucket_id: 16
111111111110000getFreeKvSlot
insert
search
getFreeBucket
bucket_id: 17
111111111110000getFreeKvSlot
insert
search
getFreeBucket
bucket_id: 18
111111111110000getFreeKvSlot
insert
search
getFreeBucket
bucket_id: 19
111111111110000getFreeKvSlot
insert
search
getFreeBucket
bucket_id: 20
111111111110000getFreeKvSlot
insert
search
getFreeBucket
bucket_id: 21
111111111110000getFreeKvSlot
insert
search
getFreeBucket
bucket_id: 22
111111111110000getFreeKvSlot
insert
search
getFreeBucket
bucket_id: 23
111111111110000getFreeKvSlot
insert
search
getFreeBucket
bucket_id: 24
111111111110000getFreeKvSlot
insert
search
getFreeBucket
bucket_id: 25
111111111110000getFreeKvSlot
insert
search
getFreeBucket
bucket_id: 26
111111111110000getFreeKvSlot
insert
search
getFreeBucket
bucket_id: 27
111111111110000getFreeKvSlot
insert
search
getFreeBucket
bucket_id: 28
111111111110000getFreeKvSlot
insert
search
getFreeBucket
bucket_id: 29
111111111110000getFreeKvSlot
insert
search
getFreeBucket
bucket_id: 30
111111111110000getFreeKvSlot
insert
search
getFreeBucket
bucket_id: 31
111111111110000getFreeKvSlot
insert
search
getFreeBucket
bucket_id: 0
111111111011010getFreeKvSlot
insert
search
getFreeBucket
bucket_id: 1
111111111011010getFreeKvSlot
insert
search
getFreeBucket
bucket_id: 2
111111111110001getFreeKvSlot
insert
search
getFreeBucket
bucket_id: 3
111111111110001getFreeKvSlot
insert
search
getFreeBucket
bucket_id: 4
111111111100110getFreeKvSlot
insert
search
getFreeBucket
bucket_id: 5
111111111100110getFreeKvSlot
insert
search
getFreeBucket
bucket_id: 6
111111111100110getFreeKvSlot
insert
search
getFreeBucket
bucket_id: 7
111111111100110getFreeKvSlot
insert
search
getFreeBucket
bucket_id: 8
111111111010101getFreeKvSlot
insert
search
getFreeBucket
bucket_id: 9
111111111010101getFreeKvSlot
insert
search
getFreeBucket
bucket_id: 10
111111111010101getFreeKvSlot
insert
search
getFreeBucket
bucket_id: 11
111111111010101getFreeKvSlot
insert
search
getFreeBucket
bucket_id: 12
111111111010101getFreeKvSlot
insert
search
getFreeBucket
bucket_id: 13
111111111010101getFreeKvSlot
insert
search
getFreeBucket
bucket_id: 14
111111111010101getFreeKvSlot
insert
search
getFreeBucket
bucket_id: 15
111111111010101getFreeKvSlot
insert
search
getFreeBucket
bucket_id: 16
111111111111000getFreeKvSlot
insert
search
getFreeBucket
bucket_id: 17
111111111111000getFreeKvSlot
insert
search
getFreeBucket
bucket_id: 18
111111111111000getFreeKvSlot
insert
search
getFreeBucket
bucket_id: 19
111111111111000getFreeKvSlot
insert
search
getFreeBucket
bucket_id: 20
111111111111000getFreeKvSlot
insert
search
getFreeBucket
bucket_id: 21
111111111111000getFreeKvSlot
insert
search
getFreeBucket
bucket_id: 22
111111111111000getFreeKvSlot
insert
search
getFreeBucket
bucket_id: 23
111111111111000getFreeKvSlot
insert
search
getFreeBucket
bucket_id: 24
111111111111000getFreeKvSlot
insert
search
getFreeBucket
bucket_id: 25
111111111111000getFreeKvSlot
insert
search
getFreeBucket
bucket_id: 26
111111111111000getFreeKvSlot
insert
search
getFreeBucket
bucket_id: 27
111111111111000getFreeKvSlot
insert
search
getFreeBucket
bucket_id: 28
111111111111000getFreeKvSlot
insert
search
getFreeBucket
bucket_id: 29
111111111111000getFreeKvSlot
insert
search
getFreeBucket
bucket_id: 30
111111111111000getFreeKvSlot
insert
search
getFreeBucket
bucket_id: 31
111111111111000getFreeKvSlot
insert
search
getFreeBucket
bucket_id: 0
111111111111010getFreeKvSlot
insert
search
getFreeBucket
bucket_id: 1
111111111111010getFreeKvSlot
insert
search
getFreeBucket
bucket_id: 2
111111111111001getFreeKvSlot
insert
search
getFreeBucket
bucket_id: 3
111111111111001getFreeKvSlot
insert
search
getFreeBucket
bucket_id: 4
111111111110110getFreeKvSlot
insert
search
getFreeBucket
bucket_id: 5
111111111110110getFreeKvSlot
insert
search
getFreeBucket
bucket_id: 6
111111111110110getFreeKvSlot
insert
search
getFreeBucket
bucket_id: 7
111111111110110getFreeKvSlot
insert
search
getFreeBucket
bucket_id: 8
111111111110101getFreeKvSlot
insert
search
getFreeBucket
bucket_id: 9
111111111110101getFreeKvSlot
insert
search
getFreeBucket
bucket_id: 10
111111111110101getFreeKvSlot
insert
search
getFreeBucket
bucket_id: 11
111111111110101getFreeKvSlot
insert
search
getFreeBucket
bucket_id: 12
111111111110101getFreeKvSlot
insert
search
getFreeBucket
bucket_id: 13
111111111110101getFreeKvSlot
insert
search
getFreeBucket
bucket_id: 14
111111111110101getFreeKvSlot
insert
search
getFreeBucket
bucket_id: 15
111111111110101getFreeKvSlot
insert
search
getFreeBucket
bucket_id: 16
111111111111100getFreeKvSlot
insert
search
getFreeBucket
bucket_id: 17
111111111111100getFreeKvSlot
insert
search
getFreeBucket
bucket_id: 18
111111111111100getFreeKvSlot
insert
search
getFreeBucket
bucket_id: 19
111111111111100getFreeKvSlot
insert
search
getFreeBucket
bucket_id: 20
111111111111100getFreeKvSlot
insert
search
getFreeBucket
bucket_id: 21
111111111111100getFreeKvSlot
insert
search
getFreeBucket
bucket_id: 22
111111111111100getFreeKvSlot
insert
search
getFreeBucket
bucket_id: 23
111111111111100getFreeKvSlot
insert
search
getFreeBucket
bucket_id: 24
111111111111100getFreeKvSlot
insert
search
getFreeBucket
bucket_id: 25
111111111111100getFreeKvSlot
insert
search
getFreeBucket
bucket_id: 26
111111111111100getFreeKvSlot
insert
search
getFreeBucket
bucket_id: 27
111111111111100getFreeKvSlot
insert
search
getFreeBucket
bucket_id: 28
111111111111100getFreeKvSlot
insert
search
getFreeBucket
bucket_id: 29
111111111111100getFreeKvSlot
insert
search
getFreeBucket
bucket_id: 30
111111111111100getFreeKvSlot
insert
search
getFreeBucket
bucket_id: 31
111111111111100getFreeKvSlot
insert
search
getFreeBucket
bucket_id: 0
111111111111110getFreeKvSlot
insert
search
getFreeBucket
bucket_id: 1
111111111111110getFreeKvSlot
insert
search
getFreeBucket
bucket_id: 2
111111111111101getFreeKvSlot
insert
search
getFreeBucket
bucket_id: 3
111111111111101getFreeKvSlot
insert
search
getFreeBucket
bucket_id: 4
111111111111110getFreeKvSlot
insert
search
getFreeBucket
bucket_id: 5
111111111111110getFreeKvSlot
insert
search
getFreeBucket
bucket_id: 6
111111111111110getFreeKvSlot
insert
search
getFreeBucket
bucket_id: 7
111111111111110getFreeKvSlot
insert
search
getFreeBucket
bucket_id: 8
111111111111101getFreeKvSlot
insert
search
getFreeBucket
bucket_id: 9
111111111111101getFreeKvSlot
insert
search
getFreeBucket
bucket_id: 10
111111111111101getFreeKvSlot
insert
search
getFreeBucket
bucket_id: 11
111111111111101getFreeKvSlot
insert
search
getFreeBucket
bucket_id: 12
111111111111101getFreeKvSlot
insert
search
getFreeBucket
bucket_id: 13
111111111111101getFreeKvSlot
insert
search
getFreeBucket
bucket_id: 14
111111111111101getFreeKvSlot
insert
search
getFreeBucket
bucket_id: 15
111111111111101getFreeKvSlot
insert
search
getFreeBucket
bucket_id: 16
111111111111110getFreeKvSlot
insert
search
getFreeBucket
bucket_id: 17
111111111111110getFreeKvSlot
insert
search
getFreeBucket
bucket_id: 18
111111111111110getFreeKvSlot
insert
search
getFreeBucket
bucket_id: 19
111111111111110getFreeKvSlot
insert
search
getFreeBucket
bucket_id: 20
111111111111110getFreeKvSlot
insert
search
getFreeBucket
bucket_id: 21
111111111111110getFreeKvSlot
insert
search
getFreeBucket
bucket_id: 22
111111111111110getFreeKvSlot
insert
search
getFreeBucket
bucket_id: 23
111111111111110getFreeKvSlot
insert
search
getFreeBucket
bucket_id: 24
111111111111110getFreeKvSlot
insert
search
getFreeBucket
bucket_id: 25
111111111111110getFreeKvSlot
insert
search
getFreeBucket
bucket_id: 26
111111111111110getFreeKvSlot
insert
search
getFreeBucket
bucket_id: 27
111111111111110getFreeKvSlot
insert
search
getFreeBucket
bucket_id: 28
111111111111110getFreeKvSlot
insert
search
getFreeBucket
bucket_id: 29
111111111111110getFreeKvSlot
insert
search
getFreeBucket
bucket_id: 30
111111111111110getFreeKvSlot
insert
search
getFreeBucket
bucket_id: 31
111111111111110getFreeKvSlot
insert
search
getFreeBucket
bucket_id: 0
111111111111111splitBucket
local_depth1: 5
extendCatalog
extendCatalog bp1
extendCatalog bp2
extendCatalog bp3
extendCatalog bp4
getFreeSlot
getNewBucket
allocNewPage
2564104
newbucket: 000000000000000
111111111111111
000000000000000
a1 :0  b1: 32 bucket_id: 0 local_depth1: 6
a1 :32  b1: 32 bucket_id: 0 local_depth1: 6
jump in
a1 :0  b1: 32 bucket_id: 0 local_depth1: 6
a1 :0  b1: 32 bucket_id: 0 local_depth1: 6
a1 :0  b1: 32 bucket_id: 0 local_depth1: 6
a1 :32  b1: 32 bucket_id: 0 local_depth1: 6
jump in
a1 :32  b1: 32 bucket_id: 0 local_depth1: 6
jump in
a1 :0  b1: 32 bucket_id: 0 local_depth1: 6
a1 :32  b1: 32 bucket_id: 0 local_depth1: 6
jump in
a1 :0  b1: 32 bucket_id: 0 local_depth1: 6
a1 :32  b1: 32 bucket_id: 0 local_depth1: 6
jump in
a1 :0  b1: 32 bucket_id: 0 local_depth1: 6
a1 :32  b1: 32 bucket_id: 0 local_depth1: 6
jump in
a1 :32  b1: 32 bucket_id: 0 local_depth1: 6
jump in
a1 :0  b1: 32 bucket_id: 0 local_depth1: 6
101110010101001
111111100000000
getFreeBucket
bucket_id: 32
111111100000000getFreeKvSlot
insert
search
getFreeBucket
bucket_id: 33
111111111111111splitBucket
local_depth1: 5
getFreeSlot
getNewBucket
newbucket: 000000000000000
111111111111111
000000000000000
a1 :1  b1: 33 bucket_id: 1 local_depth1: 6
a1 :33  b1: 33 bucket_id: 1 local_depth1: 6
jump in
a1 :1  b1: 33 bucket_id: 1 local_depth1: 6
a1 :1  b1: 33 bucket_id: 1 local_depth1: 6
a1 :1  b1: 33 bucket_id: 1 local_depth1: 6
a1 :33  b1: 33 bucket_id: 1 local_depth1: 6
jump in
a1 :33  b1: 33 bucket_id: 1 local_depth1: 6
jump in
a1 :1  b1: 33 bucket_id: 1 local_depth1: 6
a1 :33  b1: 33 bucket_id: 1 local_depth1: 6
jump in
a1 :1  b1: 33 bucket_id: 1 local_depth1: 6
a1 :33  b1: 33 bucket_id: 1 local_depth1: 6
jump in
a1 :1  b1: 33 bucket_id: 1 local_depth1: 6
a1 :33  b1: 33 bucket_id: 1 local_depth1: 6
jump in
a1 :33  b1: 33 bucket_id: 1 local_depth1: 6
jump in
a1 :1  b1: 33 bucket_id: 1 local_depth1: 6
101110010101001
111111100000000
getFreeBucket
bucket_id: 33
111111100000000getFreeKvSlot
insert
search
getFreeBucket
bucket_id: 34
111111111111111splitBucket
local_depth1: 5
getFreeSlot
getNewBucket
newbucket: 000000000000000
111111111111111
000000000000000
a1 :2  b1: 34 bucket_id: 2 local_depth1: 6
a1 :2  b1: 34 bucket_id: 2 local_depth1: 6
a1 :2  b1: 34 bucket_id: 2 local_depth1: 6
a1 :2  b1: 34 bucket_id: 2 local_depth1: 6
a1 :34  b1: 34 bucket_id: 2 local_depth1: 6
jump in
a1 :2  b1: 34 bucket_id: 2 local_depth1: 6
a1 :34  b1: 34 bucket_id: 2 local_depth1: 6
jump in
a1 :34  b1: 34 bucket_id: 2 local_depth1: 6
jump in
a1 :34  b1: 34 bucket_id: 2 local_depth1: 6
jump in
a1 :34  b1: 34 bucket_id: 2 local_depth1: 6
jump in
a1 :2  b1: 34 bucket_id: 2 local_depth1: 6
a1 :2  b1: 34 bucket_id: 2 local_depth1: 6
a1 :34  b1: 34 bucket_id: 2 local_depth1: 6
jump in
a1 :2  b1: 34 bucket_id: 2 local_depth1: 6
a1 :34  b1: 34 bucket_id: 2 local_depth1: 6
jump in
111101000011010
111111100000000
getFreeBucket
bucket_id: 34
111111100000000getFreeKvSlot
insert
search
getFreeBucket
bucket_id: 35
111111111111111splitBucket
local_depth1: 5
getFreeSlot
getNewBucket
newbucket: 000000000000000
111111111111111
000000000000000
a1 :3  b1: 35 bucket_id: 3 local_depth1: 6
a1 :3  b1: 35 bucket_id: 3 local_depth1: 6
a1 :3  b1: 35 bucket_id: 3 local_depth1: 6
a1 :3  b1: 35 bucket_id: 3 local_depth1: 6
a1 :35  b1: 35 bucket_id: 3 local_depth1: 6
jump in
a1 :3  b1: 35 bucket_id: 3 local_depth1: 6
a1 :35  b1: 35 bucket_id: 3 local_depth1: 6
jump in
a1 :35  b1: 35 bucket_id: 3 local_depth1: 6
jump in
a1 :35  b1: 35 bucket_id: 3 local_depth1: 6
jump in
a1 :35  b1: 35 bucket_id: 3 local_depth1: 6
jump in
a1 :3  b1: 35 bucket_id: 3 local_depth1: 6
a1 :3  b1: 35 bucket_id: 3 local_depth1: 6
a1 :35  b1: 35 bucket_id: 3 local_depth1: 6
jump in
a1 :3  b1: 35 bucket_id: 3 local_depth1: 6
a1 :35  b1: 35 bucket_id: 3 local_depth1: 6
jump in
111101000011010
111111100000000
getFreeBucket
bucket_id: 35
111111100000000getFreeKvSlot
insert
search
getFreeBucket
bucket_id: 36
111111111111111splitBucket
local_depth1: 5
getFreeSlot
getNewBucket
newbucket: 000000000000000
111111111111111
000000000000000
a1 :4  b1: 36 bucket_id: 4 local_depth1: 6
a1 :36  b1: 36 bucket_id: 4 local_depth1: 6
jump in
a1 :4  b1: 36 bucket_id: 4 local_depth1: 6
a1 :4  b1: 36 bucket_id: 4 local_depth1: 6
a1 :36  b1: 36 bucket_id: 4 local_depth1: 6
jump in
a1 :4  b1: 36 bucket_id: 4 local_depth1: 6
a1 :36  b1: 36 bucket_id: 4 local_depth1: 6
jump in
a1 :36  b1: 36 bucket_id: 4 local_depth1: 6
jump in
a1 :4  b1: 36 bucket_id: 4 local_depth1: 6
a1 :4  b1: 36 bucket_id: 4 local_depth1: 6
a1 :4  b1: 36 bucket_id: 4 local_depth1: 6
a1 :36  b1: 36 bucket_id: 4 local_depth1: 6
jump in
a1 :36  b1: 36 bucket_id: 4 local_depth1: 6
jump in
a1 :36  b1: 36 bucket_id: 4 local_depth1: 6
jump in
a1 :4  b1: 36 bucket_id: 4 local_depth1: 6
101101001110001
111111100000000
getFreeBucket
bucket_id: 36
111111100000000getFreeKvSlot
insert
search
getFreeBucket
bucket_id: 37
111111111111111splitBucket
local_depth1: 5
getFreeSlot
getNewBucket
newbucket: 000000000000000
111111111111111
000000000000000
a1 :5  b1: 37 bucket_id: 5 local_depth1: 6
a1 :37  b1: 37 bucket_id: 5 local_depth1: 6
jump in
a1 :5  b1: 37 bucket_id: 5 local_depth1: 6
a1 :5  b1: 37 bucket_id: 5 local_depth1: 6
a1 :37  b1: 37 bucket_id: 5 local_depth1: 6
jump in
a1 :5  b1: 37 bucket_id: 5 local_depth1: 6
a1 :37  b1: 37 bucket_id: 5 local_depth1: 6
jump in
a1 :37  b1: 37 bucket_id: 5 local_depth1: 6
jump in
a1 :5  b1: 37 bucket_id: 5 local_depth1: 6
a1 :5  b1: 37 bucket_id: 5 local_depth1: 6
a1 :5  b1: 37 bucket_id: 5 local_depth1: 6
a1 :37  b1: 37 bucket_id: 5 local_depth1: 6
jump in
a1 :37  b1: 37 bucket_id: 5 local_depth1: 6
jump in
a1 :37  b1: 37 bucket_id: 5 local_depth1: 6
jump in
a1 :5  b1: 37 bucket_id: 5 local_depth1: 6
101101001110001
111111100000000
getFreeBucket
bucket_id: 37
111111100000000getFreeKvSlot
insert
search
getFreeBucket
bucket_id: 38
111111111111111splitBucket
local_depth1: 5
getFreeSlot
getNewBucket
newbucket: 000000000000000
111111111111111
000000000000000
a1 :6  b1: 38 bucket_id: 6 local_depth1: 6
a1 :6  b1: 38 bucket_id: 6 local_depth1: 6
a1 :6  b1: 38 bucket_id: 6 local_depth1: 6
a1 :38  b1: 38 bucket_id: 6 local_depth1: 6
jump in
a1 :38  b1: 38 bucket_id: 6 local_depth1: 6
jump in
a1 :38  b1: 38 bucket_id: 6 local_depth1: 6
jump in
a1 :6  b1: 38 bucket_id: 6 local_depth1: 6
a1 :38  b1: 38 bucket_id: 6 local_depth1: 6
jump in
a1 :6  b1: 38 bucket_id: 6 local_depth1: 6
a1 :6  b1: 38 bucket_id: 6 local_depth1: 6
a1 :6  b1: 38 bucket_id: 6 local_depth1: 6
a1 :38  b1: 38 bucket_id: 6 local_depth1: 6
jump in
a1 :38  b1: 38 bucket_id: 6 local_depth1: 6
jump in
a1 :38  b1: 38 bucket_id: 6 local_depth1: 6
jump in
a1 :6  b1: 38 bucket_id: 6 local_depth1: 6
111000101110001
111111100000000
getFreeBucket
bucket_id: 38
111111100000000getFreeKvSlot
insert
search
getFreeBucket
bucket_id: 39
111111111111111splitBucket
local_depth1: 5
getFreeSlot
getNewBucket
newbucket: 000000000000000
111111111111111
000000000000000
a1 :7  b1: 39 bucket_id: 7 local_depth1: 6
a1 :7  b1: 39 bucket_id: 7 local_depth1: 6
a1 :7  b1: 39 bucket_id: 7 local_depth1: 6
a1 :39  b1: 39 bucket_id: 7 local_depth1: 6
jump in
a1 :39  b1: 39 bucket_id: 7 local_depth1: 6
jump in
a1 :39  b1: 39 bucket_id: 7 local_depth1: 6
jump in
a1 :7  b1: 39 bucket_id: 7 local_depth1: 6
a1 :39  b1: 39 bucket_id: 7 local_depth1: 6
jump in
a1 :7  b1: 39 bucket_id: 7 local_depth1: 6
a1 :7  b1: 39 bucket_id: 7 local_depth1: 6
a1 :7  b1: 39 bucket_id: 7 local_depth1: 6
a1 :39  b1: 39 bucket_id: 7 local_depth1: 6
jump in
a1 :39  b1: 39 bucket_id: 7 local_depth1: 6
jump in
a1 :39  b1: 39 bucket_id: 7 local_depth1: 6
jump in
a1 :7  b1: 39 bucket_id: 7 local_depth1: 6
111000101110001
111111100000000
getFreeBucket
bucket_id: 39
111111100000000getFreeKvSlot
insert
search
getFreeBucket
bucket_id: 40
111111111111111splitBucket
local_depth1: 5
getFreeSlot
getNewBucket
newbucket: 000000000000000
111111111111111
000000000000000
a1 :8  b1: 40 bucket_id: 8 local_depth1: 6
a1 :8  b1: 40 bucket_id: 8 local_depth1: 6
a1 :40  b1: 40 bucket_id: 8 local_depth1: 6
jump in
a1 :8  b1: 40 bucket_id: 8 local_depth1: 6
a1 :40  b1: 40 bucket_id: 8 local_depth1: 6
jump in
a1 :40  b1: 40 bucket_id: 8 local_depth1: 6
jump in
a1 :8  b1: 40 bucket_id: 8 local_depth1: 6
a1 :40  b1: 40 bucket_id: 8 local_depth1: 6
jump in
a1 :8  b1: 40 bucket_id: 8 local_depth1: 6
a1 :8  b1: 40 bucket_id: 8 local_depth1: 6
a1 :40  b1: 40 bucket_id: 8 local_depth1: 6
jump in
a1 :40  b1: 40 bucket_id: 8 local_depth1: 6
jump in
a1 :8  b1: 40 bucket_id: 8 local_depth1: 6
a1 :8  b1: 40 bucket_id: 8 local_depth1: 6
a1 :40  b1: 40 bucket_id: 8 local_depth1: 6
jump in
110100101100110
111111100000000
getFreeBucket
bucket_id: 40
111111100000000getFreeKvSlot
insert
search
getFreeBucket
bucket_id: 41
111111111111111splitBucket
local_depth1: 5
getFreeSlot
getNewBucket
newbucket: 000000000000000
111111111111111
000000000000000
a1 :9  b1: 41 bucket_id: 9 local_depth1: 6
a1 :9  b1: 41 bucket_id: 9 local_depth1: 6
a1 :41  b1: 41 bucket_id: 9 local_depth1: 6
jump in
a1 :9  b1: 41 bucket_id: 9 local_depth1: 6
a1 :41  b1: 41 bucket_id: 9 local_depth1: 6
jump in
a1 :41  b1: 41 bucket_id: 9 local_depth1: 6
jump in
a1 :9  b1: 41 bucket_id: 9 local_depth1: 6
a1 :41  b1: 41 bucket_id: 9 local_depth1: 6
jump in
a1 :9  b1: 41 bucket_id: 9 local_depth1: 6
a1 :9  b1: 41 bucket_id: 9 local_depth1: 6
a1 :41  b1: 41 bucket_id: 9 local_depth1: 6
jump in
a1 :41  b1: 41 bucket_id: 9 local_depth1: 6
jump in
a1 :9  b1: 41 bucket_id: 9 local_depth1: 6
a1 :9  b1: 41 bucket_id: 9 local_depth1: 6
a1 :41  b1: 41 bucket_id: 9 local_depth1: 6
jump in
110100101100110
111111100000000
getFreeBucket
bucket_id: 41
111111100000000getFreeKvSlot
insert
search
getFreeBucket
bucket_id: 42
111111111111111splitBucket
local_depth1: 5
getFreeSlot
getNewBucket
newbucket: 000000000000000
111111111111111
000000000000000
a1 :10  b1: 42 bucket_id: 10 local_depth1: 6
a1 :10  b1: 42 bucket_id: 10 local_depth1: 6
a1 :10  b1: 42 bucket_id: 10 local_depth1: 6
a1 :42  b1: 42 bucket_id: 10 local_depth1: 6
jump in
a1 :42  b1: 42 bucket_id: 10 local_depth1: 6
jump in
a1 :42  b1: 42 bucket_id: 10 local_depth1: 6
jump in
a1 :10  b1: 42 bucket_id: 10 local_depth1: 6
a1 :42  b1: 42 bucket_id: 10 local_depth1: 6
jump in
a1 :10  b1: 42 bucket_id: 10 local_depth1: 6
a1 :10  b1: 42 bucket_id: 10 local_depth1: 6
a1 :42  b1: 42 bucket_id: 10 local_depth1: 6
jump in
a1 :42  b1: 42 bucket_id: 10 local_depth1: 6
jump in
a1 :10  b1: 42 bucket_id: 10 local_depth1: 6
a1 :10  b1: 42 bucket_id: 10 local_depth1: 6
a1 :42  b1: 42 bucket_id: 10 local_depth1: 6
jump in
111000101100110
111111100000000
getFreeBucket
bucket_id: 42
111111100000000getFreeKvSlot
insert
search
getFreeBucket
bucket_id: 43
111111111111111splitBucket
local_depth1: 5
getFreeSlot
getNewBucket
newbucket: 000000000000000
111111111111111
000000000000000
a1 :11  b1: 43 bucket_id: 11 local_depth1: 6
a1 :11  b1: 43 bucket_id: 11 local_depth1: 6
a1 :11  b1: 43 bucket_id: 11 local_depth1: 6
a1 :43  b1: 43 bucket_id: 11 local_depth1: 6
jump in
a1 :43  b1: 43 bucket_id: 11 local_depth1: 6
jump in
a1 :43  b1: 43 bucket_id: 11 local_depth1: 6
jump in
a1 :11  b1: 43 bucket_id: 11 local_depth1: 6
a1 :43  b1: 43 bucket_id: 11 local_depth1: 6
jump in
a1 :11  b1: 43 bucket_id: 11 local_depth1: 6
a1 :11  b1: 43 bucket_id: 11 local_depth1: 6
a1 :43  b1: 43 bucket_id: 11 local_depth1: 6
jump in
a1 :43  b1: 43 bucket_id: 11 local_depth1: 6
jump in
a1 :11  b1: 43 bucket_id: 11 local_depth1: 6
a1 :11  b1: 43 bucket_id: 11 local_depth1: 6
a1 :43  b1: 43 bucket_id: 11 local_depth1: 6
jump in
111000101100110
111111100000000
getFreeBucket
bucket_id: 43
111111100000000getFreeKvSlot
insert
search
getFreeBucket
bucket_id: 44
111111111111111splitBucket
local_depth1: 5
getFreeSlot
getNewBucket
newbucket: 000000000000000
111111111111111
000000000000000
a1 :12  b1: 44 bucket_id: 12 local_depth1: 6
a1 :44  b1: 44 bucket_id: 12 local_depth1: 6
jump in
a1 :12  b1: 44 bucket_id: 12 local_depth1: 6
a1 :44  b1: 44 bucket_id: 12 local_depth1: 6
jump in
a1 :12  b1: 44 bucket_id: 12 local_depth1: 6
a1 :12  b1: 44 bucket_id: 12 local_depth1: 6
a1 :44  b1: 44 bucket_id: 12 local_depth1: 6
jump in
a1 :44  b1: 44 bucket_id: 12 local_depth1: 6
jump in
a1 :12  b1: 44 bucket_id: 12 local_depth1: 6
a1 :12  b1: 44 bucket_id: 12 local_depth1: 6
a1 :44  b1: 44 bucket_id: 12 local_depth1: 6
jump in
a1 :44  b1: 44 bucket_id: 12 local_depth1: 6
jump in
a1 :12  b1: 44 bucket_id: 12 local_depth1: 6
a1 :12  b1: 44 bucket_id: 12 local_depth1: 6
a1 :44  b1: 44 bucket_id: 12 local_depth1: 6
jump in
101011001100110
111111100000000
getFreeBucket
bucket_id: 44
111111100000000getFreeKvSlot
insert
search
getFreeBucket
bucket_id: 45
111111111111111splitBucket
local_depth1: 5
getFreeSlot
getNewBucket
newbucket: 000000000000000
111111111111111
000000000000000
a1 :13  b1: 45 bucket_id: 13 local_depth1: 6
a1 :45  b1: 45 bucket_id: 13 local_depth1: 6
jump in
a1 :13  b1: 45 bucket_id: 13 local_depth1: 6
a1 :45  b1: 45 bucket_id: 13 local_depth1: 6
jump in
a1 :13  b1: 45 bucket_id: 13 local_depth1: 6
a1 :13  b1: 45 bucket_id: 13 local_depth1: 6
a1 :45  b1: 45 bucket_id: 13 local_depth1: 6
jump in
a1 :45  b1: 45 bucket_id: 13 local_depth1: 6
jump in
a1 :13  b1: 45 bucket_id: 13 local_depth1: 6
a1 :13  b1: 45 bucket_id: 13 local_depth1: 6
a1 :45  b1: 45 bucket_id: 13 local_depth1: 6
jump in
a1 :45  b1: 45 bucket_id: 13 local_depth1: 6
jump in
a1 :13  b1: 45 bucket_id: 13 local_depth1: 6
a1 :13  b1: 45 bucket_id: 13 local_depth1: 6
a1 :45  b1: 45 bucket_id: 13 local_depth1: 6
jump in
101011001100110
111111100000000
getFreeBucket
bucket_id: 45
111111100000000getFreeKvSlot
insert
search
getFreeBucket
bucket_id: 46
111111111111111splitBucket
local_depth1: 5
getFreeSlot
getNewBucket
newbucket: 000000000000000
111111111111111
000000000000000
a1 :14  b1: 46 bucket_id: 14 local_depth1: 6
a1 :14  b1: 46 bucket_id: 14 local_depth1: 6
a1 :46  b1: 46 bucket_id: 14 local_depth1: 6
jump in
a1 :46  b1: 46 bucket_id: 14 local_depth1: 6
jump in
a1 :14  b1: 46 bucket_id: 14 local_depth1: 6
a1 :14  b1: 46 bucket_id: 14 local_depth1: 6
a1 :46  b1: 46 bucket_id: 14 local_depth1: 6
jump in
a1 :46  b1: 46 bucket_id: 14 local_depth1: 6
jump in
a1 :14  b1: 46 bucket_id: 14 local_depth1: 6
a1 :14  b1: 46 bucket_id: 14 local_depth1: 6
a1 :46  b1: 46 bucket_id: 14 local_depth1: 6
jump in
a1 :46  b1: 46 bucket_id: 14 local_depth1: 6
jump in
a1 :14  b1: 46 bucket_id: 14 local_depth1: 6
a1 :14  b1: 46 bucket_id: 14 local_depth1: 6
a1 :46  b1: 46 bucket_id: 14 local_depth1: 6
jump in
110011001100110
111111100000000
getFreeBucket
bucket_id: 46
111111100000000getFreeKvSlot
insert
search
getFreeBucket
bucket_id: 47
111111111111111splitBucket
local_depth1: 5
getFreeSlot
getNewBucket
newbucket: 000000000000000
111111111111111
000000000000000
a1 :15  b1: 47 bucket_id: 15 local_depth1: 6
a1 :15  b1: 47 bucket_id: 15 local_depth1: 6
a1 :47  b1: 47 bucket_id: 15 local_depth1: 6
jump in
a1 :47  b1: 47 bucket_id: 15 local_depth1: 6
jump in
a1 :15  b1: 47 bucket_id: 15 local_depth1: 6
a1 :15  b1: 47 bucket_id: 15 local_depth1: 6
a1 :47  b1: 47 bucket_id: 15 local_depth1: 6
jump in
a1 :47  b1: 47 bucket_id: 15 local_depth1: 6
jump in
a1 :15  b1: 47 bucket_id: 15 local_depth1: 6
a1 :15  b1: 47 bucket_id: 15 local_depth1: 6
a1 :47  b1: 47 bucket_id: 15 local_depth1: 6
jump in
a1 :47  b1: 47 bucket_id: 15 local_depth1: 6
jump in
a1 :15  b1: 47 bucket_id: 15 local_depth1: 6
a1 :15  b1: 47 bucket_id: 15 local_depth1: 6
a1 :47  b1: 47 bucket_id: 15 local_depth1: 6
jump in
110011001100110
111111100000000
getFreeBucket
bucket_id: 47
111111100000000getFreeKvSlot
insert
search
getFreeBucket
bucket_id: 48
111111111111111splitBucket
local_depth1: 5
getFreeSlot
getNewBucket
allocNewPage
2564104
newbucket: 000000000000000
111111111111111
000000000000000
a1 :16  b1: 48 bucket_id: 16 local_depth1: 6
a1 :16  b1: 48 bucket_id: 16 local_depth1: 6
a1 :48  b1: 48 bucket_id: 16 local_depth1: 6
jump in
a1 :16  b1: 48 bucket_id: 16 local_depth1: 6
a1 :48  b1: 48 bucket_id: 16 local_depth1: 6
jump in
a1 :16  b1: 48 bucket_id: 16 local_depth1: 6
a1 :48  b1: 48 bucket_id: 16 local_depth1: 6
jump in
a1 :48  b1: 48 bucket_id: 16 local_depth1: 6
jump in
a1 :16  b1: 48 bucket_id: 16 local_depth1: 6
a1 :48  b1: 48 bucket_id: 16 local_depth1: 6
jump in
a1 :16  b1: 48 bucket_id: 16 local_depth1: 6
a1 :48  b1: 48 bucket_id: 16 local_depth1: 6
jump in
a1 :16  b1: 48 bucket_id: 16 local_depth1: 6
a1 :48  b1: 48 bucket_id: 16 local_depth1: 6
jump in
a1 :16  b1: 48 bucket_id: 16 local_depth1: 6
110101001010101
111111100000000
getFreeBucket
bucket_id: 48
111111100000000getFreeKvSlot
insert
search
getFreeBucket
bucket_id: 49
111111111111111splitBucket
local_depth1: 5
getFreeSlot
getNewBucket
newbucket: 000000000000000
111111111111111
000000000000000
a1 :17  b1: 49 bucket_id: 17 local_depth1: 6
a1 :17  b1: 49 bucket_id: 17 local_depth1: 6
a1 :49  b1: 49 bucket_id: 17 local_depth1: 6
jump in
a1 :17  b1: 49 bucket_id: 17 local_depth1: 6
a1 :49  b1: 49 bucket_id: 17 local_depth1: 6
jump in
a1 :17  b1: 49 bucket_id: 17 local_depth1: 6
a1 :49  b1: 49 bucket_id: 17 local_depth1: 6
jump in
a1 :49  b1: 49 bucket_id: 17 local_depth1: 6
jump in
a1 :17  b1: 49 bucket_id: 17 local_depth1: 6
a1 :49  b1: 49 bucket_id: 17 local_depth1: 6
jump in
a1 :17  b1: 49 bucket_id: 17 local_depth1: 6
a1 :49  b1: 49 bucket_id: 17 local_depth1: 6
jump in
a1 :17  b1: 49 bucket_id: 17 local_depth1: 6
a1 :49  b1: 49 bucket_id: 17 local_depth1: 6
jump in
a1 :17  b1: 49 bucket_id: 17 local_depth1: 6
110101001010101
111111100000000
getFreeBucket
bucket_id: 49
111111100000000getFreeKvSlot
insert
search
getFreeBucket
bucket_id: 50
111111111111111splitBucket
local_depth1: 5
getFreeSlot
getNewBucket
newbucket: 000000000000000
111111111111111
000000000000000
a1 :18  b1: 50 bucket_id: 18 local_depth1: 6
a1 :18  b1: 50 bucket_id: 18 local_depth1: 6
a1 :18  b1: 50 bucket_id: 18 local_depth1: 6
a1 :50  b1: 50 bucket_id: 18 local_depth1: 6
jump in
a1 :18  b1: 50 bucket_id: 18 local_depth1: 6
a1 :50  b1: 50 bucket_id: 18 local_depth1: 6
jump in
a1 :50  b1: 50 bucket_id: 18 local_depth1: 6
jump in
a1 :50  b1: 50 bucket_id: 18 local_depth1: 6
jump in
a1 :18  b1: 50 bucket_id: 18 local_depth1: 6
a1 :50  b1: 50 bucket_id: 18 local_depth1: 6
jump in
a1 :18  b1: 50 bucket_id: 18 local_depth1: 6
a1 :50  b1: 50 bucket_id: 18 local_depth1: 6
jump in
a1 :18  b1: 50 bucket_id: 18 local_depth1: 6
a1 :50  b1: 50 bucket_id: 18 local_depth1: 6
jump in
a1 :18  b1: 50 bucket_id: 18 local_depth1: 6
111010001010101
111111100000000
getFreeBucket
bucket_id: 50
111111100000000getFreeKvSlot
insert
search
getFreeBucket
bucket_id: 51
111111111111111splitBucket
local_depth1: 5
getFreeSlot
getNewBucket
newbucket: 000000000000000
111111111111111
000000000000000
a1 :19  b1: 51 bucket_id: 19 local_depth1: 6
a1 :19  b1: 51 bucket_id: 19 local_depth1: 6
a1 :19  b1: 51 bucket_id: 19 local_depth1: 6
a1 :51  b1: 51 bucket_id: 19 local_depth1: 6
jump in
a1 :19  b1: 51 bucket_id: 19 local_depth1: 6
a1 :51  b1: 51 bucket_id: 19 local_depth1: 6
jump in
a1 :51  b1: 51 bucket_id: 19 local_depth1: 6
jump in
a1 :51  b1: 51 bucket_id: 19 local_depth1: 6
jump in
a1 :19  b1: 51 bucket_id: 19 local_depth1: 6
a1 :51  b1: 51 bucket_id: 19 local_depth1: 6
jump in
a1 :19  b1: 51 bucket_id: 19 local_depth1: 6
a1 :51  b1: 51 bucket_id: 19 local_depth1: 6
jump in
a1 :19  b1: 51 bucket_id: 19 local_depth1: 6
a1 :51  b1: 51 bucket_id: 19 local_depth1: 6
jump in
a1 :19  b1: 51 bucket_id: 19 local_depth1: 6
111010001010101
111111100000000
getFreeBucket
bucket_id: 51
111111100000000getFreeKvSlot
insert
search
getFreeBucket
bucket_id: 52
111111111111111splitBucket
local_depth1: 5
getFreeSlot
getNewBucket
newbucket: 000000000000000
111111111111111
000000000000000
a1 :20  b1: 52 bucket_id: 20 local_depth1: 6
a1 :20  b1: 52 bucket_id: 20 local_depth1: 6
a1 :52  b1: 52 bucket_id: 20 local_depth1: 6
jump in
a1 :52  b1: 52 bucket_id: 20 local_depth1: 6
jump in
a1 :20  b1: 52 bucket_id: 20 local_depth1: 6
a1 :20  b1: 52 bucket_id: 20 local_depth1: 6
a1 :52  b1: 52 bucket_id: 20 local_depth1: 6
jump in
a1 :52  b1: 52 bucket_id: 20 local_depth1: 6
jump in
a1 :20  b1: 52 bucket_id: 20 local_depth1: 6
a1 :52  b1: 52 bucket_id: 20 local_depth1: 6
jump in
a1 :20  b1: 52 bucket_id: 20 local_depth1: 6
a1 :52  b1: 52 bucket_id: 20 local_depth1: 6
jump in
a1 :20  b1: 52 bucket_id: 20 local_depth1: 6
a1 :52  b1: 52 bucket_id: 20 local_depth1: 6
jump in
a1 :20  b1: 52 bucket_id: 20 local_depth1: 6
110011001010101
111111100000000
getFreeBucket
bucket_id: 52
111111100000000getFreeKvSlot
insert
search
getFreeBucket
bucket_id: 53
111111111111111splitBucket
local_depth1: 5
getFreeSlot
getNewBucket
newbucket: 000000000000000
111111111111111
000000000000000
a1 :21  b1: 53 bucket_id: 21 local_depth1: 6
a1 :21  b1: 53 bucket_id: 21 local_depth1: 6
a1 :53  b1: 53 bucket_id: 21 local_depth1: 6
jump in
a1 :53  b1: 53 bucket_id: 21 local_depth1: 6
jump in
a1 :21  b1: 53 bucket_id: 21 local_depth1: 6
a1 :21  b1: 53 bucket_id: 21 local_depth1: 6
a1 :53  b1: 53 bucket_id: 21 local_depth1: 6
jump in
a1 :53  b1: 53 bucket_id: 21 local_depth1: 6
jump in
a1 :21  b1: 53 bucket_id: 21 local_depth1: 6
a1 :53  b1: 53 bucket_id: 21 local_depth1: 6
jump in
a1 :21  b1: 53 bucket_id: 21 local_depth1: 6
a1 :53  b1: 53 bucket_id: 21 local_depth1: 6
jump in
a1 :21  b1: 53 bucket_id: 21 local_depth1: 6
a1 :53  b1: 53 bucket_id: 21 local_depth1: 6
jump in
a1 :21  b1: 53 bucket_id: 21 local_depth1: 6
110011001010101
111111100000000
getFreeBucket
bucket_id: 53
111111100000000getFreeKvSlot
insert
search
getFreeBucket
bucket_id: 54
111111111111111splitBucket
local_depth1: 5
getFreeSlot
getNewBucket
newbucket: 000000000000000
111111111111111
000000000000000
a1 :22  b1: 54 bucket_id: 22 local_depth1: 6
a1 :22  b1: 54 bucket_id: 22 local_depth1: 6
a1 :54  b1: 54 bucket_id: 22 local_depth1: 6
jump in
a1 :54  b1: 54 bucket_id: 22 local_depth1: 6
jump in
a1 :22  b1: 54 bucket_id: 22 local_depth1: 6
a1 :22  b1: 54 bucket_id: 22 local_depth1: 6
a1 :54  b1: 54 bucket_id: 22 local_depth1: 6
jump in
a1 :54  b1: 54 bucket_id: 22 local_depth1: 6
jump in
a1 :22  b1: 54 bucket_id: 22 local_depth1: 6
a1 :54  b1: 54 bucket_id: 22 local_depth1: 6
jump in
a1 :22  b1: 54 bucket_id: 22 local_depth1: 6
a1 :54  b1: 54 bucket_id: 22 local_depth1: 6
jump in
a1 :22  b1: 54 bucket_id: 22 local_depth1: 6
a1 :54  b1: 54 bucket_id: 22 local_depth1: 6
jump in
a1 :22  b1: 54 bucket_id: 22 local_depth1: 6
110011001010101
111111100000000
getFreeBucket
bucket_id: 54
111111100000000getFreeKvSlot
insert
search
getFreeBucket
bucket_id: 55
111111111111111splitBucket
local_depth1: 5
getFreeSlot
getNewBucket
newbucket: 000000000000000
111111111111111
000000000000000
a1 :23  b1: 55 bucket_id: 23 local_depth1: 6
a1 :23  b1: 55 bucket_id: 23 local_depth1: 6
a1 :55  b1: 55 bucket_id: 23 local_depth1: 6
jump in
a1 :55  b1: 55 bucket_id: 23 local_depth1: 6
jump in
a1 :23  b1: 55 bucket_id: 23 local_depth1: 6
a1 :23  b1: 55 bucket_id: 23 local_depth1: 6
a1 :55  b1: 55 bucket_id: 23 local_depth1: 6
jump in
a1 :55  b1: 55 bucket_id: 23 local_depth1: 6
jump in
a1 :23  b1: 55 bucket_id: 23 local_depth1: 6
a1 :55  b1: 55 bucket_id: 23 local_depth1: 6
jump in
a1 :23  b1: 55 bucket_id: 23 local_depth1: 6
a1 :55  b1: 55 bucket_id: 23 local_depth1: 6
jump in
a1 :23  b1: 55 bucket_id: 23 local_depth1: 6
a1 :55  b1: 55 bucket_id: 23 local_depth1: 6
jump in
a1 :23  b1: 55 bucket_id: 23 local_depth1: 6
110011001010101
111111100000000
getFreeBucket
bucket_id: 55
111111100000000getFreeKvSlot
insert
search
getFreeBucket
bucket_id: 56
111111111111111splitBucket
local_depth1: 5
getFreeSlot
getNewBucket
newbucket: 000000000000000
111111111111111
000000000000000
a1 :24  b1: 56 bucket_id: 24 local_depth1: 6
a1 :24  b1: 56 bucket_id: 24 local_depth1: 6
a1 :56  b1: 56 bucket_id: 24 local_depth1: 6
jump in
a1 :56  b1: 56 bucket_id: 24 local_depth1: 6
jump in
a1 :24  b1: 56 bucket_id: 24 local_depth1: 6
a1 :56  b1: 56 bucket_id: 24 local_depth1: 6
jump in
a1 :24  b1: 56 bucket_id: 24 local_depth1: 6
a1 :56  b1: 56 bucket_id: 24 local_depth1: 6
jump in
a1 :24  b1: 56 bucket_id: 24 local_depth1: 6
a1 :56  b1: 56 bucket_id: 24 local_depth1: 6
jump in
a1 :24  b1: 56 bucket_id: 24 local_depth1: 6
a1 :56  b1: 56 bucket_id: 24 local_depth1: 6
jump in
a1 :24  b1: 56 bucket_id: 24 local_depth1: 6
a1 :56  b1: 56 bucket_id: 24 local_depth1: 6
jump in
a1 :24  b1: 56 bucket_id: 24 local_depth1: 6
110010101010101
111111100000000
getFreeBucket
bucket_id: 56
111111100000000getFreeKvSlot
insert
search
getFreeBucket
bucket_id: 57
111111111111111splitBucket
local_depth1: 5
getFreeSlot
getNewBucket
newbucket: 000000000000000
111111111111111
000000000000000
a1 :25  b1: 57 bucket_id: 25 local_depth1: 6
a1 :25  b1: 57 bucket_id: 25 local_depth1: 6
a1 :57  b1: 57 bucket_id: 25 local_depth1: 6
jump in
a1 :57  b1: 57 bucket_id: 25 local_depth1: 6
jump in
a1 :25  b1: 57 bucket_id: 25 local_depth1: 6
a1 :57  b1: 57 bucket_id: 25 local_depth1: 6
jump in
a1 :25  b1: 57 bucket_id: 25 local_depth1: 6
a1 :57  b1: 57 bucket_id: 25 local_depth1: 6
jump in
a1 :25  b1: 57 bucket_id: 25 local_depth1: 6
a1 :57  b1: 57 bucket_id: 25 local_depth1: 6
jump in
a1 :25  b1: 57 bucket_id: 25 local_depth1: 6
a1 :57  b1: 57 bucket_id: 25 local_depth1: 6
jump in
a1 :25  b1: 57 bucket_id: 25 local_depth1: 6
a1 :57  b1: 57 bucket_id: 25 local_depth1: 6
jump in
a1 :25  b1: 57 bucket_id: 25 local_depth1: 6
110010101010101
111111100000000
getFreeBucket
bucket_id: 57
111111100000000getFreeKvSlot
insert
search
getFreeBucket
bucket_id: 58
111111111111111splitBucket
local_depth1: 5
getFreeSlot
getNewBucket
newbucket: 000000000000000
111111111111111
000000000000000
a1 :26  b1: 58 bucket_id: 26 local_depth1: 6
a1 :26  b1: 58 bucket_id: 26 local_depth1: 6
a1 :58  b1: 58 bucket_id: 26 local_depth1: 6
jump in
a1 :58  b1: 58 bucket_id: 26 local_depth1: 6
jump in
a1 :26  b1: 58 bucket_id: 26 local_depth1: 6
a1 :58  b1: 58 bucket_id: 26 local_depth1: 6
jump in
a1 :26  b1: 58 bucket_id: 26 local_depth1: 6
a1 :58  b1: 58 bucket_id: 26 local_depth1: 6
jump in
a1 :26  b1: 58 bucket_id: 26 local_depth1: 6
a1 :58  b1: 58 bucket_id: 26 local_depth1: 6
jump in
a1 :26  b1: 58 bucket_id: 26 local_depth1: 6
a1 :58  b1: 58 bucket_id: 26 local_depth1: 6
jump in
a1 :26  b1: 58 bucket_id: 26 local_depth1: 6
a1 :58  b1: 58 bucket_id: 26 local_depth1: 6
jump in
a1 :26  b1: 58 bucket_id: 26 local_depth1: 6
110010101010101
111111100000000
getFreeBucket
bucket_id: 58
111111100000000getFreeKvSlot
insert
search
getFreeBucket
bucket_id: 59
111111111111111splitBucket
local_depth1: 5
getFreeSlot
getNewBucket
newbucket: 000000000000000
111111111111111
000000000000000
a1 :27  b1: 59 bucket_id: 27 local_depth1: 6
a1 :27  b1: 59 bucket_id: 27 local_depth1: 6
a1 :59  b1: 59 bucket_id: 27 local_depth1: 6
jump in
a1 :59  b1: 59 bucket_id: 27 local_depth1: 6
jump in
a1 :27  b1: 59 bucket_id: 27 local_depth1: 6
a1 :59  b1: 59 bucket_id: 27 local_depth1: 6
jump in
a1 :27  b1: 59 bucket_id: 27 local_depth1: 6
a1 :59  b1: 59 bucket_id: 27 local_depth1: 6
jump in
a1 :27  b1: 59 bucket_id: 27 local_depth1: 6
a1 :59  b1: 59 bucket_id: 27 local_depth1: 6
jump in
a1 :27  b1: 59 bucket_id: 27 local_depth1: 6
a1 :59  b1: 59 bucket_id: 27 local_depth1: 6
jump in
a1 :27  b1: 59 bucket_id: 27 local_depth1: 6
a1 :59  b1: 59 bucket_id: 27 local_depth1: 6
jump in
a1 :27  b1: 59 bucket_id: 27 local_depth1: 6
110010101010101
111111100000000
getFreeBucket
bucket_id: 59
111111100000000getFreeKvSlot
insert
search
getFreeBucket
bucket_id: 60
111111111111111splitBucket
local_depth1: 5
getFreeSlot
getNewBucket
newbucket: 000000000000000
111111111111111
000000000000000
a1 :28  b1: 60 bucket_id: 28 local_depth1: 6
a1 :60  b1: 60 bucket_id: 28 local_depth1: 6
jump in
a1 :28  b1: 60 bucket_id: 28 local_depth1: 6
a1 :60  b1: 60 bucket_id: 28 local_depth1: 6
jump in
a1 :28  b1: 60 bucket_id: 28 local_depth1: 6
a1 :60  b1: 60 bucket_id: 28 local_depth1: 6
jump in
a1 :28  b1: 60 bucket_id: 28 local_depth1: 6
a1 :60  b1: 60 bucket_id: 28 local_depth1: 6
jump in
a1 :28  b1: 60 bucket_id: 28 local_depth1: 6
a1 :60  b1: 60 bucket_id: 28 local_depth1: 6
jump in
a1 :28  b1: 60 bucket_id: 28 local_depth1: 6
a1 :60  b1: 60 bucket_id: 28 local_depth1: 6
jump in
a1 :28  b1: 60 bucket_id: 28 local_depth1: 6
a1 :60  b1: 60 bucket_id: 28 local_depth1: 6
jump in
a1 :28  b1: 60 bucket_id: 28 local_depth1: 6
101010101010101
111111100000000
getFreeBucket
bucket_id: 60
111111100000000getFreeKvSlot
insert
search
getFreeBucket
bucket_id: 61
111111111111111splitBucket
local_depth1: 5
getFreeSlot
getNewBucket
newbucket: 000000000000000
111111111111111
000000000000000
a1 :29  b1: 61 bucket_id: 29 local_depth1: 6
a1 :61  b1: 61 bucket_id: 29 local_depth1: 6
jump in
a1 :29  b1: 61 bucket_id: 29 local_depth1: 6
a1 :61  b1: 61 bucket_id: 29 local_depth1: 6
jump in
a1 :29  b1: 61 bucket_id: 29 local_depth1: 6
a1 :61  b1: 61 bucket_id: 29 local_depth1: 6
jump in
a1 :29  b1: 61 bucket_id: 29 local_depth1: 6
a1 :61  b1: 61 bucket_id: 29 local_depth1: 6
jump in
a1 :29  b1: 61 bucket_id: 29 local_depth1: 6
a1 :61  b1: 61 bucket_id: 29 local_depth1: 6
jump in
a1 :29  b1: 61 bucket_id: 29 local_depth1: 6
a1 :61  b1: 61 bucket_id: 29 local_depth1: 6
jump in
a1 :29  b1: 61 bucket_id: 29 local_depth1: 6
a1 :61  b1: 61 bucket_id: 29 local_depth1: 6
jump in
a1 :29  b1: 61 bucket_id: 29 local_depth1: 6
101010101010101
111111100000000
getFreeBucket
bucket_id: 61
111111100000000getFreeKvSlot
insert
search
getFreeBucket
bucket_id: 62
111111111111111splitBucket
local_depth1: 5
getFreeSlot
getNewBucket
newbucket: 000000000000000
111111111111111
000000000000000
a1 :30  b1: 62 bucket_id: 30 local_depth1: 6
a1 :62  b1: 62 bucket_id: 30 local_depth1: 6
jump in
a1 :30  b1: 62 bucket_id: 30 local_depth1: 6
a1 :62  b1: 62 bucket_id: 30 local_depth1: 6
jump in
a1 :30  b1: 62 bucket_id: 30 local_depth1: 6
a1 :62  b1: 62 bucket_id: 30 local_depth1: 6
jump in
a1 :30  b1: 62 bucket_id: 30 local_depth1: 6
a1 :62  b1: 62 bucket_id: 30 local_depth1: 6
jump in
a1 :30  b1: 62 bucket_id: 30 local_depth1: 6
a1 :62  b1: 62 bucket_id: 30 local_depth1: 6
jump in
a1 :30  b1: 62 bucket_id: 30 local_depth1: 6
a1 :62  b1: 62 bucket_id: 30 local_depth1: 6
jump in
a1 :30  b1: 62 bucket_id: 30 local_depth1: 6
a1 :62  b1: 62 bucket_id: 30 local_depth1: 6
jump in
a1 :30  b1: 62 bucket_id: 30 local_depth1: 6
101010101010101
111111100000000
getFreeBucket
bucket_id: 62
111111100000000getFreeKvSlot
insert
search
getFreeBucket
bucket_id: 63
111111111111111splitBucket
local_depth1: 5
getFreeSlot
getNewBucket
newbucket: 000000000000000
111111111111111
000000000000000
a1 :31  b1: 63 bucket_id: 31 local_depth1: 6
a1 :63  b1: 63 bucket_id: 31 local_depth1: 6
jump in
a1 :31  b1: 63 bucket_id: 31 local_depth1: 6
a1 :63  b1: 63 bucket_id: 31 local_depth1: 6
jump in
a1 :31  b1: 63 bucket_id: 31 local_depth1: 6
a1 :63  b1: 63 bucket_id: 31 local_depth1: 6
jump in
a1 :31  b1: 63 bucket_id: 31 local_depth1: 6
a1 :63  b1: 63 bucket_id: 31 local_depth1: 6
jump in
a1 :31  b1: 63 bucket_id: 31 local_depth1: 6
a1 :63  b1: 63 bucket_id: 31 local_depth1: 6
jump in
a1 :31  b1: 63 bucket_id: 31 local_depth1: 6
a1 :63  b1: 63 bucket_id: 31 local_depth1: 6
jump in
a1 :31  b1: 63 bucket_id: 31 local_depth1: 6
a1 :63  b1: 63 bucket_id: 31 local_depth1: 6
jump in
a1 :31  b1: 63 bucket_id: 31 local_depth1: 6
101010101010101
111111100000000
getFreeBucket
bucket_id: 63
111111100000000getFreeKvSlot
insert
search
getFreeBucket
bucket_id: 0
101110010101001getFreeKvSlot
insert
search
getFreeBucket
bucket_id: 1
101110010101001getFreeKvSlot
insert
search
getFreeBucket
bucket_id: 2
111101000011010getFreeKvSlot
insert
search
getFreeBucket
bucket_id: 3
111101000011010getFreeKvSlot
insert
search
getFreeBucket
bucket_id: 4
101101001110001getFreeKvSlot
insert
search
getFreeBucket
bucket_id: 5
101101001110001getFreeKvSlot
insert
search
getFreeBucket
bucket_id: 6
111000101110001getFreeKvSlot
insert
search
getFreeBucket
bucket_id: 7
111000101110001getFreeKvSlot
insert
search
getFreeBucket
bucket_id: 8
110100101100110getFreeKvSlot
insert
search
getFreeBucket
bucket_id: 9
110100101100110getFreeKvSlot
insert
search
getFreeBucket
bucket_id: 10
111000101100110getFreeKvSlot
insert
search
getFreeBucket
bucket_id: 11
111000101100110getFreeKvSlot
insert
search
getFreeBucket
bucket_id: 12
101011001100110getFreeKvSlot
insert
search
getFreeBucket
bucket_id: 13
101011001100110getFreeKvSlot
insert
search
getFreeBucket
bucket_id: 14
110011001100110getFreeKvSlot
insert
search
getFreeBucket
bucket_id: 15
110011001100110getFreeKvSlot
insert
search
getFreeBucket
bucket_id: 16
110101001010101getFreeKvSlot
insert
search
getFreeBucket
bucket_id: 17
110101001010101getFreeKvSlot
insert
search
getFreeBucket
bucket_id: 18
111010001010101getFreeKvSlot
insert
search
getFreeBucket
bucket_id: 19
111010001010101getFreeKvSlot
insert
search
getFreeBucket
bucket_id: 20
110011001010101getFreeKvSlot
insert
search
getFreeBucket
bucket_id: 21
110011001010101getFreeKvSlot
insert
search
getFreeBucket
bucket_id: 22
110011001010101getFreeKvSlot
insert
search
getFreeBucket
bucket_id: 23
110011001010101getFreeKvSlot
insert
search
getFreeBucket
bucket_id: 24
110010101010101getFreeKvSlot
insert
search
getFreeBucket
bucket_id: 25
110010101010101getFreeKvSlot
insert
search
getFreeBucket
bucket_id: 26
110010101010101getFreeKvSlot
insert
search
getFreeBucket
bucket_id: 27
110010101010101getFreeKvSlot
insert
search
getFreeBucket
bucket_id: 28
101010101010101getFreeKvSlot
insert
search
getFreeBucket
bucket_id: 29
101010101010101getFreeKvSlot
insert
search
getFreeBucket
bucket_id: 30
101010101010101getFreeKvSlot
insert
search
getFreeBucket
bucket_id: 31
101010101010101getFreeKvSlot
insert
search
getFreeBucket
bucket_id: 32
111111110000000getFreeKvSlot
insert
search
getFreeBucket
bucket_id: 33
111111110000000getFreeKvSlot
insert
search
getFreeBucket
bucket_id: 34
111111110000000getFreeKvSlot
insert
search
getFreeBucket
bucket_id: 35
111111110000000getFreeKvSlot
insert
search
getFreeBucket
bucket_id: 36
111111110000000getFreeKvSlot
insert
search
getFreeBucket
bucket_id: 37
111111110000000getFreeKvSlot
insert
search
getFreeBucket
bucket_id: 38
111111110000000getFreeKvSlot
insert
search
getFreeBucket
bucket_id: 39
111111110000000getFreeKvSlot
insert
search
getFreeBucket
bucket_id: 40
111111110000000getFreeKvSlot
insert
search
getFreeBucket
bucket_id: 41
111111110000000getFreeKvSlot
insert
search
getFreeBucket
bucket_id: 42
111111110000000getFreeKvSlot
insert
search
getFreeBucket
bucket_id: 43
111111110000000getFreeKvSlot
insert
search
getFreeBucket
bucket_id: 44
111111110000000getFreeKvSlot
insert
search
getFreeBucket
bucket_id: 45
111111110000000getFreeKvSlot
insert
search
getFreeBucket
bucket_id: 46
111111110000000getFreeKvSlot
insert
search
getFreeBucket
bucket_id: 47
111111110000000getFreeKvSlot
insert
search
getFreeBucket
bucket_id: 48
111111110000000getFreeKvSlot
insert
search
getFreeBucket
bucket_id: 49
111111110000000getFreeKvSlot
insert
search
getFreeBucket
bucket_id: 50
111111110000000getFreeKvSlot
insert
search
getFreeBucket
bucket_id: 51
111111110000000getFreeKvSlot
insert
search
getFreeBucket
bucket_id: 52
111111110000000getFreeKvSlot
insert
search
getFreeBucket
bucket_id: 53
111111110000000getFreeKvSlot
insert
search
getFreeBucket
bucket_id: 54
111111110000000getFreeKvSlot
insert
search
getFreeBucket
bucket_id: 55
111111110000000getFreeKvSlot
insert
search
getFreeBucket
bucket_id: 56
111111110000000getFreeKvSlot
insert
search
getFreeBucket
bucket_id: 57
111111110000000getFreeKvSlot
insert
search
getFreeBucket
bucket_id: 58
111111110000000getFreeKvSlot
insert
search
getFreeBucket
bucket_id: 59
111111110000000getFreeKvSlot
insert
search
getFreeBucket
bucket_id: 60
111111110000000getFreeKvSlot
insert
search
getFreeBucket
bucket_id: 61
111111110000000getFreeKvSlot
insert
search
getFreeBucket
bucket_id: 62
111111110000000getFreeKvSlot
insert
search
getFreeBucket
bucket_id: 63
111111110000000getFreeKvSlot
insert
search
getFreeBucket
bucket_id: 0
111110010101001getFreeKvSlot
insert
search
getFreeBucket
bucket_id: 1
111110010101001getFreeKvSlot
insert
search
getFreeBucket
bucket_id: 2
111111000011010getFreeKvSlot
insert
search
getFreeBucket
bucket_id: 3
111111000011010getFreeKvSlot
insert
search
getFreeBucket
bucket_id: 4
111101001110001getFreeKvSlot
insert
search
getFreeBucket
bucket_id: 5
111101001110001getFreeKvSlot
insert
search
getFreeBucket
bucket_id: 6
111100101110001getFreeKvSlot
insert
search
getFreeBucket
bucket_id: 7
111100101110001getFreeKvSlot
insert
search
getFreeBucket
bucket_id: 8
111100101100110getFreeKvSlot
insert
search
getFreeBucket
bucket_id: 9
111100101100110getFreeKvSlot
insert
search
getFreeBucket
bucket_id: 10
111100101100110getFreeKvSlot
insert
search
getFreeBucket
bucket_id: 11
111100101100110getFreeKvSlot
insert
search
getFreeBucket
bucket_id: 12
111011001100110getFreeKvSlot
insert
search
getFreeBucket
bucket_id: 13
111011001100110getFreeKvSlot
insert
search
getFreeBucket
bucket_id: 14
111011001100110getFreeKvSlot
insert
search
getFreeBucket
bucket_id: 15
111011001100110getFreeKvSlot
insert
search
getFreeBucket
bucket_id: 16
111101001010101getFreeKvSlot
insert
search
getFreeBucket
bucket_id: 17
111101001010101getFreeKvSlot
insert
search
getFreeBucket
bucket_id: 18
111110001010101getFreeKvSlot
insert
search
getFreeBucket
bucket_id: 19
111110001010101getFreeKvSlot
insert
search
getFreeBucket
bucket_id: 20
111011001010101getFreeKvSlot
insert
search
getFreeBucket
bucket_id: 21
111011001010101getFreeKvSlot
insert
search
getFreeBucket
bucket_id: 22
111011001010101getFreeKvSlot
insert
search
getFreeBucket
bucket_id: 23
111011001010101getFreeKvSlot
insert
search
getFreeBucket
bucket_id: 24
111010101010101getFreeKvSlot
insert
search
getFreeBucket
bucket_id: 25
111010101010101getFreeKvSlot
insert
search
getFreeBucket
bucket_id: 26
111010101010101getFreeKvSlot
insert
search
getFreeBucket
bucket_id: 27
111010101010101getFreeKvSlot
insert
search
getFreeBucket
bucket_id: 28
111010101010101getFreeKvSlot
insert
search
getFreeBucket
bucket_id: 29
111010101010101getFreeKvSlot
insert
search
getFreeBucket
bucket_id: 30
111010101010101getFreeKvSlot
insert
search
getFreeBucket
bucket_id: 31
111010101010101getFreeKvSlot
insert
search
getFreeBucket
bucket_id: 32
111111111000000getFreeKvSlot
insert
search
getFreeBucket
bucket_id: 33
111111111000000getFreeKvSlot
insert
search
getFreeBucket
bucket_id: 34
111111111000000getFreeKvSlot
insert
search
getFreeBucket
bucket_id: 35
111111111000000getFreeKvSlot
insert
search
getFreeBucket
bucket_id: 36
111111111000000getFreeKvSlot
insert
search
getFreeBucket
bucket_id: 37
111111111000000getFreeKvSlot
insert
search
getFreeBucket
bucket_id: 38
111111111000000getFreeKvSlot
insert
search
getFreeBucket
bucket_id: 39
111111111000000getFreeKvSlot
insert
search
getFreeBucket
bucket_id: 40
111111111000000getFreeKvSlot
insert
search
getFreeBucket
bucket_id: 41
111111111000000getFreeKvSlot
insert
search
getFreeBucket
bucket_id: 42
111111111000000getFreeKvSlot
insert
search
getFreeBucket
bucket_id: 43
111111111000000getFreeKvSlot
insert
search
getFreeBucket
bucket_id: 44
111111111000000getFreeKvSlot
insert
search
getFreeBucket
bucket_id: 45
111111111000000getFreeKvSlot
insert
search
getFreeBucket
bucket_id: 46
111111111000000getFreeKvSlot
insert
search
getFreeBucket
bucket_id: 47
111111111000000getFreeKvSlot
insert
search
getFreeBucket
bucket_id: 48
111111111000000getFreeKvSlot
insert
search
getFreeBucket
bucket_id: 49
111111111000000getFreeKvSlot
insert
search
getFreeBucket
bucket_id: 50
111111111000000getFreeKvSlot
insert
search
getFreeBucket
bucket_id: 51
111111111000000getFreeKvSlot
insert
search
getFreeBucket
bucket_id: 52
111111111000000getFreeKvSlot
insert
search
getFreeBucket
bucket_id: 53
111111111000000getFreeKvSlot
insert
search
getFreeBucket
bucket_id: 54
111111111000000getFreeKvSlot
insert
search
getFreeBucket
bucket_id: 55
111111111000000getFreeKvSlot
insert
search
getFreeBucket
bucket_id: 56
111111111000000getFreeKvSlot
insert
search
getFreeBucket
bucket_id: 57
111111111000000getFreeKvSlot
insert
search
getFreeBucket
bucket_id: 58
111111111000000getFreeKvSlot
insert
search
getFreeBucket
bucket_id: 59
111111111000000getFreeKvSlot
insert
search
getFreeBucket
bucket_id: 60
111111111000000getFreeKvSlot
insert
search
getFreeBucket
bucket_id: 61
111111111000000getFreeKvSlot
insert
search
getFreeBucket
bucket_id: 62
111111111000000getFreeKvSlot
insert
search
getFreeBucket
bucket_id: 63
111111111000000getFreeKvSlot
insert
search
getFreeBucket
bucket_id: 0
111111010101001getFreeKvSlot
insert
search
getFreeBucket
bucket_id: 1
111111010101001getFreeKvSlot
insert
search
getFreeBucket
bucket_id: 2
111111100011010getFreeKvSlot
insert
search
getFreeBucket
bucket_id: 3
111111100011010getFreeKvSlot
insert
search
getFreeBucket
bucket_id: 4
111111001110001getFreeKvSlot
insert
search
getFreeBucket
bucket_id: 5
111111001110001getFreeKvSlot
insert
search
getFreeBucket
bucket_id: 6
111110101110001getFreeKvSlot
insert
search
getFreeBucket
bucket_id: 7
111110101110001getFreeKvSlot
insert
search
getFreeBucket
bucket_id: 8
111110101100110getFreeKvSlot
insert
search
getFreeBucket
bucket_id: 9
111110101100110getFreeKvSlot
insert
search
getFreeBucket
bucket_id: 10
111110101100110getFreeKvSlot
insert
search
getFreeBucket
bucket_id: 11
111110101100110getFreeKvSlot
insert
search
getFreeBucket
bucket_id: 12
111111001100110getFreeKvSlot
insert
search
getFreeBucket
bucket_id: 13
111111001100110getFreeKvSlot
insert
search
getFreeBucket
bucket_id: 14
111111001100110getFreeKvSlot
insert
search
getFreeBucket
bucket_id: 15
111111001100110getFreeKvSlot
insert
search
getFreeBucket
bucket_id: 16
111111001010101getFreeKvSlot
insert
search
getFreeBucket
bucket_id: 17
111111001010101getFreeKvSlot
insert
search
getFreeBucket
bucket_id: 18
111111001010101getFreeKvSlot
insert
search
getFreeBucket
bucket_id: 19
111111001010101getFreeKvSlot
insert
search
getFreeBucket
bucket_id: 20
111111001010101getFreeKvSlot
insert
search
getFreeBucket
bucket_id: 21
111111001010101getFreeKvSlot
insert
search
getFreeBucket
bucket_id: 22
111111001010101getFreeKvSlot
insert
search
getFreeBucket
bucket_id: 23
111111001010101getFreeKvSlot
insert
search
getFreeBucket
bucket_id: 24
111110101010101getFreeKvSlot
insert
search
getFreeBucket
bucket_id: 25
111110101010101getFreeKvSlot
insert
search
getFreeBucket
bucket_id: 26
111110101010101getFreeKvSlot
insert
search
getFreeBucket
bucket_id: 27
111110101010101getFreeKvSlot
insert
search
getFreeBucket
bucket_id: 28
111110101010101getFreeKvSlot
insert
search
getFreeBucket
bucket_id: 29
111110101010101getFreeKvSlot
insert
search
getFreeBucket
bucket_id: 30
111110101010101getFreeKvSlot
insert
search
getFreeBucket
bucket_id: 31
111110101010101getFreeKvSlot
insert
search
getFreeBucket
bucket_id: 32
111111111100000getFreeKvSlot
insert
search
getFreeBucket
bucket_id: 33
111111111100000getFreeKvSlot
insert
search
getFreeBucket
bucket_id: 34
111111111100000getFreeKvSlot
insert
search
getFreeBucket
bucket_id: 35
111111111100000getFreeKvSlot
insert
search
getFreeBucket
bucket_id: 36
111111111100000getFreeKvSlot
insert
search
getFreeBucket
bucket_id: 37
111111111100000getFreeKvSlot
insert
search
getFreeBucket
bucket_id: 38
111111111100000getFreeKvSlot
insert
search
getFreeBucket
bucket_id: 39
111111111100000getFreeKvSlot
insert
search
getFreeBucket
bucket_id: 40
111111111100000getFreeKvSlot
insert
search
getFreeBucket
bucket_id: 41
111111111100000getFreeKvSlot
insert
search
getFreeBucket
bucket_id: 42
111111111100000getFreeKvSlot
insert
search
getFreeBucket
bucket_id: 43
111111111100000getFreeKvSlot
insert
search
getFreeBucket
bucket_id: 44
111111111100000getFreeKvSlot
insert
search
getFreeBucket
bucket_id: 45
111111111100000getFreeKvSlot
insert
search
getFreeBucket
bucket_id: 46
111111111100000getFreeKvSlot
insert
search
getFreeBucket
bucket_id: 47
111111111100000getFreeKvSlot
insert
search
getFreeBucket
bucket_id: 48
111111111100000getFreeKvSlot
insert
search
getFreeBucket
bucket_id: 49
111111111100000getFreeKvSlot
insert
search
getFreeBucket
bucket_id: 50
111111111100000getFreeKvSlot
insert
search
getFreeBucket
bucket_id: 51
111111111100000getFreeKvSlot
insert
search
getFreeBucket
bucket_id: 52
111111111100000getFreeKvSlot
insert
search
getFreeBucket
bucket_id: 53
111111111100000getFreeKvSlot
insert
search
getFreeBucket
bucket_id: 54
111111111100000getFreeKvSlot
insert
search
getFreeBucket
bucket_id: 55
111111111100000getFreeKvSlot
insert
search
getFreeBucket
bucket_id: 56
111111111100000getFreeKvSlot
insert
search
getFreeBucket
bucket_id: 57
111111111100000getFreeKvSlot
insert
search
getFreeBucket
bucket_id: 58
111111111100000getFreeKvSlot
insert
search
getFreeBucket
bucket_id: 59
111111111100000getFreeKvSlot
insert
search
getFreeBucket
bucket_id: 60
111111111100000getFreeKvSlot
insert
search
getFreeBucket
bucket_id: 61
111111111100000getFreeKvSlot
insert
search
getFreeBucket
bucket_id: 62
111111111100000getFreeKvSlot
insert
search
getFreeBucket
bucket_id: 63
111111111100000getFreeKvSlot
insert
search
getFreeBucket
bucket_id: 0
111111110101001getFreeKvSlot
insert
search
getFreeBucket
bucket_id: 1
111111110101001getFreeKvSlot
insert
search
getFreeBucket
bucket_id: 2
111111110011010getFreeKvSlot
insert
search
getFreeBucket
bucket_id: 3
111111110011010getFreeKvSlot
insert
search
getFreeBucket
bucket_id: 4
111111101110001getFreeKvSlot
insert
search
getFreeBucket
bucket_id: 5
111111101110001getFreeKvSlot
insert
search
getFreeBucket
bucket_id: 6
111111101110001getFreeKvSlot
insert
search
getFreeBucket
bucket_id: 7
111111101110001getFreeKvSlot
insert
search
getFreeBucket
bucket_id: 8
111111101100110getFreeKvSlot
insert
search
getFreeBucket
bucket_id: 9
111111101100110getFreeKvSlot
insert
search
getFreeBucket
bucket_id: 10
111111101100110getFreeKvSlot
insert
search
getFreeBucket
bucket_id: 11
111111101100110getFreeKvSlot
insert
search
getFreeBucket
bucket_id: 12
111111101100110getFreeKvSlot
insert
search
getFreeBucket
bucket_id: 13
111111101100110getFreeKvSlot
insert
search
getFreeBucket
bucket_id: 14
111111101100110getFreeKvSlot
insert
search
getFreeBucket
bucket_id: 15
111111101100110getFreeKvSlot
insert
search
getFreeBucket
bucket_id: 16
111111101010101getFreeKvSlot
insert
search
getFreeBucket
bucket_id: 17
111111101010101getFreeKvSlot
insert
search
getFreeBucket
bucket_id: 18
111111101010101getFreeKvSlot
insert
search
getFreeBucket
bucket_id: 19
111111101010101getFreeKvSlot
insert
search
getFreeBucket
bucket_id: 20
111111101010101getFreeKvSlot
insert
search
getFreeBucket
bucket_id: 21
111111101010101getFreeKvSlot
insert
search
getFreeBucket
bucket_id: 22
111111101010101getFreeKvSlot
insert
search
getFreeBucket
bucket_id: 23
111111101010101getFreeKvSlot
insert
search
getFreeBucket
bucket_id: 24
111111101010101getFreeKvSlot
insert
search
getFreeBucket
bucket_id: 25
111111101010101getFreeKvSlot
insert
search
getFreeBucket
bucket_id: 26
111111101010101getFreeKvSlot
insert
search
getFreeBucket
bucket_id: 27
111111101010101getFreeKvSlot
insert
search
getFreeBucket
bucket_id: 28
111111101010101getFreeKvSlot
insert
search
getFreeBucket
bucket_id: 29
111111101010101getFreeKvSlot
insert
search
getFreeBucket
bucket_id: 30
111111101010101getFreeKvSlot
insert
search
getFreeBucket
bucket_id: 31
111111101010101getFreeKvSlot
insert
search
getFreeBucket
bucket_id: 32
111111111110000getFreeKvSlot
insert
search
getFreeBucket
bucket_id: 33
111111111110000getFreeKvSlot
insert
search
getFreeBucket
bucket_id: 34
111111111110000getFreeKvSlot
insert
search
getFreeBucket
bucket_id: 35
111111111110000getFreeKvSlot
insert
search
getFreeBucket
bucket_id: 36
111111111110000getFreeKvSlot
insert
search
getFreeBucket
bucket_id: 37
111111111110000getFreeKvSlot
insert
search
getFreeBucket
bucket_id: 38
111111111110000getFreeKvSlot
insert
search
getFreeBucket
bucket_id: 39
111111111110000getFreeKvSlot
insert
search
getFreeBucket
bucket_id: 40
111111111110000getFreeKvSlot
insert
search
getFreeBucket
bucket_id: 41
111111111110000getFreeKvSlot
insert
search
getFreeBucket
bucket_id: 42
111111111110000getFreeKvSlot
insert
search
getFreeBucket
bucket_id: 43
111111111110000getFreeKvSlot
insert
search
getFreeBucket
bucket_id: 44
111111111110000getFreeKvSlot
insert
search
getFreeBucket
bucket_id: 45
111111111110000getFreeKvSlot
insert
search
getFreeBucket
bucket_id: 46
111111111110000getFreeKvSlot
insert
search
getFreeBucket
bucket_id: 47
111111111110000getFreeKvSlot
insert
search
getFreeBucket
bucket_id: 48
111111111110000getFreeKvSlot
insert
search
getFreeBucket
bucket_id: 49
111111111110000getFreeKvSlot
insert
search
getFreeBucket
bucket_id: 50
111111111110000getFreeKvSlot
insert
search
getFreeBucket
bucket_id: 51
111111111110000getFreeKvSlot
insert
search
getFreeBucket
bucket_id: 52
111111111110000getFreeKvSlot
insert
search
getFreeBucket
bucket_id: 53
111111111110000getFreeKvSlot
insert
search
getFreeBucket
bucket_id: 54
111111111110000getFreeKvSlot
insert
search
getFreeBucket
bucket_id: 55
111111111110000getFreeKvSlot
insert
search
getFreeBucket
bucket_id: 56
111111111110000getFreeKvSlot
insert
search
getFreeBucket
bucket_id: 57
111111111110000getFreeKvSlot
insert
search
getFreeBucket
bucket_id: 58
111111111110000getFreeKvSlot
insert
search
getFreeBucket
bucket_id: 59
111111111110000getFreeKvSlot
insert
search
getFreeBucket
bucket_id: 60
111111111110000getFreeKvSlot
insert
search
getFreeBucket
bucket_id: 61
111111111110000getFreeKvSlot
insert
search
getFreeBucket
bucket_id: 62
111111111110000getFreeKvSlot
insert
search
getFreeBucket
bucket_id: 63
111111111110000getFreeKvSlot
insert
search
getFreeBucket
bucket_id: 0
111111111101001getFreeKvSlot
insert
search
getFreeBucket
bucket_id: 1
111111111101001getFreeKvSlot
insert
search
getFreeBucket
bucket_id: 2
111111111011010getFreeKvSlot
insert
search
getFreeBucket
bucket_id: 3
111111111011010getFreeKvSlot
insert
search
getFreeBucket
bucket_id: 4
111111111110001getFreeKvSlot
insert
search
getFreeBucket
bucket_id: 5
111111111110001getFreeKvSlot
insert
search
getFreeBucket
bucket_id: 6
111111111110001getFreeKvSlot
insert
search
getFreeBucket
bucket_id: 7
111111111110001getFreeKvSlot
insert
search
getFreeBucket
bucket_id: 8
111111111100110getFreeKvSlot
insert
search
getFreeBucket
bucket_id: 9
111111111100110getFreeKvSlot
insert
search
getFreeBucket
bucket_id: 10
111111111100110getFreeKvSlot
insert
search
getFreeBucket
bucket_id: 11
111111111100110getFreeKvSlot
insert
search
getFreeBucket
bucket_id: 12
111111111100110getFreeKvSlot
insert
search
getFreeBucket
bucket_id: 13
111111111100110getFreeKvSlot
insert
search
getFreeBucket
bucket_id: 14
111111111100110getFreeKvSlot
insert
search
getFreeBucket
bucket_id: 15
111111111100110getFreeKvSlot
insert
search
getFreeBucket
bucket_id: 16
111111111010101getFreeKvSlot
insert
search
getFreeBucket
bucket_id: 17
111111111010101getFreeKvSlot
insert
search
getFreeBucket
bucket_id: 18
111111111010101getFreeKvSlot
insert
search
getFreeBucket
bucket_id: 19
111111111010101getFreeKvSlot
insert
search
getFreeBucket
bucket_id: 20
111111111010101getFreeKvSlot
insert
search
getFreeBucket
bucket_id: 21
111111111010101getFreeKvSlot
insert
search
getFreeBucket
bucket_id: 22
111111111010101getFreeKvSlot
insert
search
getFreeBucket
bucket_id: 23
111111111010101getFreeKvSlot
insert
search
getFreeBucket
bucket_id: 24
111111111010101getFreeKvSlot
insert
search
getFreeBucket
bucket_id: 25
111111111010101getFreeKvSlot
insert
search
getFreeBucket
bucket_id: 26
111111111010101getFreeKvSlot
insert
search
getFreeBucket
bucket_id: 27
111111111010101getFreeKvSlot
insert
search
getFreeBucket
bucket_id: 28
111111111010101getFreeKvSlot
insert
search
getFreeBucket
bucket_id: 29
111111111010101getFreeKvSlot
insert
search
getFreeBucket
bucket_id: 30
111111111010101getFreeKvSlot
insert
search
getFreeBucket
bucket_id: 31
111111111010101getFreeKvSlot
insert
search
getFreeBucket
bucket_id: 32
111111111111000getFreeKvSlot
insert
search
getFreeBucket
bucket_id: 33
111111111111000getFreeKvSlot
insert
search
getFreeBucket
bucket_id: 34
111111111111000getFreeKvSlot
insert
search
getFreeBucket
bucket_id: 35
111111111111000getFreeKvSlot
insert
search
getFreeBucket
bucket_id: 36
111111111111000getFreeKvSlot
insert
search
getFreeBucket
bucket_id: 37
111111111111000getFreeKvSlot
insert
search
getFreeBucket
bucket_id: 38
111111111111000getFreeKvSlot
insert
search
getFreeBucket
bucket_id: 39
111111111111000getFreeKvSlot
insert
search
getFreeBucket
bucket_id: 40
111111111111000getFreeKvSlot
insert
search
getFreeBucket
bucket_id: 41
111111111111000getFreeKvSlot
insert
search
getFreeBucket
bucket_id: 42
111111111111000getFreeKvSlot
insert
search
getFreeBucket
bucket_id: 43
111111111111000getFreeKvSlot
insert
search
getFreeBucket
bucket_id: 44
111111111111000getFreeKvSlot
insert
search
getFreeBucket
bucket_id: 45
111111111111000getFreeKvSlot
insert
search
getFreeBucket
bucket_id: 46
111111111111000getFreeKvSlot
insert
search
getFreeBucket
bucket_id: 47
111111111111000getFreeKvSlot
insert
search
getFreeBucket
bucket_id: 48
111111111111000getFreeKvSlot
insert
search
getFreeBucket
bucket_id: 49
111111111111000getFreeKvSlot
insert
search
getFreeBucket
bucket_id: 50
111111111111000getFreeKvSlot
insert
search
getFreeBucket
bucket_id: 51
111111111111000getFreeKvSlot
insert
search
getFreeBucket
bucket_id: 52
111111111111000getFreeKvSlot
insert
search
getFreeBucket
bucket_id: 53
111111111111000getFreeKvSlot
insert
search
getFreeBucket
bucket_id: 54
111111111111000getFreeKvSlot
insert
search
getFreeBucket
bucket_id: 55
111111111111000getFreeKvSlot
insert
search
getFreeBucket
bucket_id: 56
111111111111000getFreeKvSlot
insert
search
getFreeBucket
bucket_id: 57
111111111111000getFreeKvSlot
insert
search
getFreeBucket
bucket_id: 58
111111111111000getFreeKvSlot
insert
search
getFreeBucket
bucket_id: 59
111111111111000getFreeKvSlot
insert
search
getFreeBucket
bucket_id: 60
111111111111000getFreeKvSlot
insert
search
getFreeBucket
bucket_id: 61
111111111111000getFreeKvSlot
insert
search
getFreeBucket
bucket_id: 62
111111111111000getFreeKvSlot
insert
search
getFreeBucket
bucket_id: 63
111111111111000getFreeKvSlot
insert
search
getFreeBucket
bucket_id: 0
111111111111001getFreeKvSlot
insert
search
getFreeBucket
bucket_id: 1
111111111111001getFreeKvSlot
insert
search
getFreeBucket
bucket_id: 2
111111111111010getFreeKvSlot
insert
search
getFreeBucket
bucket_id: 3
111111111111010getFreeKvSlot
insert
search
getFreeBucket
bucket_id: 4
111111111111001getFreeKvSlot
insert
search
getFreeBucket
bucket_id: 5
111111111111001getFreeKvSlot
insert
search
getFreeBucket
bucket_id: 6
111111111111001getFreeKvSlot
insert
search
getFreeBucket
bucket_id: 7
111111111111001getFreeKvSlot
insert
search
getFreeBucket
bucket_id: 8
111111111110110getFreeKvSlot
insert
search
getFreeBucket
bucket_id: 9
111111111110110getFreeKvSlot
insert
search
getFreeBucket
bucket_id: 10
111111111110110getFreeKvSlot
insert
search
getFreeBucket
bucket_id: 11
111111111110110getFreeKvSlot
insert
search
getFreeBucket
bucket_id: 12
111111111110110getFreeKvSlot
insert
search
getFreeBucket
bucket_id: 13
111111111110110getFreeKvSlot
insert
search
getFreeBucket
bucket_id: 14
111111111110110getFreeKvSlot
insert
search
getFreeBucket
bucket_id: 15
111111111110110getFreeKvSlot
insert
search
getFreeBucket
bucket_id: 16
111111111110101getFreeKvSlot
insert
search
getFreeBucket
bucket_id: 17
111111111110101getFreeKvSlot
insert
search
getFreeBucket
bucket_id: 18
111111111110101getFreeKvSlot
insert
search
getFreeBucket
bucket_id: 19
111111111110101getFreeKvSlot
insert
search
getFreeBucket
bucket_id: 20
111111111110101getFreeKvSlot
insert
search
getFreeBucket
bucket_id: 21
111111111110101getFreeKvSlot
insert
search
getFreeBucket
bucket_id: 22
111111111110101getFreeKvSlot
insert
search
getFreeBucket
bucket_id: 23
111111111110101getFreeKvSlot
insert
search
getFreeBucket
bucket_id: 24
111111111110101getFreeKvSlot
insert
search
getFreeBucket
bucket_id: 25
111111111110101getFreeKvSlot
insert
search
getFreeBucket
bucket_id: 26
111111111110101getFreeKvSlot
insert
search
getFreeBucket
bucket_id: 27
111111111110101getFreeKvSlot
insert
search
getFreeBucket
bucket_id: 28
111111111110101getFreeKvSlot
insert
search
getFreeBucket
bucket_id: 29
111111111110101getFreeKvSlot
insert
search
getFreeBucket
bucket_id: 30
111111111110101getFreeKvSlot
insert
search
getFreeBucket
bucket_id: 31
111111111110101getFreeKvSlot
insert
search
getFreeBucket
bucket_id: 32
111111111111100getFreeKvSlot
insert
search
getFreeBucket
bucket_id: 33
111111111111100getFreeKvSlot
insert
search
getFreeBucket
bucket_id: 34
111111111111100getFreeKvSlot
insert
search
getFreeBucket
bucket_id: 35
111111111111100getFreeKvSlot
insert
search
getFreeBucket
bucket_id: 36
111111111111100getFreeKvSlot
insert
search
getFreeBucket
bucket_id: 37
111111111111100getFreeKvSlot
insert
search
getFreeBucket
bucket_id: 38
111111111111100getFreeKvSlot
insert
search
getFreeBucket
bucket_id: 39
111111111111100getFreeKvSlot
insert
search
getFreeBucket
bucket_id: 40
111111111111100getFreeKvSlot
insert
search
getFreeBucket
bucket_id: 41
111111111111100getFreeKvSlot
insert
search
getFreeBucket
bucket_id: 42
111111111111100getFreeKvSlot
insert
search
getFreeBucket
bucket_id: 43
111111111111100getFreeKvSlot
insert
search
getFreeBucket
bucket_id: 44
111111111111100getFreeKvSlot
insert
search
getFreeBucket
bucket_id: 45
111111111111100getFreeKvSlot
insert
search
getFreeBucket
bucket_id: 46
111111111111100getFreeKvSlot
insert
search
getFreeBucket
bucket_id: 47
111111111111100getFreeKvSlot
insert
search
getFreeBucket
bucket_id: 48
111111111111100getFreeKvSlot
insert
search
getFreeBucket
bucket_id: 49
111111111111100getFreeKvSlot
insert
search
getFreeBucket
bucket_id: 50
111111111111100getFreeKvSlot
insert
search
getFreeBucket
bucket_id: 51
111111111111100getFreeKvSlot
insert
search
getFreeBucket
bucket_id: 52
111111111111100getFreeKvSlot
insert
search
getFreeBucket
bucket_id: 53
111111111111100getFreeKvSlot
insert
search
getFreeBucket
bucket_id: 54
111111111111100getFreeKvSlot
insert
search
getFreeBucket
bucket_id: 55
111111111111100getFreeKvSlot
insert
search
getFreeBucket
bucket_id: 56
111111111111100getFreeKvSlot
insert
search
getFreeBucket
bucket_id: 57
111111111111100getFreeKvSlot
insert
search
getFreeBucket
bucket_id: 58
111111111111100getFreeKvSlot
insert
search
getFreeBucket
bucket_id: 59
111111111111100getFreeKvSlot
insert
search
getFreeBucket
bucket_id: 60
111111111111100getFreeKvSlot
insert
search
getFreeBucket
bucket_id: 61
111111111111100getFreeKvSlot
insert
search
getFreeBucket
bucket_id: 62
111111111111100getFreeKvSlot
insert
search
getFreeBucket
bucket_id: 63
111111111111100getFreeKvSlot
insert
search
getFreeBucket
bucket_id: 0
111111111111101getFreeKvSlot
insert
search
getFreeBucket
bucket_id: 1
111111111111101getFreeKvSlot
insert
search
getFreeBucket
bucket_id: 2
111111111111110getFreeKvSlot
insert
search
getFreeBucket
bucket_id: 3
111111111111110getFreeKvSlot
insert
search
getFreeBucket
bucket_id: 4
111111111111101getFreeKvSlot
insert
search
getFreeBucket
bucket_id: 5
111111111111101getFreeKvSlot
insert
search
getFreeBucket
bucket_id: 6
111111111111101getFreeKvSlot
insert
search
getFreeBucket
bucket_id: 7
111111111111101getFreeKvSlot
insert
search
getFreeBucket
bucket_id: 8
111111111111110getFreeKvSlot
insert
search
getFreeBucket
bucket_id: 9
111111111111110getFreeKvSlot
insert
search
getFreeBucket
bucket_id: 10
111111111111110getFreeKvSlot
insert
search
getFreeBucket
bucket_id: 11
111111111111110getFreeKvSlot
insert
search
getFreeBucket
bucket_id: 12
111111111111110getFreeKvSlot
insert
search
getFreeBucket
bucket_id: 13
111111111111110getFreeKvSlot
insert
search
getFreeBucket
bucket_id: 14
111111111111110getFreeKvSlot
insert
search
getFreeBucket
bucket_id: 15
111111111111110getFreeKvSlot
insert
search
getFreeBucket
bucket_id: 16
111111111111101getFreeKvSlot
insert
search
getFreeBucket
bucket_id: 17
111111111111101getFreeKvSlot
insert
search
getFreeBucket
bucket_id: 18
111111111111101getFreeKvSlot
insert
search
getFreeBucket
bucket_id: 19
111111111111101getFreeKvSlot
insert
search
getFreeBucket
bucket_id: 20
111111111111101getFreeKvSlot
insert
search
getFreeBucket
bucket_id: 21
111111111111101getFreeKvSlot
insert
search
getFreeBucket
bucket_id: 22
111111111111101getFreeKvSlot
insert
search
getFreeBucket
bucket_id: 23
111111111111101getFreeKvSlot
insert
search
getFreeBucket
bucket_id: 24
111111111111101getFreeKvSlot
insert
search
getFreeBucket
bucket_id: 25
111111111111101getFreeKvSlot
insert
search
getFreeBucket
bucket_id: 26
111111111111101getFreeKvSlot
insert
search
getFreeBucket
bucket_id: 27
111111111111101getFreeKvSlot
insert
search
getFreeBucket
bucket_id: 28
111111111111101getFreeKvSlot
insert
search
getFreeBucket
bucket_id: 29
111111111111101getFreeKvSlot
insert
search
getFreeBucket
bucket_id: 30
111111111111101getFreeKvSlot
insert
search
getFreeBucket
bucket_id: 31
111111111111101getFreeKvSlot
insert
search
getFreeBucket
bucket_id: 32
111111111111110getFreeKvSlot
insert
search
getFreeBucket
bucket_id: 33
111111111111110getFreeKvSlot
insert
search
getFreeBucket
bucket_id: 34
111111111111110getFreeKvSlot
insert
search
getFreeBucket
bucket_id: 35
111111111111110getFreeKvSlot
insert
search
getFreeBucket
bucket_id: 36
111111111111110getFreeKvSlot
insert
search
getFreeBucket
bucket_id: 37
111111111111110getFreeKvSlot
insert
search
getFreeBucket
bucket_id: 38
111111111111110getFreeKvSlot
insert
search
getFreeBucket
bucket_id: 39
111111111111110getFreeKvSlot
insert
search
getFreeBucket
bucket_id: 40
111111111111110getFreeKvSlot
insert
search
getFreeBucket
bucket_id: 41
111111111111110getFreeKvSlot
insert
search
getFreeBucket
bucket_id: 42
111111111111110getFreeKvSlot
insert
search
getFreeBucket
bucket_id: 43
111111111111110getFreeKvSlot
insert
search
getFreeBucket
bucket_id: 44
111111111111110getFreeKvSlot
insert
search
getFreeBucket
bucket_id: 45
111111111111110getFreeKvSlot
insert
search
getFreeBucket
bucket_id: 46
111111111111110getFreeKvSlot
insert
search
getFreeBucket
bucket_id: 47
111111111111110getFreeKvSlot
insert
search
getFreeBucket
bucket_id: 48
111111111111110getFreeKvSlot
insert
search
getFreeBucket
bucket_id: 49
111111111111110getFreeKvSlot
insert
search
getFreeBucket
bucket_id: 50
111111111111110getFreeKvSlot
insert
search
getFreeBucket
bucket_id: 51
111111111111110getFreeKvSlot
insert
search
getFreeBucket
bucket_id: 52
111111111111110getFreeKvSlot
insert
search
getFreeBucket
bucket_id: 53
111111111111110getFreeKvSlot
insert
search
getFreeBucket
bucket_id: 54
111111111111110getFreeKvSlot
insert
search
getFreeBucket
bucket_id: 55
111111111111110getFreeKvSlot
insert
search
getFreeBucket
bucket_id: 56
111111111111110getFreeKvSlot
insert
search
getFreeBucket
bucket_id: 57
111111111111110getFreeKvSlot
insert
search
getFreeBucket
bucket_id: 58
111111111111110getFreeKvSlot
insert
search
getFreeBucket
bucket_id: 59
111111111111110getFreeKvSlot
insert
search
getFreeBucket
bucket_id: 60
111111111111110getFreeKvSlot
insert
search
getFreeBucket
bucket_id: 61
111111111111110getFreeKvSlot
insert
search
getFreeBucket
bucket_id: 62
111111111111110getFreeKvSlot
insert
search
getFreeBucket
bucket_id: 63
111111111111110getFreeKvSlot
insert
search
getFreeBucket
bucket_id: 0
111111111111111splitBucket
local_depth1: 6
extendCatalog
extendCatalog bp1
extendCatalog bp2
extendCatalog bp3
extendCatalog bp4
getFreeSlot
getNewBucket
allocNewPage
2564104
newbucket: 000000000000000
111111111111111
000000000000000
a1 :0  b1: 64 bucket_id: 0 local_depth1: 7
a1 :0  b1: 64 bucket_id: 0 local_depth1: 7
a1 :64  b1: 64 bucket_id: 0 local_depth1: 7
jump in
a1 :0  b1: 64 bucket_id: 0 local_depth1: 7
a1 :0  b1: 64 bucket_id: 0 local_depth1: 7
a1 :64  b1: 64 bucket_id: 0 local_depth1: 7
jump in
a1 :0  b1: 64 bucket_id: 0 local_depth1: 7
a1 :64  b1: 64 bucket_id: 0 local_depth1: 7
jump in
a1 :64  b1: 64 bucket_id: 0 local_depth1: 7
jump in
a1 :0  b1: 64 bucket_id: 0 local_depth1: 7
a1 :0  b1: 64 bucket_id: 0 local_depth1: 7
a1 :64  b1: 64 bucket_id: 0 local_depth1: 7
jump in
a1 :64  b1: 64 bucket_id: 0 local_depth1: 7
jump in
a1 :0  b1: 64 bucket_id: 0 local_depth1: 7
a1 :64  b1: 64 bucket_id: 0 local_depth1: 7
jump in
110110100110010
111111100000000
getFreeBucket
bucket_id: 64
111111100000000getFreeKvSlot
insert
search
getFreeBucket
bucket_id: 65
111111111111111splitBucket
local_depth1: 6
getFreeSlot
getNewBucket
newbucket: 000000000000000
111111111111111
000000000000000
a1 :1  b1: 65 bucket_id: 1 local_depth1: 7
a1 :1  b1: 65 bucket_id: 1 local_depth1: 7
a1 :65  b1: 65 bucket_id: 1 local_depth1: 7
jump in
a1 :1  b1: 65 bucket_id: 1 local_depth1: 7
a1 :1  b1: 65 bucket_id: 1 local_depth1: 7
a1 :65  b1: 65 bucket_id: 1 local_depth1: 7
jump in
a1 :1  b1: 65 bucket_id: 1 local_depth1: 7
a1 :65  b1: 65 bucket_id: 1 local_depth1: 7
jump in
a1 :65  b1: 65 bucket_id: 1 local_depth1: 7
jump in
a1 :1  b1: 65 bucket_id: 1 local_depth1: 7
a1 :1  b1: 65 bucket_id: 1 local_depth1: 7
a1 :65  b1: 65 bucket_id: 1 local_depth1: 7
jump in
a1 :65  b1: 65 bucket_id: 1 local_depth1: 7
jump in
a1 :1  b1: 65 bucket_id: 1 local_depth1: 7
a1 :65  b1: 65 bucket_id: 1 local_depth1: 7
jump in
110110100110010
111111100000000
getFreeBucket
bucket_id: 65
111111100000000getFreeKvSlot
insert
search
getFreeBucket
bucket_id: 66
111111111111111splitBucket
local_depth1: 6
getFreeSlot
getNewBucket
newbucket: 000000000000000
111111111111111
000000000000000
a1 :2  b1: 66 bucket_id: 2 local_depth1: 7
a1 :66  b1: 66 bucket_id: 2 local_depth1: 7
jump in
a1 :2  b1: 66 bucket_id: 2 local_depth1: 7
a1 :2  b1: 66 bucket_id: 2 local_depth1: 7
a1 :2  b1: 66 bucket_id: 2 local_depth1: 7
a1 :66  b1: 66 bucket_id: 2 local_depth1: 7
jump in
a1 :66  b1: 66 bucket_id: 2 local_depth1: 7
jump in
a1 :2  b1: 66 bucket_id: 2 local_depth1: 7
a1 :66  b1: 66 bucket_id: 2 local_depth1: 7
jump in
a1 :2  b1: 66 bucket_id: 2 local_depth1: 7
a1 :66  b1: 66 bucket_id: 2 local_depth1: 7
jump in
a1 :2  b1: 66 bucket_id: 2 local_depth1: 7
a1 :66  b1: 66 bucket_id: 2 local_depth1: 7
jump in
a1 :66  b1: 66 bucket_id: 2 local_depth1: 7
jump in
a1 :2  b1: 66 bucket_id: 2 local_depth1: 7
101110010101001
111111100000000
getFreeBucket
bucket_id: 66
111111100000000getFreeKvSlot
insert
search
getFreeBucket
bucket_id: 67
111111111111111splitBucket
local_depth1: 6
getFreeSlot
getNewBucket
newbucket: 000000000000000
111111111111111
000000000000000
a1 :3  b1: 67 bucket_id: 3 local_depth1: 7
a1 :67  b1: 67 bucket_id: 3 local_depth1: 7
jump in
a1 :3  b1: 67 bucket_id: 3 local_depth1: 7
a1 :3  b1: 67 bucket_id: 3 local_depth1: 7
a1 :3  b1: 67 bucket_id: 3 local_depth1: 7
a1 :67  b1: 67 bucket_id: 3 local_depth1: 7
jump in
a1 :67  b1: 67 bucket_id: 3 local_depth1: 7
jump in
a1 :3  b1: 67 bucket_id: 3 local_depth1: 7
a1 :67  b1: 67 bucket_id: 3 local_depth1: 7
jump in
a1 :3  b1: 67 bucket_id: 3 local_depth1: 7
a1 :67  b1: 67 bucket_id: 3 local_depth1: 7
jump in
a1 :3  b1: 67 bucket_id: 3 local_depth1: 7
a1 :67  b1: 67 bucket_id: 3 local_depth1: 7
jump in
a1 :67  b1: 67 bucket_id: 3 local_depth1: 7
jump in
a1 :3  b1: 67 bucket_id: 3 local_depth1: 7
101110010101001
111111100000000
getFreeBucket
bucket_id: 67
111111100000000getFreeKvSlot
insert
search
getFreeBucket
bucket_id: 68
111111111111111splitBucket
local_depth1: 6
getFreeSlot
getNewBucket
newbucket: 000000000000000
111111111111111
000000000000000
a1 :4  b1: 68 bucket_id: 4 local_depth1: 7
a1 :4  b1: 68 bucket_id: 4 local_depth1: 7
a1 :4  b1: 68 bucket_id: 4 local_depth1: 7
a1 :4  b1: 68 bucket_id: 4 local_depth1: 7
a1 :68  b1: 68 bucket_id: 4 local_depth1: 7
jump in
a1 :68  b1: 68 bucket_id: 4 local_depth1: 7
jump in
a1 :4  b1: 68 bucket_id: 4 local_depth1: 7
a1 :68  b1: 68 bucket_id: 4 local_depth1: 7
jump in
a1 :68  b1: 68 bucket_id: 4 local_depth1: 7
jump in
a1 :68  b1: 68 bucket_id: 4 local_depth1: 7
jump in
a1 :4  b1: 68 bucket_id: 4 local_depth1: 7
a1 :4  b1: 68 bucket_id: 4 local_depth1: 7
a1 :68  b1: 68 bucket_id: 4 local_depth1: 7
jump in
a1 :4  b1: 68 bucket_id: 4 local_depth1: 7
a1 :68  b1: 68 bucket_id: 4 local_depth1: 7
jump in
111100100011010
111111100000000
getFreeBucket
bucket_id: 68
111111100000000getFreeKvSlot
insert
search
getFreeBucket
bucket_id: 69
111111111111111splitBucket
local_depth1: 6
getFreeSlot
getNewBucket
newbucket: 000000000000000
111111111111111
000000000000000
a1 :5  b1: 69 bucket_id: 5 local_depth1: 7
a1 :5  b1: 69 bucket_id: 5 local_depth1: 7
a1 :5  b1: 69 bucket_id: 5 local_depth1: 7
a1 :5  b1: 69 bucket_id: 5 local_depth1: 7
a1 :69  b1: 69 bucket_id: 5 local_depth1: 7
jump in
a1 :69  b1: 69 bucket_id: 5 local_depth1: 7
jump in
a1 :5  b1: 69 bucket_id: 5 local_depth1: 7
a1 :69  b1: 69 bucket_id: 5 local_depth1: 7
jump in
a1 :69  b1: 69 bucket_id: 5 local_depth1: 7
jump in
a1 :69  b1: 69 bucket_id: 5 local_depth1: 7
jump in
a1 :5  b1: 69 bucket_id: 5 local_depth1: 7
a1 :5  b1: 69 bucket_id: 5 local_depth1: 7
a1 :69  b1: 69 bucket_id: 5 local_depth1: 7
jump in
a1 :5  b1: 69 bucket_id: 5 local_depth1: 7
a1 :69  b1: 69 bucket_id: 5 local_depth1: 7
jump in
111100100011010
111111100000000
getFreeBucket
bucket_id: 69
111111100000000getFreeKvSlot
insert
search
getFreeBucket
bucket_id: 70
111111111111111splitBucket
local_depth1: 6
getFreeSlot
getNewBucket
newbucket: 000000000000000
111111111111111
000000000000000
a1 :6  b1: 70 bucket_id: 6 local_depth1: 7
a1 :6  b1: 70 bucket_id: 6 local_depth1: 7
a1 :6  b1: 70 bucket_id: 6 local_depth1: 7
a1 :6  b1: 70 bucket_id: 6 local_depth1: 7
a1 :70  b1: 70 bucket_id: 6 local_depth1: 7
jump in
a1 :6  b1: 70 bucket_id: 6 local_depth1: 7
a1 :70  b1: 70 bucket_id: 6 local_depth1: 7
jump in
a1 :70  b1: 70 bucket_id: 6 local_depth1: 7
jump in
a1 :70  b1: 70 bucket_id: 6 local_depth1: 7
jump in
a1 :70  b1: 70 bucket_id: 6 local_depth1: 7
jump in
a1 :6  b1: 70 bucket_id: 6 local_depth1: 7
a1 :6  b1: 70 bucket_id: 6 local_depth1: 7
a1 :70  b1: 70 bucket_id: 6 local_depth1: 7
jump in
a1 :6  b1: 70 bucket_id: 6 local_depth1: 7
a1 :70  b1: 70 bucket_id: 6 local_depth1: 7
jump in
111101000011010
111111100000000
getFreeBucket
bucket_id: 70
111111100000000getFreeKvSlot
insert
search
getFreeBucket
bucket_id: 71
111111111111111splitBucket
local_depth1: 6
getFreeSlot
getNewBucket
newbucket: 000000000000000
111111111111111
000000000000000
a1 :7  b1: 71 bucket_id: 7 local_depth1: 7
a1 :7  b1: 71 bucket_id: 7 local_depth1: 7
a1 :7  b1: 71 bucket_id: 7 local_depth1: 7
a1 :7  b1: 71 bucket_id: 7 local_depth1: 7
a1 :71  b1: 71 bucket_id: 7 local_depth1: 7
jump in
a1 :7  b1: 71 bucket_id: 7 local_depth1: 7
a1 :71  b1: 71 bucket_id: 7 local_depth1: 7
jump in
a1 :71  b1: 71 bucket_id: 7 local_depth1: 7
jump in
a1 :71  b1: 71 bucket_id: 7 local_depth1: 7
jump in
a1 :71  b1: 71 bucket_id: 7 local_depth1: 7
jump in
a1 :7  b1: 71 bucket_id: 7 local_depth1: 7
a1 :7  b1: 71 bucket_id: 7 local_depth1: 7
a1 :71  b1: 71 bucket_id: 7 local_depth1: 7
jump in
a1 :7  b1: 71 bucket_id: 7 local_depth1: 7
a1 :71  b1: 71 bucket_id: 7 local_depth1: 7
jump in
111101000011010
111111100000000
getFreeBucket
bucket_id: 71
111111100000000getFreeKvSlot
insert
search
getFreeBucket
bucket_id: 72
111111111111111splitBucket
local_depth1: 6
getFreeSlot
getNewBucket
newbucket: 000000000000000
111111111111111
000000000000000
a1 :72  b1: 72 bucket_id: 8 local_depth1: 7
jump in
a1 :8  b1: 72 bucket_id: 8 local_depth1: 7
a1 :8  b1: 72 bucket_id: 8 local_depth1: 7
a1 :8  b1: 72 bucket_id: 8 local_depth1: 7
a1 :72  b1: 72 bucket_id: 8 local_depth1: 7
jump in
a1 :8  b1: 72 bucket_id: 8 local_depth1: 7
a1 :72  b1: 72 bucket_id: 8 local_depth1: 7
jump in
a1 :72  b1: 72 bucket_id: 8 local_depth1: 7
jump in
a1 :8  b1: 72 bucket_id: 8 local_depth1: 7
a1 :8  b1: 72 bucket_id: 8 local_depth1: 7
a1 :8  b1: 72 bucket_id: 8 local_depth1: 7
a1 :72  b1: 72 bucket_id: 8 local_depth1: 7
jump in
a1 :72  b1: 72 bucket_id: 8 local_depth1: 7
jump in
a1 :72  b1: 72 bucket_id: 8 local_depth1: 7
jump in
a1 :8  b1: 72 bucket_id: 8 local_depth1: 7
011101001110001
111111100000000
getFreeBucket
bucket_id: 72
111111100000000getFreeKvSlot
insert
search
getFreeBucket
bucket_id: 73
111111111111111splitBucket
local_depth1: 6
getFreeSlot
getNewBucket
newbucket: 000000000000000
111111111111111
000000000000000
a1 :73  b1: 73 bucket_id: 9 local_depth1: 7
jump in
a1 :9  b1: 73 bucket_id: 9 local_depth1: 7
a1 :9  b1: 73 bucket_id: 9 local_depth1: 7
a1 :9  b1: 73 bucket_id: 9 local_depth1: 7
a1 :73  b1: 73 bucket_id: 9 local_depth1: 7
jump in
a1 :9  b1: 73 bucket_id: 9 local_depth1: 7
a1 :73  b1: 73 bucket_id: 9 local_depth1: 7
jump in
a1 :73  b1: 73 bucket_id: 9 local_depth1: 7
jump in
a1 :9  b1: 73 bucket_id: 9 local_depth1: 7
a1 :9  b1: 73 bucket_id: 9 local_depth1: 7
a1 :9  b1: 73 bucket_id: 9 local_depth1: 7
a1 :73  b1: 73 bucket_id: 9 local_depth1: 7
jump in
a1 :73  b1: 73 bucket_id: 9 local_depth1: 7
jump in
a1 :73  b1: 73 bucket_id: 9 local_depth1: 7
jump in
a1 :9  b1: 73 bucket_id: 9 local_depth1: 7
011101001110001
111111100000000
getFreeBucket
bucket_id: 73
111111100000000getFreeKvSlot
insert
search
getFreeBucket
bucket_id: 74
111111111111111splitBucket
local_depth1: 6
getFreeSlot
getNewBucket
newbucket: 000000000000000
111111111111111
000000000000000
a1 :10  b1: 74 bucket_id: 10 local_depth1: 7
a1 :74  b1: 74 bucket_id: 10 local_depth1: 7
jump in
a1 :10  b1: 74 bucket_id: 10 local_depth1: 7
a1 :10  b1: 74 bucket_id: 10 local_depth1: 7
a1 :74  b1: 74 bucket_id: 10 local_depth1: 7
jump in
a1 :10  b1: 74 bucket_id: 10 local_depth1: 7
a1 :74  b1: 74 bucket_id: 10 local_depth1: 7
jump in
a1 :74  b1: 74 bucket_id: 10 local_depth1: 7
jump in
a1 :10  b1: 74 bucket_id: 10 local_depth1: 7
a1 :10  b1: 74 bucket_id: 10 local_depth1: 7
a1 :10  b1: 74 bucket_id: 10 local_depth1: 7
a1 :74  b1: 74 bucket_id: 10 local_depth1: 7
jump in
a1 :74  b1: 74 bucket_id: 10 local_depth1: 7
jump in
a1 :74  b1: 74 bucket_id: 10 local_depth1: 7
jump in
a1 :10  b1: 74 bucket_id: 10 local_depth1: 7
101101001110001
111111100000000
getFreeBucket
bucket_id: 74
111111100000000getFreeKvSlot
insert
search
getFreeBucket
bucket_id: 75
111111111111111splitBucket
local_depth1: 6
getFreeSlot
getNewBucket
newbucket: 000000000000000
111111111111111
000000000000000
a1 :11  b1: 75 bucket_id: 11 local_depth1: 7
a1 :75  b1: 75 bucket_id: 11 local_depth1: 7
jump in
a1 :11  b1: 75 bucket_id: 11 local_depth1: 7
a1 :11  b1: 75 bucket_id: 11 local_depth1: 7
a1 :75  b1: 75 bucket_id: 11 local_depth1: 7
jump in
a1 :11  b1: 75 bucket_id: 11 local_depth1: 7
a1 :75  b1: 75 bucket_id: 11 local_depth1: 7
jump in
a1 :75  b1: 75 bucket_id: 11 local_depth1: 7
jump in
a1 :11  b1: 75 bucket_id: 11 local_depth1: 7
a1 :11  b1: 75 bucket_id: 11 local_depth1: 7
a1 :11  b1: 75 bucket_id: 11 local_depth1: 7
a1 :75  b1: 75 bucket_id: 11 local_depth1: 7
jump in
a1 :75  b1: 75 bucket_id: 11 local_depth1: 7
jump in
a1 :75  b1: 75 bucket_id: 11 local_depth1: 7
jump in
a1 :11  b1: 75 bucket_id: 11 local_depth1: 7
101101001110001
111111100000000
getFreeBucket
bucket_id: 75
111111100000000getFreeKvSlot
insert
search
getFreeBucket
bucket_id: 76
111111111111111splitBucket
local_depth1: 6
getFreeSlot
getNewBucket
newbucket: 000000000000000
111111111111111
000000000000000
a1 :12  b1: 76 bucket_id: 12 local_depth1: 7
a1 :12  b1: 76 bucket_id: 12 local_depth1: 7
a1 :12  b1: 76 bucket_id: 12 local_depth1: 7
a1 :76  b1: 76 bucket_id: 12 local_depth1: 7
jump in
a1 :76  b1: 76 bucket_id: 12 local_depth1: 7
jump in
a1 :76  b1: 76 bucket_id: 12 local_depth1: 7
jump in
a1 :12  b1: 76 bucket_id: 12 local_depth1: 7
a1 :76  b1: 76 bucket_id: 12 local_depth1: 7
jump in
a1 :12  b1: 76 bucket_id: 12 local_depth1: 7
a1 :12  b1: 76 bucket_id: 12 local_depth1: 7
a1 :12  b1: 76 bucket_id: 12 local_depth1: 7
a1 :76  b1: 76 bucket_id: 12 local_depth1: 7
jump in
a1 :76  b1: 76 bucket_id: 12 local_depth1: 7
jump in
a1 :76  b1: 76 bucket_id: 12 local_depth1: 7
jump in
a1 :12  b1: 76 bucket_id: 12 local_depth1: 7
111000101110001
111111100000000
getFreeBucket
bucket_id: 76
111111100000000getFreeKvSlot
insert
search
getFreeBucket
bucket_id: 77
111111111111111splitBucket
local_depth1: 6
getFreeSlot
getNewBucket
newbucket: 000000000000000
111111111111111
000000000000000
a1 :13  b1: 77 bucket_id: 13 local_depth1: 7
a1 :13  b1: 77 bucket_id: 13 local_depth1: 7
a1 :13  b1: 77 bucket_id: 13 local_depth1: 7
a1 :77  b1: 77 bucket_id: 13 local_depth1: 7
jump in
a1 :77  b1: 77 bucket_id: 13 local_depth1: 7
jump in
a1 :77  b1: 77 bucket_id: 13 local_depth1: 7
jump in
a1 :13  b1: 77 bucket_id: 13 local_depth1: 7
a1 :77  b1: 77 bucket_id: 13 local_depth1: 7
jump in
a1 :13  b1: 77 bucket_id: 13 local_depth1: 7
a1 :13  b1: 77 bucket_id: 13 local_depth1: 7
a1 :13  b1: 77 bucket_id: 13 local_depth1: 7
a1 :77  b1: 77 bucket_id: 13 local_depth1: 7
jump in
a1 :77  b1: 77 bucket_id: 13 local_depth1: 7
jump in
a1 :77  b1: 77 bucket_id: 13 local_depth1: 7
jump in
a1 :13  b1: 77 bucket_id: 13 local_depth1: 7
111000101110001
111111100000000
getFreeBucket
bucket_id: 77
111111100000000getFreeKvSlot
insert
search
getFreeBucket
bucket_id: 78
111111111111111splitBucket
local_depth1: 6
getFreeSlot
getNewBucket
newbucket: 000000000000000
111111111111111
000000000000000
a1 :14  b1: 78 bucket_id: 14 local_depth1: 7
a1 :14  b1: 78 bucket_id: 14 local_depth1: 7
a1 :14  b1: 78 bucket_id: 14 local_depth1: 7
a1 :78  b1: 78 bucket_id: 14 local_depth1: 7
jump in
a1 :78  b1: 78 bucket_id: 14 local_depth1: 7
jump in
a1 :78  b1: 78 bucket_id: 14 local_depth1: 7
jump in
a1 :14  b1: 78 bucket_id: 14 local_depth1: 7
a1 :78  b1: 78 bucket_id: 14 local_depth1: 7
jump in
a1 :14  b1: 78 bucket_id: 14 local_depth1: 7
a1 :14  b1: 78 bucket_id: 14 local_depth1: 7
a1 :14  b1: 78 bucket_id: 14 local_depth1: 7
a1 :78  b1: 78 bucket_id: 14 local_depth1: 7
jump in
a1 :78  b1: 78 bucket_id: 14 local_depth1: 7
jump in
a1 :78  b1: 78 bucket_id: 14 local_depth1: 7
jump in
a1 :14  b1: 78 bucket_id: 14 local_depth1: 7
111000101110001
111111100000000
getFreeBucket
bucket_id: 78
111111100000000getFreeKvSlot
insert
search
getFreeBucket
bucket_id: 79
111111111111111splitBucket
local_depth1: 6
getFreeSlot
getNewBucket
newbucket: 000000000000000
111111111111111
000000000000000
a1 :15  b1: 79 bucket_id: 15 local_depth1: 7
a1 :15  b1: 79 bucket_id: 15 local_depth1: 7
a1 :15  b1: 79 bucket_id: 15 local_depth1: 7
a1 :79  b1: 79 bucket_id: 15 local_depth1: 7
jump in
a1 :79  b1: 79 bucket_id: 15 local_depth1: 7
jump in
a1 :79  b1: 79 bucket_id: 15 local_depth1: 7
jump in
a1 :15  b1: 79 bucket_id: 15 local_depth1: 7
a1 :79  b1: 79 bucket_id: 15 local_depth1: 7
jump in
a1 :15  b1: 79 bucket_id: 15 local_depth1: 7
a1 :15  b1: 79 bucket_id: 15 local_depth1: 7
a1 :15  b1: 79 bucket_id: 15 local_depth1: 7
a1 :79  b1: 79 bucket_id: 15 local_depth1: 7
jump in
a1 :79  b1: 79 bucket_id: 15 local_depth1: 7
jump in
a1 :79  b1: 79 bucket_id: 15 local_depth1: 7
jump in
a1 :15  b1: 79 bucket_id: 15 local_depth1: 7
111000101110001
111111100000000
getFreeBucket
bucket_id: 79
111111100000000getFreeKvSlot
insert
search
getFreeBucket
bucket_id: 80
111111111111111splitBucket
local_depth1: 6
getFreeSlot
getNewBucket
allocNewPage
2564104
newbucket: 000000000000000
111111111111111
000000000000000
a1 :16  b1: 80 bucket_id: 16 local_depth1: 7
a1 :80  b1: 80 bucket_id: 16 local_depth1: 7
jump in
a1 :16  b1: 80 bucket_id: 16 local_depth1: 7
a1 :16  b1: 80 bucket_id: 16 local_depth1: 7
a1 :80  b1: 80 bucket_id: 16 local_depth1: 7
jump in
a1 :80  b1: 80 bucket_id: 16 local_depth1: 7
jump in
a1 :16  b1: 80 bucket_id: 16 local_depth1: 7
a1 :80  b1: 80 bucket_id: 16 local_depth1: 7
jump in
a1 :16  b1: 80 bucket_id: 16 local_depth1: 7
a1 :16  b1: 80 bucket_id: 16 local_depth1: 7
a1 :80  b1: 80 bucket_id: 16 local_depth1: 7
jump in
a1 :80  b1: 80 bucket_id: 16 local_depth1: 7
jump in
a1 :16  b1: 80 bucket_id: 16 local_depth1: 7
a1 :16  b1: 80 bucket_id: 16 local_depth1: 7
a1 :80  b1: 80 bucket_id: 16 local_depth1: 7
jump in
101100101100110
111111100000000
getFreeBucket
bucket_id: 80
111111100000000getFreeKvSlot
insert
search
getFreeBucket
bucket_id: 81
111111111111111splitBucket
local_depth1: 6
getFreeSlot
getNewBucket
newbucket: 000000000000000
111111111111111
000000000000000
a1 :17  b1: 81 bucket_id: 17 local_depth1: 7
a1 :81  b1: 81 bucket_id: 17 local_depth1: 7
jump in
a1 :17  b1: 81 bucket_id: 17 local_depth1: 7
a1 :17  b1: 81 bucket_id: 17 local_depth1: 7
a1 :81  b1: 81 bucket_id: 17 local_depth1: 7
jump in
a1 :81  b1: 81 bucket_id: 17 local_depth1: 7
jump in
a1 :17  b1: 81 bucket_id: 17 local_depth1: 7
a1 :81  b1: 81 bucket_id: 17 local_depth1: 7
jump in
a1 :17  b1: 81 bucket_id: 17 local_depth1: 7
a1 :17  b1: 81 bucket_id: 17 local_depth1: 7
a1 :81  b1: 81 bucket_id: 17 local_depth1: 7
jump in
a1 :81  b1: 81 bucket_id: 17 local_depth1: 7
jump in
a1 :17  b1: 81 bucket_id: 17 local_depth1: 7
a1 :17  b1: 81 bucket_id: 17 local_depth1: 7
a1 :81  b1: 81 bucket_id: 17 local_depth1: 7
jump in
101100101100110
111111100000000
getFreeBucket
bucket_id: 81
111111100000000getFreeKvSlot
insert
search
getFreeBucket
bucket_id: 82
111111111111111splitBucket
local_depth1: 6
getFreeSlot
getNewBucket
newbucket: 000000000000000
111111111111111
000000000000000
a1 :18  b1: 82 bucket_id: 18 local_depth1: 7
a1 :18  b1: 82 bucket_id: 18 local_depth1: 7
a1 :82  b1: 82 bucket_id: 18 local_depth1: 7
jump in
a1 :18  b1: 82 bucket_id: 18 local_depth1: 7
a1 :82  b1: 82 bucket_id: 18 local_depth1: 7
jump in
a1 :82  b1: 82 bucket_id: 18 local_depth1: 7
jump in
a1 :18  b1: 82 bucket_id: 18 local_depth1: 7
a1 :82  b1: 82 bucket_id: 18 local_depth1: 7
jump in
a1 :18  b1: 82 bucket_id: 18 local_depth1: 7
a1 :18  b1: 82 bucket_id: 18 local_depth1: 7
a1 :82  b1: 82 bucket_id: 18 local_depth1: 7
jump in
a1 :82  b1: 82 bucket_id: 18 local_depth1: 7
jump in
a1 :18  b1: 82 bucket_id: 18 local_depth1: 7
a1 :18  b1: 82 bucket_id: 18 local_depth1: 7
a1 :82  b1: 82 bucket_id: 18 local_depth1: 7
jump in
110100101100110
111111100000000
getFreeBucket
bucket_id: 82
111111100000000getFreeKvSlot
insert
search
getFreeBucket
bucket_id: 83
111111111111111splitBucket
local_depth1: 6
getFreeSlot
getNewBucket
newbucket: 000000000000000
111111111111111
000000000000000
a1 :19  b1: 83 bucket_id: 19 local_depth1: 7
a1 :19  b1: 83 bucket_id: 19 local_depth1: 7
a1 :83  b1: 83 bucket_id: 19 local_depth1: 7
jump in
a1 :19  b1: 83 bucket_id: 19 local_depth1: 7
a1 :83  b1: 83 bucket_id: 19 local_depth1: 7
jump in
a1 :83  b1: 83 bucket_id: 19 local_depth1: 7
jump in
a1 :19  b1: 83 bucket_id: 19 local_depth1: 7
a1 :83  b1: 83 bucket_id: 19 local_depth1: 7
jump in
a1 :19  b1: 83 bucket_id: 19 local_depth1: 7
a1 :19  b1: 83 bucket_id: 19 local_depth1: 7
a1 :83  b1: 83 bucket_id: 19 local_depth1: 7
jump in
a1 :83  b1: 83 bucket_id: 19 local_depth1: 7
jump in
a1 :19  b1: 83 bucket_id: 19 local_depth1: 7
a1 :19  b1: 83 bucket_id: 19 local_depth1: 7
a1 :83  b1: 83 bucket_id: 19 local_depth1: 7
jump in
110100101100110
111111100000000
getFreeBucket
bucket_id: 83
111111100000000getFreeKvSlot
insert
search
getFreeBucket
bucket_id: 84
111111111111111splitBucket
local_depth1: 6
getFreeSlot
getNewBucket
newbucket: 000000000000000
111111111111111
000000000000000
a1 :20  b1: 84 bucket_id: 20 local_depth1: 7
a1 :20  b1: 84 bucket_id: 20 local_depth1: 7
a1 :20  b1: 84 bucket_id: 20 local_depth1: 7
a1 :84  b1: 84 bucket_id: 20 local_depth1: 7
jump in
a1 :84  b1: 84 bucket_id: 20 local_depth1: 7
jump in
a1 :84  b1: 84 bucket_id: 20 local_depth1: 7
jump in
a1 :20  b1: 84 bucket_id: 20 local_depth1: 7
a1 :84  b1: 84 bucket_id: 20 local_depth1: 7
jump in
a1 :20  b1: 84 bucket_id: 20 local_depth1: 7
a1 :20  b1: 84 bucket_id: 20 local_depth1: 7
a1 :84  b1: 84 bucket_id: 20 local_depth1: 7
jump in
a1 :84  b1: 84 bucket_id: 20 local_depth1: 7
jump in
a1 :20  b1: 84 bucket_id: 20 local_depth1: 7
a1 :20  b1: 84 bucket_id: 20 local_depth1: 7
a1 :84  b1: 84 bucket_id: 20 local_depth1: 7
jump in
111000101100110
111111100000000
getFreeBucket
bucket_id: 84
111111100000000getFreeKvSlot
insert
search
getFreeBucket
bucket_id: 85
111111111111111splitBucket
local_depth1: 6
getFreeSlot
getNewBucket
newbucket: 000000000000000
111111111111111
000000000000000
a1 :21  b1: 85 bucket_id: 21 local_depth1: 7
a1 :21  b1: 85 bucket_id: 21 local_depth1: 7
a1 :21  b1: 85 bucket_id: 21 local_depth1: 7
a1 :85  b1: 85 bucket_id: 21 local_depth1: 7
jump in
a1 :85  b1: 85 bucket_id: 21 local_depth1: 7
jump in
a1 :85  b1: 85 bucket_id: 21 local_depth1: 7
jump in
a1 :21  b1: 85 bucket_id: 21 local_depth1: 7
a1 :85  b1: 85 bucket_id: 21 local_depth1: 7
jump in
a1 :21  b1: 85 bucket_id: 21 local_depth1: 7
a1 :21  b1: 85 bucket_id: 21 local_depth1: 7
a1 :85  b1: 85 bucket_id: 21 local_depth1: 7
jump in
a1 :85  b1: 85 bucket_id: 21 local_depth1: 7
jump in
a1 :21  b1: 85 bucket_id: 21 local_depth1: 7
a1 :21  b1: 85 bucket_id: 21 local_depth1: 7
a1 :85  b1: 85 bucket_id: 21 local_depth1: 7
jump in
111000101100110
111111100000000
getFreeBucket
bucket_id: 85
111111100000000getFreeKvSlot
insert
search
getFreeBucket
bucket_id: 86
111111111111111splitBucket
local_depth1: 6
getFreeSlot
getNewBucket
newbucket: 000000000000000
111111111111111
000000000000000
a1 :22  b1: 86 bucket_id: 22 local_depth1: 7
a1 :22  b1: 86 bucket_id: 22 local_depth1: 7
a1 :22  b1: 86 bucket_id: 22 local_depth1: 7
a1 :86  b1: 86 bucket_id: 22 local_depth1: 7
jump in
a1 :86  b1: 86 bucket_id: 22 local_depth1: 7
jump in
a1 :86  b1: 86 bucket_id: 22 local_depth1: 7
jump in
a1 :22  b1: 86 bucket_id: 22 local_depth1: 7
a1 :86  b1: 86 bucket_id: 22 local_depth1: 7
jump in
a1 :22  b1: 86 bucket_id: 22 local_depth1: 7
a1 :22  b1: 86 bucket_id: 22 local_depth1: 7
a1 :86  b1: 86 bucket_id: 22 local_depth1: 7
jump in
a1 :86  b1: 86 bucket_id: 22 local_depth1: 7
jump in
a1 :22  b1: 86 bucket_id: 22 local_depth1: 7
a1 :22  b1: 86 bucket_id: 22 local_depth1: 7
a1 :86  b1: 86 bucket_id: 22 local_depth1: 7
jump in
111000101100110
111111100000000
getFreeBucket
bucket_id: 86
111111100000000getFreeKvSlot
insert
search
getFreeBucket
bucket_id: 87
111111111111111splitBucket
local_depth1: 6
getFreeSlot
getNewBucket
newbucket: 000000000000000
111111111111111
000000000000000
a1 :23  b1: 87 bucket_id: 23 local_depth1: 7
a1 :23  b1: 87 bucket_id: 23 local_depth1: 7
a1 :23  b1: 87 bucket_id: 23 local_depth1: 7
a1 :87  b1: 87 bucket_id: 23 local_depth1: 7
jump in
a1 :87  b1: 87 bucket_id: 23 local_depth1: 7
jump in
a1 :87  b1: 87 bucket_id: 23 local_depth1: 7
jump in
a1 :23  b1: 87 bucket_id: 23 local_depth1: 7
a1 :87  b1: 87 bucket_id: 23 local_depth1: 7
jump in
a1 :23  b1: 87 bucket_id: 23 local_depth1: 7
a1 :23  b1: 87 bucket_id: 23 local_depth1: 7
a1 :87  b1: 87 bucket_id: 23 local_depth1: 7
jump in
a1 :87  b1: 87 bucket_id: 23 local_depth1: 7
jump in
a1 :23  b1: 87 bucket_id: 23 local_depth1: 7
a1 :23  b1: 87 bucket_id: 23 local_depth1: 7
a1 :87  b1: 87 bucket_id: 23 local_depth1: 7
jump in
111000101100110
111111100000000
getFreeBucket
bucket_id: 87
111111100000000getFreeKvSlot
insert
search
getFreeBucket
bucket_id: 88
111111111111111splitBucket
local_depth1: 6
getFreeSlot
getNewBucket
newbucket: 000000000000000
111111111111111
000000000000000
a1 :88  b1: 88 bucket_id: 24 local_depth1: 7
jump in
a1 :24  b1: 88 bucket_id: 24 local_depth1: 7
a1 :24  b1: 88 bucket_id: 24 local_depth1: 7
a1 :88  b1: 88 bucket_id: 24 local_depth1: 7
jump in
a1 :24  b1: 88 bucket_id: 24 local_depth1: 7
a1 :24  b1: 88 bucket_id: 24 local_depth1: 7
a1 :88  b1: 88 bucket_id: 24 local_depth1: 7
jump in
a1 :88  b1: 88 bucket_id: 24 local_depth1: 7
jump in
a1 :24  b1: 88 bucket_id: 24 local_depth1: 7
a1 :24  b1: 88 bucket_id: 24 local_depth1: 7
a1 :88  b1: 88 bucket_id: 24 local_depth1: 7
jump in
a1 :88  b1: 88 bucket_id: 24 local_depth1: 7
jump in
a1 :24  b1: 88 bucket_id: 24 local_depth1: 7
a1 :24  b1: 88 bucket_id: 24 local_depth1: 7
a1 :88  b1: 88 bucket_id: 24 local_depth1: 7
jump in
011011001100110
111111100000000
getFreeBucket
bucket_id: 88
111111100000000getFreeKvSlot
insert
search
getFreeBucket
bucket_id: 89
111111111111111splitBucket
local_depth1: 6
getFreeSlot
getNewBucket
newbucket: 000000000000000
111111111111111
000000000000000
a1 :89  b1: 89 bucket_id: 25 local_depth1: 7
jump in
a1 :25  b1: 89 bucket_id: 25 local_depth1: 7
a1 :25  b1: 89 bucket_id: 25 local_depth1: 7
a1 :89  b1: 89 bucket_id: 25 local_depth1: 7
jump in
a1 :25  b1: 89 bucket_id: 25 local_depth1: 7
a1 :25  b1: 89 bucket_id: 25 local_depth1: 7
a1 :89  b1: 89 bucket_id: 25 local_depth1: 7
jump in
a1 :89  b1: 89 bucket_id: 25 local_depth1: 7
jump in
a1 :25  b1: 89 bucket_id: 25 local_depth1: 7
a1 :25  b1: 89 bucket_id: 25 local_depth1: 7
a1 :89  b1: 89 bucket_id: 25 local_depth1: 7
jump in
a1 :89  b1: 89 bucket_id: 25 local_depth1: 7
jump in
a1 :25  b1: 89 bucket_id: 25 local_depth1: 7
a1 :25  b1: 89 bucket_id: 25 local_depth1: 7
a1 :89  b1: 89 bucket_id: 25 local_depth1: 7
jump in
011011001100110
111111100000000
getFreeBucket
bucket_id: 89
111111100000000getFreeKvSlot
insert
search
getFreeBucket
bucket_id: 90
111111111111111splitBucket
local_depth1: 6
getFreeSlot
getNewBucket
newbucket: 000000000000000
111111111111111
000000000000000
a1 :26  b1: 90 bucket_id: 26 local_depth1: 7
a1 :90  b1: 90 bucket_id: 26 local_depth1: 7
jump in
a1 :26  b1: 90 bucket_id: 26 local_depth1: 7
a1 :90  b1: 90 bucket_id: 26 local_depth1: 7
jump in
a1 :26  b1: 90 bucket_id: 26 local_depth1: 7
a1 :26  b1: 90 bucket_id: 26 local_depth1: 7
a1 :90  b1: 90 bucket_id: 26 local_depth1: 7
jump in
a1 :90  b1: 90 bucket_id: 26 local_depth1: 7
jump in
a1 :26  b1: 90 bucket_id: 26 local_depth1: 7
a1 :26  b1: 90 bucket_id: 26 local_depth1: 7
a1 :90  b1: 90 bucket_id: 26 local_depth1: 7
jump in
a1 :90  b1: 90 bucket_id: 26 local_depth1: 7
jump in
a1 :26  b1: 90 bucket_id: 26 local_depth1: 7
a1 :26  b1: 90 bucket_id: 26 local_depth1: 7
a1 :90  b1: 90 bucket_id: 26 local_depth1: 7
jump in
101011001100110
111111100000000
getFreeBucket
bucket_id: 90
111111100000000getFreeKvSlot
insert
search
getFreeBucket
bucket_id: 91
111111111111111splitBucket
local_depth1: 6
getFreeSlot
getNewBucket
newbucket: 000000000000000
111111111111111
000000000000000
a1 :27  b1: 91 bucket_id: 27 local_depth1: 7
a1 :91  b1: 91 bucket_id: 27 local_depth1: 7
jump in
a1 :27  b1: 91 bucket_id: 27 local_depth1: 7
a1 :91  b1: 91 bucket_id: 27 local_depth1: 7
jump in
a1 :27  b1: 91 bucket_id: 27 local_depth1: 7
a1 :27  b1: 91 bucket_id: 27 local_depth1: 7
a1 :91  b1: 91 bucket_id: 27 local_depth1: 7
jump in
a1 :91  b1: 91 bucket_id: 27 local_depth1: 7
jump in
a1 :27  b1: 91 bucket_id: 27 local_depth1: 7
a1 :27  b1: 91 bucket_id: 27 local_depth1: 7
a1 :91  b1: 91 bucket_id: 27 local_depth1: 7
jump in
a1 :91  b1: 91 bucket_id: 27 local_depth1: 7
jump in
a1 :27  b1: 91 bucket_id: 27 local_depth1: 7
a1 :27  b1: 91 bucket_id: 27 local_depth1: 7
a1 :91  b1: 91 bucket_id: 27 local_depth1: 7
jump in
101011001100110
111111100000000
getFreeBucket
bucket_id: 91
111111100000000getFreeKvSlot
insert
search
getFreeBucket
bucket_id: 92
111111111111111splitBucket
local_depth1: 6
getFreeSlot
getNewBucket
newbucket: 000000000000000
111111111111111
000000000000000
a1 :28  b1: 92 bucket_id: 28 local_depth1: 7
a1 :28  b1: 92 bucket_id: 28 local_depth1: 7
a1 :92  b1: 92 bucket_id: 28 local_depth1: 7
jump in
a1 :92  b1: 92 bucket_id: 28 local_depth1: 7
jump in
a1 :28  b1: 92 bucket_id: 28 local_depth1: 7
a1 :28  b1: 92 bucket_id: 28 local_depth1: 7
a1 :92  b1: 92 bucket_id: 28 local_depth1: 7
jump in
a1 :92  b1: 92 bucket_id: 28 local_depth1: 7
jump in
a1 :28  b1: 92 bucket_id: 28 local_depth1: 7
a1 :28  b1: 92 bucket_id: 28 local_depth1: 7
a1 :92  b1: 92 bucket_id: 28 local_depth1: 7
jump in
a1 :92  b1: 92 bucket_id: 28 local_depth1: 7
jump in
a1 :28  b1: 92 bucket_id: 28 local_depth1: 7
a1 :28  b1: 92 bucket_id: 28 local_depth1: 7
a1 :92  b1: 92 bucket_id: 28 local_depth1: 7
jump in
110011001100110
111111100000000
getFreeBucket
bucket_id: 92
111111100000000getFreeKvSlot
insert
search
getFreeBucket
bucket_id: 93
111111111111111splitBucket
local_depth1: 6
getFreeSlot
getNewBucket
newbucket: 000000000000000
111111111111111
000000000000000
a1 :29  b1: 93 bucket_id: 29 local_depth1: 7
a1 :29  b1: 93 bucket_id: 29 local_depth1: 7
a1 :93  b1: 93 bucket_id: 29 local_depth1: 7
jump in
a1 :93  b1: 93 bucket_id: 29 local_depth1: 7
jump in
a1 :29  b1: 93 bucket_id: 29 local_depth1: 7
a1 :29  b1: 93 bucket_id: 29 local_depth1: 7
a1 :93  b1: 93 bucket_id: 29 local_depth1: 7
jump in
a1 :93  b1: 93 bucket_id: 29 local_depth1: 7
jump in
a1 :29  b1: 93 bucket_id: 29 local_depth1: 7
a1 :29  b1: 93 bucket_id: 29 local_depth1: 7
a1 :93  b1: 93 bucket_id: 29 local_depth1: 7
jump in
a1 :93  b1: 93 bucket_id: 29 local_depth1: 7
jump in
a1 :29  b1: 93 bucket_id: 29 local_depth1: 7
a1 :29  b1: 93 bucket_id: 29 local_depth1: 7
a1 :93  b1: 93 bucket_id: 29 local_depth1: 7
jump in
110011001100110
111111100000000
getFreeBucket
bucket_id: 93
111111100000000getFreeKvSlot
insert
search
getFreeBucket
bucket_id: 94
111111111111111splitBucket
local_depth1: 6
getFreeSlot
getNewBucket
newbucket: 000000000000000
111111111111111
000000000000000
a1 :30  b1: 94 bucket_id: 30 local_depth1: 7
a1 :30  b1: 94 bucket_id: 30 local_depth1: 7
a1 :94  b1: 94 bucket_id: 30 local_depth1: 7
jump in
a1 :94  b1: 94 bucket_id: 30 local_depth1: 7
jump in
a1 :30  b1: 94 bucket_id: 30 local_depth1: 7
a1 :30  b1: 94 bucket_id: 30 local_depth1: 7
a1 :94  b1: 94 bucket_id: 30 local_depth1: 7
jump in
a1 :94  b1: 94 bucket_id: 30 local_depth1: 7
jump in
a1 :30  b1: 94 bucket_id: 30 local_depth1: 7
a1 :30  b1: 94 bucket_id: 30 local_depth1: 7
a1 :94  b1: 94 bucket_id: 30 local_depth1: 7
jump in
a1 :94  b1: 94 bucket_id: 30 local_depth1: 7
jump in
a1 :30  b1: 94 bucket_id: 30 local_depth1: 7
a1 :30  b1: 94 bucket_id: 30 local_depth1: 7
a1 :94  b1: 94 bucket_id: 30 local_depth1: 7
jump in
110011001100110
111111100000000
getFreeBucket
bucket_id: 94
111111100000000getFreeKvSlot
insert
search
getFreeBucket
bucket_id: 95
111111111111111splitBucket
local_depth1: 6
getFreeSlot
getNewBucket
newbucket: 000000000000000
111111111111111
000000000000000
a1 :31  b1: 95 bucket_id: 31 local_depth1: 7
a1 :31  b1: 95 bucket_id: 31 local_depth1: 7
a1 :95  b1: 95 bucket_id: 31 local_depth1: 7
jump in
a1 :95  b1: 95 bucket_id: 31 local_depth1: 7
jump in
a1 :31  b1: 95 bucket_id: 31 local_depth1: 7
a1 :31  b1: 95 bucket_id: 31 local_depth1: 7
a1 :95  b1: 95 bucket_id: 31 local_depth1: 7
jump in
a1 :95  b1: 95 bucket_id: 31 local_depth1: 7
jump in
a1 :31  b1: 95 bucket_id: 31 local_depth1: 7
a1 :31  b1: 95 bucket_id: 31 local_depth1: 7
a1 :95  b1: 95 bucket_id: 31 local_depth1: 7
jump in
a1 :95  b1: 95 bucket_id: 31 local_depth1: 7
jump in
a1 :31  b1: 95 bucket_id: 31 local_depth1: 7
a1 :31  b1: 95 bucket_id: 31 local_depth1: 7
a1 :95  b1: 95 bucket_id: 31 local_depth1: 7
jump in
110011001100110
111111100000000
getFreeBucket
bucket_id: 95
111111100000000getFreeKvSlot
insert
search
getFreeBucket
bucket_id: 96
111111111111111splitBucket
local_depth1: 6
getFreeSlot
getNewBucket
allocNewPage
2564104
newbucket: 000000000000000
111111111111111
000000000000000
a1 :32  b1: 96 bucket_id: 32 local_depth1: 7
a1 :32  b1: 96 bucket_id: 32 local_depth1: 7
a1 :32  b1: 96 bucket_id: 32 local_depth1: 7
a1 :96  b1: 96 bucket_id: 32 local_depth1: 7
jump in
a1 :96  b1: 96 bucket_id: 32 local_depth1: 7
jump in
a1 :32  b1: 96 bucket_id: 32 local_depth1: 7
a1 :96  b1: 96 bucket_id: 32 local_depth1: 7
jump in
a1 :96  b1: 96 bucket_id: 32 local_depth1: 7
jump in
a1 :32  b1: 96 bucket_id: 32 local_depth1: 7
a1 :96  b1: 96 bucket_id: 32 local_depth1: 7
jump in
a1 :32  b1: 96 bucket_id: 32 local_depth1: 7
a1 :96  b1: 96 bucket_id: 32 local_depth1: 7
jump in
a1 :32  b1: 96 bucket_id: 32 local_depth1: 7
a1 :96  b1: 96 bucket_id: 32 local_depth1: 7
jump in
a1 :32  b1: 96 bucket_id: 32 local_depth1: 7
111001001010101
111111100000000
getFreeBucket
bucket_id: 96
111111100000000getFreeKvSlot
insert
search
getFreeBucket
bucket_id: 97
111111111111111splitBucket
local_depth1: 6
getFreeSlot
getNewBucket
newbucket: 000000000000000
111111111111111
000000000000000
a1 :33  b1: 97 bucket_id: 33 local_depth1: 7
a1 :33  b1: 97 bucket_id: 33 local_depth1: 7
a1 :33  b1: 97 bucket_id: 33 local_depth1: 7
a1 :97  b1: 97 bucket_id: 33 local_depth1: 7
jump in
a1 :97  b1: 97 bucket_id: 33 local_depth1: 7
jump in
a1 :33  b1: 97 bucket_id: 33 local_depth1: 7
a1 :97  b1: 97 bucket_id: 33 local_depth1: 7
jump in
a1 :97  b1: 97 bucket_id: 33 local_depth1: 7
jump in
a1 :33  b1: 97 bucket_id: 33 local_depth1: 7
a1 :97  b1: 97 bucket_id: 33 local_depth1: 7
jump in
a1 :33  b1: 97 bucket_id: 33 local_depth1: 7
a1 :97  b1: 97 bucket_id: 33 local_depth1: 7
jump in
a1 :33  b1: 97 bucket_id: 33 local_depth1: 7
a1 :97  b1: 97 bucket_id: 33 local_depth1: 7
jump in
a1 :33  b1: 97 bucket_id: 33 local_depth1: 7
111001001010101
111111100000000
getFreeBucket
bucket_id: 97
111111100000000getFreeKvSlot
insert
search
getFreeBucket
bucket_id: 98
111111111111111splitBucket
local_depth1: 6
getFreeSlot
getNewBucket
newbucket: 000000000000000
111111111111111
000000000000000
a1 :34  b1: 98 bucket_id: 34 local_depth1: 7
a1 :34  b1: 98 bucket_id: 34 local_depth1: 7
a1 :98  b1: 98 bucket_id: 34 local_depth1: 7
jump in
a1 :34  b1: 98 bucket_id: 34 local_depth1: 7
a1 :98  b1: 98 bucket_id: 34 local_depth1: 7
jump in
a1 :34  b1: 98 bucket_id: 34 local_depth1: 7
a1 :98  b1: 98 bucket_id: 34 local_depth1: 7
jump in
a1 :98  b1: 98 bucket_id: 34 local_depth1: 7
jump in
a1 :34  b1: 98 bucket_id: 34 local_depth1: 7
a1 :98  b1: 98 bucket_id: 34 local_depth1: 7
jump in
a1 :34  b1: 98 bucket_id: 34 local_depth1: 7
a1 :98  b1: 98 bucket_id: 34 local_depth1: 7
jump in
a1 :34  b1: 98 bucket_id: 34 local_depth1: 7
a1 :98  b1: 98 bucket_id: 34 local_depth1: 7
jump in
a1 :34  b1: 98 bucket_id: 34 local_depth1: 7
110101001010101
111111100000000
getFreeBucket
bucket_id: 98
111111100000000getFreeKvSlot
insert
search
getFreeBucket
bucket_id: 99
111111111111111splitBucket
local_depth1: 6
getFreeSlot
getNewBucket
newbucket: 000000000000000
111111111111111
000000000000000
a1 :35  b1: 99 bucket_id: 35 local_depth1: 7
a1 :35  b1: 99 bucket_id: 35 local_depth1: 7
a1 :99  b1: 99 bucket_id: 35 local_depth1: 7
jump in
a1 :35  b1: 99 bucket_id: 35 local_depth1: 7
a1 :99  b1: 99 bucket_id: 35 local_depth1: 7
jump in
a1 :35  b1: 99 bucket_id: 35 local_depth1: 7
a1 :99  b1: 99 bucket_id: 35 local_depth1: 7
jump in
a1 :99  b1: 99 bucket_id: 35 local_depth1: 7
jump in
a1 :35  b1: 99 bucket_id: 35 local_depth1: 7
a1 :99  b1: 99 bucket_id: 35 local_depth1: 7
jump in
a1 :35  b1: 99 bucket_id: 35 local_depth1: 7
a1 :99  b1: 99 bucket_id: 35 local_depth1: 7
jump in
a1 :35  b1: 99 bucket_id: 35 local_depth1: 7
a1 :99  b1: 99 bucket_id: 35 local_depth1: 7
jump in
a1 :35  b1: 99 bucket_id: 35 local_depth1: 7
110101001010101
111111100000000
getFreeBucket
bucket_id: 99
111111100000000getFreeKvSlot
insert
search
getFreeBucket
bucket_id: 100
111111111111111splitBucket
local_depth1: 6
getFreeSlot
getNewBucket
newbucket: 000000000000000
111111111111111
000000000000000
a1 :36  b1: 100 bucket_id: 36 local_depth1: 7
a1 :36  b1: 100 bucket_id: 36 local_depth1: 7
a1 :36  b1: 100 bucket_id: 36 local_depth1: 7
a1 :100  b1: 100 bucket_id: 36 local_depth1: 7
jump in
a1 :36  b1: 100 bucket_id: 36 local_depth1: 7
a1 :100  b1: 100 bucket_id: 36 local_depth1: 7
jump in
a1 :100  b1: 100 bucket_id: 36 local_depth1: 7
jump in
a1 :100  b1: 100 bucket_id: 36 local_depth1: 7
jump in
a1 :36  b1: 100 bucket_id: 36 local_depth1: 7
a1 :100  b1: 100 bucket_id: 36 local_depth1: 7
jump in
a1 :36  b1: 100 bucket_id: 36 local_depth1: 7
a1 :100  b1: 100 bucket_id: 36 local_depth1: 7
jump in
a1 :36  b1: 100 bucket_id: 36 local_depth1: 7
a1 :100  b1: 100 bucket_id: 36 local_depth1: 7
jump in
a1 :36  b1: 100 bucket_id: 36 local_depth1: 7
111010001010101
111111100000000
getFreeBucket
bucket_id: 100
111111100000000getFreeKvSlot
insert
search
getFreeBucket
bucket_id: 101
111111111111111splitBucket
local_depth1: 6
getFreeSlot
getNewBucket
newbucket: 000000000000000
111111111111111
000000000000000
a1 :37  b1: 101 bucket_id: 37 local_depth1: 7
a1 :37  b1: 101 bucket_id: 37 local_depth1: 7
a1 :37  b1: 101 bucket_id: 37 local_depth1: 7
a1 :101  b1: 101 bucket_id: 37 local_depth1: 7
jump in
a1 :37  b1: 101 bucket_id: 37 local_depth1: 7
a1 :101  b1: 101 bucket_id: 37 local_depth1: 7
jump in
a1 :101  b1: 101 bucket_id: 37 local_depth1: 7
jump in
a1 :101  b1: 101 bucket_id: 37 local_depth1: 7
jump in
a1 :37  b1: 101 bucket_id: 37 local_depth1: 7
a1 :101  b1: 101 bucket_id: 37 local_depth1: 7
jump in
a1 :37  b1: 101 bucket_id: 37 local_depth1: 7
a1 :101  b1: 101 bucket_id: 37 local_depth1: 7
jump in
a1 :37  b1: 101 bucket_id: 37 local_depth1: 7
a1 :101  b1: 101 bucket_id: 37 local_depth1: 7
jump in
a1 :37  b1: 101 bucket_id: 37 local_depth1: 7
111010001010101
111111100000000
getFreeBucket
bucket_id: 101
111111100000000getFreeKvSlot
insert
search
getFreeBucket
bucket_id: 102
111111111111111splitBucket
local_depth1: 6
getFreeSlot
getNewBucket
newbucket: 000000000000000
111111111111111
000000000000000
a1 :38  b1: 102 bucket_id: 38 local_depth1: 7
a1 :38  b1: 102 bucket_id: 38 local_depth1: 7
a1 :38  b1: 102 bucket_id: 38 local_depth1: 7
a1 :102  b1: 102 bucket_id: 38 local_depth1: 7
jump in
a1 :38  b1: 102 bucket_id: 38 local_depth1: 7
a1 :102  b1: 102 bucket_id: 38 local_depth1: 7
jump in
a1 :102  b1: 102 bucket_id: 38 local_depth1: 7
jump in
a1 :102  b1: 102 bucket_id: 38 local_depth1: 7
jump in
a1 :38  b1: 102 bucket_id: 38 local_depth1: 7
a1 :102  b1: 102 bucket_id: 38 local_depth1: 7
jump in
a1 :38  b1: 102 bucket_id: 38 local_depth1: 7
a1 :102  b1: 102 bucket_id: 38 local_depth1: 7
jump in
a1 :38  b1: 102 bucket_id: 38 local_depth1: 7
a1 :102  b1: 102 bucket_id: 38 local_depth1: 7
jump in
a1 :38  b1: 102 bucket_id: 38 local_depth1: 7
111010001010101
111111100000000
getFreeBucket
bucket_id: 102
111111100000000getFreeKvSlot
insert
search
getFreeBucket
bucket_id: 103
111111111111111splitBucket
local_depth1: 6
getFreeSlot
getNewBucket
newbucket: 000000000000000
111111111111111
000000000000000
a1 :39  b1: 103 bucket_id: 39 local_depth1: 7
a1 :39  b1: 103 bucket_id: 39 local_depth1: 7
a1 :39  b1: 103 bucket_id: 39 local_depth1: 7
a1 :103  b1: 103 bucket_id: 39 local_depth1: 7
jump in
a1 :39  b1: 103 bucket_id: 39 local_depth1: 7
a1 :103  b1: 103 bucket_id: 39 local_depth1: 7
jump in
a1 :103  b1: 103 bucket_id: 39 local_depth1: 7
jump in
a1 :103  b1: 103 bucket_id: 39 local_depth1: 7
jump in
a1 :39  b1: 103 bucket_id: 39 local_depth1: 7
a1 :103  b1: 103 bucket_id: 39 local_depth1: 7
jump in
a1 :39  b1: 103 bucket_id: 39 local_depth1: 7
a1 :103  b1: 103 bucket_id: 39 local_depth1: 7
jump in
a1 :39  b1: 103 bucket_id: 39 local_depth1: 7
a1 :103  b1: 103 bucket_id: 39 local_depth1: 7
jump in
a1 :39  b1: 103 bucket_id: 39 local_depth1: 7
111010001010101
111111100000000
getFreeBucket
bucket_id: 103
111111100000000getFreeKvSlot
remove
remove
remove
remove
remove
remove
remove
remove
remove
remove
remove
remove
remove
remove
remove
remove
remove
remove
remove
remove
remove
remove
remove
remove
remove
remove
remove
remove
remove
remove
remove
remove
remove
remove
remove
remove
remove
remove
remove
remove
remove
remove
remove
remove
remove
remove
remove
remove
remove
remove
remove
remove
remove
remove
remove
remove
remove
remove
remove
remove
remove
remove
remove
remove
remove
remove
remove
remove
remove
remove
remove
remove
remove
remove
remove
remove
remove
remove
remove
remove
remove
remove
remove
remove
remove
remove
remove
remove
remove
remove
remove
remove
remove
remove
remove
remove
remove
remove
remove
remove
remove
remove
remove
remove
remove
remove
remove
remove
remove
remove
remove
remove
remove
remove
remove
remove
remove
remove
remove
remove
remove
remove
remove
remove
remove
remove
remove
remove
remove
remove
remove
remove
remove
remove
remove
remove
remove
remove
remove
remove
remove
remove
remove
remove
remove
remove
remove
remove
remove
remove
remove
remove
remove
remove
remove
remove
remove
remove
remove
remove
remove
remove
remove
remove
remove
remove
remove
remove
remove
remove
remove
remove
remove
remove
remove
remove
remove
remove
remove
remove
remove
remove
remove
remove
remove
remove
remove
remove
remove
remove
remove
remove
remove
remove
remove
remove
remove
remove
remove
remove
remove
remove
remove
remove
remove
remove
remove
remove
remove
remove
remove
remove
remove
remove
remove
remove
remove
remove
remove
remove
remove
remove
remove
remove
remove
remove
remove
remove
remove
remove
remove
remove
remove
remove
remove
remove
remove
remove
remove
remove
remove
remove
remove
remove
remove
remove
remove
remove
remove
remove
remove
remove
remove
remove
remove
remove
remove
remove
remove
remove
remove
remove
remove
remove
remove
remove
remove
remove
remove
remove
remove
remove
remove
remove
remove
remove
remove
remove
remove
remove
remove
remove
remove
remove
remove
remove
remove
remove
remove
remove
remove
remove
remove
remove
remove
remove
remove
remove
remove
remove
remove
remove
remove
remove
remove
remove
remove
remove
remove
remove
remove
remove
remove
remove
remove
remove
remove
remove
remove
remove
remove
remove
remove
remove
remove
remove
remove
remove
remove
remove
remove
remove
remove
remove
remove
remove
remove
remove
remove
remove
remove
remove
remove
remove
remove
remove
remove
remove
remove
remove
remove
remove
remove
remove
remove
remove
remove
remove
remove
remove
remove
remove
remove
remove
remove
remove
remove
remove
remove
remove
remove
remove
remove
remove
remove
remove
remove
remove
remove
remove
remove
remove
remove
remove
remove
remove
remove
remove
remove
remove
remove
remove
remove
remove
remove
remove
remove
remove
remove
remove
remove
remove
remove
remove
remove
remove
remove
remove
remove
remove
remove
remove
remove
remove
remove
remove
remove
remove
remove
remove
remove
remove
remove
remove
remove
remove
remove
remove
remove
remove
remove
remove
remove
remove
remove
remove
remove
remove
remove
remove
remove
remove
remove
remove
remove
remove
remove
remove
remove
remove
remove
remove
remove
remove
remove
remove
remove
remove
remove
remove
remove
remove
remove
remove
remove
remove
remove
remove
remove
remove
remove
remove
remove
remove
remove
remove
remove
remove
remove
remove
remove
remove
remove
remove
remove
remove
remove
remove
remove
remove
remove
remove
remove
remove
remove
remove
remove
remove
remove
remove
remove
remove
remove
remove
remove
remove
remove
remove
remove
remove
remove
remove
remove
remove
remove
remove
remove
remove
remove
remove
remove
remove
remove
remove
remove
remove
remove
remove
remove
remove
remove
remove
remove
remove
remove
remove
remove
remove
remove
remove
remove
remove
remove
remove
remove
remove
remove
remove
remove
remove
remove
remove
remove
remove
remove
remove
remove
remove
remove
remove
remove
remove
remove
remove
remove
remove
remove
remove
remove
remove
remove
remove
remove
remove
remove
remove
remove
remove
remove
remove
remove
remove
remove
remove
remove
remove
remove
remove
remove
remove
remove
remove
remove
remove
remove
remove
remove
remove
remove
remove
remove
remove
remove
remove
remove
remove
remove
remove
remove
remove
remove
remove
remove
remove
remove
remove
remove
remove
remove
remove
remove
remove
remove
remove
remove
remove
remove
remove
remove
remove
remove
remove
remove
remove
remove
remove
remove
remove
remove
remove
remove
remove
remove
remove
remove
remove
remove
remove
remove
remove
remove
remove
remove
remove
remove
remove
remove
remove
remove
remove
remove
remove
remove
remove
remove
remove
remove
remove
remove
remove
remove
remove
remove
remove
remove
remove
remove
remove
remove
remove
remove
remove
remove
remove
remove
remove
remove
remove
remove
remove
remove
remove
remove
remove
remove
remove
remove
remove
remove
remove
remove
remove
remove
remove
remove
remove
remove
remove
remove
remove
remove
remove
remove
remove
remove
remove
remove
remove
remove
remove
remove
remove
remove
remove
remove
remove
remove
remove
remove
remove
remove
remove
remove
remove
remove
remove
remove
remove
remove
remove
remove
remove
remove
remove
remove
remove
remove
remove
remove
remove
remove
remove
remove
remove
remove
remove
remove
remove
remove
remove
remove
remove
remove
remove
remove
remove
remove
remove
remove
remove
remove
remove
remove
remove
remove
remove
remove
remove
remove
remove
remove
remove
remove
remove
remove
remove
remove
remove
remove
remove
remove
remove
remove
remove
remove
remove
remove
remove
remove
remove
remove
remove
remove
remove
remove
remove
remove
remove
remove
remove
remove
remove
remove
remove
remove
remove
remove
remove
remove
remove
remove
remove
remove
remove
remove
remove
remove
remove
remove
remove
remove
remove
remove
remove
remove
remove
remove
remove
remove
remove
remove
remove
remove
remove
remove
remove
remove
remove
remove
remove
remove
remove
remove
remove
remove
remove
remove
remove
remove
remove
remove
remove
remove
remove
remove
remove
remove
remove
remove
remove
remove
remove
remove
remove
remove
remove
remove
remove
remove
remove
remove
remove
remove
remove
remove
remove
remove
remove
remove
remove
remove
remove
remove
remove
remove
remove
remove
remove
remove
remove
remove
remove
remove
remove
remove
remove
remove
remove
remove
remove
remove
remove
remove
remove
remove
remove
remove
remove
remove
remove
remove
remove
remove
remove
remove
remove
remove
remove
remove
remove
remove
remove
remove
remove
remove
remove
remove
remove
remove
remove
remove
remove
remove
remove
remove
remove
remove
remove
remove
remove
remove
remove
remove
remove
remove
remove
remove
remove
remove
remove
remove
remove
remove
remove
remove
remove
remove
remove
remove
remove
remove
remove
remove
remove
remove
remove
remove
remove
remove
remove
remove
remove
remove
remove
remove
remove
remove
remove
remove
remove
remove
remove
remove
remove
remove
remove
remove
remove
remove
remove
remove
remove
remove
remove
remove
remove
remove
remove
remove
remove
remove
remove
remove
remove
remove
remove
remove
remove
remove
remove
remove
remove
remove
remove
remove
remove
remove
remove
remove
remove
remove
remove
remove
remove
remove
remove
remove
remove
remove
remove
remove
remove
remove
remove
remove
remove
remove
remove
remove
remove
remove
remove
remove
remove
remove
remove
remove
remove
remove
remove
remove
remove
remove
remove
remove
remove
remove
remove
remove
remove
remove
remove
remove
remove
remove
remove
remove
remove
remove
remove
remove
remove
remove
remove
remove
remove
remove
remove
remove
remove
remove
remove
remove
remove
remove
remove
remove
remove
remove
remove
remove
remove
remove
remove
remove
remove
remove
remove
remove
remove
remove
remove
remove
remove
remove
remove
remove
remove
remove
remove
remove
remove
remove
remove
remove
remove
remove
remove
remove
remove
remove
remove
remove
remove
remove
remove
remove
remove
remove
remove
remove
remove
remove
remove
remove
remove
remove
remove
remove
remove
remove
remove
remove
remove
remove
remove
remove
remove
remove
remove
remove
remove
remove
remove
remove
remove
remove
remove
remove
remove
remove
remove
remove
remove
remove
remove
remove
remove
remove
remove
remove
remove
remove
remove
remove
remove
remove
remove
remove
remove
remove
remove
remove
remove
remove
remove
remove
remove
remove
remove
remove
remove
remove
remove
remove
remove
remove
remove
remove
remove
remove
remove
remove
remove
remove
remove
remove
remove
remove
remove
remove
remove
remove
remove
remove
remove
remove
remove
remove
remove
remove
remove
remove
remove
remove
remove
remove
remove
remove
remove
remove
remove
remove
remove
remove
remove
remove
remove
remove
remove
remove
remove
remove
remove
remove
remove
remove
remove
remove
remove
remove
remove
remove
remove
remove
remove
remove
remove
remove
remove
remove
remove
remove
remove
remove
remove
remove
remove
remove
remove
remove
remove
remove
remove
remove
remove
remove
remove
remove
remove
remove
remove
remove
remove
remove
remove
remove
remove
remove
remove
remove
remove
remove
remove
remove
remove
remove
remove
remove
remove
remove
remove
remove
remove
remove
remove
remove
remove
remove
remove
remove
remove
remove
remove
remove
remove
remove
remove
remove
remove
remove
remove
remove
remove
remove
remove
remove
remove
remove
remove
remove
remove
remove
remove
remove
remove
remove
remove
remove
remove
remove
remove
remove
remove
remove
remove
remove
remove
remove
remove
remove
remove
remove
remove
remove
remove
remove
remove
remove
remove
remove
remove
remove
remove
remove
remove
remove
remove
remove
remove
remove
remove
remove
remove
remove
remove
remove
remove
remove
remove
remove
remove
remove
remove
remove
remove
remove
remove
remove
remove
remove
remove
remove
remove
remove
remove
remove
remove
remove
remove
remove
remove
remove
remove
remove
remove
remove
remove
remove
remove
remove
remove
remove
remove
remove
remove
remove
remove
remove
remove
remove
remove
remove
remove
remove
remove
remove
remove
remove
remove
remove
remove
remove
remove
remove
remove
remove
remove
remove
remove
remove
remove
remove
remove
remove
remove
remove
remove
remove
remove
remove
remove
remove
remove
remove
remove
remove
remove
remove
remove
remove
remove
remove
remove
remove
remove
remove
remove
remove
remove
remove
remove
remove
remove
remove
remove
remove
remove
remove
remove
remove
remove
remove
remove
remove
remove
remove
remove
remove
remove
remove
remove
remove
remove
remove
remove
remove
remove
remove
remove
remove
remove
remove
remove
remove
remove
remove
remove
remove
remove
remove
remove
remove
remove
remove
remove
remove
remove
remove
remove
remove
remove
remove
remove
remove
remove
remove
remove
remove
remove
remove
remove
remove
remove
remove
remove
remove
remove
remove
remove
remove
remove
remove
remove
remove
remove
remove
remove
remove
remove
remove
remove
remove
remove
remove
remove
remove
remove
remove
remove
remove
remove
remove
remove
remove
remove
remove
remove
remove
remove
remove
remove
remove
remove
remove
remove
remove
remove
remove
remove
remove
remove
remove
remove
remove
remove
remove
remove
remove
remove
remove
remove
remove
remove
remove
remove
remove
remove
remove
remove
remove
remove
remove
remove
remove
remove
remove
remove
remove
remove
remove
remove
remove
remove
remove
remove
remove
remove
remove
remove
remove
remove
remove
remove
remove
remove
remove
remove
remove
remove
remove
remove
remove
remove
remove
remove
remove
remove
remove
remove
remove
remove
remove
remove
remove
remove
remove
remove
remove
remove
remove
remove
remove
remove
remove
remove
remove
remove
remove
remove
remove
remove
remove
remove
remove
remove
remove
remove
remove
remove
remove
remove
remove
remove
remove
remove
remove
remove
remove
remove
remove
remove
remove
remove
remove
remove
remove
remove
remove
remove
remove
remove
remove
remove
remove
remove
remove
remove
remove
remove
remove
remove
remove
remove
remove
remove
remove
remove
remove
remove
remove
remove
remove
remove
remove
remove
remove
remove
remove
remove
remove
remove
remove
remove
remove
remove
remove
remove
remove
remove
remove
remove
remove
remove
remove
remove
remove
remove
remove
remove
remove
remove
remove
remove
remove
remove
remove
remove
remove
remove
remove
remove
remove
remove
remove
remove
remove
remove
remove
remove
remove
remove
remove
remove
remove
remove
remove
remove
remove
remove
remove
remove
remove
remove
remove
remove
remove
remove
remove
remove
remove
remove
remove
mergeBucket
freeEmptyBucket
remove
remove
mergeBucket
freeEmptyBucket
remove
remove
mergeBucket
freeEmptyBucket
remove
remove
mergeBucket
freeEmptyBucket
remove
remove
mergeBucket
freeEmptyBucket
remove
remove
mergeBucket
freeEmptyBucket
remove
remove
mergeBucket
freeEmptyBucket
remove
remove
mergeBucket
freeEmptyBucket
remove
remove
mergeBucket
freeEmptyBucket
remove
remove
mergeBucket
freeEmptyBucket
remove
remove
mergeBucket
freeEmptyBucket
remove
remove
mergeBucket
freeEmptyBucket
remove
remove
mergeBucket
freeEmptyBucket
remove
remove
mergeBucket
freeEmptyBucket
remove
remove
mergeBucket
freeEmptyBucket
remove
remove
mergeBucket
freeEmptyBucket
remove
remove
mergeBucket
freeEmptyBucket
remove
remove
mergeBucket
freeEmptyBucket
remove
remove
mergeBucket
freeEmptyBucket
remove
remove
mergeBucket
freeEmptyBucket
remove
remove
mergeBucket
freeEmptyBucket
remove
remove
mergeBucket
freeEmptyBucket
remove
remove
mergeBucket
freeEmptyBucket
remove
remove
mergeBucket
freeEmptyBucket
remove
remove
mergeBucket
freeEmptyBucket
remove
remove
mergeBucket
freeEmptyBucket
remove
remove
mergeBucket
freeEmptyBucket
remove
remove
mergeBucket
freeEmptyBucket
remove
remove
mergeBucket
freeEmptyBucket
remove
remove
mergeBucket
freeEmptyBucket
remove
remove
mergeBucket
freeEmptyBucket
remove
remove
mergeBucket
freeEmptyBucket
remove
remove
mergeBucket
freeEmptyBucket
remove
remove
mergeBucket
freeEmptyBucket
remove
remove
mergeBucket
freeEmptyBucket
remove
remove
mergeBucket
freeEmptyBucket
remove
remove
mergeBucket
freeEmptyBucket
remove
remove
mergeBucket
freeEmptyBucket
remove
remove
mergeBucket
freeEmptyBucket
remove
remove
mergeBucket
freeEmptyBucket
remove
remove
mergeBucket
freeEmptyBucket
remove
remove
mergeBucket
freeEmptyBucket
remove
remove
mergeBucket
freeEmptyBucket
remove
remove
mergeBucket
freeEmptyBucket
remove
remove
mergeBucket
freeEmptyBucket
remove
remove
mergeBucket
freeEmptyBucket
remove
remove
mergeBucket
freeEmptyBucket
remove
remove
mergeBucket
freeEmptyBucket
remove
remove
mergeBucket
freeEmptyBucket
remove
remove
mergeBucket
freeEmptyBucket
remove
remove
mergeBucket
freeEmptyBucket
remove
remove
mergeBucket
freeEmptyBucket
remove
remove
mergeBucket
freeEmptyBucket
remove
remove
mergeBucket
freeEmptyBucket
remove
remove
mergeBucket
freeEmptyBucket
remove
remove
mergeBucket
freeEmptyBucket
remove
remove
mergeBucket
freeEmptyBucket
remove
remove
mergeBucket
freeEmptyBucket
remove
remove
mergeBucket
freeEmptyBucket
remove
remove
mergeBucket
freeEmptyBucket
remove
remove
mergeBucket
freeEmptyBucket
remove
remove
mergeBucket
freeEmptyBucket
remove
remove
mergeBucket
freeEmptyBucket
remove
remove
mergeBucket
freeEmptyBucket
remove
remove
mergeBucket
freeEmptyBucket
remove
remove
mergeBucket
freeEmptyBucket
remove
remove
mergeBucket
freeEmptyBucket
remove
remove
mergeBucket
freeEmptyBucket
remove
remove
mergeBucket
freeEmptyBucket
remove
remove
mergeBucket
freeEmptyBucket
remove
remove
mergeBucket
freeEmptyBucket
remove
remove
mergeBucket
freeEmptyBucket
remove
remove
mergeBucket
freeEmptyBucket
remove
remove
mergeBucket
freeEmptyBucket
remove
remove
mergeBucket
freeEmptyBucket
remove
remove
mergeBucket
freeEmptyBucket
remove
remove
mergeBucket
freeEmptyBucket
remove
remove
mergeBucket
freeEmptyBucket
remove
remove
mergeBucket
freeEmptyBucket
remove
remove
mergeBucket
freeEmptyBucket
remove
remove
mergeBucket
freeEmptyBucket
remove
remove
mergeBucket
freeEmptyBucket
remove
remove
mergeBucket
freeEmptyBucket
remove
remove
mergeBucket
freeEmptyBucket
remove
remove
mergeBucket
freeEmptyBucket
remove
remove
mergeBucket
freeEmptyBucket
remove
remove
mergeBucket
freeEmptyBucket
remove
remove
mergeBucket
freeEmptyBucket
remove
remove
mergeBucket
freeEmptyBucket
remove
remove
mergeBucket
freeEmptyBucket
remove
remove
mergeBucket
freeEmptyBucket
remove
remove
mergeBucket
freeEmptyBucket
remove
remove
mergeBucket
freeEmptyBucket
remove
remove
mergeBucket
freeEmptyBucket
remove
remove
mergeBucket
freeEmptyBucket
remove
remove
mergeBucket
freeEmptyBucket
remove
remove
mergeBucket
freeEmptyBucket
remove
remove
mergeBucket
freeEmptyBucket
remove
remove
mergeBucket
freeEmptyBucket
remove
remove
mergeBucket
freeEmptyBucket
remove
remove
mergeBucket
freeEmptyBucket
remove
remove
mergeBucket
freeEmptyBucket
remove
remove
mergeBucket
remove
remove
mergeBucket
remove
search
search
search
search
search
search
search
search
search
search
search
search
search
search
search
search
search
search
search
search
search
search
search
search
search
search
search
search
search
search
search
search
search
search
search
search
search
search
search
search
search
search
search
search
search
search
search
search
search
search
search
search
search
search
search
search
search
search
search
search
search
search
search
search
search
search
search
search
search
search
search
search
search
search
search
search
search
search
search
search
search
search
search
search
search
search
search
search
search
search
search
search
search
search
search
search
search
search
search
search
search
search
search
search
search
search
search
search
search
search
search
search
search
search
search
search
search
search
search
search
search
search
search
search
search
search
search
search
search
search
search
search
search
search
search
search
search
search
search
search
search
search
search
search
search
search
search
search
search
search
search
search
search
search
search
search
search
search
search
search
search
search
search
search
search
search
search
search
search
search
search
search
search
search
search
search
search
search
search
search
search
search
search
search
search
search
search
search
search
search
search
search
search
search
search
search
search
search
search
search
search
search
search
search
search
search
search
search
search
search
search
search
search
search
search
search
search
search
search
search
search
search
search
search
search
search
search
search
search
search
search
search
search
search
search
search
search
search
search
search
search
search
search
search
search
search
search
search
search
search
search
search
search
search
search
search
search
search
search
search
search
search
search
search
search
search
search
search
search
search
search
search
search
search
search
search
search
search
search
search
search
search
search
search
search
search
search
search
search
search
search
search
search
search
search
search
search
search
search
search
search
search
search
search
search
search
search
search
search
search
search
search
search
search
search
search
search
search
search
search
search
search
search
search
search
search
search
search
search
search
search
search
search
search
search
search
search
search
search
search
search
search
search
search
search
search
search
search
search
search
search
search
search
search
search
search
search
search
search
search
search
search
search
search
search
search
search
search
search
search
search
search
search
search
search
search
search
search
search
search
search
search
search
search
search
search
search
search
search
search
search
search
search
search
search
search
search
search
search
search
search
search
search
search
search
search
search
search
search
search
search
search
search
search
search
search
search
search
search
search
search
search
search
search
search
search
search
search
search
search
search
search
search
search
search
search
search
search
search
search
search
search
search
search
search
search
search
search
search
search
search
search
search
search
search
search
search
search
search
search
search
search
search
search
search
search
search
search
search
search
search
search
search
search
search
search
search
search
search
search
search
search
search
search
search
search
search
search
search
search
search
search
search
search
search
search
search
search
search
search
search
search
search
search
search
search
search
search
search
search
search
search
search
search
search
search
search
search
search
search
search
search
search
search
search
search
search
search
search
search
search
search
search
search
search
search
search
search
search
search
search
search
search
search
search
search
search
search
search
search
search
search
search
search
search
search
search
search
search
search
search
search
search
search
search
search
search
search
search
search
search
search
search
search
search
search
search
search
search
search
search
search
search
search
search
search
search
search
search
search
search
search
search
search
search
search
search
search
search
search
search
search
search
search
search
search
search
search
search
search
search
search
search
search
search
search
search
search
search
search
search
search
search
search
search
search
search
search
search
search
search
search
search
search
search
search
search
search
search
search
search
search
search
search
search
search
search
search
search
search
search
search
search
search
search
search
search
search
search
search
search
search
search
search
search
search
search
search
search
search
search
search
search
search
search
search
search
search
search
search
search
search
search
search
search
search
search
search
search
search
search
search
search
search
search
search
search
search
search
search
search
search
search
search
search
search
search
search
search
search
search
search
search
search
search
search
search
search
search
search
search
search
search
search
search
search
search
search
search
search
search
search
search
search
search
search
search
search
search
search
search
search
search
search
search
search
search
search
search
search
search
search
search
search
search
search
search
search
search
search
search
search
search
search
search
search
search
search
search
search
search
search
search
search
search
search
search
search
search
search
search
search
search
search
search
search
search
search
search
search
search
search
search
search
search
search
search
search
search
search
search
search
search
search
search
search
search
search
search
search
search
search
search
search
search
search
search
search
search
search
search
search
search
search
search
search
search
search
search
search
search
search
search
search
search
search
search
search
search
search
search
search
search
search
search
search
search
search
search
search
search
search
search
search
search
search
search
search
search
search
search
search
search
search
search
search
search
search
search
search
search
search
search
search
search
search
search
search
search
search
search
search
search
search
search
search
search
search
search
search
search
search
search
search
search
search
search
search
search
search
search
search
search
search
search
search
search
search
search
search
search
search
search
search
search
search
search
search
search
search
search
search
search
search
search
search
search
search
search
search
search
search
search
search
search
search
search
search
search
search
search
search
search
search
search
search
search
search
search
search
search
search
search
search
search
search
search
search
search
search
search
search
search
search
search
search
search
search
search
search
search
search
search
search
search
search
search
search
search
search
search
search
search
search
search
search
search
search
search
search
search
search
search
search
search
search
search
search
search
search
selfDestory
[       OK ] RemoveTest.MultipleRemove (42 ms)
[----------] 2 tests from RemoveTest (44 ms total)

[----------] Global test environment tear-down
[==========] 10 tests from 4 test suites ran. (232 ms total)
[  PASSED  ] 10 tests.
